PowerShell 7.4.4
Loading personal and system profiles took 511ms.
PS C:\Users\kushal>
PS C:\Users\kushal> cd "C:\Users\kushal\src\mylogging\"; date; git add .; date; git commit --message "add all files" --message "from the terminal"; date; cd "C:\Users\kushal\src\myhtml\fromnepal"; date; yarn;date; yarn run build; date; git add .; date; git commit --message "build application" --message "from the terminal"; date; git pull --rebase origin main; date; git push origin main; date;

Thursday, August 8, 2024 12:54:29 PM
Thursday, August 8, 2024 12:54:30 PM
On branch main
nothing to commit, working tree clean
Thursday, August 8, 2024 12:54:30 PM
Thursday, August 8, 2024 12:54:30 PM
yarn install v1.22.21
[1/4] Resolving packages...
success Already up-to-date.
Done in 0.08s.
Thursday, August 8, 2024 12:54:30 PM
yarn run v1.22.21
$ tsc && vite build
vite v5.2.13 building for production...
✓ 5 modules transformed.
docs/index.html                 0.53 kB │ gzip: 0.32 kB
docs/assets/index-DYhv0y2B.css  4.60 kB │ gzip: 1.63 kB
docs/assets/index-BUJcqj8w.js   4.81 kB │ gzip: 2.11 kB
✓ built in 158ms
Done in 2.34s.
Thursday, August 8, 2024 12:54:33 PM
warning: in the working copy of 'docs/assets/index-BUJcqj8w.js', LF will be replaced by CRLF the next time Git touches it
warning: in the working copy of 'docs/assets/index-DYhv0y2B.css', LF will be replaced by CRLF the next time Git touches it
warning: in the working copy of 'docs/index.html', LF will be replaced by CRLF the next time Git touches it
Thursday, August 8, 2024 12:54:33 PM
[main 45fbe88] build application
 2 files changed, 90 insertions(+)
Thursday, August 8, 2024 12:54:33 PM
From github.com:fromnepal/fromnepal.github.io
 * branch            main       -> FETCH_HEAD
Current branch main is up to date.
Thursday, August 8, 2024 12:54:35 PM
Enumerating objects: 9, done.
Counting objects: 100% (9/9), done.
Delta compression using up to 16 threads
Compressing objects: 100% (5/5), done.
Writing objects: 100% (5/5), 609 bytes | 609.00 KiB/s, done.
Total 5 (delta 4), reused 0 (delta 0), pack-reused 0 (from 0)
remote: Resolving deltas: 100% (4/4), completed with 4 local objects.
To github.com:fromnepal/fromnepal.github.io.git
   bde1f01..45fbe88  main -> main
Thursday, August 8, 2024 12:54:36 PM

PS C:\Users\kushal\src\myhtml\fromnepal> cd "C:\Users\kushal\src\angular\mycanary\"; date; git fetch; date; git status; date; date; git add .; git commit --message "add all files" --message "update from terminal"; date; git pull --rebase origin master; date; git push origin master; date; Remove-Item -Path "node_modules" -Recurse -Force; date; yarn; date; yarn run ng update; date; yarn run ng build; date; date; gitfetch; date; git status; date; date; git add .; git commit --message "add all files" --message "update from terminal"; date; git pull --rebase origin master; date; git push origin master; date; yarn run ng test; date; yarn run ng update @angular/core @angular/cli @angular/material; date; git add .; git commit --message "add all files" --message "update from terminal"; date; git pull --rebase origin master; date; git push origin master; date; echo y | npx update-browserslist-db@latest; date; git fetch; date; git status; date; date; git add .; git commit --message "add all files" --message "update from terminal"; date; git pull --rebase origin master; date; git push origin master; date; git remote show origin; date;

Thursday, August 8, 2024 1:16:15 PM
remote: Enumerating objects: 104, done.
remote: Counting objects: 100% (104/104), done.
remote: Compressing objects: 100% (25/25), done.
remote: Total 104 (delta 71), reused 92 (delta 59), pack-reused 0
Receiving objects: 100% (104/104), 202.54 KiB | 5.96 MiB/s, done.
Resolving deltas: 100% (71/71), completed with 2 local objects.
From github.com:mycanary/mycanary
   59512e8..fc8d449  master     -> origin/master
Thursday, August 8, 2024 1:16:16 PM
On branch master
Your branch is behind 'origin/master' by 20 commits, and can be fast-forwarded.
  (use "git pull" to update your local branch)

nothing to commit, working tree clean
Thursday, August 8, 2024 1:16:16 PM
Thursday, August 8, 2024 1:16:16 PM
On branch master
Your branch is behind 'origin/master' by 20 commits, and can be fast-forwarded.
  (use "git pull" to update your local branch)

nothing to commit, working tree clean
Thursday, August 8, 2024 1:16:16 PM
From github.com:mycanary/mycanary
 * branch            master     -> FETCH_HEAD
Updating 59512e8..fc8d449
Fast-forward
 .nx/cache/nx_files.nxt | Bin 4100 -> 4100 bytes
 package.json           |  30 +++----
 yarn.lock              | 238 +++++++++++++++++++++++++++----------------------
 3 files changed, 146 insertions(+), 122 deletions(-)
Thursday, August 8, 2024 1:16:17 PM
Everything up-to-date
Thursday, August 8, 2024 1:16:17 PM
Thursday, August 8, 2024 1:16:32 PM
yarn install v1.22.21
[1/4] Resolving packages...
[2/4] Fetching packages...
[3/4] Linking dependencies...
warning " > @angular-eslint/eslint-plugin@18.2.0" has unmet peer dependency "@typescript-eslint/utils@^7.11.0 || ^8.0.0".
warning "@angular-eslint/eslint-plugin > @angular-eslint/utils@18.2.0" has unmet peer dependency "@typescript-eslint/utils@^7.11.0 || ^8.0.0".
warning " > @angular-eslint/eslint-plugin-template@18.2.0" has unmet peer dependency "@typescript-eslint/utils@^7.11.0 || ^8.0.0".
warning " > @angular-eslint/schematics@18.2.0" has unmet peer dependency "@angular-devkit/core@>= 18.0.0 < 19.0.0".
warning " > @angular-eslint/schematics@18.2.0" has unmet peer dependency "@angular-devkit/schematics@>= 18.0.0 < 19.0.0".
[4/4] Building fresh packages...
Done in 32.36s.
Thursday, August 8, 2024 1:17:04 PM
yarn run v1.22.21
$ ng update
Using package manager: yarn
Collecting installed dependencies...
Found 41 dependencies.
    We analyzed your package.json and everything seems to be in order. Good work!
Done in 9.75s.
Thursday, August 8, 2024 1:17:14 PM
yarn run v1.22.21
$ ng build
✔ Browser application bundle generation complete.
✔ Copying assets complete.
✔ Index html generation complete.

Initial chunk files | Names         |  Raw size
vendor.js           | vendor        |   5.07 MB |
polyfills.js        | polyfills     | 141.93 kB |
main.js             | main          |  20.71 kB |
runtime.js          | runtime       |   6.50 kB |
styles.css          | styles        |   2.76 kB |

                    | Initial total |   5.24 MB

Build at: 2024-08-08T17:17:48.474Z - Hash: b5b26680f65e7cfa - Time: 17866ms
Done in 33.59s.
Thursday, August 8, 2024 1:17:48 PM
Thursday, August 8, 2024 1:17:48 PM
Thursday, August 8, 2024 1:17:49 PM
On branch master
Your branch is up to date with 'origin/master'.

nothing to commit, working tree clean
Thursday, August 8, 2024 1:17:49 PM
Thursday, August 8, 2024 1:17:49 PM
On branch master
Your branch is up to date with 'origin/master'.

nothing to commit, working tree clean
Thursday, August 8, 2024 1:17:49 PM
From github.com:mycanary/mycanary
 * branch            master     -> FETCH_HEAD
Already up to date.
Thursday, August 8, 2024 1:17:50 PM
Everything up-to-date
Thursday, August 8, 2024 1:17:51 PM
yarn run v1.22.21
$ ng test
✔ Browser application bundle generation complete.
08 08 2024 13:18:05.429:INFO [karma-server]: Karma v6.3.2 server started at http://localhost:9876/
08 08 2024 13:18:05.432:INFO [launcher]: Launching browsers FirefoxHeadless with concurrency unlimited
08 08 2024 13:18:05.462:INFO [launcher]: Starting browser Firefox
08 08 2024 13:18:06.634:INFO [Firefox 129.0 (Windows 10)]: Connected on socket 7mMeRK4_wwUv_Q0ZAAAB with id 71822661
LOG: 'test message'
Firefox 129.0 (Windows 10): Executed 2 of 6 SUCCESS (0 secs / 0.036 secs)
LOG: 'second message'
Firefox 129.0 (Windows 10): Executed 2 of 6 SUCCESS (0 secs / 0.036 secs)
LOG: 'test message'
Firefox 129.0 (Windows 10): Executed 3 of 6 SUCCESS (0 secs / 0.041 secs)
Firefox 129.0 (Windows 10): Executed 6 of 6 SUCCESS (0.1 secs / 0.078 secs)
TOTAL: 6 SUCCESS
TOTAL: 6 SUCCESS
Done in 17.40s.
Thursday, August 8, 2024 1:18:08 PM
yarn run v1.22.21
$ ng update @angular/core @angular/cli @angular/material
Using package manager: yarn
Collecting installed dependencies...
Found 41 dependencies.
Fetching dependency metadata from registry...
Package '@angular/core' is already up to date.
Package '@angular/cli' is already up to date.
Package '@angular/material' is already up to date.
Done in 2.25s.
Thursday, August 8, 2024 1:18:11 PM
On branch master
Your branch is up to date with 'origin/master'.

nothing to commit, working tree clean
Thursday, August 8, 2024 1:18:11 PM
From github.com:mycanary/mycanary
 * branch            master     -> FETCH_HEAD
Already up to date.
Thursday, August 8, 2024 1:18:11 PM
Everything up-to-date
Thursday, August 8, 2024 1:18:14 PM
Latest version:     1.0.30001651
Installed version:  none
Removing old caniuse-lite from lock file
Installing new caniuse-lite version
$ yarn add -W caniuse-lite
warning " > @angular-eslint/eslint-plugin@18.2.0" has unmet peer dependency "@typescript-eslint/utils@^7.11.0 || ^8.0.0".
warning "@angular-eslint/eslint-plugin > @angular-eslint/utils@18.2.0" has unmet peer dependency "@typescript-eslint/utils@^7.11.0 || ^8.0.0".
warning " > @angular-eslint/eslint-plugin-template@18.2.0" has unmet peer dependency "@typescript-eslint/utils@^7.11.0 || ^8.0.0".
warning " > @angular-eslint/schematics@18.2.0" has unmet peer dependency "@angular-devkit/core@>= 18.0.0 < 19.0.0".
warning " > @angular-eslint/schematics@18.2.0" has unmet peer dependency "@angular-devkit/schematics@>= 18.0.0 < 19.0.0".
Cleaning package.json dependencies from caniuse-lite
$ yarn remove -W caniuse-lite
warning Pattern ["string-width@^4.2.3"] is trying to unpack in the same destination "C:\\Users\\kushal\\AppData\\Local\\Yarn\\Cache\\v6\\npm-string-width-cjs-4.2.3-269c7117d27b05ad2e536830a8ec895ef9c6d010-integrity\\node_modules\\string-width-cjs" as pattern ["string-width-cjs@npm:string-width@^4.2.0"]. This could result in non-deterministic behavior, skipping.
warning " > @angular-eslint/eslint-plugin@18.2.0" has unmet peer dependency "@typescript-eslint/utils@^7.11.0 || ^8.0.0".
warning "@angular-eslint/eslint-plugin > @angular-eslint/utils@18.2.0" has unmet peer dependency "@typescript-eslint/utils@^7.11.0 || ^8.0.0".
warning " > @angular-eslint/eslint-plugin-template@18.2.0" has unmet peer dependency "@typescript-eslint/utils@^7.11.0 || ^8.0.0".
warning " > @angular-eslint/schematics@18.2.0" has unmet peer dependency "@angular-devkit/core@>= 18.0.0 < 19.0.0".
warning " > @angular-eslint/schematics@18.2.0" has unmet peer dependency "@angular-devkit/schematics@>= 18.0.0 < 19.0.0".
caniuse-lite has been successfully updated

No target browser changes
Thursday, August 8, 2024 1:18:36 PM
Thursday, August 8, 2024 1:18:36 PM
On branch master
Your branch is up to date with 'origin/master'.

Changes not staged for commit:
  (use "git add <file>..." to update what will be committed)
  (use "git restore <file>..." to discard changes in working directory)
        modified:   yarn.lock

no changes added to commit (use "git add" and/or "git commit -a")
Thursday, August 8, 2024 1:18:37 PM
Thursday, August 8, 2024 1:18:37 PM
[master c538f50] add all files
 1 file changed, 4 insertions(+), 28 deletions(-)
Thursday, August 8, 2024 1:18:37 PM
From github.com:mycanary/mycanary
 * branch            master     -> FETCH_HEAD
Current branch master is up to date.
Thursday, August 8, 2024 1:18:37 PM
Enumerating objects: 5, done.
Counting objects: 100% (5/5), done.
Delta compression using up to 16 threads
Compressing objects: 100% (3/3), done.
Writing objects: 100% (3/3), 409 bytes | 409.00 KiB/s, done.
Total 3 (delta 2), reused 0 (delta 0), pack-reused 0 (from 0)
remote: Resolving deltas: 100% (2/2), completed with 2 local objects.
To github.com:mycanary/mycanary.git
   fc8d449..c538f50  master -> master
Thursday, August 8, 2024 1:18:38 PM
* remote origin
  Fetch URL: git@github.com:mycanary/mycanary.git
  Push  URL: git@github.com:mycanary/mycanary.git
  HEAD branch: master
  Remote branch:
    master tracked
  Local branch configured for 'git pull':
    master merges with remote master
  Local ref configured for 'git push':
    master pushes to master (up to date)
Thursday, August 8, 2024 1:18:39 PM

PS C:\Users\kushal\src\angular\mycanary> cd "C:\Users\kushal\src\angular\angulareighteen\"; date; git fetch; date; git status; date; date; git add .; git commit --message "add all files" --message "update from terminal"; date; git pull --rebase origin master; date; git push origin master; date; yarn; date; yarn run ng update; date; yarn run ng build; date; date; git fetch; date; git status; date; date; git add .; git commit --message "add all files" --message "update from terminal"; date; git pull --rebase origin master; date; git push origin master; date; yarn run ng test; date; yarn run ng update @angular/core @angular/cli @angular/material; date; git add .; git commit --message "add all files" --message "update from terminal"; date; git pull --rebase origin master; date; git push origin master; date; echo y | npx update-browserslist-db@latest; date; git fetch; date; git status; date; date; git add .; git commit --message "add all files" --message "update from terminal"; date; git pull --rebase origin master; date; git push origin master; date; git remote show origin; date;

Thursday, August 8, 2024 1:18:50 PM
Thursday, August 8, 2024 1:18:51 PM
On branch master
Your branch is up to date with 'origin/master'.

nothing to commit, working tree clean
Thursday, August 8, 2024 1:18:51 PM
Thursday, August 8, 2024 1:18:51 PM
On branch master
Your branch is up to date with 'origin/master'.

nothing to commit, working tree clean
Thursday, August 8, 2024 1:18:51 PM
From github.com:angulareighteen/angulareighteen.github.io
 * branch            master     -> FETCH_HEAD
Already up to date.
Thursday, August 8, 2024 1:18:52 PM
Everything up-to-date
Thursday, August 8, 2024 1:18:52 PM
yarn install v1.22.21
[1/4] Resolving packages...
success Already up-to-date.
Done in 0.25s.
Thursday, August 8, 2024 1:18:53 PM
yarn run v1.22.21
$ ng update
Unknown error: Error [ERR_REQUIRE_ESM]: require() of ES Module C:\Users\kushal\src\angular\angulareighteen\node_modules\string-width\index.js from C:\Users\kushal\src\angular\angulareighteen\node_modules\cliui\build\index.cjs not supported.
Instead change the require of index.js in C:\Users\kushal\src\angular\angulareighteen\node_modules\cliui\build\index.cjs to a dynamic import() which is available in all CommonJS modules.
error Command failed with exit code 127.
info Visit https://yarnpkg.com/en/docs/cli/run for documentation about this command.
Thursday, August 8, 2024 1:18:56 PM
yarn run v1.22.21
$ ng build
Unknown error: Error [ERR_REQUIRE_ESM]: require() of ES Module C:\Users\kushal\src\angular\angulareighteen\node_modules\string-width\index.js from C:\Users\kushal\src\angular\angulareighteen\node_modules\cliui\build\index.cjs not supported.
Instead change the require of index.js in C:\Users\kushal\src\angular\angulareighteen\node_modules\cliui\build\index.cjs to a dynamic import() which is available in all CommonJS modules.
error Command failed with exit code 127.
info Visit https://yarnpkg.com/en/docs/cli/run for documentation about this command.
Thursday, August 8, 2024 1:18:56 PM
Thursday, August 8, 2024 1:18:56 PM
Thursday, August 8, 2024 1:18:57 PM
On branch master
Your branch is up to date with 'origin/master'.

nothing to commit, working tree clean
Thursday, August 8, 2024 1:18:57 PM
Thursday, August 8, 2024 1:18:57 PM
On branch master
Your branch is up to date with 'origin/master'.

nothing to commit, working tree clean
Thursday, August 8, 2024 1:18:57 PM
From github.com:angulareighteen/angulareighteen.github.io
 * branch            master     -> FETCH_HEAD
Already up to date.
Thursday, August 8, 2024 1:18:58 PM
Everything up-to-date
Thursday, August 8, 2024 1:18:58 PM
yarn run v1.22.21
$ ng test
Unknown error: Error [ERR_REQUIRE_ESM]: require() of ES Module C:\Users\kushal\src\angular\angulareighteen\node_modules\string-width\index.js from C:\Users\kushal\src\angular\angulareighteen\node_modules\cliui\build\index.cjs not supported.
Instead change the require of index.js in C:\Users\kushal\src\angular\angulareighteen\node_modules\cliui\build\index.cjs to a dynamic import() which is available in all CommonJS modules.
error Command failed with exit code 127.
info Visit https://yarnpkg.com/en/docs/cli/run for documentation about this command.
Thursday, August 8, 2024 1:18:59 PM
yarn run v1.22.21
$ ng update @angular/core @angular/cli @angular/material
Unknown error: Error [ERR_REQUIRE_ESM]: require() of ES Module C:\Users\kushal\src\angular\angulareighteen\node_modules\string-width\index.js from C:\Users\kushal\src\angular\angulareighteen\node_modules\cliui\build\index.cjs not supported.
Instead change the require of index.js in C:\Users\kushal\src\angular\angulareighteen\node_modules\cliui\build\index.cjs to a dynamic import() which is available in all CommonJS modules.
error Command failed with exit code 127.
info Visit https://yarnpkg.com/en/docs/cli/run for documentation about this command.
Thursday, August 8, 2024 1:18:59 PM
On branch master
Your branch is up to date with 'origin/master'.

nothing to commit, working tree clean
Thursday, August 8, 2024 1:18:59 PM
From github.com:angulareighteen/angulareighteen.github.io
 * branch            master     -> FETCH_HEAD
Already up to date.
Thursday, August 8, 2024 1:19:00 PM
Everything up-to-date
Thursday, August 8, 2024 1:19:01 PM
Latest version:     1.0.30001651
Installed version:  none
Removing old caniuse-lite from lock file
Installing new caniuse-lite version
$ yarn add -W caniuse-lite
warning Pattern ["string-width-cjs@npm:string-width@^4.2.0"] is trying to unpack in the same destination "C:\\Users\\kushal\\AppData\\Local\\Yarn\\Cache\\v6\\npm-string-width-cjs-4.2.3-269c7117d27b05ad2e536830a8ec895ef9c6d010-integrity\\node_modules\\string-width-cjs" as pattern ["string-width@^4.1.0"]. This could result in non-deterministic behavior, skipping.
warning Pattern ["string-width@^4.2.3"] is trying to unpack in the same destination "C:\\Users\\kushal\\AppData\\Local\\Yarn\\Cache\\v6\\npm-string-width-cjs-4.2.3-269c7117d27b05ad2e536830a8ec895ef9c6d010-integrity\\node_modules\\string-width-cjs" as pattern ["string-width@^4.1.0"]. This could result in non-deterministic behavior, skipping.
warning Pattern ["string-width@^4.2.0"] is trying to unpack in the same destination "C:\\Users\\kushal\\AppData\\Local\\Yarn\\Cache\\v6\\npm-string-width-cjs-4.2.3-269c7117d27b05ad2e536830a8ec895ef9c6d010-integrity\\node_modules\\string-width-cjs" as pattern ["string-width@^4.1.0"]. This could result in non-deterministic behavior, skipping.
warning Pattern ["wrap-ansi@^7.0.0"] is trying to unpack in the same destination "C:\\Users\\kushal\\AppData\\Local\\Yarn\\Cache\\v6\\npm-wrap-ansi-cjs-7.0.0-67e145cff510a6a6984bdf1152911d69d2eb9e43-integrity\\node_modules\\wrap-ansi-cjs" as pattern ["wrap-ansi-cjs@npm:wrap-ansi@^7.0.0"]. This could result in non-deterministic behavior, skipping.
Cleaning package.json dependencies from caniuse-lite
$ yarn remove -W caniuse-lite
warning Pattern ["string-width-cjs@npm:string-width@^4.2.0"] is trying to unpack in the same destination "C:\\Users\\kushal\\AppData\\Local\\Yarn\\Cache\\v6\\npm-string-width-cjs-4.2.3-269c7117d27b05ad2e536830a8ec895ef9c6d010-integrity\\node_modules\\string-width-cjs" as pattern ["string-width@^4.1.0"]. This could result in non-deterministic behavior, skipping.
warning Pattern ["string-width@^4.2.3"] is trying to unpack in the same destination "C:\\Users\\kushal\\AppData\\Local\\Yarn\\Cache\\v6\\npm-string-width-cjs-4.2.3-269c7117d27b05ad2e536830a8ec895ef9c6d010-integrity\\node_modules\\string-width-cjs" as pattern ["string-width@^4.1.0"]. This could result in non-deterministic behavior, skipping.
warning Pattern ["string-width@^4.2.0"] is trying to unpack in the same destination "C:\\Users\\kushal\\AppData\\Local\\Yarn\\Cache\\v6\\npm-string-width-cjs-4.2.3-269c7117d27b05ad2e536830a8ec895ef9c6d010-integrity\\node_modules\\string-width-cjs" as pattern ["string-width@^4.1.0"]. This could result in non-deterministic behavior, skipping.
warning Pattern ["wrap-ansi@^7.0.0"] is trying to unpack in the same destination "C:\\Users\\kushal\\AppData\\Local\\Yarn\\Cache\\v6\\npm-wrap-ansi-cjs-7.0.0-67e145cff510a6a6984bdf1152911d69d2eb9e43-integrity\\node_modules\\wrap-ansi-cjs" as pattern ["wrap-ansi-cjs@npm:wrap-ansi@^7.0.0"]. This could result in non-deterministic behavior, skipping.
caniuse-lite has been successfully updated

No target browser changes
Thursday, August 8, 2024 1:19:12 PM
Thursday, August 8, 2024 1:19:12 PM
On branch master
Your branch is up to date with 'origin/master'.

nothing to commit, working tree clean
Thursday, August 8, 2024 1:19:12 PM
Thursday, August 8, 2024 1:19:12 PM
On branch master
Your branch is up to date with 'origin/master'.

nothing to commit, working tree clean
Thursday, August 8, 2024 1:19:12 PM
From github.com:angulareighteen/angulareighteen.github.io
 * branch            master     -> FETCH_HEAD
Already up to date.
Thursday, August 8, 2024 1:19:13 PM
Everything up-to-date
Thursday, August 8, 2024 1:19:14 PM
* remote origin
  Fetch URL: git@github.com:angulareighteen/angulareighteen.github.io.git
  Push  URL: git@github.com:angulareighteen/angulareighteen.github.io.git
  HEAD branch: master
  Remote branch:
    master tracked
  Local branch configured for 'git pull':
    master merges with remote master
  Local ref configured for 'git push':
    master pushes to master (up to date)
Thursday, August 8, 2024 1:19:14 PM

PS C:\Users\kushal\src\angular\angulareighteen>
PS C:\Users\kushal\src\angular\angulareighteen> cd "C:\Users\kushal\src\mylogging\"; date; git add .; date; git commit --message "add all files" --message "from the terminal"; date; cd "C:\Users\kushal\src\myhtml\fromnepal"; date; yarn; date; yarn run build; date; git add .; date; git commit --message "build application" --message "from the terminal"; date; git pull --rebase origin main; date; git push origin main; date;

Thursday, August 8, 2024 1:19:29 PM
Thursday, August 8, 2024 1:19:29 PM
On branch main
nothing to commit, working tree clean
Thursday, August 8, 2024 1:19:29 PM
Thursday, August 8, 2024 1:19:29 PM
yarn install v1.22.21
[1/4] Resolving packages...
success Already up-to-date.
Done in 0.08s.
Thursday, August 8, 2024 1:19:29 PM
yarn run v1.22.21
$ tsc && vite build
vite v5.2.13 building for production...
✓ 5 modules transformed.
docs/index.html                 0.53 kB │ gzip: 0.32 kB
docs/assets/index-DYhv0y2B.css  4.60 kB │ gzip: 1.63 kB
docs/assets/index-BUJcqj8w.js   4.81 kB │ gzip: 2.11 kB
✓ built in 161ms
Done in 2.22s.
Thursday, August 8, 2024 1:19:32 PM
warning: in the working copy of 'docs/assets/index-BUJcqj8w.js', LF will be replaced by CRLF the next time Git touches it
warning: in the working copy of 'docs/assets/index-DYhv0y2B.css', LF will be replaced by CRLF the next time Git touches it
warning: in the working copy of 'docs/index.html', LF will be replaced by CRLF the next time Git touches it
Thursday, August 8, 2024 1:19:32 PM
On branch main
Your branch is up to date with 'origin/main'.

nothing to commit, working tree clean
Thursday, August 8, 2024 1:19:32 PM
From github.com:fromnepal/fromnepal.github.io
 * branch            main       -> FETCH_HEAD
Already up to date.
Thursday, August 8, 2024 1:19:34 PM
Everything up-to-date
Thursday, August 8, 2024 1:19:34 PM

PS C:\Users\kushal\src\myhtml\fromnepal> cd "\\TP-Share\G\shared\jellyfin\shows\downloaded"; date; pwd; date; yt-dlp.exe --verbose --write-sub --sub-lang en --restrict-filenames --add-metadata -f "bestvideo[ext=mp4]+bestaudio[ext=m4a]/mp4" -i "https://youtu.be/6M_R03KewU4"; date;

Thursday, August 8, 2024 2:51:28 PM

Drive        :
Provider     : Microsoft.PowerShell.Core\FileSystem
ProviderPath : \\TP-Share\G\shared\jellyfin\shows\downloaded
Path         : Microsoft.PowerShell.Core\FileSystem::\\TP-Share\G\shared\jellyfin\shows\downloaded

Thursday, August 8, 2024 2:51:28 PM
[debug] Command-line config: ['--verbose', '--write-sub', '--sub-lang', 'en', '--restrict-filenames', '--add-metadata', '-f', 'bestvideo[ext=mp4]+bestaudio[ext=m4a]/mp4', '-i', 'https://youtu.be/6M_R03KewU4']
[debug] Portable config "C:\Users\kushal\scoop\apps\yt-dlp\current\yt-dlp.conf": []
[debug] Encodings: locale cp1252, fs utf-8, pref cp1252, out utf-8, error utf-8, screen utf-8
[debug] yt-dlp version stable@2024.08.06 from yt-dlp/yt-dlp [4d9231208] (win_exe)
[debug] Python 3.8.10 (CPython AMD64 64bit) - Windows-10-10.0.22631-SP0 (OpenSSL 1.1.1k  25 Mar 2021)
[debug] exe versions: ffmpeg 7.0.2-full_build-www.gyan.dev (setts), ffprobe 7.0.2-full_build-www.gyan.dev
[debug] Optional libraries: Cryptodome-3.20.0, brotli-1.1.0, certifi-2024.07.04, curl_cffi-0.5.10, mutagen-1.47.0, requests-2.32.3, sqlite3-3.35.5, urllib3-2.2.2, websockets-12.0
[debug] Proxy map: {}
[debug] Request Handlers: urllib, requests, websockets, curl_cffi
[debug] Loaded 1830 extractors
[youtube] Extracting URL: https://youtu.be/6M_R03KewU4
[youtube] 6M_R03KewU4: Downloading webpage
[youtube] 6M_R03KewU4: Downloading ios player API JSON
[youtube] 6M_R03KewU4: Downloading web creator player API JSON
[youtube] 6M_R03KewU4: Downloading player 28fd7348
[debug] Saving youtube-nsig.28fd7348 to cache
[debug] [youtube] Decrypted nsig ExrBTRea2yifoONek => OskBw0fKZXf94Q
[debug] Loading youtube-nsig.28fd7348 from cache
[debug] [youtube] Decrypted nsig 1l6_dTVRzmp1SK_WL => T3KXyHfRrCmDVA
[youtube] 6M_R03KewU4: Downloading m3u8 information
[debug] Sort order given by extractor: quality, res, fps, hdr:12, source, vcodec:vp9.2, channels, acodec, lang, proto
[debug] Formats sorted by: hasvid, ie_pref, quality, res, fps, hdr:12(7), source, vcodec:vp9.2(10), channels, acodec, lang, proto, size, br, asr, vext, aext, hasaud, id
[info] 6M_R03KewU4: Downloading 1 format(s): 137+140
[info] There are no subtitles for the requested languages
[debug] Invoking http downloader on "https://rr5---sn-8xgp1vo-gpje.googlevideo.com/videoplayback?expire=1723164693&ei=tRO1Zv_iIYGFkucPwKSAmAM&ip=70.104.195.206&id=o-AFb_v8miyjww8AMZN8L7Ux9i_XsbEiyiLJIC6bKz6j4K&itag=137&source=youtube&requiressl=yes&xpc=EgVo2aDSNQ%3D%3D&mh=jR&mm=31%2C29&mn=sn-8xgp1vo-gpje%2Csn-8xgp1vo-p5qee&ms=au%2Crdu&mv=m&mvi=5&pl=20&initcwndbps=996250&vprv=1&svpuc=1&mime=video%2Fmp4&rqh=1&gir=yes&clen=136368053&dur=618.291&lmt=1723037606703613&mt=1723142707&fvip=1&keepalive=yes&c=IOS&txp=6209224&sparams=expire%2Cei%2Cip%2Cid%2Citag%2Csource%2Crequiressl%2Cxpc%2Cvprv%2Csvpuc%2Cmime%2Crqh%2Cgir%2Cclen%2Cdur%2Clmt&sig=AJfQdSswRgIhALhYlf0wjy1pbjgF58DY4FQT8kpReaS0AEAbzbxCkyC0AiEAoNWSxiFoBoR3-CGDizWCXC0uQKWrKM1sZ13tvckv3WQ%3D&lsparams=mh%2Cmm%2Cmn%2Cms%2Cmv%2Cmvi%2Cpl%2Cinitcwndbps&lsig=AGtxev0wRQIgbs1j3w11QNKd92DlwSSTzPMY-kAro6pEMHTAu0SAcxcCIQD0nVnrr6SXBvrKa499oFfz2D3NKPpqgRddQD6ybgcp6Q%3D%3D"
[debug] File locking is not supported. Proceeding without locking
[download] Destination: As_a_Matter_of_Fact_-_Episode_8_with_Jennifer_Gordon-[6M_R03KewU4].f137.mp4
[download] 100% of  130.05MiB in 00:00:11 at 11.31MiB/s
[debug] Invoking http downloader on "https://rr5---sn-8xgp1vo-gpje.googlevideo.com/videoplayback?expire=1723164693&ei=tRO1Zv_iIYGFkucPwKSAmAM&ip=70.104.195.206&id=o-AFb_v8miyjww8AMZN8L7Ux9i_XsbEiyiLJIC6bKz6j4K&itag=140&source=youtube&requiressl=yes&xpc=EgVo2aDSNQ%3D%3D&mh=jR&mm=31%2C29&mn=sn-8xgp1vo-gpje%2Csn-8xgp1vo-p5qee&ms=au%2Crdu&mv=m&mvi=5&pl=20&initcwndbps=996250&vprv=1&svpuc=1&mime=audio%2Fmp4&rqh=1&gir=yes&clen=10008288&dur=618.347&lmt=1723037606684941&mt=1723142707&fvip=1&keepalive=yes&c=IOS&txp=6208224&sparams=expire%2Cei%2Cip%2Cid%2Citag%2Csource%2Crequiressl%2Cxpc%2Cvprv%2Csvpuc%2Cmime%2Crqh%2Cgir%2Cclen%2Cdur%2Clmt&sig=AJfQdSswRAIgOQ-zxDk7oK4UmUgCVtjuCGBPwkS2PUqkc4nfgv3UpYACIGvRxWa2Cd5BqQyN7Nrw4Qv2XUKGfnnlVdOt4Dym2SHW&lsparams=mh%2Cmm%2Cmn%2Cms%2Cmv%2Cmvi%2Cpl%2Cinitcwndbps&lsig=AGtxev0wRQIgbs1j3w11QNKd92DlwSSTzPMY-kAro6pEMHTAu0SAcxcCIQD0nVnrr6SXBvrKa499oFfz2D3NKPpqgRddQD6ybgcp6Q%3D%3D"
[download] Destination: As_a_Matter_of_Fact_-_Episode_8_with_Jennifer_Gordon-[6M_R03KewU4].f140.m4a
[download] 100% of    9.54MiB in 00:00:01 at 6.05MiB/s
[Merger] Merging formats into "As_a_Matter_of_Fact_-_Episode_8_with_Jennifer_Gordon-[6M_R03KewU4].mp4"
[debug] ffmpeg command line: ffmpeg -y -loglevel repeat+info -i "file:As_a_Matter_of_Fact_-_Episode_8_with_Jennifer_Gordon-[6M_R03KewU4].f137.mp4" -i "file:As_a_Matter_of_Fact_-_Episode_8_with_Jennifer_Gordon-[6M_R03KewU4].f140.m4a" -c copy -map 0:v:0 -map 1:a:0 -movflags +faststart "file:As_a_Matter_of_Fact_-_Episode_8_with_Jennifer_Gordon-[6M_R03KewU4].temp.mp4"
Deleting original file As_a_Matter_of_Fact_-_Episode_8_with_Jennifer_Gordon-[6M_R03KewU4].f137.mp4 (pass -k to keep)
Deleting original file As_a_Matter_of_Fact_-_Episode_8_with_Jennifer_Gordon-[6M_R03KewU4].f140.m4a (pass -k to keep)
[Metadata] Adding metadata to "As_a_Matter_of_Fact_-_Episode_8_with_Jennifer_Gordon-[6M_R03KewU4].mp4"
[debug] ffmpeg command line: ffmpeg -y -loglevel repeat+info -i "file:As_a_Matter_of_Fact_-_Episode_8_with_Jennifer_Gordon-[6M_R03KewU4].mp4" -map 0 -dn -ignore_unknown -c copy -write_id3v1 1 -metadata "title=As a Matter of Fact: Episode 8 with Jennifer Gordon" -metadata "date=20240807" -metadata "description=In this episode of As a Matter of Fact, we hear from Jennifer Gordon, the director of the Atlantic Council's Nuclear Energy Policy Initiative, as she shares challenges to new nuclear deployment and strategies to accelerate the adoption of nuclear technologies." -metadata "synopsis=In this episode of As a Matter ofFact, we hear from Jennifer Gordon, the director of the Atlantic Council's Nuclear Energy Policy Initiative, as she shares challenges to new nuclear deployment and strategies to accelerate the adoption of nuclear technologies." -metadata "purl=https://www.youtube.com/watch?v=6M_R03KewU4" -metadata "comment=https://www.youtube.com/watch?v=6M_R03KewU4" -metadata "artist=Nuclear Matters" -metadata:s:1 "language=eng" -movflags +faststart "file:As_a_Matter_of_Fact_-_Episode_8_with_Jennifer_Gordon-[6M_R03KewU4].temp.mp4"
Thursday, August 8, 2024 2:52:54 PM

PS Microsoft.PowerShell.Core\FileSystem::\\TP-Share\G\shared\jellyfin\shows\downloaded> cd "C:\Users\kushal\src\mylogging\"; date; git add .; date; git commit --message "add all files" --message "from the terminal"; date; cd "C:\Users\kushal\src\myhtml\fromnepal"; date; yarn; date; yarn run build; date; git add .; date; git commit --message "build application" --message "from the terminal"; date; git pull --rebaseorigin main; date; git push origin main; date;

Thursday, August 8, 2024 3:01:20 PM
Thursday, August 8, 2024 3:01:20 PM
On branch main
nothing to commit, working tree clean
Thursday, August 8, 2024 3:01:20 PM
Thursday, August 8, 2024 3:01:20 PM
yarn install v1.22.21
[1/4] Resolving packages...
success Already up-to-date.
Done in 0.10s.
Thursday, August 8, 2024 3:01:21 PM
yarn run v1.22.21
$ tsc && vite build
vite v5.2.13 building for production...
✓ 5 modules transformed.
docs/index.html                 0.53 kB │ gzip: 0.32 kB
docs/assets/index-DYhv0y2B.css  4.60 kB │ gzip: 1.63 kB
docs/assets/index-BUJcqj8w.js   4.81 kB │ gzip: 2.11 kB
✓ built in 167ms
Done in 2.30s.
Thursday, August 8, 2024 3:01:23 PM
warning: in the working copy of 'docs/assets/index-BUJcqj8w.js', LF will be replaced by CRLF the next time Git touches it
warning: in the working copy of 'docs/assets/index-DYhv0y2B.css', LF will be replaced by CRLF the next time Git touches it
warning: in the working copy of 'docs/index.html', LF will be replaced by CRLF the next time Git touches it
Thursday, August 8, 2024 3:01:24 PM
On branch main
Your branch is up to date with 'origin/main'.

nothing to commit, working tree clean
Thursday, August 8, 2024 3:01:24 PM
From github.com:fromnepal/fromnepal.github.io
 * branch            main       -> FETCH_HEAD
Already up to date.
Thursday, August 8, 2024 3:01:25 PM
Everything up-to-date
Thursday, August 8, 2024 3:01:26 PM

PS C:\Users\kushal\src\myhtml\fromnepal> cd "C:\Users\kushal\src\mylogging\"; date; git add .; date; git commit --message "add all files" --message "from the terminal"; date; cd "C:\Users\kushal\src\myhtml\fromnepal"; date; yarn; date; yarn run build; date; git add .; date; git commit --message "build application" --message "from the terminal"; date; git pull --rebase origin main; date; git push origin main; date;

Thursday, August 8, 2024 3:01:36 PM
Thursday, August 8, 2024 3:01:37 PM
On branch main
nothing to commit, working tree clean
Thursday, August 8, 2024 3:01:37 PM
Thursday, August 8, 2024 3:01:37 PM
yarn install v1.22.21
[1/4] Resolving packages...
success Already up-to-date.
Done in 0.06s.
Thursday, August 8, 2024 3:01:37 PM
yarn run v1.22.21
$ tsc && vite build
vite v5.2.13 building for production...
✓ 5 modules transformed.
docs/index.html                 0.53 kB │ gzip: 0.32 kB
docs/assets/index-DYhv0y2B.css  4.60 kB │ gzip: 1.63 kB
docs/assets/index-BUJcqj8w.js   4.81 kB │ gzip: 2.11 kB
✓ built in 107ms
Done in 0.81s.
Thursday, August 8, 2024 3:01:38 PM
warning: in the working copy of 'docs/assets/index-BUJcqj8w.js', LF will be replaced by CRLF the next time Git touches it
warning: in the working copy of 'docs/assets/index-DYhv0y2B.css', LF will be replaced by CRLF the next time Git touches it
warning: in the working copy of 'docs/index.html', LF will be replaced by CRLF the next time Git touches it
Thursday, August 8, 2024 3:01:38 PM
[main 7c20ac4] build application
 2 files changed, 826 insertions(+), 840 deletions(-)
Thursday, August 8, 2024 3:01:38 PM
From github.com:fromnepal/fromnepal.github.io
 * branch            main       -> FETCH_HEAD
Current branch main is up to date.
Thursday, August 8, 2024 3:01:39 PM
Enumerating objects: 9, done.
Counting objects: 100% (9/9), done.
Delta compression using up to 16 threads
Compressing objects: 100% (5/5), done.
Writing objects: 100% (5/5), 6.54 KiB | 6.54 MiB/s, done.
Total 5 (delta 3), reused 0 (delta 0), pack-reused 0 (from 0)
remote: Resolving deltas: 100% (3/3), completed with 3 local objects.
To github.com:fromnepal/fromnepal.github.io.git
   45fbe88..7c20ac4  main -> main
Thursday, August 8, 2024 3:01:40 PM

PS C:\Users\kushal\src\myhtml\fromnepal> ssh kusfedoravm
kushal@kusfedoravm's password:
Last login: Thu Aug  8 07:52:46 2024 from fe80::975c:f636:bfb:5026%eth0
kushal@kusfedoravm:~$
kushal@kusfedoravm:~$
kushal@kusfedoravm:~$ cd ~/bin; cat update_helloworld.sh; ./update_helloworld.sh
#!/bin/bash

# Define the repository owner and name
OWNER="kusl"
REPO="hellorust20240711"

# Fetch the latest release tag including pre-releases using the GitHub API
LATEST_RELEASE=$(curl -s "https://api.github.com/repos/$OWNER/$REPO/releases" | grep -m 1 "tag_name" | cut -d '"' -f 4)
if [ -z "$LATEST_RELEASE" ]; then
    echo "Error: Could not fetch the latest release tag."
    exit 1
fi
echo "Latest release: $LATEST_RELEASE"

# Construct the download URL
DOWNLOAD_URL="https://github.com/$OWNER/$REPO/releases/download/$LATEST_RELEASE/helloworld"
echo "Download URL: $DOWNLOAD_URL"

# Download the latest release
cd ~/bin/
rm -f helloworld
wget $DOWNLOAD_URL -O helloworld
if [ $? -ne 0 ]; then
    echo "Error: Failed to download the file."
    exit 1
fi
chmod +x helloworld
./helloworld
Latest release: 202408082021
Download URL: https://github.com/kusl/hellorust20240711/releases/download/202408082021/helloworld
helloworld           100% [==============================================================================================================================================================>]    3.69M    7.68MB/s
                          [Files: 1  Bytes: 3.69M [3.66MB/s] Redirects: 1  Todo: 0  Errors: 0                                                                                             ]
Guess the number!
Remember, you can update your consent by running this application with the --update-consent flag.
Please input your guess.
12
You guessed: 12
Too small!
The sum of your guess and the secret number is: 107
The product of your guess and the secret number is: 1140
The greatest common divisor of your guess and the secret number is: 1
Please input your guess.
95
You guessed: 95
You win!
Game Statistics:
Attempts: [12, 95]
Secret Number: 95
Guesses: [12, 95]
All Games History:
Game 1: Attempts: [12, 95], Secret Number: 95, Guesses: [12, 95]
Press Enter to exit...

kushal@kusfedoravm:~/bin$ cd ~/bin; cat update_helloworld.sh; ./update_helloworld.sh
#!/bin/bash

# Define the repository owner and name
OWNER="kusl"
REPO="hellorust20240711"

# Fetch the latest release tag including pre-releases using the GitHub API
LATEST_RELEASE=$(curl -s "https://api.github.com/repos/$OWNER/$REPO/releases" | grep -m 1 "tag_name" | cut -d '"' -f 4)
if [ -z "$LATEST_RELEASE" ]; then
    echo "Error: Could not fetch the latest release tag."
    exit 1
fi
echo "Latest release: $LATEST_RELEASE"

# Construct the download URL
DOWNLOAD_URL="https://github.com/$OWNER/$REPO/releases/download/$LATEST_RELEASE/helloworld"
echo "Download URL: $DOWNLOAD_URL"

# Download the latest release
cd ~/bin/
rm -f helloworld
wget $DOWNLOAD_URL -O helloworld
if [ $? -ne 0 ]; then
    echo "Error: Failed to download the file."
    exit 1
fi
chmod +x helloworld
./helloworld
Latest release: 202408082021
Download URL: https://github.com/kusl/hellorust20240711/releases/download/202408082021/helloworld
helloworld           100% [==============================================================================================================================================================>]    3.69M   15.85MB/s
                          [Files: 1  Bytes: 3.69M [7.73MB/s] Redirects: 1  Todo: 0  Errors: 0                                                                                             ]
Guess the number!
Remember, you can update your consent by running this application with the --update-consent flag.
Please input your guess.
34
You guessed: 34
Too small!
The sum of your guess and the secret number is: 124
The product of your guess and the secret number is: 3060
The greatest common divisor of your guess and the secret number is: 2
Please input your guess.
90
You guessed: 90
You win!
Game Statistics:
Attempts: [34, 90]
Secret Number: 90
Guesses: [34, 90]
All Games History:
Game 1: Attempts: [12, 95], Secret Number: 95, Guesses: [12, 95]
Game 2: Attempts: [34, 90], Secret Number: 90, Guesses: [34, 90]
Press Enter to exit...

kushal@kusfedoravm:~/bin$ cd ~/bin; cat update_helloworld.sh; ./update_helloworld.sh
#!/bin/bash

# Define the repository owner and name
OWNER="kusl"
REPO="hellorust20240711"

# Fetch the latest release tag including pre-releases using the GitHub API
LATEST_RELEASE=$(curl -s "https://api.github.com/repos/$OWNER/$REPO/releases" | grep -m 1 "tag_name" | cut -d '"' -f 4)
if [ -z "$LATEST_RELEASE" ]; then
    echo "Error: Could not fetch the latest release tag."
    exit 1
fi
echo "Latest release: $LATEST_RELEASE"

# Construct the download URL
DOWNLOAD_URL="https://github.com/$OWNER/$REPO/releases/download/$LATEST_RELEASE/helloworld"
echo "Download URL: $DOWNLOAD_URL"

# Download the latest release
cd ~/bin/
rm -f helloworld
wget $DOWNLOAD_URL -O helloworld
if [ $? -ne 0 ]; then
    echo "Error: Failed to download the file."
    exit 1
fi
chmod +x helloworld
./helloworld
Latest release: 202408082021
Download URL: https://github.com/kusl/hellorust20240711/releases/download/202408082021/helloworld
helloworld           100% [==============================================================================================================================================================>]    3.69M   31.53MB/s
                          [Files: 1  Bytes: 3.69M [7.85MB/s] Redirects: 1  Todo: 0  Errors: 0                                                                                             ]
Guess the number!
Remember, you can update your consent by running this application with the --update-consent flag.
Please input your guess.
24
You guessed: 24
Too small!
The sum of your guess and the secret number is: 111
The product of your guess and the secret number is: 2088
The greatest common divisor of your guess and the secret number is: 3
Please input your guess.
89
You guessed: 89
Too big!
The sum of your guess and the secret number is: 176
The product of your guess and the secret number is: 7743
The greatest common divisor of your guess and the secret number is: 1
Please input your guess.
88
You guessed: 88
Too big!
The sum of your guess and the secret number is: 175
The product of your guess and the secret number is: 7656
The greatest common divisor of your guess and the secret number is: 1
Please input your guess.
87
You guessed: 87
You win!
Game Statistics:
Attempts: [24, 89, 88, 87]
Secret Number: 87
Guesses: [24, 89, 88, 87]
All Games History:
Game 1: Attempts: [12, 95], Secret Number: 95, Guesses: [12, 95]
Game 2: Attempts: [34, 90], Secret Number: 90, Guesses: [34, 90]
Game 3: Attempts: [24, 89, 88, 87], Secret Number: 87, Guesses: [24, 89, 88, 87]
Press Enter to exit...

kushal@kusfedoravm:~/bin$
kushal@kusfedoravm:~/bin$ cd ~/bin; cat update_helloworld.sh; ./update_helloworld.sh
#!/bin/bash

# Define the repository owner and name
OWNER="kusl"
REPO="hellorust20240711"

# Fetch the latest release tag including pre-releases using the GitHub API
LATEST_RELEASE=$(curl -s "https://api.github.com/repos/$OWNER/$REPO/releases" | grep -m 1 "tag_name" | cut -d '"' -f 4)
if [ -z "$LATEST_RELEASE" ]; then
    echo "Error: Could not fetch the latest release tag."
    exit 1
fi
echo "Latest release: $LATEST_RELEASE"

# Construct the download URL
DOWNLOAD_URL="https://github.com/$OWNER/$REPO/releases/download/$LATEST_RELEASE/helloworld"
echo "Download URL: $DOWNLOAD_URL"

# Download the latest release
cd ~/bin/
rm -f helloworld
wget $DOWNLOAD_URL -O helloworld
if [ $? -ne 0 ]; then
    echo "Error: Failed to download the file."
    exit 1
fi
chmod +x helloworld
./helloworld
Latest release: 202408082021
Download URL: https://github.com/kusl/hellorust20240711/releases/download/202408082021/helloworld
helloworld           100% [=====================================================================================================================================================================================================================================>]    3.69M   29.96MB/s
                          [Files: 1  Bytes: 3.69M [7.48MB/s] Redirects: 1  Todo: 0  Errors: 0                                                ]
Guess the number!
Remember, you can update your consent by running this application with the --update-consent flag.
Please input your guess.
68
You guessed: 68
Too big!
The sum of your guess and the secret number is: 123
The product of your guess and the secret number is: 3740
The greatest common divisor of your guess and the secret number is: 1
Please input your guess.
55
You guessed: 55
You win!
Game Statistics:
Attempts: [68, 55]
Secret Number: 55
Guesses: [68, 55]
All Games History:
Game 1: Attempts: [12, 95], Secret Number: 95, Guesses: [12, 95]
Game 2: Attempts: [34, 90], Secret Number: 90, Guesses: [34, 90]
Game 3: Attempts: [24, 89, 88, 87], Secret Number: 87, Guesses: [24, 89, 88, 87]
Game 4: Attempts: [68, 55], Secret Number: 55, Guesses: [68, 55]
Press Enter to exit...

kushal@kusfedoravm:~/bin$ cd ~/bin; cat update_helloworld.sh; ./update_helloworld.sh
#!/bin/bash

# Define the repository owner and name
OWNER="kusl"
REPO="hellorust20240711"

# Fetch the latest release tag including pre-releases using the GitHub API
LATEST_RELEASE=$(curl -s "https://api.github.com/repos/$OWNER/$REPO/releases" | grep -m 1 "tag_name" | cut -d '"' -f 4)
if [ -z "$LATEST_RELEASE" ]; then
    echo "Error: Could not fetch the latest release tag."
    exit 1
fi
echo "Latest release: $LATEST_RELEASE"

# Construct the download URL
DOWNLOAD_URL="https://github.com/$OWNER/$REPO/releases/download/$LATEST_RELEASE/helloworld"
echo "Download URL: $DOWNLOAD_URL"

# Download the latest release
cd ~/bin/
rm -f helloworld
wget $DOWNLOAD_URL -O helloworld
if [ $? -ne 0 ]; then
    echo "Error: Failed to download the file."
    exit 1
fi
chmod +x helloworld
./helloworld
Latest release: 202408082026
Download URL: https://github.com/kusl/hellorust20240711/releases/download/202408082026/helloworld
helloworld           100% [=====================================================================================================================================================================================================================================>]    3.69M   11.82MB/s
                          [Files: 1  Bytes: 3.69M [5.38MB/s] Redirects: 1  Todo: 0  Errors: 0                                                ]
Guess the number!
Remember, you can update your consent by running this application with the --update-consent flag.
Please input your guess.
10
You guessed: 10
Too small!
The sum of your guess and the secret number is: 99
The product of your guess and the secret number is: 890
The greatest common divisor of your guess and the secret number is: 1
Please input your guess.
80
You guessed: 80
Too small!
The sum of your guess and the secret number is: 169
The product of your guess and the secret number is: 7120
The greatest common divisor of your guess and the secret number is: 1
Please input your guess.
89
You guessed: 89
You win!
Game Statistics:
Attempts: [10, 80, 89]
Secret Number: 89
Guesses: [10, 80, 89]
All Games History:
Game 1: Attempts: [12, 95], Secret Number: 95, Guesses: [12, 95]
Game 2: Attempts: [34, 90], Secret Number: 90, Guesses: [34, 90]
Game 3: Attempts: [24, 89, 88, 87], Secret Number: 87, Guesses: [24, 89, 88, 87]
Game 4: Attempts: [68, 55], Secret Number: 55, Guesses: [68, 55]
Game 5: Attempts: [10, 80, 89], Secret Number: 89, Guesses: [10, 80, 89]
Press Enter to exit...

kushal@kusfedoravm:~/bin$ exit
logout
Connection to kusfedoravm closed.
PS C:\Users\kushal\src\myhtml\fromnepal> cd "C:\Users\kushal\src\mylogging\"; date; git add .; date; git commit --message "add all files" --message "from the terminal"; date; cd "C:\Users\kushal\src\myhtml\fromnepal"; date; yarn; date; yarn run build; date; git add .; date; git commit --message "build application" --message "from the terminal"; date; git pull --rebase origin main; date; git push origin main; date;

Thursday, August 8, 2024 5:11:23 PM
Thursday, August 8, 2024 5:11:23 PM
On branch main
nothing to commit, working tree clean
Thursday, August 8, 2024 5:11:24 PM
Thursday, August 8, 2024 5:11:24 PM
yarn install v1.22.21
[1/4] Resolving packages...
success Already up-to-date.
Done in 0.10s.
Thursday, August 8, 2024 5:11:24 PM
yarn run v1.22.21
$ tsc && vite build
vite v5.2.13 building for production...
✓ 5 modules transformed.
docs/index.html                 0.53 kB │ gzip: 0.32 kB
docs/assets/index-DYhv0y2B.css  4.60 kB │ gzip: 1.63 kB
docs/assets/index-BUJcqj8w.js   4.81 kB │ gzip: 2.11 kB
✓ built in 178ms
Done in 2.37s.
Thursday, August 8, 2024 5:11:27 PM
warning: in the working copy of 'docs/assets/index-BUJcqj8w.js', LF will be replaced by CRLF the next time Git touches it
warning: in the working copy of 'docs/assets/index-DYhv0y2B.css', LF will be replaced by CRLF the next time Git touches it
warning: in the working copy of 'docs/index.html', LF will be replaced by CRLF the next time Git touches it
Thursday, August 8, 2024 5:11:27 PM
On branch main
Your branch is up to date with 'origin/main'.

nothing to commit, working tree clean
Thursday, August 8, 2024 5:11:27 PM
From github.com:fromnepal/fromnepal.github.io
 * branch            main       -> FETCH_HEAD
Already up to date.
Thursday, August 8, 2024 5:11:29 PM
Everything up-to-date
Thursday, August 8, 2024 5:11:29 PM

PS C:\Users\kushal\src\myhtml\fromnepal> cd "C:\Users\kushal\src\mylogging\"; date; git add .; date; git commit --message "add all files" --message "from the terminal"; date; cd "C:\Users\kushal\src\myhtml\fromnepal"; date; yarn; date; yarn run build; date; git add .; date; git commit --message "build application" --message "from the terminal"; date; git pull --rebase origin main; date; git push origin main; date;

Thursday, August 8, 2024 5:11:37 PM
Thursday, August 8, 2024 5:11:37 PM
On branch main
nothing to commit, working tree clean
Thursday, August 8, 2024 5:11:37 PM
Thursday, August 8, 2024 5:11:37 PM
yarn install v1.22.21
[1/4] Resolving packages...
success Already up-to-date.
Done in 0.06s.
Thursday, August 8, 2024 5:11:37 PM
yarn run v1.22.21
$ tsc && vite build
vite v5.2.13 building for production...
✓ 5 modules transformed.
docs/index.html                 0.53 kB │ gzip: 0.32 kB
docs/assets/index-DYhv0y2B.css  4.60 kB │ gzip: 1.63 kB
docs/assets/index-BUJcqj8w.js   4.81 kB │ gzip: 2.11 kB
✓ built in 109ms
Done in 0.82s.
Thursday, August 8, 2024 5:11:38 PM
warning: in the working copy of 'docs/assets/index-BUJcqj8w.js', LF will be replaced by CRLF the next time Git touches it
warning: in the working copy of 'docs/assets/index-DYhv0y2B.css', LF will be replaced by CRLF the next time Git touches it
warning: in the working copy of 'docs/index.html', LF will be replaced by CRLF the next time Git touches it
Thursday, August 8, 2024 5:11:38 PM
[main d856042] build application
 2 files changed, 802 insertions(+), 14 deletions(-)
Thursday, August 8, 2024 5:11:38 PM
From github.com:fromnepal/fromnepal.github.io
 * branch            main       -> FETCH_HEAD
Current branch main is up to date.
Thursday, August 8, 2024 5:11:39 PM
Enumerating objects: 9, done.
Counting objects: 100% (9/9), done.
Delta compression using up to 16 threads
Compressing objects: 100% (5/5), done.
Writing objects: 100% (5/5), 2.62 KiB | 2.62 MiB/s, done.
Total 5 (delta 4), reused 0 (delta 0), pack-reused 0 (from 0)
remote: Resolving deltas: 100% (4/4), completed with 4 local objects.
To github.com:fromnepal/fromnepal.github.io.git
   7c20ac4..d856042  main -> main
Thursday, August 8, 2024 5:11:40 PM

PS C:\Users\kushal\src\myhtml\fromnepal> cd "C:\Users\kushal\src\mylogging\"; date; git add .; date; git commit --message "add all files" --message "from the terminal"; date; cd "C:\Users\kushal\src\myhtml\fromnepal"; date; yarn; date; yarn run build; date; git add .; date; git commit --message "build application" --message "from the terminal"; date; git pull --rebase origin main; date; git push origin main; date;

Thursday, August 8, 2024 5:20:44 PM
Thursday, August 8, 2024 5:20:44 PM
On branch main
nothing to commit, working tree clean
Thursday, August 8, 2024 5:20:45 PM
Thursday, August 8, 2024 5:20:45 PM
yarn install v1.22.21
[1/4] Resolving packages...
success Already up-to-date.
Done in 0.07s.
Thursday, August 8, 2024 5:20:45 PM
yarn run v1.22.21
$ tsc && vite build
vite v5.2.13 building for production...
✓ 5 modules transformed.
docs/index.html                 0.53 kB │ gzip: 0.32 kB
docs/assets/index-DYhv0y2B.css  4.60 kB │ gzip: 1.63 kB
docs/assets/index-BUJcqj8w.js   4.81 kB │ gzip: 2.11 kB
✓ built in 144ms
Done in 1.06s.
Thursday, August 8, 2024 5:20:46 PM
warning: in the working copy of 'docs/assets/index-BUJcqj8w.js', LF will be replaced by CRLF the next time Git touches it
warning: in the working copy of 'docs/assets/index-DYhv0y2B.css', LF will be replaced by CRLF the next time Git touches it
warning: in the working copy of 'docs/index.html', LF will be replaced by CRLF the next time Git touches it
Thursday, August 8, 2024 5:20:46 PM
[main 9bd1ee4] build application
 2 files changed, 38 insertions(+)
 create mode 100644 docs/notes/sub-human-progressives.txt
 create mode 100644 public/notes/sub-human-progressives.txt
Thursday, August 8, 2024 5:20:46 PM
From github.com:fromnepal/fromnepal.github.io
 * branch            main       -> FETCH_HEAD
Current branch main is up to date.
Thursday, August 8, 2024 5:20:47 PM
Enumerating objects: 10, done.
Counting objects: 100% (10/10), done.
Delta compression using up to 16 threads
Compressing objects: 100% (6/6), done.
Writing objects: 100% (6/6), 2.12 KiB | 2.12 MiB/s, done.
Total 6 (delta 4), reused 0 (delta 0), pack-reused 0 (from 0)
remote: Resolving deltas: 100% (4/4), completed with 4 local objects.
To github.com:fromnepal/fromnepal.github.io.git
   d856042..9bd1ee4  main -> main
Thursday, August 8, 2024 5:20:48 PM

PS C:\Users\kushal\src\myhtml\fromnepal> cd "C:\Users\kushal\src\mylogging\"; date; git add .; date; git commit --message "add all files" --message "from the terminal"; date; cd "C:\Users\kushal\src\myhtml\fromnepal"; date; yarn; date; yarn run build; date; git add .; date; git commit --message "build application" --message "from the terminal"; date; git pull --rebase origin main; date; git push origin main; date;

Thursday, August 8, 2024 5:28:04 PM
Thursday, August 8, 2024 5:28:04 PM
On branch main
nothing to commit, working tree clean
Thursday, August 8, 2024 5:28:04 PM
Thursday, August 8, 2024 5:28:04 PM
yarn install v1.22.21
[1/4] Resolving packages...
success Already up-to-date.
Done in 0.06s.
Thursday, August 8, 2024 5:28:04 PM
yarn run v1.22.21
$ tsc && vite build
vite v5.2.13 building for production...
✓ 5 modules transformed.
docs/index.html                 0.53 kB │ gzip: 0.32 kB
docs/assets/index-DYhv0y2B.css  4.60 kB │ gzip: 1.63 kB
docs/assets/index-BUJcqj8w.js   4.81 kB │ gzip: 2.11 kB
✓ built in 133ms
Done in 1.38s.
Thursday, August 8, 2024 5:28:06 PM
warning: in the working copy of 'docs/assets/index-BUJcqj8w.js', LF will be replaced by CRLF the next time Git touches it
warning: in the working copy of 'docs/assets/index-DYhv0y2B.css', LF will be replaced by CRLF the next time Git touches it
warning: in the working copy of 'docs/index.html', LF will be replaced by CRLF the next time Git touches it
Thursday, August 8, 2024 5:28:06 PM
[main 3ada64f] build application
 4 files changed, 854 insertions(+), 12 deletions(-)
Thursday, August 8, 2024 5:28:06 PM
From github.com:fromnepal/fromnepal.github.io
 * branch            main       -> FETCH_HEAD
Current branch main is up to date.
Thursday, August 8, 2024 5:28:07 PM
Enumerating objects: 13, done.
Counting objects: 100% (13/13), done.
Delta compression using up to 16 threads
Compressing objects: 100% (7/7), done.
Writing objects: 100% (7/7), 12.75 KiB | 1004.00 KiB/s, done.
Total 7 (delta 5), reused 0 (delta 0), pack-reused 0 (from 0)
remote: Resolving deltas: 100% (5/5), completed with 5 local objects.
To github.com:fromnepal/fromnepal.github.io.git
   9bd1ee4..3ada64f  main -> main
Thursday, August 8, 2024 5:28:08 PM

PS C:\Users\kushal\src\myhtml\fromnepal> cd "C:\Users\kushal\src\mylogging\"; date; git add .; date; git commit --message "add all files" --message "from the terminal"; date; cd "C:\Users\kushal\src\myhtml\fromnepal"; date; yarn; date; yarn run build; date; git add .; date; git commit --message "build application" --message "from the terminal"; date; git pull --rebase origin main; date; git push origin main; date;

Thursday, August 8, 2024 5:31:01 PM
Thursday, August 8, 2024 5:31:01 PM
[main 01cacb4f] add all files
 1 file changed, 0 insertions(+), 0 deletions(-)
Thursday, August 8, 2024 5:31:01 PM
Thursday, August 8, 2024 5:31:01 PM
yarn install v1.22.21
[1/4] Resolving packages...
success Already up-to-date.
Done in 0.06s.
Thursday, August 8, 2024 5:31:01 PM
yarn run v1.22.21
$ tsc && vite build
vite v5.2.13 building for production...
✓ 5 modules transformed.
docs/index.html                 0.53 kB │ gzip: 0.32 kB
docs/assets/index-DYhv0y2B.css  4.60 kB │ gzip: 1.63 kB
docs/assets/index-BUJcqj8w.js   4.81 kB │ gzip: 2.11 kB
✓ built in 111ms
Done in 0.80s.
Thursday, August 8, 2024 5:31:02 PM
warning: in the working copy of 'docs/assets/index-BUJcqj8w.js', LF will be replaced by CRLF the next time Git touches it
warning: in the working copy of 'docs/assets/index-DYhv0y2B.css', LF will be replaced by CRLF the next time Git touches it
warning: in the working copy of 'docs/index.html', LF will be replaced by CRLF the next time Git touches it
Thursday, August 8, 2024 5:31:02 PM
[main a3b2c8b] build application
 2 files changed, 90 insertions(+)
Thursday, August 8, 2024 5:31:02 PM
From github.com:fromnepal/fromnepal.github.io
 * branch            main       -> FETCH_HEAD
Current branch main is up to date.
Thursday, August 8, 2024 5:31:03 PM
Enumerating objects: 9, done.
Counting objects: 100% (9/9), done.
Delta compression using up to 16 threads
Compressing objects: 100% (5/5), done.
Writing objects: 100% (5/5), 719 bytes | 719.00 KiB/s, done.
Total 5 (delta 4), reused 0 (delta 0), pack-reused 0 (from 0)
remote: Resolving deltas: 100% (4/4), completed with 4 local objects.
To github.com:fromnepal/fromnepal.github.io.git
   3ada64f..a3b2c8b  main -> main
Thursday, August 8, 2024 5:31:04 PM

PS C:\Users\kushal\src\myhtml\fromnepal> cd "C:\Users\kushal\src\mylogging\"; date; git add .; date; git commit --message "add all files" --message "from the terminal"; date; cd "C:\Users\kushal\src\myhtml\fromnepal"; date; yarn; date; yarn run build; date; git add .; date; git commit --message "build application" --message "from the terminal"; date; git pull --rebase origin main; date; git push origin main; date;

Thursday, August 8, 2024 5:51:17 PM
Thursday, August 8, 2024 5:51:17 PM
On branch main
nothing to commit, working tree clean
Thursday, August 8, 2024 5:51:17 PM
Thursday, August 8, 2024 5:51:17 PM
yarn install v1.22.21
[1/4] Resolving packages...
success Already up-to-date.
Done in 0.07s.
Thursday, August 8, 2024 5:51:18 PM
yarn run v1.22.21
$ tsc && vite build
vite v5.2.13 building for production...
✓ 5 modules transformed.
docs/index.html                 0.53 kB │ gzip: 0.32 kB
docs/assets/index-DYhv0y2B.css  4.60 kB │ gzip: 1.63 kB
docs/assets/index-BUJcqj8w.js   4.81 kB │ gzip: 2.11 kB
✓ built in 134ms
Done in 1.28s.
Thursday, August 8, 2024 5:51:19 PM
warning: in the working copy of 'docs/assets/index-BUJcqj8w.js', LF will be replaced by CRLF the next time Git touches it
warning: in the working copy of 'docs/assets/index-DYhv0y2B.css', LF will be replaced by CRLF the next time Git touches it
warning: in the working copy of 'docs/index.html', LF will be replaced by CRLF the next time Git touches it
Thursday, August 8, 2024 5:51:19 PM
[main f83b9c0] build application
 2 files changed, 100 insertions(+)
 create mode 100644 docs/notes/rust-is-not-java-comments.txt
 create mode 100644 public/notes/rust-is-not-java-comments.txt
Thursday, August 8, 2024 5:51:19 PM
From github.com:fromnepal/fromnepal.github.io
 * branch            main       -> FETCH_HEAD
Current branch main is up to date.
Thursday, August 8, 2024 5:51:20 PM
Enumerating objects: 10, done.
Counting objects: 100% (10/10), done.
Delta compression using up to 16 threads
Compressing objects: 100% (6/6), done.
Writing objects: 100% (6/6), 2.55 KiB | 2.55 MiB/s, done.
Total 6 (delta 4), reused 0 (delta 0), pack-reused 0 (from 0)
remote: Resolving deltas: 100% (4/4), completed with 4 local objects.
To github.com:fromnepal/fromnepal.github.io.git
   a3b2c8b..f83b9c0  main -> main
Thursday, August 8, 2024 5:51:21 PM

PS C:\Users\kushal\src\myhtml\fromnepal> cd "C:\Users\kushal\src\mylogging\"; date; git add .; date; git commit --message "add all files" --message "from the terminal"; date; cd "C:\Users\kushal\src\myhtml\fromnepal"; date; yarn; date; yarn run build; date; git add .; date; git commit --message "build application" --message "from the terminal"; date; git pull --rebase origin main; date; git push origin main; date;

Thursday, August 8, 2024 5:52:10 PM
Thursday, August 8, 2024 5:52:10 PM
On branch main
nothing to commit, working tree clean
Thursday, August 8, 2024 5:52:10 PM
Thursday, August 8, 2024 5:52:10 PM
yarn install v1.22.21
[1/4] Resolving packages...
success Already up-to-date.
Done in 0.06s.
Thursday, August 8, 2024 5:52:11 PM
yarn run v1.22.21
$ tsc && vite build
vite v5.2.13 building for production...
✓ 5 modules transformed.
docs/index.html                 0.53 kB │ gzip: 0.32 kB
docs/assets/index-DYhv0y2B.css  4.60 kB │ gzip: 1.63 kB
docs/assets/index-BUJcqj8w.js   4.81 kB │ gzip: 2.11 kB
✓ built in 112ms
Done in 0.80s.
Thursday, August 8, 2024 5:52:12 PM
warning: in the working copy of 'docs/assets/index-BUJcqj8w.js', LF will be replaced by CRLF the next time Git touches it
warning: in the working copy of 'docs/assets/index-DYhv0y2B.css', LF will be replaced by CRLF the next time Git touches it
warning: in the working copy of 'docs/index.html', LF will be replaced by CRLF the next time Git touches it
Thursday, August 8, 2024 5:52:12 PM
On branch main
Your branch is up to date with 'origin/main'.

nothing to commit, working tree clean
Thursday, August 8, 2024 5:52:12 PM
From github.com:fromnepal/fromnepal.github.io
 * branch            main       -> FETCH_HEAD
Already up to date.
Thursday, August 8, 2024 5:52:13 PM
Everything up-to-date
Thursday, August 8, 2024 5:52:13 PM

PS C:\Users\kushal\src\myhtml\fromnepal> cd "C:\Users\kushal\src\mylogging\"; date; git add .; date; git commit --message "add all files" --message "from the terminal"; date; cd "C:\Users\kushal\src\myhtml\fromnepal"; date; yarn; date; yarn run build; date; git add .; date; git commit --message "build application" --message "from the terminal"; date; git pull --rebase origin main; date; git push origin main; date;

Thursday, August 8, 2024 5:52:39 PM
Thursday, August 8, 2024 5:52:39 PM
On branch main
nothing to commit, working tree clean
Thursday, August 8, 2024 5:52:39 PM
Thursday, August 8, 2024 5:52:39 PM
yarn install v1.22.21
[1/4] Resolving packages...
success Already up-to-date.
Done in 0.06s.
Thursday, August 8, 2024 5:52:39 PM
yarn run v1.22.21
$ tsc && vite build
vite v5.2.13 building for production...
✓ 5 modules transformed.
docs/index.html                 0.53 kB │ gzip: 0.32 kB
docs/assets/index-DYhv0y2B.css  4.60 kB │ gzip: 1.63 kB
docs/assets/index-BUJcqj8w.js   4.81 kB │ gzip: 2.11 kB
✓ built in 110ms
Done in 0.81s.
Thursday, August 8, 2024 5:52:40 PM
warning: in the working copy of 'docs/assets/index-BUJcqj8w.js', LF will be replaced by CRLF the next time Git touches it
warning: in the working copy of 'docs/assets/index-DYhv0y2B.css', LF will be replaced by CRLF the next time Git touches it
warning: in the working copy of 'docs/index.html', LF will be replaced by CRLF the next time Git touches it
Thursday, August 8, 2024 5:52:40 PM
[main ef29003] build application
 4 files changed, 278 insertions(+), 34 deletions(-)
Thursday, August 8, 2024 5:52:40 PM
From github.com:fromnepal/fromnepal.github.io
 * branch            main       -> FETCH_HEAD
Current branch main is up to date.
Thursday, August 8, 2024 5:52:41 PM
Enumerating objects: 13, done.
Counting objects: 100% (13/13), done.
Delta compression using up to 16 threads
Compressing objects: 100% (7/7), done.
Writing objects: 100% (7/7), 1.14 KiB | 1.14 MiB/s, done.
Total 7 (delta 6), reused 0 (delta 0), pack-reused 0 (from 0)
remote: Resolving deltas: 100% (6/6), completed with 6 local objects.
To github.com:fromnepal/fromnepal.github.io.git
   f83b9c0..ef29003  main -> main
Thursday, August 8, 2024 5:52:42 PM

PS C:\Users\kushal\src\myhtml\fromnepal> cd "C:\Users\kushal\src\mylogging\"; date; git add .; date; git commit --message "add all files" --message "from the terminal"; date; cd "C:\Users\kushal\src\myhtml\fromnepal"; date; yarn; date; yarn run build; date; git add .; date; git commit --message "build application" --message "from the terminal"; date; git pull --rebase origin main; date; git push origin main; date;

Thursday, August 8, 2024 5:55:05 PM
Thursday, August 8, 2024 5:55:05 PM
On branch main
nothing to commit, working tree clean
Thursday, August 8, 2024 5:55:05 PM
Thursday, August 8, 2024 5:55:05 PM
yarn install v1.22.21
[1/4] Resolving packages...
success Already up-to-date.
Done in 0.07s.
Thursday, August 8, 2024 5:55:05 PM
yarn run v1.22.21
$ tsc && vite build
vite v5.2.13 building for production...
✓ 5 modules transformed.
docs/index.html                 0.53 kB │ gzip: 0.32 kB
docs/assets/index-DYhv0y2B.css  4.60 kB │ gzip: 1.63 kB
docs/assets/index-BUJcqj8w.js   4.81 kB │ gzip: 2.11 kB
✓ built in 130ms
Done in 1.28s.
Thursday, August 8, 2024 5:55:06 PM
warning: in the working copy of 'docs/assets/index-BUJcqj8w.js', LF will be replaced by CRLF the next time Git touches it
warning: in the working copy of 'docs/assets/index-DYhv0y2B.css', LF will be replaced by CRLF the next time Git touches it
warning: in the working copy of 'docs/index.html', LF will be replaced by CRLF the next time Git touches it
Thursday, August 8, 2024 5:55:07 PM
On branch main
Your branch is up to date with 'origin/main'.

nothing to commit, working tree clean
Thursday, August 8, 2024 5:55:07 PM
From github.com:fromnepal/fromnepal.github.io
 * branch            main       -> FETCH_HEAD
Already up to date.
Thursday, August 8, 2024 5:55:07 PM
Everything up-to-date
Thursday, August 8, 2024 5:55:08 PM

PS C:\Users\kushal\src\myhtml\fromnepal> cd "C:\Users\kushal\src\mylogging\"; date; git add .; date; git commit --message "add all files" --message "from the terminal"; date; cd "C:\Users\kushal\src\myhtml\fromnepal"; date; yarn; date; yarn run build; date; git add .; date; git commit --message "build application" --message "from the terminal"; date; git pull --rebase origin main; date; git push origin main; date;

Thursday, August 8, 2024 5:55:12 PM
Thursday, August 8, 2024 5:55:12 PM
On branch main
nothing to commit, working tree clean
Thursday, August 8, 2024 5:55:12 PM
Thursday, August 8, 2024 5:55:12 PM
yarn install v1.22.21
[1/4] Resolving packages...
success Already up-to-date.
Done in 0.07s.
Thursday, August 8, 2024 5:55:12 PM
yarn run v1.22.21
$ tsc && vite build
vite v5.2.13 building for production...
✓ 5 modules transformed.
docs/index.html                 0.53 kB │ gzip: 0.32 kB
docs/assets/index-DYhv0y2B.css  4.60 kB │ gzip: 1.63 kB
docs/assets/index-BUJcqj8w.js   4.81 kB │ gzip: 2.11 kB
✓ built in 115ms
Done in 0.84s.
Thursday, August 8, 2024 5:55:13 PM
warning: in the working copy of 'docs/assets/index-BUJcqj8w.js', LF will be replaced by CRLF the next time Git touches it
warning: in the working copy of 'docs/assets/index-DYhv0y2B.css', LF will be replaced by CRLF the next time Git touches it
warning: in the working copy of 'docs/index.html', LF will be replaced by CRLF the next time Git touches it
Thursday, August 8, 2024 5:55:14 PM
[main d08bc9c] build application
 2 files changed, 4 insertions(+)
Thursday, August 8, 2024 5:55:14 PM
From github.com:fromnepal/fromnepal.github.io
 * branch            main       -> FETCH_HEAD
Current branch main is up to date.
Thursday, August 8, 2024 5:55:14 PM
Enumerating objects: 11, done.
Counting objects: 100% (11/11), done.
Delta compression using up to 16 threads
Compressing objects: 100% (6/6), done.
Writing objects: 100% (6/6), 789 bytes | 789.00 KiB/s, done.
Total 6 (delta 5), reused 0 (delta 0), pack-reused 0 (from 0)
remote: Resolving deltas: 100% (5/5), completed with 5 local objects.
To github.com:fromnepal/fromnepal.github.io.git
   ef29003..d08bc9c  main -> main
Thursday, August 8, 2024 5:55:15 PM

PS C:\Users\kushal\src\myhtml\fromnepal> cd "C:\Users\kushal\src\mylogging\"; date; git add .; date; git commit --message "add all files" --message "from the terminal"; date; cd "C:\Users\kushal\src\myhtml\fromnepal"; date; yarn; date; yarn run build; date; git add .; date; git commit --message "build application" --message "from the terminal"; date; git pull --rebase origin main; date; git push origin main; date;

Thursday, August 8, 2024 5:56:23 PM
Thursday, August 8, 2024 5:56:23 PM
On branch main
nothing to commit, working tree clean
Thursday, August 8, 2024 5:56:23 PM
Thursday, August 8, 2024 5:56:23 PM
yarn install v1.22.21
[1/4] Resolving packages...
success Already up-to-date.
Done in 0.07s.
Thursday, August 8, 2024 5:56:23 PM
yarn run v1.22.21
$ tsc && vite build
vite v5.2.13 building for production...
✓ 5 modules transformed.
docs/index.html                 0.53 kB │ gzip: 0.32 kB
docs/assets/index-DYhv0y2B.css  4.60 kB │ gzip: 1.63 kB
docs/assets/index-BUJcqj8w.js   4.81 kB │ gzip: 2.11 kB
✓ built in 112ms
Done in 0.82s.
Thursday, August 8, 2024 5:56:24 PM
warning: in the working copy of 'docs/assets/index-BUJcqj8w.js', LF will be replaced by CRLF the next time Git touches it
warning: in the working copy of 'docs/assets/index-DYhv0y2B.css', LF will be replaced by CRLF the next time Git touches it
warning: in the working copy of 'docs/index.html', LF will be replaced by CRLF the next time Git touches it
Thursday, August 8, 2024 5:56:24 PM
[main 88c7291] build application
 4 files changed, 342 insertions(+), 4 deletions(-)
Thursday, August 8, 2024 5:56:24 PM
From github.com:fromnepal/fromnepal.github.io
 * branch            main       -> FETCH_HEAD
Current branch main is up to date.
Thursday, August 8, 2024 5:56:25 PM
Enumerating objects: 13, done.
Counting objects: 100% (13/13), done.
Delta compression using up to 16 threads
Compressing objects: 100% (7/7), done.
Writing objects: 100% (7/7), 1.05 KiB | 1.05 MiB/s, done.
Total 7 (delta 6), reused 0 (delta 0), pack-reused 0 (from 0)
remote: Resolving deltas: 100% (6/6), completed with 6 local objects.
To github.com:fromnepal/fromnepal.github.io.git
   d08bc9c..88c7291  main -> main
Thursday, August 8, 2024 5:56:26 PM

PS C:\Users\kushal\src\myhtml\fromnepal>
PS C:\Users\kushal\src\myhtml\fromnepal> cd "\\TP-Share\G\shared\jellyfin\shows\downloaded"; date; pwd; date; yt-dlp.exe --verbose --write-sub --sub-lang en --restrict-filenames --add-metadata -f "bestvideo[ext=mp4]+bestaudio[ext=m4a]/mp4" -i "https://youtu.be/RBVnuAJm0sE"; date;

Thursday, August 8, 2024 8:27:44 PM

Drive        :
Provider     : Microsoft.PowerShell.Core\FileSystem
ProviderPath : \\TP-Share\G\shared\jellyfin\shows\downloaded
Path         : Microsoft.PowerShell.Core\FileSystem::\\TP-Share\G\shared\jellyfin\shows\downloaded

Thursday, August 8, 2024 8:27:44 PM
[debug] Command-line config: ['--verbose', '--write-sub', '--sub-lang', 'en', '--restrict-filenames', '--add-metadata', '-f', 'bestvideo[ext=mp4]+bestaudio[ext=m4a]/mp4', '-i', 'https://youtu.be/RBVnuAJm0sE']
[debug] Portable config "C:\Users\kushal\scoop\apps\yt-dlp\current\yt-dlp.conf": []
[debug] Encodings: locale cp1252, fs utf-8, pref cp1252, out utf-8, error utf-8, screen utf-8
[debug] yt-dlp version stable@2024.08.06 from yt-dlp/yt-dlp [4d9231208] (win_exe)
[debug] Python 3.8.10 (CPython AMD64 64bit) - Windows-10-10.0.22631-SP0 (OpenSSL 1.1.1k  25 Mar 2021)
[debug] exe versions: ffmpeg 7.0.2-full_build-www.gyan.dev (setts), ffprobe 7.0.2-full_build-www.gyan.dev
[debug] Optional libraries: Cryptodome-3.20.0, brotli-1.1.0, certifi-2024.07.04, curl_cffi-0.5.10, mutagen-1.47.0, requests-2.32.3, sqlite3-3.35.5, urllib3-2.2.2, websockets-12.0
[debug] Proxy map: {}
[debug] Request Handlers: urllib, requests, websockets, curl_cffi
[debug] Loaded 1830 extractors
[youtube] Extracting URL: https://youtu.be/RBVnuAJm0sE
[youtube] RBVnuAJm0sE: Downloading webpage
[youtube] RBVnuAJm0sE: Downloading ios player API JSON
[youtube] RBVnuAJm0sE: Downloading web creator player API JSON
[debug] [youtube] Extracting signature function js_28fd7348_105
[youtube] RBVnuAJm0sE: Downloading player 28fd7348
[debug] Saving youtube-sigfuncs.js_28fd7348_105 to cache
[debug] Loading youtube-nsig.28fd7348 from cache
[debug] [youtube] Decrypted nsig AljT30_rG0N1YJ3d6 => 67CNHNE4fPgkFQ
[debug] Loading youtube-nsig.28fd7348 from cache
[debug] [youtube] Decrypted nsig VHTrqQB2JAIaIr0_R => dOa8vnHzsnP1UA
[youtube] RBVnuAJm0sE: Downloading m3u8 information
[debug] Sort order given by extractor: quality, res, fps, hdr:12, source, vcodec:vp9.2, channels, acodec, lang, proto
[debug] Formats sorted by: hasvid, ie_pref, quality, res, fps, hdr:12(7), source, vcodec:vp9.2(10), channels, acodec, lang, proto, size, br, asr, vext, aext, hasaud, id
[info] Testing format 616
[hlsnative] Downloading m3u8 manifest
[hlsnative] Total fragments: 11
[download] Destination: \\TP-Share\G\shared\jellyfin\shows\downloaded\tmpa8n236zj.tmp
[debug] File locking is not supported. Proceeding without locking
[download] 100% of    712.00B in 00:00:00 at 1.11KiB/s
[info] RBVnuAJm0sE: Downloading 1 format(s): 616+140
[info] There are no subtitles for the requested languages
[debug] Invoking hlsnative downloader on "https://manifest.googlevideo.com/api/manifest/hls_playlist/expire/1723184871/ei/h2K1ZpfDF9upkucPmbPMuAI/ip/70.104.195.206/id/441567b80266d2c1/itag/616/source/youtube/requiressl/yes/ratebypass/yes/pfa/1/wft/1/sgovp/clen%3D22583470%3Bdur%3D58.900%3Bgir%3Dyes%3Bitag%3D356%3Blmt%3D1723150988663854/rqh/1/hls_chunk_host/rr7---sn-8xgp1vo-gpje.googlevideo.com/xpc/EgVo2aDSNQ%3D%3D/mh/de/mm/31,29/mn/sn-8xgp1vo-gpje,sn-8xgp1vo-p5qe7/ms/au,rdu/mv/m/mvi/7/pl/20/initcwndbps/1132500/vprv/1/playlist_type/DVR/dover/13/txp/543C434/mt/1723162872/fvip/3/short_key/1/keepalive/yes/sparams/expire,ei,ip,id,itag,source,requiressl,ratebypass,pfa,wft,sgovp,rqh,xpc,vprv,playlist_type/sig/AJfQdSswRAIgT0Y6HXkh7EioOoz2iffrb2n_LMBIIlP5Spi711e0l74CIFSvNADMAKkObC40LlvhqDi6pMkuhzY7dwbwaIySG7VW/lsparams/hls_chunk_host,mh,mm,mn,ms,mv,mvi,pl,initcwndbps/lsig/AGtxev0wRQIhANt3PVq0Bwj4rv2oP6GWc5brE-REYoPZOpTrt1WB0jFfAiAaIOM-2Ux5XaE2pvcjnSB6rKyTVPmv4mL6OV-MA-ZaHg%3D%3D/playlist/index.m3u8"
[hlsnative] Downloading m3u8 manifest
[hlsnative] Total fragments: 11
[download] Destination: The_Right_Of_Freedom_Incompetent_Cop_Doesn_t_Know_Any_Of_Our_Constitutional_Amendment_s-[RBVnuAJm0sE].f616.mp4
[download] 100% of   21.55MiB in 00:00:13 at 1.55MiB/s
[debug] Invoking http downloader on "https://rr7---sn-8xgp1vo-gpje.googlevideo.com/videoplayback?expire=1723184871&ei=h2K1ZpfDF9upkucPmbPMuAI&ip=70.104.195.206&id=o-AN3sDsb2zQ_1yL7Fyw1G2WMLMFKa-yB-7GSwhYQTjQWw&itag=140&source=youtube&requiressl=yes&xpc=EgVo2aDSNQ%3D%3D&mh=de&mm=31%2C29&mn=sn-8xgp1vo-gpje%2Csn-8xgp1vo-p5qe7&ms=au%2Crdu&mv=m&mvi=7&pl=20&initcwndbps=1132500&vprv=1&svpuc=1&mime=audio%2Fmp4&rqh=1&gir=yes&clen=955374&dur=58.955&lmt=1723148494131996&mt=1723162872&fvip=3&keepalive=yes&c=IOS&txp=5432434&sparams=expire%2Cei%2Cip%2Cid%2Citag%2Csource%2Crequiressl%2Cxpc%2Cvprv%2Csvpuc%2Cmime%2Crqh%2Cgir%2Cclen%2Cdur%2Clmt&sig=AJfQdSswRgIhAPtLK6wY4BR20gsBt3sQI8ajheYeLA3P175p3guCq7gvAiEAtbBdr6U_1D4mARJ8qX96nixH0tbi6S5Fk-Qt26i7bT8%3D&lsparams=mh%2Cmm%2Cmn%2Cms%2Cmv%2Cmvi%2Cpl%2Cinitcwndbps&lsig=AGtxev0wRgIhANpj3v1heabWUwSTH7tjK7-AwAiDuiWpSBR9Vj-sCU_2AiEA_auQ7I0zFslGzKTcOJuJSe3W0tGCtaLdECxcJnfdYVg%3D"
[download] Destination: The_Right_Of_Freedom_Incompetent_Cop_Doesn_t_Know_Any_Of_Our_Constitutional_Amendment_s-[RBVnuAJm0sE].f140.m4a
[download] 100% of  932.98KiB in 00:00:00 at 1.79MiB/s
[Merger] Merging formats into "The_Right_Of_Freedom_Incompetent_Cop_Doesn_t_Know_Any_Of_Our_Constitutional_Amendment_s-[RBVnuAJm0sE].mp4"
[debug] ffmpeg command line: ffmpeg -y -loglevel repeat+info -i "file:The_Right_Of_Freedom_Incompetent_Cop_Doesn_t_Know_Any_Of_Our_Constitutional_Amendment_s-[RBVnuAJm0sE].f616.mp4" -i "file:The_Right_Of_Freedom_Incompetent_Cop_Doesn_t_Know_Any_Of_Our_Constitutional_Amendment_s-[RBVnuAJm0sE].f140.m4a" -c copy -map 0:v:0 -map 1:a:0 -movflags +faststart "file:The_Right_Of_Freedom_Incompetent_Cop_Doesn_t_Know_Any_Of_Our_Constitutional_Amendment_s-[RBVnuAJm0sE].temp.mp4"
Deleting original file The_Right_Of_Freedom_Incompetent_Cop_Doesn_t_Know_Any_Of_Our_Constitutional_Amendment_s-[RBVnuAJm0sE].f616.mp4 (pass -k to keep)
Deleting original file The_Right_Of_Freedom_Incompetent_Cop_Doesn_t_Know_Any_Of_Our_Constitutional_Amendment_s-[RBVnuAJm0sE].f140.m4a (pass -k to keep)
[Metadata] Adding metadata to "The_Right_Of_Freedom_Incompetent_Cop_Doesn_t_Know_Any_Of_Our_Constitutional_Amendment_s-[RBVnuAJm0sE].mp4"
[debug] ffmpeg command line: ffmpeg -y -loglevel repeat+info -i "file:The_Right_Of_Freedom_Incompetent_Cop_Doesn_t_Know_Any_Of_Our_Constitutional_Amendment_s-[RBVnuAJm0sE].mp4" -map 0 -dn -ignore_unknown -c copy -write_id3v1 1 -metadata "title=\"The Right Of Freedom\" Incompetent Cop Doesn't Know Any Of Our Constitutional Amendment's🤦‍♂️🤡😒" -metadata "date=20240808" -metadata "description=\"The Right Of Freedom\" Incompetent Cop Doesn't Know Any Of Our Constitutional Amendment's🤦‍♂️🤡😒

Today's video is out of Arkansas where apparently leadership has no clue what our Constitution is. It is just unbelievable to me that out of all of the police out here, a Lieutenant is the most uneducated person on the force. These guys are supposed to be the leaders of the sergeants and lesser ranked police officers. Another good reason for us to make sure we our educated on our rights because even the folks thatare paid to protect and serve us based upon our constitutional rights can't even recite them.

As always folks educate yourself and your family about your Constitutional Rights and the various laws of your State(s).  I hope you all have a Wonderful day and stay Safe!!  NA$TY Out!!

Notice: This video may contain copyrighted material, the use of which has not been specifically authorized by the copyright owner. We are making such material available for the purposes of criticism, comment,review, and news reporting, which constitute the fair use of any such copyrighted material as provided for in Section 107 of the US Copyright Law. Notwithstanding the provisions of Sections 106 and 106A, the fair use of a copyrighted work for purposes such as criticism, comment, review, and news reporting is not an infringement of copyright." -metadata "synopsis=\"The Right Of Freedom\" Incompetent Cop Doesn't Know Any Of Our Constitutional Amendment's🤦‍♂️🤡😒

Today's video is out of Arkansas where apparently leadership has no clue what our Constitution is. It is just unbelievable to me that out of all of the police out here, a Lieutenant is the most uneducated person on the force. These guys are supposed to be the leaders of the sergeants and lesser ranked police officers. Another good reason for us to make sure we our educated on our rights because even the folks thatare paid to protect and serve us based upon our constitutional rights can't even recite them.

As always folks educate yourself and your family about your Constitutional Rights and the various laws of your State(s).  I hope you all have a Wonderful day and stay Safe!!  NA$TY Out!!

Notice: This video may contain copyrighted material, the use of which has not been specifically authorized by the copyright owner. We are making such material available for the purposes of criticism, comment,review, and news reporting, which constitute the fair use of any such copyrighted material as provided for in Section 107 of the US Copyright Law. Notwithstanding the provisions of Sections 106 and 106A, the fair use of a copyrighted work for purposes such as criticism, comment, review, and news reporting is not an infringement of copyright." -metadata "purl=https://www.youtube.com/watch?v=RBVnuAJm0sE" -metadata "comment=https://www.youtube.com/watch?v=RBVnuAJm0sE" -metadata "artist=BNasty" -movflags +faststart "file:The_Right_Of_Freedom_Incompetent_Cop_Doesn_t_Know_Any_Of_Our_Constitutional_Amendment_s-[RBVnuAJm0sE].temp.mp4"
Thursday, August 8, 2024 8:28:16 PM

PS Microsoft.PowerShell.Core\FileSystem::\\TP-Share\G\shared\jellyfin\shows\downloaded> cd "C:\Users\kushal\src\mylogging\"; date; git add .; date; git commit --message "add all files" --message "from the terminal"; date; cd "C:\Users\kushal\src\myhtml\fromnepal"; date; yarn; date; yarn run build; date; git add .; date; git commit --message "build application" --message "from the terminal"; date; git pull --rebaseorigin main; date; git push origin main; date;

Friday, August 9, 2024 6:15:37 AM
Friday, August 9, 2024 6:15:37 AM
[main 57f851fd] add all files
 1 file changed, 0 insertions(+), 0 deletions(-)
 create mode 100644 src/resume/pratikchhya-shrestha-six-sigma-white-belt.pdf
Friday, August 9, 2024 6:15:37 AM
Friday, August 9, 2024 6:15:37 AM
yarn install v1.22.21
[1/4] Resolving packages...
success Already up-to-date.
Done in 0.08s.
Friday, August 9, 2024 6:15:38 AM
yarn run v1.22.21
$ tsc && vite build
vite v5.2.13 building for production...
✓ 5 modules transformed.
docs/index.html                 0.53 kB │ gzip: 0.32 kB
docs/assets/index-DYhv0y2B.css  4.60 kB │ gzip: 1.63 kB
docs/assets/index-BUJcqj8w.js   4.81 kB │ gzip: 2.11 kB
✓ built in 176ms
Done in 2.62s.
Friday, August 9, 2024 6:15:41 AM
warning: in the working copy of 'docs/assets/index-BUJcqj8w.js', LF will be replaced by CRLF the next time Git touches it
warning: in the working copy of 'docs/assets/index-DYhv0y2B.css', LF will be replaced by CRLF the next time Git touches it
warning: in the working copy of 'docs/index.html', LF will be replaced by CRLF the next time Git touches it
Friday, August 9, 2024 6:15:41 AM
On branch main
Your branch is up to date with 'origin/main'.

nothing to commit, working tree clean
Friday, August 9, 2024 6:15:41 AM
From github.com:fromnepal/fromnepal.github.io
 * branch            main       -> FETCH_HEAD
Already up to date.
Friday, August 9, 2024 6:15:43 AM
Everything up-to-date
Friday, August 9, 2024 6:15:43 AM

PS C:\Users\kushal\src\myhtml\fromnepal> cd "\\TP-Share\G\shared\jellyfin\shows\downloaded"; date; pwd; date; yt-dlp.exe --verbose --write-sub --sub-lang en --restrict-filenames --add-metadata -f "bestvideo[ext=mp4]+bestaudio[ext=m4a]/mp4" -i "https://youtu.be/RBVnuAJm0sE"; date;


Friday, August 9, 2024 9:55:46 AM

Drive        :
Provider     : Microsoft.PowerShell.Core\FileSystem
ProviderPath : \\TP-Share\G\shared\jellyfin\shows\downloaded
Path         : Microsoft.PowerShell.Core\FileSystem::\\TP-Share\G\shared\jellyfin\shows\downloaded

Friday, August 9, 2024 9:55:46 AM
[debug] Command-line config: ['--verbose', '--write-sub', '--sub-lang', 'en', '--restrict-filenames', '--add-metadata', '-f', 'bestvideo[ext=mp4]+bestaudio[ext=m4a]/mp4', '-i', 'https://youtu.be/RBVnuAJm0sE']
[debug] Portable config "C:\Users\kushal\scoop\apps\yt-dlp\current\yt-dlp.conf": []
[debug] Encodings: locale cp1252, fs utf-8, pref cp1252, out utf-8, error utf-8, screen utf-8
[debug] yt-dlp version stable@2024.08.06 from yt-dlp/yt-dlp [4d9231208] (win_exe)
[debug] Python 3.8.10 (CPython AMD64 64bit) - Windows-10-10.0.22631-SP0 (OpenSSL 1.1.1k  25 Mar 2021)
[debug] exe versions: ffmpeg 7.0.2-full_build-www.gyan.dev (setts), ffprobe 7.0.2-full_build-www.gyan.dev
[debug] Optional libraries: Cryptodome-3.20.0, brotli-1.1.0, certifi-2024.07.04, curl_cffi-0.5.10, mutagen-1.47.0, requests-2.32.3, sqlite3-3.35.5, urllib3-2.2.2, websockets-12.0
[debug] Proxy map: {}
[debug] Request Handlers: urllib, requests, websockets, curl_cffi
[debug] Loaded 1830 extractors
[youtube] Extracting URL: https://youtu.be/RBVnuAJm0sE
[youtube] RBVnuAJm0sE: Downloading webpage
[youtube] RBVnuAJm0sE: Downloading ios player API JSON
[youtube] RBVnuAJm0sE: Downloading web creator player API JSON
[debug] [youtube] Extracting signature function js_28fd7348_105
[debug] Loading youtube-sigfuncs.js_28fd7348_105 from cache
[debug] Loading youtube-nsig.28fd7348 from cache
[debug] [youtube] Decrypted nsig jKriS_pTXFu_RZl8n => Qk1AGbYW5XQV3g
[debug] Loading youtube-nsig.28fd7348 from cache
[debug] [youtube] Decrypted nsig ilyM3rzxpvKtp1-95 => ExvN6lvWK28W7g
[debug] [youtube] Extracting signature function js_28fd7348_101
[youtube] RBVnuAJm0sE: Downloading player 28fd7348
[debug] Saving youtube-sigfuncs.js_28fd7348_101 to cache
[youtube] RBVnuAJm0sE: Downloading m3u8 information
[debug] Sort order given by extractor: quality, res, fps, hdr:12, source, vcodec:vp9.2, channels, acodec, lang, proto
[debug] Formats sorted by: hasvid, ie_pref, quality, res, fps, hdr:12(7), source, vcodec:vp9.2(10), channels, acodec, lang, proto, size, br, asr, vext, aext, hasaud, id
[info] Testing format 616
[hlsnative] Downloading m3u8 manifest
[hlsnative] Total fragments: 11
[download] Destination: \\TP-Share\G\shared\jellyfin\shows\downloaded\tmpnq2z650g.tmp
[debug] File locking is not supported. Proceeding without locking
[download] 100% of    712.00B in 00:00:00 at 1.96KiB/s
[info] RBVnuAJm0sE: Downloading 1 format(s): 616+140
[info] There are no subtitles for the requested languages
[download] The_Right_Of_Freedom_Incompetent_Cop_Doesn_t_Know_Any_Of_Our_Constitutional_Amendment_s-[RBVnuAJm0sE].mp4 has already been downloaded
[Metadata] Adding metadata to "The_Right_Of_Freedom_Incompetent_Cop_Doesn_t_Know_Any_Of_Our_Constitutional_Amendment_s-[RBVnuAJm0sE].mp4"
[debug] ffmpeg command line: ffmpeg -y -loglevel repeat+info -i "file:The_Right_Of_Freedom_Incompetent_Cop_Doesn_t_Know_Any_Of_Our_Constitutional_Amendment_s-[RBVnuAJm0sE].mp4" -map 0 -dn -ignore_unknown -c copy -write_id3v1 1 -metadata "title=\"The Right Of Freedom\" Incompetent Cop Doesn't Know Any Of Our Constitutional Amendment's🤦‍♂️🤡😒" -metadata "date=20240808" -metadata "description=\"The Right Of Freedom\" Incompetent Cop Doesn't Know Any Of Our Constitutional Amendment's🤦‍♂️🤡😒

Today's video is out of Arkansas where apparently leadership has no clue what our Constitution is. It is just unbelievable to me that out of all of the police out here, a Lieutenant is the most uneducated person on the force. These guys are supposed to be the leaders of the sergeants and lesser ranked police officers. Another good reason for us to make sure we our educated on our rights because even the folks thatare paid to protect and serve us based upon our constitutional rights can't even recite them.

As always folks educate yourself and your family about your Constitutional Rights and the various laws of your State(s).  I hope you all have a Wonderful day and stay Safe!!  NA$TY Out!!

Notice: This video may contain copyrighted material, the use of which has not been specifically authorized by the copyright owner. We are making such material available for the purposes of criticism, comment,review, and news reporting, which constitute the fair use of any such copyrighted material as provided for in Section 107 of the US Copyright Law. Notwithstanding the provisions of Sections 106 and 106A, the fair use of a copyrighted work for purposes such as criticism, comment, review, and news reporting is not an infringement of copyright." -metadata "synopsis=\"The Right Of Freedom\" Incompetent Cop Doesn't Know Any Of Our Constitutional Amendment's🤦‍♂️🤡😒

Today's video is out of Arkansas where apparently leadership has no clue what our Constitution is. It is just unbelievable to me that out of all of the police out here, a Lieutenant is the most uneducated person on the force. These guys are supposed to be the leaders of the sergeants and lesser ranked police officers. Another good reason for us to make sure we our educated on our rights because even the folks thatare paid to protect and serve us based upon our constitutional rights can't even recite them.

As always folks educate yourself and your family about your Constitutional Rights and the various laws of your State(s).  I hope you all have a Wonderful day and stay Safe!!  NA$TY Out!!

Notice: This video may contain copyrighted material, the use of which has not been specifically authorized by the copyright owner. We are making such material available for the purposes of criticism, comment,review, and news reporting, which constitute the fair use of any such copyrighted material as provided for in Section 107 of the US Copyright Law. Notwithstanding the provisions of Sections 106 and 106A, the fair use of a copyrighted work for purposes such as criticism, comment, review, and news reporting is not an infringement of copyright." -metadata "purl=https://www.youtube.com/watch?v=RBVnuAJm0sE" -metadata "comment=https://www.youtube.com/watch?v=RBVnuAJm0sE" -metadata "artist=BNasty" -movflags +faststart "file:The_Right_Of_Freedom_Incompetent_Cop_Doesn_t_Know_Any_Of_Our_Constitutional_Amendment_s-[RBVnuAJm0sE].temp.mp4"
Friday, August 9, 2024 9:55:58 AM

PS Microsoft.PowerShell.Core\FileSystem::\\TP-Share\G\shared\jellyfin\shows\downloaded>
PS Microsoft.PowerShell.Core\FileSystem::\\TP-Share\G\shared\jellyfin\shows\downloaded>
PS Microsoft.PowerShell.Core\FileSystem::\\TP-Share\G\shared\jellyfin\shows\downloaded>
PS Microsoft.PowerShell.Core\FileSystem::\\TP-Share\G\shared\jellyfin\shows\downloaded> cd "\\TP-Share\G\shared\jellyfin\shows\downloaded"; date; pwd; date; yt-dlp.exe --verbose --write-sub --sub-lang en --restrict-filenames --add-metadata -f "bestvideo[ext=mp4]+bestaudio[ext=m4a]/mp4" -i "https://youtu.be/JCxZnJW-bb8"; date;

Friday, August 9, 2024 9:56:07 AM

Drive        :
Provider     : Microsoft.PowerShell.Core\FileSystem
ProviderPath : \\TP-Share\G\shared\jellyfin\shows\downloaded
Path         : Microsoft.PowerShell.Core\FileSystem::\\TP-Share\G\shared\jellyfin\shows\downloaded

Friday, August 9, 2024 9:56:07 AM
[debug] Command-line config: ['--verbose', '--write-sub', '--sub-lang', 'en', '--restrict-filenames', '--add-metadata', '-f', 'bestvideo[ext=mp4]+bestaudio[ext=m4a]/mp4', '-i', 'https://youtu.be/JCxZnJW-bb8']
[debug] Portable config "C:\Users\kushal\scoop\apps\yt-dlp\current\yt-dlp.conf": []
[debug] Encodings: locale cp1252, fs utf-8, pref cp1252, out utf-8, error utf-8, screen utf-8
[debug] yt-dlp version stable@2024.08.06 from yt-dlp/yt-dlp [4d9231208] (win_exe)
[debug] Python 3.8.10 (CPython AMD64 64bit) - Windows-10-10.0.22631-SP0 (OpenSSL 1.1.1k  25 Mar 2021)
[debug] exe versions: ffmpeg 7.0.2-full_build-www.gyan.dev (setts), ffprobe 7.0.2-full_build-www.gyan.dev
[debug] Optional libraries: Cryptodome-3.20.0, brotli-1.1.0, certifi-2024.07.04, curl_cffi-0.5.10, mutagen-1.47.0, requests-2.32.3, sqlite3-3.35.5, urllib3-2.2.2, websockets-12.0
[debug] Proxy map: {}
[debug] Request Handlers: urllib, requests, websockets, curl_cffi
[debug] Loaded 1830 extractors
[youtube] Extracting URL: https://youtu.be/JCxZnJW-bb8
[youtube] JCxZnJW-bb8: Downloading webpage
[youtube] JCxZnJW-bb8: Downloading ios player API JSON
[youtube] JCxZnJW-bb8: Downloading web creator player API JSON
[debug] [youtube] Extracting signature function js_28fd7348_105
[debug] Loading youtube-sigfuncs.js_28fd7348_105 from cache
[debug] Loading youtube-nsig.28fd7348 from cache
[debug] [youtube] Decrypted nsig -4vErtlN3AIgwU_07 => Asn987OIr_9KcA
[debug] Loading youtube-nsig.28fd7348 from cache
[debug] [youtube] Decrypted nsig hGH9AhbmISNTQzohy => RsUiYZbQAbWFLQ
[youtube] JCxZnJW-bb8: Downloading m3u8 information
[info] JCxZnJW-bb8: Downloading subtitles: en
[debug] Sort order given by extractor: quality, res, fps, hdr:12, source, vcodec:vp9.2, channels, acodec, lang, proto
[debug] Formats sorted by: hasvid, ie_pref, quality, res, fps, hdr:12(7), source, vcodec:vp9.2(10), channels, acodec, lang, proto, size, br, asr, vext, aext, hasaud, id
[info] Testing format 616
[hlsnative] Downloading m3u8 manifest
[hlsnative] Total fragments: 309
[download] Destination: \\TP-Share\G\shared\jellyfin\shows\downloaded\tmphs6cko4n.tmp
[debug] File locking is not supported. Proceeding without locking
[download] 100% of    712.00B in 00:00:00 at 2.31KiB/s
[info] JCxZnJW-bb8: Downloading 1 format(s): 616+140
[info] Writing video subtitles to: 2WICE_2_2WICE_s_DATE_Season_3_ep._JITZU-[JCxZnJW-bb8].en.vtt
[debug] Invoking http downloader on "https://www.youtube.com/api/timedtext?v=JCxZnJW-bb8&ei=-R-2ZvfgH82KkucPqKbYCQ&caps=asr&opi=112496729&exp=xbt&xoaf=5&hl=en&ip=0.0.0.0&ipbits=0&expire=1723236969&sparams=ip%2Cipbits%2Cexpire%2Cv%2Cei%2Ccaps%2Copi%2Cexp%2Cxoaf&signature=445AF3924F28E8AA1D5B8028CA31269645CD7CFE.B3FC62DB16CD7D9025896A7235C7A8CBF9AFEB9F&key=yt8&lang=en&fmt=vtt"
[download] Destination: 2WICE_2_2WICE_s_DATE_Season_3_ep._JITZU-[JCxZnJW-bb8].en.vtt
[download] 100% of   45.23KiB in 00:00:00 at 260.57KiB/s
[debug] Invoking hlsnative downloader on "https://manifest.googlevideo.com/api/manifest/hls_playlist/expire/1723233369/ei/-R-2ZsqSGayDkucPiYGB4A0/ip/70.104.195.206/id/242c599c95be6dbf/itag/616/source/youtube/requiressl/yes/ratebypass/yes/pfa/1/wft/1/sgovp/clen%3D245142693%3Bdur%3D1548.213%3Bgir%3Dyes%3Bitag%3D356%3Blmt%3D1723203107738208/rqh/1/hls_chunk_host/rr3---sn-8xgp1vo-gpjl.googlevideo.com/xpc/EgVo2aDSNQ%3D%3D/mh/-h/mm/31,29/mn/sn-8xgp1vo-gpjl,sn-8xgp1vo-p5ql/ms/au,rdu/mv/m/mvi/3/pl/20/initcwndbps/1160000/vprv/1/playlist_type/DVR/dover/13/txp/4432434/mt/1723211349/fvip/4/short_key/1/keepalive/yes/sparams/expire,ei,ip,id,itag,source,requiressl,ratebypass,pfa,wft,sgovp,rqh,xpc,vprv,playlist_type/sig/AJfQdSswRAIgGgLTyw-H1Fikn3CyDrciSWgZ6q07Zxul-KkuJ_1hnSUCIFifATD8hlNL0d576b-R3cVQwX8cyWH2ktgEeoooQXEe/lsparams/hls_chunk_host,mh,mm,mn,ms,mv,mvi,pl,initcwndbps/lsig/AGtxev0wRQIhALgIOIuNVG9RR7pgYtVSfdf87CJYz3V8KtOl5_vz8y3OAiATrVhwQojiDLkoqJRgvzmTvpSGB0yojAhcDddyR1Nfmw%3D%3D/playlist/index.m3u8"
[hlsnative] Downloading m3u8 manifest
[hlsnative] Total fragments: 309
[download] Destination: 2WICE_2_2WICE_s_DATE_Season_3_ep._JITZU-[JCxZnJW-bb8].f616.mp4
[download] 100% of  234.02MiB in 00:02:04 at 1.89MiB/s
[debug] Invoking http downloader on "https://rr3---sn-8xgp1vo-gpjl.googlevideo.com/videoplayback?expire=1723233369&ei=-R-2ZsqSGayDkucPiYGB4A0&ip=70.104.195.206&id=o-AK5Q1-Ae0CpAiwKdNVPZFbiNVpDRqtEiqvg1yESp8O_6&itag=140&source=youtube&requiressl=yes&xpc=EgVo2aDSNQ%3D%3D&mh=-h&mm=31%2C29&mn=sn-8xgp1vo-gpjl%2Csn-8xgp1vo-p5ql&ms=au%2Crdu&mv=m&mvi=3&pl=20&initcwndbps=1160000&vprv=1&svpuc=1&mime=audio%2Fmp4&rqh=1&gir=yes&clen=25057725&dur=1548.260&lmt=1723196184017536&mt=1723211349&fvip=4&keepalive=yes&c=IOS&txp=4432434&sparams=expire%2Cei%2Cip%2Cid%2Citag%2Csource%2Crequiressl%2Cxpc%2Cvprv%2Csvpuc%2Cmime%2Crqh%2Cgir%2Cclen%2Cdur%2Clmt&sig=AJfQdSswRQIhAIaog9kFjDtbu5TxjqPTLj1kYnJzgXyZ0TRR6Un0ho9UAiAFeXtENjfdmrKiZ1Ef1eEGEXsx5ljBmRbUFoIeP5J-Pw%3D%3D&lsparams=mh%2Cmm%2Cmn%2Cms%2Cmv%2Cmvi%2Cpl%2Cinitcwndbps&lsig=AGtxev0wRQIgYgUy9Y5ctnVsD_fSYtKVtQCgMKfsOH2iOpNrQhSVk3YCIQDCvdsKPCI5UXJ-K4jXDmXLUmrAQMIlwjp9zavT_9vhMQ%3D%3D"
[download] Destination: 2WICE_2_2WICE_s_DATE_Season_3_ep._JITZU-[JCxZnJW-bb8].f140.m4a
[download] 100% of   23.90MiB in 00:00:01 at 13.41MiB/s
[Merger] Merging formats into "2WICE_2_2WICE_s_DATE_Season_3_ep._JITZU-[JCxZnJW-bb8].mp4"
[debug] ffmpeg command line: ffmpeg -y -loglevel repeat+info -i "file:2WICE_2_2WICE_s_DATE_Season_3_ep._JITZU-[JCxZnJW-bb8].f616.mp4" -i "file:2WICE_2_2WICE_s_DATE_Season_3_ep._JITZU-[JCxZnJW-bb8].f140.m4a" -c copy -map 0:v:0 -map 1:a:0 -movflags +faststart "file:2WICE_2_2WICE_s_DATE_Season_3_ep._JITZU-[JCxZnJW-bb8].temp.mp4"
Deleting original file 2WICE_2_2WICE_s_DATE_Season_3_ep._JITZU-[JCxZnJW-bb8].f616.mp4 (pass -k to keep)
Deleting original file 2WICE_2_2WICE_s_DATE_Season_3_ep._JITZU-[JCxZnJW-bb8].f140.m4a (pass -k to keep)
[Metadata] Adding metadata to "2WICE_2_2WICE_s_DATE_Season_3_ep._JITZU-[JCxZnJW-bb8].mp4"
[debug] ffmpeg command line: ffmpeg -y -loglevel repeat+info -i "file:2WICE_2_2WICE_s_DATE_Season_3_ep._JITZU-[JCxZnJW-bb8].mp4" -map 0 -dn -ignore_unknown -c copy -write_id3v1 1 -metadata "title=2WICE의 데이2 (2WICE's DATE) Season 3 ep.지쯔 (JITZU)" -metadata "date=20240809" -metadata "description=2WICE의 데이2 (2WICE's DATE) Season 3 ep.지쯔 (JITZU)

TZUYU THE 1st MINI ALBUM “abouTZU”

[abouTZU] Pre-Save & Pre-Order
https://TZUYU.lnk.to/abouTZU

TWICE Official Shop: https://TWICE.lnk.to/Shop
TWICE Official YouTube: http://www.youtube.com/c/TWICE
TWICE Official Facebook: http://www.facebook.com/JYPETWICE
TWICE Official X(Twitter): http://www.twitter.com/JYPETWICE
TWICE Official TikTok : https://www.tiktok.com/@twice_tiktok_official
TWICE Official Instagram: http://www.instagram.com/TWICETAGRAM
TWICE Official Homepage: http://TWICE.jype.com
TWICE Official FANS: https://jypfans.onelink.me/UuBp/1u3banhi

ⓒ 2024 JYP Entertainment. All Rights Reserved

#TWICE #TZUYU #abouTZU" -metadata "synopsis=2WICE의 데이2 (2WICE's DATE) Season 3 ep.지쯔 (JITZU)

TZUYU THE 1st MINI ALBUM “abouTZU”

[abouTZU] Pre-Save & Pre-Order
https://TZUYU.lnk.to/abouTZU

TWICE Official Shop: https://TWICE.lnk.to/Shop
TWICE Official YouTube: http://www.youtube.com/c/TWICE
TWICE Official Facebook: http://www.facebook.com/JYPETWICE
TWICE Official X(Twitter): http://www.twitter.com/JYPETWICE
TWICE Official TikTok : https://www.tiktok.com/@twice_tiktok_official
TWICE Official Instagram: http://www.instagram.com/TWICETAGRAM
TWICE Official Homepage: http://TWICE.jype.com
TWICE Official FANS: https://jypfans.onelink.me/UuBp/1u3banhi

ⓒ 2024 JYP Entertainment. All Rights Reserved

#TWICE #TZUYU #abouTZU" -metadata "purl=https://www.youtube.com/watch?v=JCxZnJW-bb8" -metadata "comment=https://www.youtube.com/watch?v=JCxZnJW-bb8" -metadata "artist=TWICE" -metadata:s:1 "language=kor" -movflags +faststart "file:2WICE_2_2WICE_s_DATE_Season_3_ep._JITZU-[JCxZnJW-bb8].temp.mp4"
Friday, August 9, 2024 10:00:00 AM

PS Microsoft.PowerShell.Core\FileSystem::\\TP-Share\G\shared\jellyfin\shows\downloaded>
PS Microsoft.PowerShell.Core\FileSystem::\\TP-Share\G\shared\jellyfin\shows\downloaded> cd "\\TP-Share\G\shared\jellyfin\shows\downloaded"; date; pwd; date; yt-dlp.exe --verbose --write-sub --sub-lang en --restrict-filenames --add-metadata -f "bestvideo[ext=mp4]+bestaudio[ext=m4a]/mp4" -i "https://youtu.be/Io-6r61E64Q"; date;

Friday, August 9, 2024 1:16:46 PM

Drive        :
Provider     : Microsoft.PowerShell.Core\FileSystem
ProviderPath : \\TP-Share\G\shared\jellyfin\shows\downloaded
Path         : Microsoft.PowerShell.Core\FileSystem::\\TP-Share\G\shared\jellyfin\shows\downloaded

Friday, August 9, 2024 1:16:46 PM
[debug] Command-line config: ['--verbose', '--write-sub', '--sub-lang', 'en', '--restrict-filenames', '--add-metadata', '-f', 'bestvideo[ext=mp4]+bestaudio[ext=m4a]/mp4', '-i', 'https://youtu.be/Io-6r61E64Q']
[debug] Portable config "C:\Users\kushal\scoop\apps\yt-dlp\current\yt-dlp.conf": []
[debug] Encodings: locale cp1252, fs utf-8, pref cp1252, out utf-8, error utf-8, screen utf-8
[debug] yt-dlp version stable@2024.08.06 from yt-dlp/yt-dlp [4d9231208] (win_exe)
[debug] Python 3.8.10 (CPython AMD64 64bit) - Windows-10-10.0.22631-SP0 (OpenSSL 1.1.1k  25 Mar 2021)
[debug] exe versions: ffmpeg 7.0.2-full_build-www.gyan.dev (setts), ffprobe 7.0.2-full_build-www.gyan.dev
[debug] Optional libraries: Cryptodome-3.20.0, brotli-1.1.0, certifi-2024.07.04, curl_cffi-0.5.10, mutagen-1.47.0, requests-2.32.3, sqlite3-3.35.5, urllib3-2.2.2, websockets-12.0
[debug] Proxy map: {}
[debug] Request Handlers: urllib, requests, websockets, curl_cffi
[debug] Loaded 1830 extractors
[youtube] Extracting URL: https://youtu.be/Io-6r61E64Q
[youtube] Io-6r61E64Q: Downloading webpage
[youtube] Io-6r61E64Q: Downloading ios player API JSON
[youtube] Io-6r61E64Q: Downloading web creator player API JSON
[debug] Loading youtube-nsig.28fd7348 from cache
[debug] [youtube] Decrypted nsig lT5JpBE1l21FOTbk4 => Nzs7gqsVXBfm-g
[youtube] Io-6r61E64Q: Downloading m3u8 information
[debug] Sort order given by extractor: quality, res, fps, hdr:12, source, vcodec:vp9.2, channels, acodec, lang, proto
[debug] Formats sorted by: hasvid, ie_pref, quality, res, fps, hdr:12(7), source, vcodec:vp9.2(10), channels, acodec, lang, proto, size, br, asr, vext, aext, hasaud, id
[info] Io-6r61E64Q: Downloading 1 format(s): 616+140
[info] There are no subtitles for the requested languages
[debug] Invoking hlsnative downloader on "https://manifest.googlevideo.com/api/manifest/hls_playlist/expire/1723245409/ei/AU-2Zt_YMOCLkucP56740AU/ip/70.104.195.206/id/228fbaafad44eb84/itag/616/source/youtube/requiressl/yes/ratebypass/yes/pfa/1/wft/1/sgovp/clen%3D32683866%3Bdur%3D51.299%3Bgir%3Dyes%3Bitag%3D356%3Blmt%3D1720198716933022/rqh/1/hls_chunk_host/rr2---sn-8xgp1vo-gpjl.googlevideo.com/xpc/EgVo2aDSNQ%3D%3D/mh/h_/mm/31,29/mn/sn-8xgp1vo-gpjl,sn-8xgp1vo-p5qe/ms/au,rdu/mv/m/mvi/2/pl/20/initcwndbps/1155000/vprv/1/playlist_type/DVR/dover/13/txp/453C434/mt/1723223584/fvip/6/short_key/1/keepalive/yes/sparams/expire,ei,ip,id,itag,source,requiressl,ratebypass,pfa,wft,sgovp,rqh,xpc,vprv,playlist_type/sig/AJfQdSswRAIgXOmfhMtxP5ix3B4UEp0lWPx6qsgGqL9a8poYaB7_9NkCIDwTTVE6FxkJ6-GRbQx2qG3xKZnzKJaNutcsGVEfYdxw/lsparams/hls_chunk_host,mh,mm,mn,ms,mv,mvi,pl,initcwndbps/lsig/AGtxev0wRAIgatJjStjQqYvwOXXUWIy_NkT4dy51DEdupzN1r7ipiLkCIFi56gDXbA7FRQx6cAQSsmPu2oYrrTfW2RfoBihgyyDL/playlist/index.m3u8"
[hlsnative] Downloading m3u8 manifest
[hlsnative] Total fragments: 10
[download] Destination: Humans_can_adapt_to_exercise_at_any_age-[Io-6r61E64Q].f616.mp4
[debug] File locking is not supported. Proceeding without locking
[download] 100% of   31.18MiB in 00:00:06 at 4.88MiB/s
[debug] Invoking http downloader on "https://rr2---sn-8xgp1vo-gpjl.googlevideo.com/videoplayback?expire=1723245409&ei=AU-2Zt_YMOCLkucP56740AU&ip=70.104.195.206&id=o-AIie6hAqIAyonhk5GrihpYc5W5PtHMYvz5A99xiOLt4i&itag=140&source=youtube&requiressl=yes&xpc=EgVo2aDSNQ%3D%3D&mh=h_&mm=31%2C29&mn=sn-8xgp1vo-gpjl%2Csn-8xgp1vo-p5qe&ms=au%2Crdu&mv=m&mvi=2&pl=20&initcwndbps=1155000&vprv=1&svpuc=1&mime=audio%2Fmp4&rqh=1&gir=yes&clen=832008&dur=51.362&lmt=1706907517003800&mt=1723223584&fvip=6&keepalive=yes&c=IOS&txp=4532434&sparams=expire%2Cei%2Cip%2Cid%2Citag%2Csource%2Crequiressl%2Cxpc%2Cvprv%2Csvpuc%2Cmime%2Crqh%2Cgir%2Cclen%2Cdur%2Clmt&sig=AJfQdSswRQIhALFC0eJxv8NE8zBWYqXRkR3RTgUVYv1zllrBcYtgOd6AAiAA3_jOsqZFYggR4uPJxyUJ_fpreBcNQCDQDhUiln3-Aw%3D%3D&lsparams=mh%2Cmm%2Cmn%2Cms%2Cmv%2Cmvi%2Cpl%2Cinitcwndbps&lsig=AGtxev0wRAIgNXwQRi_zmTI8FpdkoI49tVlcrzZfGM4iHpGsvIRCJs8CIEyM-ttyiNvtPAFjyLNdinuPPfcDksO8I90Lwpf3uB4x"
[download] Destination: Humans_can_adapt_to_exercise_at_any_age-[Io-6r61E64Q].f140.m4a
[download] 100% of  812.51KiB in 00:00:00 at 2.23MiB/s
[Merger] Merging formats into "Humans_can_adapt_to_exercise_at_any_age-[Io-6r61E64Q].mp4"
[debug] ffmpeg command line: ffmpeg -y -loglevel repeat+info -i "file:Humans_can_adapt_to_exercise_at_any_age-[Io-6r61E64Q].f616.mp4" -i "file:Humans_can_adapt_to_exercise_at_any_age-[Io-6r61E64Q].f140.m4a" -c copy -map 0:v:0 -map 1:a:0 -movflags +faststart "file:Humans_can_adapt_to_exercise_at_any_age-[Io-6r61E64Q].temp.mp4"
Deleting original file Humans_can_adapt_to_exercise_at_any_age-[Io-6r61E64Q].f616.mp4 (pass -k to keep)
Deleting original file Humans_can_adapt_to_exercise_at_any_age-[Io-6r61E64Q].f140.m4a (pass -k to keep)
[Metadata] Adding metadata to "Humans_can_adapt_to_exercise_at_any_age-[Io-6r61E64Q].mp4"
[debug] ffmpeg command line: ffmpeg -y -loglevel repeat+info -i "file:Humans_can_adapt_to_exercise_at_any_age-[Io-6r61E64Q].mp4" -map 0 -dn -ignore_unknown -c copy -write_id3v1 1 -metadata "title=Humans can adapt to exercise at any age" -metadata "date=20240120" -metadata "description=At 93, Richard Morgan is a four-time world champion in indoor rowing, with the aerobic engine of a healthy 30- or 40-year-old and the body-fat percentage of a whippet. He’s also the subject of a new case study, published last month in the Journal of Applied Physiology, that looked at his training, diet and physiology.

Its results suggest that, in many ways, he’s an exemplar of fit, healthy aging — a nonagenarian with the heart, muscles and lungs of someone less than half his age. But in other ways, he’s ordinary: a onetimebaker and battery maker with creaky knees who didn’t take up regular exercise until he was in his 70s and who still trains mostly in his backyard shed.

“This is an interesting case study that sheds light on our understanding of exercise adaptation across the life span,” said Scott Trappe, director of the Human Performance Laboratory at Ball State University in Indiana.

“We are still learning about starting a late-life exercise program,” he added, “but the evidence is pretty clear that the human body maintains the ability to adapt to exercise at any age.”" -metadata "synopsis=At 93, Richard Morgan is a four-time world champion in indoor rowing, with the aerobic engine of a healthy 30- or 40-year-old and the body-fat percentage of a whippet. He’s also the subject of a new case study, published last month in the Journal of Applied Physiology, that looked at his training, diet and physiology.

Its results suggest that, in many ways, he’s an exemplar of fit, healthy aging — a nonagenarian with the heart, muscles and lungs of someone less than half his age. But in other ways, he’s ordinary: a onetimebaker and battery maker with creaky knees who didn’t take up regular exercise until he was in his 70s and who still trains mostly in his backyard shed.

“This is an interesting case study that sheds light on our understanding of exercise adaptation across the life span,” said Scott Trappe, director of the Human Performance Laboratory at Ball State University in Indiana.

“We are still learning about starting a late-life exercise program,” he added, “but the evidence is pretty clear that the human body maintains the ability to adapt to exercise at any age.”" -metadata "purl=https://www.youtube.com/watch?v=Io-6r61E64Q" -metadata "comment=https://www.youtube.com/watch?v=Io-6r61E64Q" -metadata "artist=Washington Post Universe" -metadata:s:1 "language=eng" -movflags +faststart "file:Humans_can_adapt_to_exercise_at_any_age-[Io-6r61E64Q].temp.mp4"
Friday, August 9, 2024 1:17:08 PM

PS Microsoft.PowerShell.Core\FileSystem::\\TP-Share\G\shared\jellyfin\shows\downloaded> cd "\\TP-Share\G\shared\jellyfin\shows\downloaded"; date; pwd; date; yt-dlp.exe --verbose --write-sub --sub-lang en --restrict-filenames --add-metadata -f "bestvideo[ext=mp4]+bestaudio[ext=m4a]/mp4" -i "https://youtu.be/evxfoXzeeek"; date;

Friday, August 9, 2024 1:21:07 PM

Drive        :
Provider     : Microsoft.PowerShell.Core\FileSystem
ProviderPath : \\TP-Share\G\shared\jellyfin\shows\downloaded
Path         : Microsoft.PowerShell.Core\FileSystem::\\TP-Share\G\shared\jellyfin\shows\downloaded

Friday, August 9, 2024 1:21:07 PM
[debug] Command-line config: ['--verbose', '--write-sub', '--sub-lang', 'en', '--restrict-filenames', '--add-metadata', '-f', 'bestvideo[ext=mp4]+bestaudio[ext=m4a]/mp4', '-i', 'https://youtu.be/evxfoXzeeek']
[debug] Portable config "C:\Users\kushal\scoop\apps\yt-dlp\current\yt-dlp.conf": []
[debug] Encodings: locale cp1252, fs utf-8, pref cp1252, out utf-8, error utf-8, screen utf-8
[debug] yt-dlp version stable@2024.08.06 from yt-dlp/yt-dlp [4d9231208] (win_exe)
[debug] Python 3.8.10 (CPython AMD64 64bit) - Windows-10-10.0.22631-SP0 (OpenSSL 1.1.1k  25 Mar 2021)
[debug] exe versions: ffmpeg 7.0.2-full_build-www.gyan.dev (setts), ffprobe 7.0.2-full_build-www.gyan.dev
[debug] Optional libraries: Cryptodome-3.20.0, brotli-1.1.0, certifi-2024.07.04, curl_cffi-0.5.10, mutagen-1.47.0, requests-2.32.3, sqlite3-3.35.5, urllib3-2.2.2, websockets-12.0
[debug] Proxy map: {}
[debug] Request Handlers: urllib, requests, websockets, curl_cffi
[debug] Loaded 1830 extractors
[youtube] Extracting URL: https://youtu.be/evxfoXzeeek
[youtube] evxfoXzeeek: Downloading webpage
[youtube] evxfoXzeeek: Downloading ios player API JSON
[youtube] evxfoXzeeek: Downloading web creator player API JSON
[debug] Loading youtube-nsig.28fd7348 from cache
[debug] [youtube] Decrypted nsig lT_zmJ5YSYx4S284U => 9Xi4oTtAUvdpug
[debug] Loading youtube-nsig.28fd7348 from cache
[debug] [youtube] Decrypted nsig KsU_aG02QkVK7YIlg => ANKUlOG6soYtSg
[youtube] evxfoXzeeek: Downloading m3u8 information
[debug] Sort order given by extractor: quality, res, fps, hdr:12, source, vcodec:vp9.2, channels, acodec, lang, proto
[debug] Formats sorted by: hasvid, ie_pref, quality, res, fps, hdr:12(7), source, vcodec:vp9.2(10), channels, acodec, lang, proto, size, br, asr, vext, aext, hasaud, id
[info] evxfoXzeeek: Downloading 1 format(s): 616+140
[info] There are no subtitles for the requested languages
[debug] Invoking hlsnative downloader on "https://manifest.googlevideo.com/api/manifest/hls_playlist/expire/1723245670/ei/BlC2ZpKvF9WDkucP6o3h-AM/ip/70.104.195.206/id/7afc5fa17cde79e9/itag/616/source/youtube/requiressl/yes/ratebypass/yes/pfa/1/wft/1/sgovp/clen%3D21264477%3Bdur%3D59.766%3Bgir%3Dyes%3Bitag%3D356%3Blmt%3D1722781828300248/rqh/1/hls_chunk_host/rr3---sn-8xgp1vo-gpje.googlevideo.com/xpc/EgVo2aDSNQ%3D%3D/mh/OM/mm/31,29/mn/sn-8xgp1vo-gpje,sn-8xgp1vo-p5ql/ms/au,rdu/mv/m/mvi/3/pl/20/initcwndbps/1095000/vprv/1/playlist_type/DVR/dover/13/txp/553C434/mt/1723223584/fvip/7/short_key/1/keepalive/yes/sparams/expire,ei,ip,id,itag,source,requiressl,ratebypass,pfa,wft,sgovp,rqh,xpc,vprv,playlist_type/sig/AJfQdSswRQIhAKuvIgCYSKTbmsCUnNk3dw2EFSsY1WQrdk-zTfms_D4qAiB9yfYuMoaLzwcSM7kBPHIdi92BM4MI98aLOnd8Bdoauw%3D%3D/lsparams/hls_chunk_host,mh,mm,mn,ms,mv,mvi,pl,initcwndbps/lsig/AGtxev0wRQIhAJYqwt3bH3ws-f4vjpwQv2fvFQROoJ32iovI2gdeASQYAiAiJNgxMcgbjhWaQwxilNiApzmKwb01PLS0rBh8PBxC1g%3D%3D/playlist/index.m3u8"
[hlsnative] Downloading m3u8 manifest
[hlsnative] Total fragments: 12
[download] Destination: Show_me_the_incentive_and_I_ll_show_you_the_outcome_-_Charlie_Munger_housingmarket_economy-[evxfoXzeeek].f616.mp4
[debug] File locking is not supported. Proceeding without locking
[download] 100% of   20.29MiB in 00:00:04 at 4.10MiB/s
[debug] Invoking http downloader on "https://rr3---sn-8xgp1vo-gpje.googlevideo.com/videoplayback?expire=1723245670&ei=BlC2ZpKvF9WDkucP6o3h-AM&ip=70.104.195.206&id=o-ABdPss8HbINQxeggykhUFJNVjqxnnrTywKr6LOXIiDyE&itag=140&source=youtube&requiressl=yes&xpc=EgVo2aDSNQ%3D%3D&mh=OM&mm=31%2C29&mn=sn-8xgp1vo-gpje%2Csn-8xgp1vo-p5ql&ms=au%2Crdu&mv=m&mvi=3&pl=20&initcwndbps=1095000&vprv=1&svpuc=1&mime=audio%2Fmp4&rqh=1&gir=yes&clen=969213&dur=59.837&lmt=1722777350608281&mt=1723223584&fvip=7&keepalive=yes&c=IOS&txp=5532434&sparams=expire%2Cei%2Cip%2Cid%2Citag%2Csource%2Crequiressl%2Cxpc%2Cvprv%2Csvpuc%2Cmime%2Crqh%2Cgir%2Cclen%2Cdur%2Clmt&sig=AJfQdSswRAIgZnl_SWwsbgvooFIBK1ywOAwn_6th8Wndfg3vCDi9-4oCIDYBWgSGqUDdQDsJNimPrrHvjhZkrf3M05U5ipKYPmv3&lsparams=mh%2Cmm%2Cmn%2Cms%2Cmv%2Cmvi%2Cpl%2Cinitcwndbps&lsig=AGtxev0wRQIhAP7eyzGlzu9vWpFgy6J8rm5Dc-l-gYmaPZZOastnEhCnAiAFUA5_lPpFYsuON0ALmgLYVuoH6gvG016f13FbCGFU4Q%3D%3D"
[download] Destination: Show_me_the_incentive_and_I_ll_show_you_the_outcome_-_Charlie_Munger_housingmarket_economy-[evxfoXzeeek].f140.m4a
[download] 100% of  946.50KiB in 00:00:00 at 2.24MiB/s
[Merger] Merging formats into "Show_me_the_incentive_and_I_ll_show_you_the_outcome_-_Charlie_Munger_housingmarket_economy-[evxfoXzeeek].mp4"
[debug] ffmpeg command line: ffmpeg -y -loglevel repeat+info -i "file:Show_me_the_incentive_and_I_ll_show_you_the_outcome_-_Charlie_Munger_housingmarket_economy-[evxfoXzeeek].f616.mp4" -i "file:Show_me_the_incentive_and_I_ll_show_you_the_outcome_-_Charlie_Munger_housingmarket_economy-[evxfoXzeeek].f140.m4a" -c copy -map 0:v:0 -map 1:a:0 -movflags +faststart "file:Show_me_the_incentive_and_I_ll_show_you_the_outcome_-_Charlie_Munger_housingmarket_economy-[evxfoXzeeek].temp.mp4"
Deleting original file Show_me_the_incentive_and_I_ll_show_you_the_outcome_-_Charlie_Munger_housingmarket_economy-[evxfoXzeeek].f140.m4a (pass -k to keep)
Deleting original file Show_me_the_incentive_and_I_ll_show_you_the_outcome_-_Charlie_Munger_housingmarket_economy-[evxfoXzeeek].f616.mp4 (pass -k to keep)
[Metadata] Adding metadata to "Show_me_the_incentive_and_I_ll_show_you_the_outcome_-_Charlie_Munger_housingmarket_economy-[evxfoXzeeek].mp4"
[debug] ffmpeg command line: ffmpeg -y -loglevel repeat+info -i "file:Show_me_the_incentive_and_I_ll_show_you_the_outcome_-_Charlie_Munger_housingmarket_economy-[evxfoXzeeek].mp4" -map 0 -dn -ignore_unknown -c copy -write_id3v1 1 -metadata "title=Show me the incentive and I’ll show you the outcome - Charlie Munger #housingmarket #economy" -metadata "date=20240804" -metadata "purl=https://www.youtube.com/watch?v=evxfoXzeeek" -metadata "comment=https://www.youtube.com/watch?v=evxfoXzeeek" -metadata "artist=Chris Kohler" -metadata:s:1 "language=eng" -movflags +faststart "file:Show_me_the_incentive_and_I_ll_show_you_the_outcome_-_Charlie_Munger_housingmarket_economy-[evxfoXzeeek].temp.mp4"
Friday, August 9, 2024 1:21:23 PM

PS Microsoft.PowerShell.Core\FileSystem::\\TP-Share\G\shared\jellyfin\shows\downloaded> cd "\\TP-Share\G\shared\jellyfin\shows\downloaded"; date; pwd; date; yt-dlp.exe --verbose --write-sub --sub-lang en --restrict-filenames --add-metadata -f "bestvideo[ext=mp4]+bestaudio[ext=m4a]/mp4" -i "https://youtu.be/yefE_EuZ6is"; date;

Friday, August 9, 2024 1:25:54 PM

Drive        :
Provider     : Microsoft.PowerShell.Core\FileSystem
ProviderPath : \\TP-Share\G\shared\jellyfin\shows\downloaded
Path         : Microsoft.PowerShell.Core\FileSystem::\\TP-Share\G\shared\jellyfin\shows\downloaded

Friday, August 9, 2024 1:25:54 PM
[debug] Command-line config: ['--verbose', '--write-sub', '--sub-lang', 'en', '--restrict-filenames', '--add-metadata', '-f', 'bestvideo[ext=mp4]+bestaudio[ext=m4a]/mp4', '-i', 'https://youtu.be/yefE_EuZ6is']
[debug] Portable config "C:\Users\kushal\scoop\apps\yt-dlp\current\yt-dlp.conf": []
[debug] Encodings: locale cp1252, fs utf-8, pref cp1252, out utf-8, error utf-8, screen utf-8
[debug] yt-dlp version stable@2024.08.06 from yt-dlp/yt-dlp [4d9231208] (win_exe)
[debug] Python 3.8.10 (CPython AMD64 64bit) - Windows-10-10.0.22631-SP0 (OpenSSL 1.1.1k  25 Mar 2021)
[debug] exe versions: ffmpeg 7.0.2-full_build-www.gyan.dev (setts), ffprobe 7.0.2-full_build-www.gyan.dev
[debug] Optional libraries: Cryptodome-3.20.0, brotli-1.1.0, certifi-2024.07.04, curl_cffi-0.5.10, mutagen-1.47.0, requests-2.32.3, sqlite3-3.35.5, urllib3-2.2.2, websockets-12.0
[debug] Proxy map: {}
[debug] Request Handlers: urllib, requests, websockets, curl_cffi
[debug] Loaded 1830 extractors
[youtube] Extracting URL: https://youtu.be/yefE_EuZ6is
[youtube] yefE_EuZ6is: Downloading webpage
[youtube] yefE_EuZ6is: Downloading ios player API JSON
[youtube] yefE_EuZ6is: Downloading web creator player API JSON
[debug] Loading youtube-nsig.28fd7348 from cache
[debug] [youtube] Decrypted nsig GyTtr7SN_kA6a0_XP => O9c9OEqPbnuMdQ
[debug] Loading youtube-nsig.28fd7348 from cache
[debug] [youtube] Decrypted nsig 1VMUSt9naGPdj2CrK => HMDA8X7z6gicvw
[youtube] yefE_EuZ6is: Downloading m3u8 information
[debug] Sort order given by extractor: quality, res, fps, hdr:12, source, vcodec:vp9.2, channels, acodec, lang, proto
[debug] Formats sorted by: hasvid, ie_pref, quality, res, fps, hdr:12(7), source, vcodec:vp9.2(10), channels, acodec, lang, proto, size, br, asr, vext, aext, hasaud, id
[info] Testing format 617
[hlsnative] Downloading m3u8 manifest
[hlsnative] Total fragments: 11
[download] Destination: \\TP-Share\G\shared\jellyfin\shows\downloaded\tmpp30e7jht.tmp
[debug] File locking is not supported. Proceeding without locking
[download] 100% of    712.00B in 00:00:00 at 4.38KiB/s
[info] yefE_EuZ6is: Downloading 1 format(s): 617+140
[info] There are no subtitles for the requested languages
[debug] Invoking hlsnative downloader on "https://manifest.googlevideo.com/api/manifest/hls_playlist/expire/1723245957/ei/JVG2ZryFDqipkucPsZ-e8AU/ip/70.104.195.206/id/c9e7c4fc4b99ea2b/itag/617/source/youtube/requiressl/yes/ratebypass/yes/pfa/1/wft/1/sgovp/clen%3D29802771%3Bdur%3D57.683%3Bgir%3Dyes%3Bitag%3D303%3Blmt%3D1723165504514351/rqh/1/hls_chunk_host/rr7---sn-8xgp1vo-gpje.googlevideo.com/xpc/EgVo2aDSNQ%3D%3D/mh/Gf/mm/31,29/mn/sn-8xgp1vo-gpje,sn-8xgp1vo-p5qe/ms/au,rdu/mv/m/mvi/7/pl/20/initcwndbps/1193750/vprv/1/playlist_type/DVR/dover/13/txp/553C434/mt/1723224060/fvip/5/short_key/1/keepalive/yes/sparams/expire,ei,ip,id,itag,source,requiressl,ratebypass,pfa,wft,sgovp,rqh,xpc,vprv,playlist_type/sig/AJfQdSswRQIhAKB2QAjkRfvlAwMMWuwImGwFOJdXiRuQ6tSCMPCKOcx9AiARl5RVSuSOeN-YCJP-WQnw6WAB0zf7mcCNGm5evpKCDw%3D%3D/lsparams/hls_chunk_host,mh,mm,mn,ms,mv,mvi,pl,initcwndbps/lsig/AGtxev0wRAIgZB4Kph_0jYZnvGOLc91wtzVish6dyp5QCYlaaeGrpOQCIGUI5BIXjgPBjD1KJH1VUkuhlhoRD6UnrI7LcCeHjPyn/playlist/index.m3u8"
[hlsnative] Downloading m3u8 manifest
[hlsnative] Total fragments: 11
[download] Destination: The_updated_Toyota_Camry_is_PHENOMENAL-[yefE_EuZ6is].f617.mp4
[download] 100% of   28.44MiB in 00:00:05 at 4.96MiB/s
[debug] Invoking http downloader on "https://rr7---sn-8xgp1vo-gpje.googlevideo.com/videoplayback?expire=1723245957&ei=JVG2ZryFDqipkucPsZ-e8AU&ip=70.104.195.206&id=o-AJFCfOAKtx61lm6aQocUAhaSgx_jYeMu71FybSE0Awm4&itag=140&source=youtube&requiressl=yes&xpc=EgVo2aDSNQ%3D%3D&mh=Gf&mm=31%2C29&mn=sn-8xgp1vo-gpje%2Csn-8xgp1vo-p5qe&ms=au%2Crdu&mv=m&mvi=7&pl=20&initcwndbps=1193750&vprv=1&svpuc=1&mime=audio%2Fmp4&rqh=1&gir=yes&clen=935367&dur=57.748&lmt=1723155287795527&mt=1723224060&fvip=5&keepalive=yes&c=IOS&txp=5532434&sparams=expire%2Cei%2Cip%2Cid%2Citag%2Csource%2Crequiressl%2Cxpc%2Cvprv%2Csvpuc%2Cmime%2Crqh%2Cgir%2Cclen%2Cdur%2Clmt&sig=AJfQdSswRQIhANlV6EVtUEG5ouk33--rVlXx-P5fbJkeS0uC1UNg-1YfAiBpqtJEf0-DxDukaUxgqYyEaIjEhXdnTyaRH7iKlEiMLQ%3D%3D&lsparams=mh%2Cmm%2Cmn%2Cms%2Cmv%2Cmvi%2Cpl%2Cinitcwndbps&lsig=AGtxev0wRAIgOd4xgCiq6ot9ohFMzVHLbWXsdhETs2m0OTqtsOd6gSICIFXOtjAvUmiHoKZ2YUX4PT8b0y426Db-XL61d2dUTjHi"
[download] Destination: The_updated_Toyota_Camry_is_PHENOMENAL-[yefE_EuZ6is].f140.m4a
[download] 100% of  913.44KiB in 00:00:00 at 2.73MiB/s
[Merger] Merging formats into "The_updated_Toyota_Camry_is_PHENOMENAL-[yefE_EuZ6is].mp4"
[debug] ffmpeg command line: ffmpeg -y -loglevel repeat+info -i "file:The_updated_Toyota_Camry_is_PHENOMENAL-[yefE_EuZ6is].f617.mp4" -i "file:The_updated_Toyota_Camry_is_PHENOMENAL-[yefE_EuZ6is].f140.m4a" -c copy -map 0:v:0 -map 1:a:0 -movflags +faststart "file:The_updated_Toyota_Camry_is_PHENOMENAL-[yefE_EuZ6is].temp.mp4"
Deleting original file The_updated_Toyota_Camry_is_PHENOMENAL-[yefE_EuZ6is].f140.m4a (pass -k to keep)
Deleting original file The_updated_Toyota_Camry_is_PHENOMENAL-[yefE_EuZ6is].f617.mp4 (pass -k to keep)
[Metadata] Adding metadata to "The_updated_Toyota_Camry_is_PHENOMENAL-[yefE_EuZ6is].mp4"
[debug] ffmpeg command line: ffmpeg -y -loglevel repeat+info -i "file:The_updated_Toyota_Camry_is_PHENOMENAL-[yefE_EuZ6is].mp4" -map 0 -dn -ignore_unknown -c copy -write_id3v1 1 -metadata "title=The updated Toyota Camry is PHENOMENAL! 🫨" -metadata "date=20240808" -metadata "purl=https://www.youtube.com/watch?v=yefE_EuZ6is" -metadata "comment=https://www.youtube.com/watch?v=yefE_EuZ6is" -metadata "artist=Forrest'sAuto Reviews" -metadata:s:1 "language=eng" -movflags +faststart "file:The_updated_Toyota_Camry_is_PHENOMENAL-[yefE_EuZ6is].temp.mp4"
Friday, August 9, 2024 1:26:13 PM

PS Microsoft.PowerShell.Core\FileSystem::\\TP-Share\G\shared\jellyfin\shows\downloaded> cd "C:\Users\kushal\src\mylogging\"; date; git add .; date; git commit --message "add all files" --message "from the terminal"; date; cd "C:\Users\kushal\src\myhtml\fromnepal"; date; yarn; date; yarn run build; date; git add .; date; git commit --message "build application" --message "from the terminal"; date; git pull --rebaseorigin main; date; git push origin main; date;

Friday, August 9, 2024 1:27:03 PM
Friday, August 9, 2024 1:27:03 PM
On branch main
nothing to commit, working tree clean
Friday, August 9, 2024 1:27:03 PM
Friday, August 9, 2024 1:27:03 PM
yarn install v1.22.21
[1/4] Resolving packages...
success Already up-to-date.
Done in 0.15s.
Friday, August 9, 2024 1:27:04 PM
yarn run v1.22.21
$ tsc && vite build
vite v5.2.13 building for production...
✓ 5 modules transformed.
docs/index.html                 0.53 kB │ gzip: 0.32 kB
docs/assets/index-DYhv0y2B.css  4.60 kB │ gzip: 1.63 kB
docs/assets/index-BUJcqj8w.js   4.81 kB │ gzip: 2.11 kB
✓ built in 219ms
Done in 2.94s.
Friday, August 9, 2024 1:27:07 PM
warning: in the working copy of 'docs/assets/index-BUJcqj8w.js', LF will be replaced by CRLF the next time Git touches it
warning: in the working copy of 'docs/assets/index-DYhv0y2B.css', LF will be replaced by CRLF the next time Git touches it
warning: in the working copy of 'docs/index.html', LF will be replaced by CRLF the next time Git touches it
Friday, August 9, 2024 1:27:08 PM
[main 642a4e6] build application
 2 files changed, 312 insertions(+)
Friday, August 9, 2024 1:27:08 PM
From github.com:fromnepal/fromnepal.github.io
 * branch            main       -> FETCH_HEAD
Current branch main is up to date.
Friday, August 9, 2024 1:27:10 PM
Enumerating objects: 9, done.
Counting objects: 100% (9/9), done.
Delta compression using up to 16 threads
Compressing objects: 100% (5/5), done.
Writing objects: 100% (5/5), 3.19 KiB | 467.00 KiB/s, done.
Total 5 (delta 4), reused 0 (delta 0), pack-reused 0 (from 0)
remote: Resolving deltas: 100% (4/4), completed with 4 local objects.
To github.com:fromnepal/fromnepal.github.io.git
   88c7291..642a4e6  main -> main
Friday, August 9, 2024 1:27:11 PM

PS C:\Users\kushal\src\myhtml\fromnepal> cd "C:\Users\kushal\src\mylogging\"; date; git add .; date; git commit --message "add all files" --message "from the terminal"; date; cd "C:\Users\kushal\src\myhtml\fromnepal"; date; yarn; date; yarn run build; date; git add .; date; git commit --message "build application" --message "from the terminal"; date; git pull --rebase origin main; date; git push origin main; date;