kushal@kus2023:~$
kushal@kus2023:~$
kushal@kus2023:~$ docker run -it --device /dev/kvm -p 50922:10022 -v /tmp/.X11-unix:/tmp/.X11-unix -e "DISPLAY=${DISPLAY:-:0.0}" sickcodes/docker-osx:latest
docker: Error response from daemon: Ports are not available: exposing port TCP 0.0.0.0:50922 -> 0.0.0.0:0: listen tcp 0.0.0.0:50922: bind: An attempt was made to access a socket in a way forbidden by its access permissions.
kushal@kus2023:~$ netstat -ano | findstr :50922
Command 'netstat' not found, but can be installed with:
sudo apt install net-tools
findstr: command not found
kushal@kus2023:~$ sudo apt install net-tools
[sudo] password for kushal:
Reading package lists... Done
Building dependency tree... Done
Reading state information... Done
The following NEW packages will be installed:
  net-tools
0 upgraded, 1 newly installed, 0 to remove and 4 not upgraded.
Need to get 204 kB of archives.
After this operation, 819 kB of additional disk space will be used.
Get:1 http://archive.ubuntu.com/ubuntu jammy/main amd64 net-tools amd64 1.60+git20181103.0eebece-1ubuntu5 [204 kB]
Fetched 204 kB in 0s (890 kB/s)
Selecting previously unselected package net-tools.
(Reading database ... 72742 files and directories currently installed.)
Preparing to unpack .../net-tools_1.60+git20181103.0eebece-1ubuntu5_amd64.deb ...
Unpacking net-tools (1.60+git20181103.0eebece-1ubuntu5) ...
Setting up net-tools (1.60+git20181103.0eebece-1ubuntu5) ...
Processing triggers for man-db (2.10.2-1) ...
kushal@kus2023:~$ netstat -ano | findstr :50922
findstr: command not found
kushal@kus2023:~$ docker run -it     --device /dev/kvm     -p 50922:10022     -v /tmp/.X11-unix:/tmp/.X11-unix     -e "DISPLAY=${DISPLAY:-:0.0}"     -e GENERATE_UNIQUE=true     sickcodes/docker-osx:auto
docker: Error response from daemon: Ports are not available: exposing port TCP 0.0.0.0:50922 -> 0.0.0.0:0: listen tcp 0.0.0.0:50922: bind: An attempt was made to access a socket in a way forbidden by its access permissions.
kushal@kus2023:~$ docker run -it     --device /dev/kvm     -p 50922:10022     -v /tmp/.X11-unix:/tmp/.X11-unix     -e "DISPLAY=${DISPLAY:-:0.0}"     -e GENERATE_UNIQUE=true     sickcodes/docker-osx:auto
docker: Error response from daemon: Ports are not available: exposing port TCP 0.0.0.0:50922 -> 0.0.0.0:0: listen tcp 0.0.0.0:50922: bind: An attempt was made to access a socket in a way forbidden by its access permissions.
kushal@kus2023:~$ docker run -it --device /dev/kvm -v /tmp/.X11-unix:/tmp/.X11-unix -e "DISPLAY=${DISPLAY:-:0.0}" sickcodes/docker-osx:latest
ssh-keygen: generating new host keys: RSA ECDSA ED25519
nohup: appending output to 'nohup.out'
++ id -u
++ id -g
+ sudo chown 1000:1000 /dev/kvm
++ id -u
++ id -g
+ sudo chown -R 1000:1000 /dev/snd
+ [[ 4 = max ]]
+ [[ 4 = half ]]
++ id -u
++ id -g
+ sudo chown -R 1000:1000 /dev/snd
+ exec qemu-system-x86_64 -m 4000 -cpu Penryn,vendor=GenuineIntel,+invtsc,vmware-cpuid-freq=on,+ssse3,+sse4.2,+popcnt,+avx,+aes,+xsave,+xsaveopt,check, -machine q35,accel=kvm:tcg -smp 4,cores=4 -usb -device usb-kbd -device usb-tablet -device 'isa-applesmc,osk=ourhardworkbythesewordsguardedpleasedontsteal(c)AppleComputerInc' -drive if=pflash,format=raw,readonly=on,file=/home/arch/OSX-KVM/OVMF_CODE.fd -drive if=pflash,format=raw,file=/home/arch/OSX-KVM/OVMF_VARS-1024x768.fd -smbios type=2 -audiodev alsa,id=hda -device ich9-intel-hda -device hda-duplex,audiodev=hda -device ich9-ahci,id=sata -drive id=OpenCoreBoot,if=none,snapshot=on,format=qcow2,file=/home/arch/OSX-KVM/OpenCore/OpenCore.qcow2 -device ide-hd,bus=sata.2,drive=OpenCoreBoot -deviceide-hd,bus=sata.3,drive=InstallMedia -drive id=InstallMedia,if=none,file=/home/arch/OSX-KVM/BaseSystem.img,format=qcow2 -drive id=MacHDD,if=none,file=/home/arch/OSX-KVM/mac_hdd_ng.img,format=qcow2 -device ide-hd,bus=sata.4,drive=MacHDD -netdev user,id=net0,hostfwd=tcp::10022-:22,hostfwd=tcp::5900-:5900, -device vmxnet3,netdev=net0,id=net0,mac=52:54:00:09:49:17 -monitor stdio -boot menu=on -vga vmware
QEMU 8.0.2 monitor - type 'help' for more information
(qemu) ALSA lib confmisc.c:855:(parse_card) cannot find card '0'
ALSA lib conf.c:5181:(_snd_config_evaluate) function snd_func_card_inum returned error: No such file or directory
ALSA lib confmisc.c:422:(snd_func_concat) error evaluating strings
ALSA lib conf.c:5181:(_snd_config_evaluate) function snd_func_concat returned error: No such file or directory
ALSA lib confmisc.c:1334:(snd_func_refer) error evaluating name
ALSA lib conf.c:5181:(_snd_config_evaluate) function snd_func_refer returned error: No such file or directory
ALSA lib conf.c:5704:(snd_config_expand) Evaluate error: No such file or directory
ALSA lib pcm.c:2666:(snd_pcm_open_noupdate) Unknown PCM default
alsa: Could not initialize DAC
alsa: Failed to open `default':
alsa: Reason: No such file or directory
ALSA lib confmisc.c:855:(parse_card) cannot find card '0'
ALSA lib conf.c:5181:(_snd_config_evaluate) function snd_func_card_inum returned error: No such file or directory
ALSA lib confmisc.c:422:(snd_func_concat) error evaluating strings
ALSA lib conf.c:5181:(_snd_config_evaluate) function snd_func_concat returned error: No such file or directory
ALSA lib confmisc.c:1334:(snd_func_refer) error evaluating name
ALSA lib conf.c:5181:(_snd_config_evaluate) function snd_func_refer returned error: No such file or directory
ALSA lib conf.c:5704:(snd_config_expand) Evaluate error: No such file or directory
ALSA lib pcm.c:2666:(snd_pcm_open_noupdate) Unknown PCM default
alsa: Could not initialize DAC
alsa: Failed to open `default':
alsa: Reason: No such file or directory
audio: Could not create a backend for voice `dac'
ALSA lib confmisc.c:855:(parse_card) cannot find card '0'
ALSA lib conf.c:5181:(_snd_config_evaluate) function snd_func_card_inum returned error: No such file or directory
ALSA lib confmisc.c:422:(snd_func_concat) error evaluating strings
ALSA lib conf.c:5181:(_snd_config_evaluate) function snd_func_concat returned error: No such file or directory
ALSA lib confmisc.c:1334:(snd_func_refer) error evaluating name
ALSA lib conf.c:5181:(_snd_config_evaluate) function snd_func_refer returned error: No such file or directory
ALSA lib conf.c:5704:(snd_config_expand) Evaluate error: No such file or directory
ALSA lib pcm.c:2666:(snd_pcm_open_noupdate) Unknown PCM default
alsa: Could not initialize ADC
alsa: Failed to open `default':
alsa: Reason: No such file or directory
ALSA lib confmisc.c:855:(parse_card) cannot find card '0'
ALSA lib conf.c:5181:(_snd_config_evaluate) function snd_func_card_inum returned error: No such file or directory
ALSA lib confmisc.c:422:(snd_func_concat) error evaluating strings
ALSA lib conf.c:5181:(_snd_config_evaluate) function snd_func_concat returned error: No such file or directory
ALSA lib confmisc.c:1334:(snd_func_refer) error evaluating name
ALSA lib conf.c:5181:(_snd_config_evaluate) function snd_func_refer returned error: No such file or directory
ALSA lib conf.c:5704:(snd_config_expand) Evaluate error: No such file or directory
ALSA lib pcm.c:2666:(snd_pcm_open_noupdate) Unknown PCM default
alsa: Could not initialize ADC
alsa: Failed to open `default':
alsa: Reason: No such file or directory
audio: Could not create a backend for voice `adc'
kushal@kus2023:~$ docker run -it --device /dev/kvm -v /tmp/.X11-unix:/tmp/.X11-unix -e "DISPLAY=${DISPLAY:-:0.0}" sickcodes/docker-osx:latest
ssh-keygen: generating new host keys: RSA ECDSA ED25519
nohup: appending output to 'nohup.out'
++ id -u
++ id -g
+ sudo chown 1000:1000 /dev/kvm
++ id -u
++ id -g
+ sudo chown -R 1000:1000 /dev/snd
+ [[ 4 = max ]]
+ [[ 4 = half ]]
++ id -u
++ id -g
+ sudo chown -R 1000:1000 /dev/snd
+ exec qemu-system-x86_64 -m 4000 -cpu Penryn,vendor=GenuineIntel,+invtsc,vmware-cpuid-freq=on,+ssse3,+sse4.2,+popcnt,+avx,+aes,+xsave,+xsaveopt,check, -machine q35,accel=kvm:tcg -smp 4,cores=4 -usb -device usb-kbd -device usb-tablet -device 'isa-applesmc,osk=ourhardworkbythesewordsguardedpleasedontsteal(c)AppleComputerInc' -drive if=pflash,format=raw,readonly=on,file=/home/arch/OSX-KVM/OVMF_CODE.fd -drive if=pflash,format=raw,file=/home/arch/OSX-KVM/OVMF_VARS-1024x768.fd -smbios type=2 -audiodev alsa,id=hda -device ich9-intel-hda -device hda-duplex,audiodev=hda -device ich9-ahci,id=sata -drive id=OpenCoreBoot,if=none,snapshot=on,format=qcow2,file=/home/arch/OSX-KVM/OpenCore/OpenCore.qcow2 -device ide-hd,bus=sata.2,drive=OpenCoreBoot -deviceide-hd,bus=sata.3,drive=InstallMedia -drive id=InstallMedia,if=none,file=/home/arch/OSX-KVM/BaseSystem.img,format=qcow2 -drive id=MacHDD,if=none,file=/home/arch/OSX-KVM/mac_hdd_ng.img,format=qcow2 -device ide-hd,bus=sata.4,drive=MacHDD -netdev user,id=net0,hostfwd=tcp::10022-:22,hostfwd=tcp::5900-:5900, -device vmxnet3,netdev=net0,id=net0,mac=52:54:00:09:49:17 -monitor stdio -boot menu=on -vga vmware
QEMU 8.0.2 monitor - type 'help' for more information
(qemu) ALSA lib confmisc.c:855:(parse_card) cannot find card '0'
ALSA lib conf.c:5181:(_snd_config_evaluate) function snd_func_card_inum returned error: No such file or directory
ALSA lib confmisc.c:422:(snd_func_concat) error evaluating strings
ALSA lib conf.c:5181:(_snd_config_evaluate) function snd_func_concat returned error: No such file or directory
ALSA lib confmisc.c:1334:(snd_func_refer) error evaluating name
ALSA lib conf.c:5181:(_snd_config_evaluate) function snd_func_refer returned error: No such file or directory
ALSA lib conf.c:5704:(snd_config_expand) Evaluate error: No such file or directory
ALSA lib pcm.c:2666:(snd_pcm_open_noupdate) Unknown PCM default
alsa: Could not initialize DAC
alsa: Failed to open `default':
alsa: Reason: No such file or directory
ALSA lib confmisc.c:855:(parse_card) cannot find card '0'
ALSA lib conf.c:5181:(_snd_config_evaluate) function snd_func_card_inum returned error: No such file or directory
ALSA lib confmisc.c:422:(snd_func_concat) error evaluating strings
ALSA lib conf.c:5181:(_snd_config_evaluate) function snd_func_concat returned error: No such file or directory
ALSA lib confmisc.c:1334:(snd_func_refer) error evaluating name
ALSA lib conf.c:5181:(_snd_config_evaluate) function snd_func_refer returned error: No such file or directory
ALSA lib conf.c:5704:(snd_config_expand) Evaluate error: No such file or directory
ALSA lib pcm.c:2666:(snd_pcm_open_noupdate) Unknown PCM default
alsa: Could not initialize DAC
alsa: Failed to open `default':
alsa: Reason: No such file or directory
audio: Could not create a backend for voice `dac'
ALSA lib confmisc.c:855:(parse_card) cannot find card '0'
ALSA lib conf.c:5181:(_snd_config_evaluate) function snd_func_card_inum returned error: No such file or directory
ALSA lib confmisc.c:422:(snd_func_concat) error evaluating strings
ALSA lib conf.c:5181:(_snd_config_evaluate) function snd_func_concat returned error: No such file or directory
ALSA lib confmisc.c:1334:(snd_func_refer) error evaluating name
ALSA lib conf.c:5181:(_snd_config_evaluate) function snd_func_refer returned error: No such file or directory
ALSA lib conf.c:5704:(snd_config_expand) Evaluate error: No such file or directory
ALSA lib pcm.c:2666:(snd_pcm_open_noupdate) Unknown PCM default
alsa: Could not initialize ADC
alsa: Failed to open `default':
alsa: Reason: No such file or directory
ALSA lib confmisc.c:855:(parse_card) cannot find card '0'
ALSA lib conf.c:5181:(_snd_config_evaluate) function snd_func_card_inum returned error: No such file or directory
ALSA lib confmisc.c:422:(snd_func_concat) error evaluating strings
ALSA lib conf.c:5181:(_snd_config_evaluate) function snd_func_concat returned error: No such file or directory
ALSA lib confmisc.c:1334:(snd_func_refer) error evaluating name
ALSA lib conf.c:5181:(_snd_config_evaluate) function snd_func_refer returned error: No such file or directory
ALSA lib conf.c:5704:(snd_config_expand) Evaluate error: No such file or directory
ALSA lib pcm.c:2666:(snd_pcm_open_noupdate) Unknown PCM default
alsa: Could not initialize ADC
alsa: Failed to open `default':
alsa: Reason: No such file or directory
audio: Could not create a backend for voice `adc'
usb_desc_get_descriptor: 2 unknown type 33 (len 10)
usb_desc_get_descriptor: 1 unknown type 33 (len 10)
usb_desc_get_descriptor: 2 unknown type 33 (len 10)
usb_desc_get_descriptor: 1 unknown type 33 (len 10)
usb_desc_get_descriptor: 2 unknown type 33 (len 10)
usb_desc_get_descriptor: 1 unknown type 33 (len 10)
usb_desc_get_descriptor: 2 unknown type 33 (len 10)
usb_desc_get_descriptor: 1 unknown type 33 (len 10)
