PowerShell 7.4.6
PS C:\Users\kushal>
PS C:\Users\kushal> ssh colorado
Linux colorado 6.1.0-27-amd64 #1 SMP PREEMPT_DYNAMIC Debian 6.1.115-1 (2024-11-01) x86_64

The programs included with the Debian GNU/Linux system are free software;
the exact distribution terms for each program are described in the
individual files in /usr/share/doc/*/copyright.

Debian GNU/Linux comes with ABSOLUTELY NO WARRANTY, to the extent
permitted by applicable law.
Last login: Fri Nov 22 06:29:20 2024 from fe80::975c:f636:bfb:5026%enp3s0
kushal@colorado:~$ time bash ~/src/angular/coloradoquiz/update.sh; time bash ~/source/angulareighteen/update.sh; time bash ~/src/angular/mycontacts/update.sh;
ping: sock4.fd: 3 (socktype: SOCK_RAW), sock6.fd: 4 (socktype: SOCK_RAW), hints.ai_family: AF_UNSPEC

[master d341be746] add timestamp
 2 files changed, 25 insertions(+), 309 deletions(-)
[master 95dba100e] begin add system status
 2 files changed, 39 insertions(+)
[master e9ed08a77] add system status
 1 file changed, 6 insertions(+)
[master 6043c35cf] end add system status
 1 file changed, 1 insertion(+)
[master 4a9466e8f] begin update node
 2 files changed, 29 insertions(+)
Installing latest LTS version.
v22.11.0 is already installed.
Now using node v22.11.0 (npm v10.9.0)

real    0m0.661s
user    0m0.447s
sys     0m0.122s
Now using node v22.11.0 (npm v10.9.0)

real    0m0.258s
user    0m0.244s
sys     0m0.072s

changed 297 packages in 22s

52 packages are looking for funding
  run `npm fund` for details

real    0m22.187s
user    0m11.278s
sys     0m2.366s

real    0m1.448s
user    0m1.136s
sys     0m0.230s

real    0m0.896s
user    0m1.359s
sys     0m0.091s
[master 9cff7eeef] end update node
 2 files changed, 67 insertions(+)
On branch master
Your branch is ahead of 'origin/master' by 6 commits.
  (use "git push" to publish your local commits)

nothing to commit, working tree clean
yarn run v1.22.22
$ ng update @angular/core @angular/cli @angular/material @angular/localize
Using package manager: yarn
Collecting installed dependencies...
Found 31 dependencies.
Fetching dependency metadata from registry...
Package '@angular/core' is already up to date.
Package '@angular/cli' is already up to date.
Package '@angular/material' is already up to date.
Package '@angular/localize' is already up to date.
Done in 2.56s.

real    0m2.830s
user    0m1.680s
sys     0m0.372s
On branch master
Your branch is ahead of 'origin/master' by 6 commits.
  (use "git push" to publish your local commits)

nothing to commit, working tree clean

real    0m3.648s
user    0m3.839s
sys     0m0.387s
[master ce9d06ba4] begin prepare to build angular
 2 files changed, 37 insertions(+)

real    0m15.155s
user    0m32.391s
sys     0m2.091s
[master c52cd37fc] end prepare to build angular
 1 file changed, 17 insertions(+)
[master c1d2b5bb3] begin prepare to unit test angular
 2 files changed, 28 insertions(+), 381 deletions(-)
- Generating browser application bundles (phase: setup)...
✔ Browser application bundle generation complete.
✔ Browser application bundle generation complete.
✔ Browser application bundle generation complete.
✔ Browser application bundle generation complete.
error Command failed with exit code 1.

real    0m57.990s
user    0m41.032s
sys     0m5.047s
[master 129ad3a30] end prepare to unit test angular
 2 files changed, 303 insertions(+)

real    0m0.383s
user    0m0.264s
sys     0m0.070s
[master d689064f8] add timestamp
 2 files changed, 33 insertions(+)
From github.com:teamkushal/coloradoquiz
 * branch                master     -> FETCH_HEAD
Current branch master is up to date.
On branch master
Your branch is ahead of 'origin/master' by 12 commits.
  (use "git push" to publish your local commits)

nothing to commit, working tree clean
Enumerating objects: 52, done.
Counting objects: 100% (52/52), done.
Delta compression using up to 4 threads
Compressing objects: 100% (44/44), done.
Writing objects: 100% (46/46), 6.39 KiB | 2.13 MiB/s, done.
Total 46 (delta 32), reused 1 (delta 0), pack-reused 0
remote: Resolving deltas: 100% (32/32), completed with 6 local objects.
To github.com:teamkushal/coloradoquiz.git
   dad2ae9a3..d689064f8  master -> master

real    2m10.530s
user    1m34.265s
sys     0m11.625s
Fri Nov 22 07:43:31 PM EST 2024
/home/kushal/source/angulareighteen/update.sh: line 10: nvm: command not found
/home/kushal/source/angulareighteen/update.sh: line 11: nvm: command not found
v22.11.0
10.9.0

changed 1 package in 1s
Fri Nov 22 07:43:33 PM EST 2024
Fri Nov 22 07:43:33 PM EST 2024
yarn install v1.22.22
info No lockfile found.
[1/4] Resolving packages...
warning karma > glob@7.2.3: Glob versions prior to v9 are no longer supported
warning karma > rimraf@3.0.2: Rimraf versions prior to v4 are no longer supported
warning karma > rimraf > glob@7.2.3: Glob versions prior to v9 are no longer supported
warning karma > glob > inflight@1.0.6: This module is not supported, and leaks memory. Do not use it. Check out lru-cache if you want a good and tested way to coalesce async requests by a key value, which is much more comprehensive and powerful.
[2/4] Fetching packages...
[3/4] Linking dependencies...
warning "@angular-devkit/build-angular > @vitejs/plugin-basic-ssl@1.1.0" has unmet peer dependency "vite@^3.0.0 || ^4.0.0 || ^5.0.0".
warning "@angular-devkit/build-angular > @angular/build > @inquirer/confirm@5.0.2" has unmet peer dependency "@types/node@>=18".
warning "@angular-devkit/build-angular > @angular/build > @inquirer/confirm > @inquirer/type@3.0.1" has unmet peer dependency "@types/node@>=18".
warning "@angular/cli > @inquirer/prompts@7.1.0" has unmet peer dependency "@types/node@>=18".
warning "@angular/cli > @inquirer/prompts > @inquirer/editor@4.1.0" has unmet peer dependency "@types/node@>=18".
warning "@angular/cli > @inquirer/prompts > @inquirer/input@4.0.2" has unmet peer dependency "@types/node@>=18".
warning "@angular/cli > @inquirer/prompts > @inquirer/search@3.0.2" has unmet peer dependency "@types/node@>=18".
warning "@angular/cli > @inquirer/prompts > @inquirer/select@4.0.2" has unmet peer dependency "@types/node@>=18".
warning "@angular/cli > @inquirer/prompts > @inquirer/password@4.0.2" has unmet peer dependency "@types/node@>=18".
warning "@angular/cli > @inquirer/prompts > @inquirer/rawlist@4.0.2" has unmet peer dependency "@types/node@>=18".
warning "@angular/cli > @inquirer/prompts > @inquirer/expand@4.0.2" has unmet peer dependency "@types/node@>=18".
warning "@angular/cli > @inquirer/prompts > @inquirer/number@3.0.2" has unmet peer dependency "@types/node@>=18".
warning "@angular/cli > @inquirer/prompts > @inquirer/checkbox@4.0.2" has unmet peer dependency "@types/node@>=18".
[4/4] Building fresh packages...
success Saved lockfile.
Done in 23.29s.

real    0m23.663s
user    0m13.244s
sys     0m2.547s
Fri Nov 22 07:43:56 PM EST 2024
On branch master
Your branch is up to date with 'origin/master'.

Changes not staged for commit:
  (use "git add <file>..." to update what will be committed)
  (use "git restore <file>..." to discard changes in working directory)
        modified:   yarn.lock

no changes added to commit (use "git add" and/or "git commit -a")
[master 9e51571] add all files
 1 file changed, 3 insertions(+), 3 deletions(-)
From github.com:angulareighteen/angulareighteen.github.io
 * branch            master     -> FETCH_HEAD
Current branch master is up to date.
Enumerating objects: 5, done.
Counting objects: 100% (5/5), done.
Delta compression using up to 4 threads
Compressing objects: 100% (3/3), done.
Writing objects: 100% (3/3), 474 bytes | 474.00 KiB/s, done.
Total 3 (delta 2), reused 0 (delta 0), pack-reused 0
remote: Resolving deltas: 100% (2/2), completed with 2 local objects.
To github.com:angulareighteen/angulareighteen.github.io.git
   c315b4c..9e51571  master -> master
yarn install v1.22.22
[1/4] Resolving packages...
success Already up-to-date.
Done in 0.61s.
yarn run v1.22.22
$ ng update
Using package manager: yarn
Collecting installed dependencies...
Found 27 dependencies.
    We analyzed your package.json and everything seems to be in order. Good work!
Done in 3.36s.
yarn run v1.22.22
$ ng build
Initial chunk files   | Names         |  Raw size | Estimated transfer size
chunk-I6WO6DMZ.js     | -             | 114.11 kB |                33.70 kB
main-ZYUJU5LJ.js      | main          |  98.22 kB |                25.34 kB
styles-U4H6PSGJ.css   | styles        |  53.25 kB |                 5.25 kB
polyfills-FFHMD2TL.js | polyfills     |  34.52 kB |                11.28 kB

                      | Initial total | 300.09 kB |                75.57 kB

Lazy chunk files      | Names         |  Raw size | Estimated transfer size
chunk-6VKC6WYA.js     | browser       |  67.49 kB |                17.70 kB

Application bundle generation complete. [8.219 seconds]

▲ [WARNING] angular:styles/component:css;802bd11d2fffcfccea9b81d73128145c62e67559689fbf7b080b6d250733a2b1;/home/kushal/source/angulareighteen/src/app/app.component.html exceeded maximum budget. Budget 2.05 kB was not met by 878 bytes with a total of 2.93 kB.


Output location: /home/kushal/source/angulareighteen/docs

Done in 9.51s.
On branch master
Your branch is up to date with 'origin/master'.

nothing to commit, working tree clean
On branch master
Your branch is up to date with 'origin/master'.

nothing to commit, working tree clean
From github.com:angulareighteen/angulareighteen.github.io
 * branch            master     -> FETCH_HEAD
Already up to date.
Everything up-to-date
yarn run v1.22.22
$ ng test
✔ Browser application bundle generation complete.
22 11 2024 19:44:31.027:INFO [karma-server]: Karma v6.4.4 server started at http://localhost:9876/
22 11 2024 19:44:31.029:INFO [launcher]: Launching browsers FirefoxHeadless with concurrency unlimited
22 11 2024 19:44:31.041:INFO [launcher]: Starting browser Firefox
22 11 2024 19:44:35.077:INFO [Firefox 128.0 (Linux x86_64)]: Connected on socket cNvf563M-pYhSavrAAAB with id 21452766
Firefox 128.0 (Linux x86_64): Executed 3 of 3 SUCCESS (0.365 secs / 0.324 secs)
TOTAL: 3 SUCCESS
Done in 21.60s.
yarn run v1.22.22
$ ng update @angular/core @angular/cli @angular/material
Using package manager: yarn
Collecting installed dependencies...
Found 27 dependencies.
Fetching dependency metadata from registry...
Package '@angular/core' is already up to date.
Package '@angular/cli' is already up to date.
Package '@angular/material' is already up to date.
Done in 1.57s.
On branch master
Your branch is up to date with 'origin/master'.

nothing to commit, working tree clean
From github.com:angulareighteen/angulareighteen.github.io
 * branch            master     -> FETCH_HEAD
Already up to date.
Everything up-to-date
Latest version:     1.0.30001683
Installed version:  1.0.30001683
caniuse-lite is up to date
caniuse-lite has been successfully updated

No target browser changes
On branch master
Your branch is up to date with 'origin/master'.

nothing to commit, working tree clean
On branch master
Your branch is up to date with 'origin/master'.

nothing to commit, working tree clean
From github.com:angulareighteen/angulareighteen.github.io
 * branch            master     -> FETCH_HEAD
Already up to date.
Everything up-to-date
* remote origin
  Fetch URL: git@github.com:angulareighteen/angulareighteen.github.io.git
  Push  URL: git@github.com:angulareighteen/angulareighteen.github.io.git
  HEAD branch: master
  Remote branch:
    master tracked
  Local branch configured for 'git pull':
    master merges with remote master
  Local ref configured for 'git push':
    master pushes to master (up to date)
Fri Nov 22 07:44:44 PM EST 2024

real    1m12.654s
user    1m23.174s
sys     0m8.979s
Fri Nov 22 07:44:44 PM EST 2024
/home/kushal/src/angular/mycontacts/update.sh: line 10: nvm: command not found
/home/kushal/src/angular/mycontacts/update.sh: line 11: nvm: command not found
v22.11.0
10.9.0

changed 1 package in 786ms
Fri Nov 22 07:44:45 PM EST 2024
Fri Nov 22 07:44:45 PM EST 2024
yarn install v1.22.22
info No lockfile found.
[1/4] Resolving packages...
warning karma > glob@7.2.3: Glob versions prior to v9 are no longer supported
warning karma > rimraf@3.0.2: Rimraf versions prior to v4 are no longer supported
warning karma > rimraf > glob@7.2.3: Glob versions prior to v9 are no longer supported
warning karma > glob > inflight@1.0.6: This module is not supported, and leaks memory. Do not use it. Check out lru-cache if you want a good and tested way to coalesce async requests by a key value, which is much more comprehensive and powerful.
warning karma-coverage-istanbul-reporter > istanbul-lib-source-maps > rimraf@2.7.1: Rimraf versions prior to v4 are no longer supported
warning karma-coverage-istanbul-reporter > istanbul-lib-source-maps > rimraf > glob@7.2.3: Glob versions prior to v9 are no longer supported
[2/4] Fetching packages...
[3/4] Linking dependencies...
warning "@angular-devkit/build-angular > @vitejs/plugin-basic-ssl@1.1.0" has unmet peer dependency "vite@^3.0.0 || ^4.0.0 || ^5.0.0".
[4/4] Building fresh packages...
success Saved lockfile.
Done in 15.46s.

real    0m15.707s
user    0m12.978s
sys     0m2.187s
Fri Nov 22 07:45:01 PM EST 2024
On branch master
Changes not staged for commit:
  (use "git add <file>..." to update what will be committed)
  (use "git restore <file>..." to discard changes in working directory)
        modified:   yarn.lock

no changes added to commit (use "git add" and/or "git commit -a")
[master 1851be7] add all files
 1 file changed, 3 insertions(+), 3 deletions(-)
From github.com:kusl/mycontacts
 * branch            master     -> FETCH_HEAD
Current branch master is up to date.
Enumerating objects: 14, done.
Counting objects: 100% (14/14), done.
Delta compression using up to 4 threads
Compressing objects: 100% (9/9), done.
Writing objects: 100% (9/9), 1.40 KiB | 1.40 MiB/s, done.
Total 9 (delta 6), reused 0 (delta 0), pack-reused 0
remote: Resolving deltas: 100% (6/6), completed with 5 local objects.
To github.com:kusl/mycontacts.git
   3944bfe..1851be7  master -> master
yarn install v1.22.22
[1/4] Resolving packages...
success Already up-to-date.
Done in 0.63s.
yarn run v1.22.22
$ ng update
Using package manager: yarn
Collecting installed dependencies...
Found 28 dependencies.
    We analyzed your package.json and everything seems to be in order. Good work!
Done in 3.14s.
yarn run v1.22.22
$ ng build
Initial chunk files | Names         |  Raw size | Estimated transfer size
chunk-Z3QRDSSJ.js   | -             | 119.77 kB |                35.11 kB
main-4IGC7X44.js    | main          | 106.09 kB |                27.13 kB
styles-CXQUZ3PB.css | styles        |   6.98 kB |                 1.13 kB

                    | Initial total | 232.84 kB |                63.37 kB

Lazy chunk files    | Names         |  Raw size | Estimated transfer size
chunk-QOEJKQYO.js   | browser       |  67.49 kB |                17.70 kB

Application bundle generation complete. [4.640 seconds]

Output location: /home/kushal/src/angular/mycontacts/dist/mycontacts

Done in 5.88s.
On branch master
nothing to commit, working tree clean
On branch master
nothing to commit, working tree clean
From github.com:kusl/mycontacts
 * branch            master     -> FETCH_HEAD
Already up to date.
Everything up-to-date
yarn run v1.22.22
$ ng test
✔ Browser application bundle generation complete.
22 11 2024 19:45:26.681:INFO [karma-server]: Karma v6.4.4 server started at http://localhost:9876/
22 11 2024 19:45:26.685:INFO [launcher]: Launching browsers FirefoxHeadless with concurrency unlimited
22 11 2024 19:45:26.701:INFO [launcher]: Starting browser Firefox
22 11 2024 19:45:30.812:INFO [Firefox 128.0 (Linux x86_64)]: Connected on socket 3n3tvJASeuTBPf6LAAAB with id 99146495
Firefox 128.0 (Linux x86_64) AppComponent should have the 'mycontacts' title FAILED
        Expected 'My Contacts' to equal 'mycontacts'.
        <Jasmine>
        1675/</<@main.js:34:23
        <Jasmine>
Firefox 128.0 (Linux x86_64): Executed 3 of 3 (1 FAILED) (0 secs / 0.507 secs)
Firefox 128.0 (Linux x86_64) AppComponent should have the 'mycontacts' title FAILED
        Expected 'My Contacts' to equal 'mycontacts'.
        <Jasmine>
        1675/</<@main.js:34:23
Firefox 128.0 (Linux x86_64): Executed 3 of 3 (1 FAILED) (0.535 secs / 0.507 secs)
TOTAL: 1 FAILED, 2 SUCCESS
TOTAL: 1 FAILED, 2 SUCCESS
error Command failed with exit code 1.
info Visit https://yarnpkg.com/en/docs/cli/run for documentation about this command.
yarn run v1.22.22
$ ng update @angular/core @angular/cli @angular/material
Using package manager: yarn
Collecting installed dependencies...
Found 28 dependencies.
Fetching dependency metadata from registry...
Package '@angular/core' is already up to date.
Package '@angular/cli' is already up to date.
Package '@angular/material' is already up to date.
Done in 1.80s.
On branch master
nothing to commit, working tree clean
From github.com:kusl/mycontacts
 * branch            master     -> FETCH_HEAD
Already up to date.
Everything up-to-date
Latest version:     1.0.30001683
Installed version:  1.0.30001683
caniuse-lite is up to date
caniuse-lite has been successfully updated

No target browser changes
On branch master
nothing to commit, working tree clean
On branch master
nothing to commit, working tree clean
From github.com:kusl/mycontacts
 * branch            master     -> FETCH_HEAD
Already up to date.
Everything up-to-date
* remote origin
  Fetch URL: git@github.com:kusl/mycontacts.git
  Push  URL: git@github.com:kusl/mycontacts.git
  HEAD branch: master
  Remote branch:
    master tracked
  Local ref configured for 'git push':
    master pushes to master (up to date)
Fri Nov 22 07:45:40 PM EST 2024

real    0m56.243s
user    1m1.926s
sys     0m7.733s
kushal@colorado:~$ time bash ~/src/angular/coloradoquiz/update.sh; time bash ~/source/angulareighteen/update.sh; time bash ~/src/angular/mycontacts/update.sh;
