PowerShell 7.4.6
PS C:\Users\kushal> cd "C:\Users\kushal\src\myhtml"; yarn create vite hello-data-api-builder --template vanilla-ts
yarn create v1.22.21
[1/4] Resolving packages...
⠁ (node:11320) [DEP0040] DeprecationWarning: The `punycode` module is deprecated. Please use a userland alternative instead.
(Use `node --trace-deprecation ...` to show where the warning was created)
[2/4] Fetching packages...
[3/4] Linking dependencies...
[4/4] Building fresh packages...
success Installed "create-vite@5.5.5" with binaries:
      - create-vite
      - cva
[##########] 10/10
Scaffolding project in C:\Users\kushal\src\myhtml\hello-data-api-builder...

Done. Now run:

  cd hello-data-api-builder
  yarn
  yarn dev

Done in 2.27s.
PS C:\Users\kushal\src\myhtml> cd "C:\Users\kushal\src\myhtml\hello-data-api-builder\"; date; yarn; date; yarn build; date; yarn preview; date;

Tuesday, November 19, 2024 11:51:44 AM
yarn install v1.22.21
info No lockfile found.
[1/4] Resolving packages...
⠁ (node:6668) [DEP0040] DeprecationWarning: The `punycode` module is deprecated. Please use a userland alternative instead.
(Use `node --trace-deprecation ...` to show where the warning was created)
[2/4] Fetching packages...
[3/4] Linking dependencies...
[4/4] Building fresh packages...
success Saved lockfile.
Done in 1.97s.
Tuesday, November 19, 2024 11:51:47 AM
yarn run v1.22.21
$ tsc && vite build
vite v5.4.11 building for production...
✓ 7 modules transformed.
dist/index.html                 0.46 kB │ gzip: 0.29 kB
dist/assets/index-dv8c_Ups.css  1.21 kB │ gzip: 0.62 kB
dist/assets/index-D12_I9U1.js   3.05 kB │ gzip: 1.64 kB
✓ built in 143ms
Done in 1.68s.
Tuesday, November 19, 2024 11:51:48 AM
yarn run v1.22.21
$ vite preview
  ➜  Local:   http://localhost:4173/
  ➜  Network: use --host to expose
  ➜  press h + enter to show help
PS C:\Users\kushal\src\myhtml\hello-data-api-builder>
PS C:\Users\kushal\src\myhtml\hello-data-api-builder> cd "C:\Users\kushal\src\myhtml\hello-data-api-builder\"; date; yarn; date; yarn build; date; yarn dev; date;

Tuesday, November 19, 2024 11:55:59 AM
yarn install v1.22.21
[1/4] Resolving packages...
success Already up-to-date.
Done in 0.06s.
Tuesday, November 19, 2024 11:55:59 AM
yarn run v1.22.21
$ tsc && vite build
vite v5.4.11 building for production...
✓ 7 modules transformed.
dist/index.html                 0.46 kB │ gzip: 0.29 kB
dist/assets/index-dv8c_Ups.css  1.21 kB │ gzip: 0.62 kB
dist/assets/index-D12_I9U1.js   3.05 kB │ gzip: 1.64 kB
✓ built in 115ms
Done in 0.84s.
Tuesday, November 19, 2024 11:56:00 AM
yarn run v1.22.21
$ vite

  VITE v5.4.11  ready in 125 ms

  ➜  Local:   http://localhost:5173/
  ➜  Network: use --host to expose
  ➜  press h + enter to show help
12:01:17 PM [vite] page reload src/main.ts
12:01:55 PM [vite] page reload src/main.ts (x2)
^CTerminate batch job (Y/N)?
PS C:\Users\kushal\src\myhtml\hello-data-api-builder>
PS C:\Users\kushal\src\myhtml\hello-data-api-builder>
PS C:\Users\kushal\src\myhtml\hello-data-api-builder> ssh colorado
Linux colorado 6.1.0-27-amd64 #1 SMP PREEMPT_DYNAMIC Debian 6.1.115-1 (2024-11-01) x86_64

The programs included with the Debian GNU/Linux system are free software;
the exact distribution terms for each program are described in the
individual files in /usr/share/doc/*/copyright.

Debian GNU/Linux comes with ABSOLUTELY NO WARRANTY, to the extent
permitted by applicable law.
Last login: Tue Nov 19 07:46:39 2024 from fe80::975c:f636:bfb:5026%enp3s0
kushal@colorado:~$ time bash ~/src/angular/coloradoquiz/update.sh; time bash ~/source/angulareighteen/update.sh;
ping: sock4.fd: 3 (socktype: SOCK_RAW), sock6.fd: 4 (socktype: SOCK_RAW), hints.ai_family: AF_UNSPEC

[master 415ce9dac] add timestamp
 2 files changed, 25 insertions(+), 315 deletions(-)
[master cb9da1e25] begin add system status
 2 files changed, 39 insertions(+)
[master 0ba72895b] add system status
 1 file changed, 6 insertions(+)
[master 4d95768c2] end add system status
 1 file changed, 1 insertion(+)
[master 428d25576] begin update node
 2 files changed, 29 insertions(+)
Installing latest LTS version.
v22.11.0 is already installed.
Now using node v22.11.0 (npm v10.9.0)

real    0m0.823s
user    0m0.449s
sys     0m0.149s
Now using node v22.11.0 (npm v10.9.0)

real    0m0.256s
user    0m0.260s
sys     0m0.051s

added 33 packages, removed 3 packages, and changed 264 packages in 20s

52 packages are looking for funding
  run `npm fund` for details

real    0m19.618s
user    0m11.734s
sys     0m2.385s

real    0m1.369s
user    0m1.188s
sys     0m0.195s

real    0m0.891s
user    0m1.354s
sys     0m0.066s
[master 578d5fde4] end update node
 2 files changed, 68 insertions(+)
On branch master
Your branch is ahead of 'origin/master' by 6 commits.
  (use "git push" to publish your local commits)

nothing to commit, working tree clean
yarn run v1.22.22
$ ng update @angular/core @angular/cli @angular/material @angular/localize
The installed Angular CLI version is outdated.
Installing a temporary Angular CLI versioned 19.0.0 to perform the update.
Using package manager: yarn
Collecting installed dependencies...
Found 31 dependencies.
Fetching dependency metadata from registry...
    Updating package.json with dependency @angular-devkit/build-angular @ "19.0.0" (was "18.2.12")...
    Updating package.json with dependency @angular/cli @ "19.0.0" (was "18.2.12")...
    Updating package.json with dependency @angular/compiler-cli @ "19.0.0" (was "18.2.12")...
    Updating package.json with dependency @angular/localize @ "19.0.0" (was "18.2.12")...
    Updating package.json with dependency typescript @ "5.6.3" (was "5.4.5")...
    Updating package.json with dependency @angular/animations @ "19.0.0" (was "18.2.12")...
    Updating package.json with dependency @angular/cdk @ "19.0.0" (was "18.2.13")...
    Updating package.json with dependency @angular/common @ "19.0.0" (was "18.2.12")...
    Updating package.json with dependency @angular/compiler @ "19.0.0" (was "18.2.12")...
    Updating package.json with dependency @angular/core @ "19.0.0" (was "18.2.12")...
    Updating package.json with dependency @angular/forms @ "19.0.0" (was "18.2.12")...
    Updating package.json with dependency @angular/material @ "19.0.0" (was "18.2.13")...
    Updating package.json with dependency @angular/platform-browser @ "19.0.0" (was "18.2.12")...
    Updating package.json with dependency @angular/platform-browser-dynamic @ "19.0.0" (was "18.2.12")...
    Updating package.json with dependency @angular/router @ "19.0.0" (was "18.2.12")...
    Updating package.json with dependency @angular/service-worker @ "19.0.0" (was "18.2.12")...
    Updating package.json with dependency zone.js @ "0.15.0" (was "0.14.10")...
UPDATE package.json (1682 bytes)
✔ Cleaning node modules directory
✔ Installing packages
** Executing migrations of package '@angular/cli' **

❯ Update '@angular/ssr' import paths to use the new '/node' entry point when 'CommonEngine' is detected.
  Migration completed (No changes made).

❯ Update the workspace configuration by replacing deprecated options in 'angular.json' for compatibility with the latest Angular CLI changes.
  Migration completed (No changes made).

** Optional migrations of package '@angular/cli' **

This package has 1 optional migration that can be executed.
Optional migrations may be skipped and executed after the update process, if preferred.

 Select the migrations that you'd like to run [use-application-builder] Migrate application projects to the new build system. (https://angular.dev/tools/cli/build-system-migration)

❯ Migrate application projects to the new build system.
  Application projects that are using the '@angular-devkit/build-angular' package's 'browser' and/or 'browser-esbuild' builders will be migrated to use the new 'application' builder.
  You can read more about this, including known issues and limitations, here: https://angular.dev/tools/cli/build-system-migration
UPDATE tsconfig.json (772 bytes)
  Migration completed (1 file modified).

** Executing migrations of package '@angular/cdk' **

❯ Updates the Angular CDK to v19.

      ✓  Updated Angular CDK to version 19

  Migration completed (No changes made).

** Executing migrations of package '@angular/core' **

❯ Updates non-standalone Directives, Component and Pipes to 'standalone:false' and removes 'standalone:true' from those who are standalone.
UPDATE src/app/home/home.component.ts (472 bytes)
UPDATE src/app/key-industries/key-industries.component.ts (336 bytes)
UPDATE src/app/loader-io/loader-io.component.ts (316 bytes)
UPDATE src/app/news/news.component.ts (1575 bytes)
UPDATE src/app/playground/playground.component.ts (321 bytes)
UPDATE src/app/quiz/quiz.component.ts (4403 bytes)
UPDATE src/app/app.component.ts (853 bytes)
UPDATE src/app/loading/loading.component.ts (399 bytes)
UPDATE src/app/menu/menu.component.ts (297 bytes)
  Migration completed (9 files modified).

❯ Updates ExperimentalPendingTasks to PendingTasks.
  Migration completed (No changes made).

** Optional migrations of package '@angular/core' **

This package has 1 optional migration that can be executed.
Optional migrations may be skipped and executed after the update process, if preferred.

 Select the migrations that you'd like to run [provide-initializer] Replaces `APP_INITIALIZER`, `ENVIRONMENT_INITIALIZER` & `PLATFORM_INITIALIZER` respectively with `provideAppInitializer`, `provideEnvironmentInitializer` & `providePlatformInitializer`.

❯ Replaces `APP_INITIALIZER`, `ENVIRONMENT_INITIALIZER` & `PLATFORM_INITIALIZER` respectively with `provideAppInitializer`, `provideEnvironmentInitializer` & `providePlatformInitializer`.
  Migration completed (No changes made).

** Executing migrations of package '@angular/material' **

❯ Updates Angular Material to v19.

      ✓  Updated Angular Material to version 19

UPDATE src/styles.scss (1825 bytes)
  Migration completed (1 file modified).

Done in 92.39s.

real    1m32.641s
user    1m7.769s
sys     0m16.775s
[master 7c3516450] end prepare to update angular
 12 files changed, 1643 insertions(+), 1580 deletions(-)

real    0m3.733s
user    0m3.841s
sys     0m0.423s
[master bf7dcf0ee] begin prepare to build angular
 2 files changed, 37 insertions(+)

real    0m25.881s
user    1m10.666s
sys     0m3.707s
[master 46ffaba91] end prepare to build angular
 1 file changed, 17 insertions(+)
[master 00e3cbe48] begin prepare to unit test angular
 2 files changed, 28 insertions(+), 233 deletions(-)
- Generating browser application bundles (phase: setup)...
✔ Browser application bundle generation complete.
✔ Browser application bundle generation complete.
✔ Browser application bundle generation complete.
✔ Browser application bundle generation complete.
error Command failed with exit code 1.

real    0m43.897s
user    1m23.113s
sys     0m6.146s
[master f7c07dd87] end prepare to unit test angular
 2 files changed, 420 insertions(+)

real    0m0.332s
user    0m0.271s
sys     0m0.060s
[master 833fb784d] add timestamp
 2 files changed, 33 insertions(+)
From github.com:teamkushal/coloradoquiz
 * branch                master     -> FETCH_HEAD
Current branch master is up to date.
On branch master
Your branch is ahead of 'origin/master' by 13 commits.
  (use "git push" to publish your local commits)

nothing to commit, working tree clean
Enumerating objects: 94, done.
Counting objects: 100% (94/94), done.
Delta compression using up to 4 threads
Compressing objects: 100% (68/68), done.
Writing objects: 100% (70/70), 44.53 KiB | 3.42 MiB/s, done.
Total 70 (delta 54), reused 1 (delta 0), pack-reused 0
remote: Resolving deltas: 100% (54/54), completed with 24 local objects.
To github.com:teamkushal/coloradoquiz.git
   0f165ba4c..833fb784d  master -> master

real    3m34.468s
user    4m1.354s
sys     0m30.837s
Tue Nov 19 02:26:06 PM EST 2024
/home/kushal/source/angulareighteen/update.sh: line 10: nvm: command not found
/home/kushal/source/angulareighteen/update.sh: line 11: nvm: command not found
v22.11.0
10.9.0

changed 1 package in 901ms
Tue Nov 19 02:26:08 PM EST 2024
Tue Nov 19 02:26:08 PM EST 2024
yarn install v1.22.22
info No lockfile found.
[1/4] Resolving packages...
warning @angular-devkit/build-angular > critters@0.0.24: Ownership of Critters has moved to the Nuxt team, who will be maintaining the project going forward. If you'd like to keep using Critters, please switch to the actively-maintained fork at https://github.com/danielroe/beasties
warning @angular-devkit/build-angular > @angular/build > critters@0.0.24: Ownership of Critters has moved to the Nuxt team, who will be maintaining the project going forward. If you'd like to keep using Critters, please switch to the actively-maintained fork at https://github.com/danielroe/beasties
warning karma > glob@7.2.3: Glob versions prior to v9 are no longer supported
warning karma > rimraf@3.0.2: Rimraf versions prior to v4 are no longer supported
warning karma > rimraf > glob@7.2.3: Glob versions prior to v9 are no longer supported
warning karma > glob > inflight@1.0.6: This module is not supported, and leaks memory. Do not use it. Check out lru-cache if you want a good and tested way to coalesce async requests by a key value, which is much more comprehensive and powerful.
[2/4] Fetching packages...
[3/4] Linking dependencies...
[4/4] Building fresh packages...
success Saved lockfile.
Done in 16.53s.

real    0m16.889s
user    0m15.557s
sys     0m3.193s
Tue Nov 19 02:26:24 PM EST 2024
On branch master
Your branch is up to date with 'origin/master'.

Changes not staged for commit:
  (use "git add <file>..." to update what will be committed)
  (use "git restore <file>..." to discard changes in working directory)
        modified:   yarn.lock

no changes added to commit (use "git add" and/or "git commit -a")
[master 726efaf] add all files
 1 file changed, 12 insertions(+), 12 deletions(-)
From github.com:angulareighteen/angulareighteen.github.io
 * branch            master     -> FETCH_HEAD
Current branch master is up to date.
Enumerating objects: 5, done.
Counting objects: 100% (5/5), done.
Delta compression using up to 4 threads
Compressing objects: 100% (3/3), done.
Writing objects: 100% (3/3), 903 bytes | 903.00 KiB/s, done.
Total 3 (delta 2), reused 0 (delta 0), pack-reused 0
remote: Resolving deltas: 100% (2/2), completed with 2 local objects.
To github.com:angulareighteen/angulareighteen.github.io.git
   5fa6f05..726efaf  master -> master
yarn install v1.22.22
[1/4] Resolving packages...
success Already up-to-date.
Done in 0.63s.
yarn run v1.22.22
$ ng update
Using package manager: yarn
Collecting installed dependencies...
Found 27 dependencies.
    We analyzed your package.json, there are some packages to update:

      Name                               Version                  Command to update
     --------------------------------------------------------------------------------
      @angular/cdk                       18.2.14 -> 19.0.0        ng update @angular/cdk
      @angular/cli                       18.2.12 -> 19.0.0        ng update @angular/cli
      @angular/core                      18.2.12 -> 19.0.0        ng update @angular/core
      @angular/material                  18.2.14 -> 19.0.0        ng update @angular/material

    There might be additional packages which don't provide 'ng update' capabilities that are outdated.
    You can update the additional packages by running the update command of your package manager.
Done in 2.69s.
yarn run v1.22.22
$ ng build
Initial chunk files   | Names         |  Raw size | Estimated transfer size
chunk-KWCAKTGM.js     | -             | 112.86 kB |                33.04 kB
main-ZNSB7RPO.js      | main          |  98.31 kB |                24.92 kB
styles-OMYKBEYO.css   | styles        |  56.15 kB |                 5.97 kB
polyfills-FFHMD2TL.js | polyfills     |  34.52 kB |                11.28 kB

                      | Initial total | 301.83 kB |                75.21 kB

Lazy chunk files      | Names         |  Raw size | Estimated transfer size
chunk-B2B7JL6P.js     | browser       |  67.20 kB |                17.48 kB

Application bundle generation complete. [7.975 seconds]

Output location: /home/kushal/source/angulareighteen/docs

Done in 9.22s.
On branch master
Your branch is up to date with 'origin/master'.

nothing to commit, working tree clean
On branch master
Your branch is up to date with 'origin/master'.

nothing to commit, working tree clean
From github.com:angulareighteen/angulareighteen.github.io
 * branch            master     -> FETCH_HEAD
Already up to date.
Everything up-to-date
yarn run v1.22.22
$ ng test
✔ Browser application bundle generation complete.
19 11 2024 14:26:59.191:INFO [karma-server]: Karma v6.4.4 server started at http://localhost:9876/
19 11 2024 14:26:59.195:INFO [launcher]: Launching browsers FirefoxHeadless with concurrency unlimited
19 11 2024 14:26:59.218:INFO [launcher]: Starting browser Firefox
19 11 2024 14:27:03.159:INFO [Firefox 128.0 (Linux x86_64)]: Connected on socket YKnkAm46i_i3Ld-UAAAB with id 72711035
Firefox 128.0 (Linux x86_64): Executed 3 of 3 SUCCESS (0.313 secs / 0.296 secs)
TOTAL: 3 SUCCESS
Done in 21.50s.
yarn run v1.22.22
$ ng update @angular/core @angular/cli @angular/material
The installed Angular CLI version is outdated.
Installing a temporary Angular CLI versioned 19.0.0 to perform the update.
Using package manager: yarn
Collecting installed dependencies...
Found 27 dependencies.
Fetching dependency metadata from registry...
    Updating package.json with dependency @angular-devkit/build-angular @ "19.0.0" (was "18.2.12")...
    Updating package.json with dependency @angular/cli @ "19.0.0" (was "18.2.12")...
    Updating package.json with dependency @angular/compiler-cli @ "19.0.0" (was "18.2.12")...
    Updating package.json with dependency typescript @ "5.6.3" (was "5.4.5")...
    Updating package.json with dependency @angular/animations @ "19.0.0" (was "18.2.12")...
    Updating package.json with dependency @angular/cdk @ "19.0.0" (was "18.2.14")...
    Updating package.json with dependency @angular/common @ "19.0.0" (was "18.2.12")...
    Updating package.json with dependency @angular/compiler @ "19.0.0" (was "18.2.12")...
    Updating package.json with dependency @angular/core @ "19.0.0" (was "18.2.12")...
    Updating package.json with dependency @angular/forms @ "19.0.0" (was "18.2.12")...
    Updating package.json with dependency @angular/material @ "19.0.0" (was "18.2.14")...
    Updating package.json with dependency @angular/platform-browser @ "19.0.0" (was "18.2.12")...
    Updating package.json with dependency @angular/platform-browser-dynamic @ "19.0.0" (was "18.2.12")...
    Updating package.json with dependency @angular/router @ "19.0.0" (was "18.2.12")...
    Updating package.json with dependency zone.js @ "0.15.0" (was "0.14.10")...
UPDATE package.json (1196 bytes)
✔ Cleaning node modules directory
✔ Installing packages
** Executing migrations of package '@angular/cli' **

❯ Update '@angular/ssr' import paths to use the new '/node' entry point when 'CommonEngine' is detected.
  Migration completed (No changes made).

❯ Update the workspace configuration by replacing deprecated options in 'angular.json' for compatibility with the latest Angular CLI changes.
  Migration completed (No changes made).

** Optional migrations of package '@angular/cli' **

This package has 1 optional migration that can be executed.
Optional migrations may be skipped and executed after the update process, if preferred.

 Select the migrations that you'd like to run [use-application-builder] Migrate application projects to the new build system. (https://angular.dev/tools/cli/build-system-migration)

❯ Migrate application projects to the new build system.
  Application projects that are using the '@angular-devkit/build-angular' package's 'browser' and/or 'browser-esbuild' builders will be migrated to use the new 'application' builder.
  You can read more about this, including known issues and limitations, here: https://angular.dev/tools/cli/build-system-migration
UPDATE tsconfig.json (1021 bytes)
  Migration completed (1 file modified).

** Executing migrations of package '@angular/cdk' **

❯ Updates the Angular CDK to v19.

      ✓  Updated Angular CDK to version 19

  Migration completed (No changes made).

** Executing migrations of package '@angular/core' **

❯ Updates non-standalone Directives, Component and Pipes to 'standalone:false' and removes 'standalone:true' from those who are standalone.
UPDATE src/app/app.component.ts (300 bytes)
  Migration completed (1 file modified).

❯ Updates ExperimentalPendingTasks to PendingTasks.
  Migration completed (No changes made).

** Optional migrations of package '@angular/core' **

This package has 1 optional migration that can be executed.
Optional migrations may be skipped and executed after the update process, if preferred.

 Select the migrations that you'd like to run [provide-initializer] Replaces `APP_INITIALIZER`, `ENVIRONMENT_INITIALIZER` & `PLATFORM_INITIALIZER` respectively with `provideAppInitializer`, `provideEnvironmentInitializer` & `providePlatformInitializer`.

❯ Replaces `APP_INITIALIZER`, `ENVIRONMENT_INITIALIZER` & `PLATFORM_INITIALIZER` respectively with `provideAppInitializer`, `provideEnvironmentInitializer` & `providePlatformInitializer`.
  Migration completed (No changes made).

** Executing migrations of package '@angular/material' **

❯ Updates Angular Material to v19.

      ✓  Updated Angular Material to version 19

UPDATE src/styles.scss (1540 bytes)
  Migration completed (1 file modified).

Done in 48.91s.
[master c8e2e70] add all files
 4 files changed, 1343 insertions(+), 1285 deletions(-)
From github.com:angulareighteen/angulareighteen.github.io
 * branch            master     -> FETCH_HEAD
Current branch master is up to date.
Enumerating objects: 15, done.
Counting objects: 100% (15/15), done.
Delta compression using up to 4 threads
Compressing objects: 100% (8/8), done.
Writing objects: 100% (8/8), 28.62 KiB | 3.58 MiB/s, done.
Total 8 (delta 6), reused 0 (delta 0), pack-reused 0
remote: Resolving deltas: 100% (6/6), completed with 6 local objects.
To github.com:angulareighteen/angulareighteen.github.io.git
   726efaf..c8e2e70  master -> master
Latest version:     1.0.30001680
Installed version:  1.0.30001680
caniuse-lite is up to date
caniuse-lite has been successfully updated

No target browser changes
On branch master
Your branch is up to date with 'origin/master'.

nothing to commit, working tree clean
On branch master
Your branch is up to date with 'origin/master'.

nothing to commit, working tree clean
From github.com:angulareighteen/angulareighteen.github.io
 * branch            master     -> FETCH_HEAD
Already up to date.
Everything up-to-date
* remote origin
  Fetch URL: git@github.com:angulareighteen/angulareighteen.github.io.git
  Push  URL: git@github.com:angulareighteen/angulareighteen.github.io.git
  HEAD branch: master
  Remote branch:
    master tracked
  Local branch configured for 'git pull':
    master merges with remote master
  Local ref configured for 'git push':
    master pushes to master (up to date)
Tue Nov 19 02:28:00 PM EST 2024

real    1m53.312s
user    2m5.300s
sys     0m17.838s
kushal@colorado:~$ sudo echo "Current date and time: $(date)"; free -h; df -h; sudo ip addr; time ping -c 20 pcna.duckdns.org; time ping -c 20 kalimati.duckdns.org; time ping -c 20 colorado.duckdns.org; sudo echo "Current date and time: $(date)"; export DEBIAN_FRONTEND=noninteractive; time sudo apt update; time sudo apt -y upgrade; time sudo apt -y full-upgrade; time sudo apt -y autoremove; time sudo reboot;
[sudo] password for kushal:
Current date and time: Tue Nov 19 02:28:05 PM EST 2024
               total        used        free      shared  buff/cache   available
Mem:           3.7Gi       1.0Gi       915Mi       6.1Mi       2.1Gi       2.7Gi
Swap:          975Mi        86Mi       889Mi
Filesystem                     Size  Used Avail Use% Mounted on
udev                           1.9G     0  1.9G   0% /dev
tmpfs                          381M  1.5M  380M   1% /run
/dev/mapper/colorado--vg-root  915G  413G  456G  48% /
tmpfs                          1.9G     0  1.9G   0% /dev/shm
tmpfs                          5.0M  8.0K  5.0M   1% /run/lock
/dev/sda1                      455M  149M  282M  35% /boot
tmpfs                          381M   60K  381M   1% /run/user/113
tmpfs                          381M   52K  381M   1% /run/user/1000
1: lo: <LOOPBACK,UP,LOWER_UP> mtu 65536 qdisc noqueue state UNKNOWN group default qlen 1000
    link/loopback 00:00:00:00:00:00 brd 00:00:00:00:00:00
    inet 127.0.0.1/8 scope host lo
       valid_lft forever preferred_lft forever
    inet6 ::1/128 scope host noprefixroute
       valid_lft forever preferred_lft forever
2: enp3s0: <BROADCAST,MULTICAST,UP,LOWER_UP> mtu 1500 qdisc fq_codel state UP group default qlen 1000
    link/ether d0:67:e5:18:40:c1 brd ff:ff:ff:ff:ff:ff
    inet 192.168.0.102/24 brd 192.168.0.255 scope global dynamic noprefixroute enp3s0
       valid_lft 7063sec preferred_lft 7063sec
    inet6 fe80::d267:e5ff:fe18:40c1/64 scope link noprefixroute
       valid_lft forever preferred_lft forever
3: wlx34e894d0564e: <NO-CARRIER,BROADCAST,MULTICAST,UP> mtu 1500 qdisc mq state DOWN group default qlen 1000
    link/ether 34:e8:94:d0:56:4e brd ff:ff:ff:ff:ff:ff
4: br-2f8ddf5bc2ec: <NO-CARRIER,BROADCAST,MULTICAST,UP> mtu 1500 qdisc noqueue state DOWN group default
    link/ether 02:42:a8:4a:e2:e9 brd ff:ff:ff:ff:ff:ff
    inet 172.19.0.1/16 brd 172.19.255.255 scope global br-2f8ddf5bc2ec
       valid_lft forever preferred_lft forever
5: br-44e2aa3623ed: <NO-CARRIER,BROADCAST,MULTICAST,UP> mtu 1500 qdisc noqueue state DOWN group default
    link/ether 02:42:be:6f:ec:9d brd ff:ff:ff:ff:ff:ff
    inet 172.18.0.1/16 brd 172.18.255.255 scope global br-44e2aa3623ed
       valid_lft forever preferred_lft forever
6: docker0: <BROADCAST,MULTICAST,UP,LOWER_UP> mtu 1500 qdisc noqueue state UP group default
    link/ether 02:42:08:bf:4e:f3 brd ff:ff:ff:ff:ff:ff
    inet 172.17.0.1/16 brd 172.17.255.255 scope global docker0
       valid_lft forever preferred_lft forever
    inet6 fe80::42:8ff:febf:4ef3/64 scope link
       valid_lft forever preferred_lft forever
8: veth4b615b8@if7: <BROADCAST,MULTICAST,UP,LOWER_UP> mtu 1500 qdisc noqueue master docker0 state UP group default
    link/ether ea:bb:93:df:2a:dd brd ff:ff:ff:ff:ff:ff link-netnsid 0
    inet6 fe80::e8bb:93ff:fedf:2add/64 scope link
       valid_lft forever preferred_lft forever
PING pcna.duckdns.org (70.104.195.206) 56(84) bytes of data.
64 bytes from pool-70-104-195-206.nrflva.fios.verizon.net (70.104.195.206): icmp_seq=1 ttl=64 time=1.49 ms
64 bytes from pool-70-104-195-206.nrflva.fios.verizon.net (70.104.195.206): icmp_seq=2 ttl=64 time=8.20 ms
64 bytes from pool-70-104-195-206.nrflva.fios.verizon.net (70.104.195.206): icmp_seq=3 ttl=64 time=1.24 ms
64 bytes from pool-70-104-195-206.nrflva.fios.verizon.net (70.104.195.206): icmp_seq=4 ttl=64 time=12.9 ms
64 bytes from pool-70-104-195-206.nrflva.fios.verizon.net (70.104.195.206): icmp_seq=5 ttl=64 time=8.39 ms
64 bytes from pool-70-104-195-206.nrflva.fios.verizon.net (70.104.195.206): icmp_seq=6 ttl=64 time=1.90 ms
64 bytes from pool-70-104-195-206.nrflva.fios.verizon.net (70.104.195.206): icmp_seq=7 ttl=64 time=1.09 ms
64 bytes from pool-70-104-195-206.nrflva.fios.verizon.net (70.104.195.206): icmp_seq=8 ttl=64 time=2.03 ms
64 bytes from pool-70-104-195-206.nrflva.fios.verizon.net (70.104.195.206): icmp_seq=9 ttl=64 time=1.19 ms
64 bytes from pool-70-104-195-206.nrflva.fios.verizon.net (70.104.195.206): icmp_seq=10 ttl=64 time=1.31 ms
64 bytes from pool-70-104-195-206.nrflva.fios.verizon.net (70.104.195.206): icmp_seq=11 ttl=64 time=2.49 ms
64 bytes from pool-70-104-195-206.nrflva.fios.verizon.net (70.104.195.206): icmp_seq=12 ttl=64 time=1.81 ms
64 bytes from pool-70-104-195-206.nrflva.fios.verizon.net (70.104.195.206): icmp_seq=13 ttl=64 time=1.56 ms
64 bytes from pool-70-104-195-206.nrflva.fios.verizon.net (70.104.195.206): icmp_seq=14 ttl=64 time=3.34 ms
64 bytes from pool-70-104-195-206.nrflva.fios.verizon.net (70.104.195.206): icmp_seq=15 ttl=64 time=0.986 ms
64 bytes from pool-70-104-195-206.nrflva.fios.verizon.net (70.104.195.206): icmp_seq=16 ttl=64 time=1.11 ms
64 bytes from pool-70-104-195-206.nrflva.fios.verizon.net (70.104.195.206): icmp_seq=17 ttl=64 time=1.73 ms
64 bytes from pool-70-104-195-206.nrflva.fios.verizon.net (70.104.195.206): icmp_seq=18 ttl=64 time=1.19 ms
64 bytes from pool-70-104-195-206.nrflva.fios.verizon.net (70.104.195.206): icmp_seq=19 ttl=64 time=1.14 ms
64 bytes from pool-70-104-195-206.nrflva.fios.verizon.net (70.104.195.206): icmp_seq=20 ttl=64 time=1.06 ms

--- pcna.duckdns.org ping statistics ---
20 packets transmitted, 20 received, 0% packet loss, time 19030ms
rtt min/avg/max/mdev = 0.986/2.806/12.868/3.111 ms

real    0m19.076s
user    0m0.003s
sys     0m0.006s
PING kalimati.duckdns.org (70.104.195.206) 56(84) bytes of data.
64 bytes from pool-70-104-195-206.nrflva.fios.verizon.net (70.104.195.206): icmp_seq=1 ttl=64 time=1.10 ms
64 bytes from pool-70-104-195-206.nrflva.fios.verizon.net (70.104.195.206): icmp_seq=2 ttl=64 time=1.10 ms
64 bytes from pool-70-104-195-206.nrflva.fios.verizon.net (70.104.195.206): icmp_seq=3 ttl=64 time=1.13 ms
64 bytes from pool-70-104-195-206.nrflva.fios.verizon.net (70.104.195.206): icmp_seq=4 ttl=64 time=1.23 ms
64 bytes from pool-70-104-195-206.nrflva.fios.verizon.net (70.104.195.206): icmp_seq=5 ttl=64 time=1.12 ms
64 bytes from pool-70-104-195-206.nrflva.fios.verizon.net (70.104.195.206): icmp_seq=6 ttl=64 time=1.31 ms
64 bytes from pool-70-104-195-206.nrflva.fios.verizon.net (70.104.195.206): icmp_seq=7 ttl=64 time=1.86 ms
64 bytes from pool-70-104-195-206.nrflva.fios.verizon.net (70.104.195.206): icmp_seq=8 ttl=64 time=1.49 ms
64 bytes from pool-70-104-195-206.nrflva.fios.verizon.net (70.104.195.206): icmp_seq=9 ttl=64 time=1.29 ms
64 bytes from pool-70-104-195-206.nrflva.fios.verizon.net (70.104.195.206): icmp_seq=10 ttl=64 time=1.08 ms
64 bytes from pool-70-104-195-206.nrflva.fios.verizon.net (70.104.195.206): icmp_seq=11 ttl=64 time=1.02 ms
64 bytes from pool-70-104-195-206.nrflva.fios.verizon.net (70.104.195.206): icmp_seq=12 ttl=64 time=1.41 ms
64 bytes from pool-70-104-195-206.nrflva.fios.verizon.net (70.104.195.206): icmp_seq=13 ttl=64 time=1.39 ms
64 bytes from pool-70-104-195-206.nrflva.fios.verizon.net (70.104.195.206): icmp_seq=14 ttl=64 time=1.07 ms
64 bytes from pool-70-104-195-206.nrflva.fios.verizon.net (70.104.195.206): icmp_seq=15 ttl=64 time=1.12 ms
64 bytes from pool-70-104-195-206.nrflva.fios.verizon.net (70.104.195.206): icmp_seq=16 ttl=64 time=1.35 ms
64 bytes from pool-70-104-195-206.nrflva.fios.verizon.net (70.104.195.206): icmp_seq=17 ttl=64 time=1.16 ms
64 bytes from pool-70-104-195-206.nrflva.fios.verizon.net (70.104.195.206): icmp_seq=18 ttl=64 time=1.25 ms
64 bytes from pool-70-104-195-206.nrflva.fios.verizon.net (70.104.195.206): icmp_seq=19 ttl=64 time=3.40 ms
64 bytes from pool-70-104-195-206.nrflva.fios.verizon.net (70.104.195.206): icmp_seq=20 ttl=64 time=1.10 ms

--- kalimati.duckdns.org ping statistics ---
20 packets transmitted, 20 received, 0% packet loss, time 19029ms
rtt min/avg/max/mdev = 1.023/1.348/3.395/0.506 ms

real    0m19.071s
user    0m0.000s
sys     0m0.009s
PING colorado.duckdns.org (70.104.195.206) 56(84) bytes of data.
64 bytes from pool-70-104-195-206.nrflva.fios.verizon.net (70.104.195.206): icmp_seq=1 ttl=64 time=1.02 ms
64 bytes from pool-70-104-195-206.nrflva.fios.verizon.net (70.104.195.206): icmp_seq=2 ttl=64 time=1.76 ms
64 bytes from pool-70-104-195-206.nrflva.fios.verizon.net (70.104.195.206): icmp_seq=3 ttl=64 time=1.14 ms
64 bytes from pool-70-104-195-206.nrflva.fios.verizon.net (70.104.195.206): icmp_seq=4 ttl=64 time=1.21 ms
64 bytes from pool-70-104-195-206.nrflva.fios.verizon.net (70.104.195.206): icmp_seq=5 ttl=64 time=1.15 ms
64 bytes from pool-70-104-195-206.nrflva.fios.verizon.net (70.104.195.206): icmp_seq=6 ttl=64 time=1.09 ms
64 bytes from pool-70-104-195-206.nrflva.fios.verizon.net (70.104.195.206): icmp_seq=7 ttl=64 time=1.12 ms
64 bytes from pool-70-104-195-206.nrflva.fios.verizon.net (70.104.195.206): icmp_seq=8 ttl=64 time=1.17 ms
64 bytes from pool-70-104-195-206.nrflva.fios.verizon.net (70.104.195.206): icmp_seq=9 ttl=64 time=1.25 ms
64 bytes from pool-70-104-195-206.nrflva.fios.verizon.net (70.104.195.206): icmp_seq=10 ttl=64 time=1.10 ms
64 bytes from pool-70-104-195-206.nrflva.fios.verizon.net (70.104.195.206): icmp_seq=11 ttl=64 time=1.02 ms
64 bytes from pool-70-104-195-206.nrflva.fios.verizon.net (70.104.195.206): icmp_seq=12 ttl=64 time=1.04 ms
64 bytes from pool-70-104-195-206.nrflva.fios.verizon.net (70.104.195.206): icmp_seq=13 ttl=64 time=1.57 ms
64 bytes from pool-70-104-195-206.nrflva.fios.verizon.net (70.104.195.206): icmp_seq=14 ttl=64 time=3.75 ms
64 bytes from pool-70-104-195-206.nrflva.fios.verizon.net (70.104.195.206): icmp_seq=15 ttl=64 time=2.29 ms
64 bytes from pool-70-104-195-206.nrflva.fios.verizon.net (70.104.195.206): icmp_seq=16 ttl=64 time=1.46 ms
64 bytes from pool-70-104-195-206.nrflva.fios.verizon.net (70.104.195.206): icmp_seq=17 ttl=64 time=1.58 ms
64 bytes from pool-70-104-195-206.nrflva.fios.verizon.net (70.104.195.206): icmp_seq=18 ttl=64 time=1.12 ms
64 bytes from pool-70-104-195-206.nrflva.fios.verizon.net (70.104.195.206): icmp_seq=19 ttl=64 time=1.01 ms
64 bytes from pool-70-104-195-206.nrflva.fios.verizon.net (70.104.195.206): icmp_seq=20 ttl=64 time=2.22 ms

--- colorado.duckdns.org ping statistics ---
20 packets transmitted, 20 received, 0% packet loss, time 19027ms
rtt min/avg/max/mdev = 1.007/1.452/3.748/0.643 ms

real    0m19.070s
user    0m0.004s
sys     0m0.005s
Current date and time: Tue Nov 19 02:29:06 PM EST 2024
Hit:1 http://deb.debian.org/debian bookworm InRelease
Get:2 http://security.debian.org/debian-security bookworm-security InRelease [48.0 kB]
Get:3 http://deb.debian.org/debian bookworm-updates InRelease [55.4 kB]
Get:4 http://security.debian.org/debian-security bookworm-security/main Sources [126 kB]
Get:5 http://security.debian.org/debian-security bookworm-security/main amd64 Packages [204 kB]
Get:6 http://security.debian.org/debian-security bookworm-security/main Translation-en [125 kB]
Fetched 559 kB in 1s (1,059 kB/s)
Reading package lists... Done
Building dependency tree... Done
Reading state information... Done
2 packages can be upgraded. Run 'apt list --upgradable' to see them.

real    0m1.830s
user    0m0.013s
sys     0m0.000s
Reading package lists... Done
Building dependency tree... Done
Reading state information... Done
Calculating upgrade... Done
The following package was automatically installed and is no longer required:
  libmodule-scandeps-perl
Use 'sudo apt autoremove' to remove it.
The following packages will be upgraded:
  libmodule-scandeps-perl needrestart
2 upgraded, 0 newly installed, 0 to remove and 0 not upgraded.
Need to get 103 kB of archives.
After this operation, 4,096 B of additional disk space will be used.
Get:1 http://security.debian.org/debian-security bookworm-security/main amd64 libmodule-scandeps-perl all 1.31-2+deb12u1 [42.3 kB]
Get:2 http://security.debian.org/debian-security bookworm-security/main amd64 needrestart all 3.6-4+deb12u2 [60.3 kB]
Fetched 103 kB in 0s (996 kB/s)
apt-listchanges: Reading changelogs...
(Reading database ... 160041 files and directories currently installed.)
Preparing to unpack .../libmodule-scandeps-perl_1.31-2+deb12u1_all.deb ...
Unpacking libmodule-scandeps-perl (1.31-2+deb12u1) over (1.31-2) ...
Preparing to unpack .../needrestart_3.6-4+deb12u2_all.deb ...
Unpacking needrestart (3.6-4+deb12u2) over (3.6-4+deb12u1) ...
Setting up needrestart (3.6-4+deb12u2) ...
Setting up libmodule-scandeps-perl (1.31-2+deb12u1) ...
Processing triggers for man-db (2.11.2-2) ...
Scanning processes...
Scanning processor microcode...
Scanning linux images...

Running kernel seems to be up-to-date.

The processor microcode seems to be up-to-date.

No services need to be restarted.

No containers need to be restarted.

No user sessions are running outdated binaries.

No VM guests are running outdated hypervisor (qemu) binaries on this host.

real    0m4.681s
user    0m0.009s
sys     0m0.009s
Reading package lists... Done
Building dependency tree... Done
Reading state information... Done
Calculating upgrade... Done
The following package was automatically installed and is no longer required:
  libmodule-scandeps-perl
Use 'sudo apt autoremove' to remove it.
0 upgraded, 0 newly installed, 0 to remove and 0 not upgraded.

real    0m0.583s
user    0m0.000s
sys     0m0.008s
Reading package lists... Done
Building dependency tree... Done
Reading state information... Done
The following packages will be REMOVED:
  libmodule-scandeps-perl
0 upgraded, 0 newly installed, 1 to remove and 0 not upgraded.
After this operation, 108 kB disk space will be freed.
(Reading database ... 160041 files and directories currently installed.)
Removing libmodule-scandeps-perl (1.31-2+deb12u1) ...
Processing triggers for man-db (2.11.2-2) ...

real    0m2.154s
user    0m0.002s
sys     0m0.006s

Broadcast message from root@colorado on pts/1 (Tue 2024-11-19 14:29:15 EST):

The system will reboot now!


real    0m0.044s
user    0m0.008s
sys     0m0.000s
kushal@colorado:~$ Connection to colorado closed by remote host.
Connection to colorado closed.
PS C:\Users\kushal\src\myhtml\hello-data-api-builder> ssh colorado
Linux colorado 6.1.0-27-amd64 #1 SMP PREEMPT_DYNAMIC Debian 6.1.115-1 (2024-11-01) x86_64

The programs included with the Debian GNU/Linux system are free software;
the exact distribution terms for each program are described in the
individual files in /usr/share/doc/*/copyright.

Debian GNU/Linux comes with ABSOLUTELY NO WARRANTY, to the extent
permitted by applicable law.
Last login: Tue Nov 19 14:22:21 2024 from fe80::975c:f636:bfb:5026%enp3s0
kushal@colorado:~$ time bash ~/src/angular/coloradoquiz/update.sh; time bash ~/source/angulareighteen/update.sh;
ping: sock4.fd: 3 (socktype: SOCK_RAW), sock6.fd: 4 (socktype: SOCK_RAW), hints.ai_family: AF_UNSPEC

[master 24160ca3c] add timestamp
 2 files changed, 25 insertions(+), 311 deletions(-)
[master 18344aabe] begin add system status
 2 files changed, 39 insertions(+)
[master b93bd9738] add system status
 1 file changed, 6 insertions(+)
[master d65480e27] end add system status
 1 file changed, 1 insertion(+)
[master f988394c3] begin update node
 2 files changed, 29 insertions(+)
Installing latest LTS version.
v22.11.0 is already installed.
Now using node v22.11.0 (npm v10.9.0)

real    0m0.805s
user    0m0.416s
sys     0m0.166s
Now using node v22.11.0 (npm v10.9.0)

real    0m0.258s
user    0m0.259s
sys     0m0.055s

changed 297 packages in 20s

52 packages are looking for funding
  run `npm fund` for details

real    0m19.615s
user    0m10.815s
sys     0m2.479s

real    0m1.416s
user    0m1.203s
sys     0m0.225s

real    0m0.890s
user    0m1.323s
sys     0m0.109s
[master 078dca731] end update node
 2 files changed, 66 insertions(+)
On branch master
Your branch is ahead of 'origin/master' by 6 commits.
  (use "git push" to publish your local commits)

nothing to commit, working tree clean
yarn run v1.22.22
$ ng update @angular/core @angular/cli @angular/material @angular/localize
Using package manager: yarn
Collecting installed dependencies...
Found 31 dependencies.
Fetching dependency metadata from registry...
Package '@angular/core' is already up to date.
Package '@angular/cli' is already up to date.
Package '@angular/material' is already up to date.
Package '@angular/localize' is already up to date.
Done in 2.15s.

real    0m2.393s
user    0m1.726s
sys     0m0.354s
On branch master
Your branch is ahead of 'origin/master' by 6 commits.
  (use "git push" to publish your local commits)

nothing to commit, working tree clean

real    0m3.570s
user    0m3.839s
sys     0m0.355s
[master a03b66837] begin prepare to build angular
 2 files changed, 37 insertions(+)

real    0m15.992s
user    0m35.383s
sys     0m2.019s
[master aeade52d7] end prepare to build angular
 1 file changed, 17 insertions(+)
[master 25973ea5f] begin prepare to unit test angular
 2 files changed, 28 insertions(+), 392 deletions(-)
- Generating browser application bundles (phase: setup)...
✔ Browser application bundle generation complete.
✔ Browser application bundle generation complete.
✔ Browser application bundle generation complete.
error Command failed with exit code 1.

real    0m26.126s
user    0m39.301s
sys     0m4.240s
[master 53037c8d7] end prepare to unit test angular
 2 files changed, 181 insertions(+)

real    0m0.318s
user    0m0.260s
sys     0m0.057s
[master 3e5acecd9] add timestamp
 2 files changed, 33 insertions(+)
From github.com:teamkushal/coloradoquiz
 * branch                master     -> FETCH_HEAD
Current branch master is up to date.
On branch master
Your branch is ahead of 'origin/master' by 12 commits.
  (use "git push" to publish your local commits)

nothing to commit, working tree clean
Enumerating objects: 52, done.
Counting objects: 100% (52/52), done.
Delta compression using up to 4 threads
Compressing objects: 100% (44/44), done.
Writing objects: 100% (46/46), 6.20 KiB | 2.07 MiB/s, done.
Total 46 (delta 32), reused 1 (delta 0), pack-reused 0
remote: Resolving deltas: 100% (32/32), completed with 6 local objects.
To github.com:teamkushal/coloradoquiz.git
   833fb784d..3e5acecd9  master -> master

real    1m35.782s
user    1m35.125s
sys     0m10.848s
Tue Nov 19 02:37:32 PM EST 2024
/home/kushal/source/angulareighteen/update.sh: line 10: nvm: command not found
/home/kushal/source/angulareighteen/update.sh: line 11: nvm: command not found
v22.11.0
10.9.0

changed 1 package in 815ms
Tue Nov 19 02:37:33 PM EST 2024
Tue Nov 19 02:37:33 PM EST 2024
yarn install v1.22.22
info No lockfile found.
[1/4] Resolving packages...
info There appears to be trouble with the npm registry (returned undefined). Retrying...
warning karma > glob@7.2.3: Glob versions prior to v9 are no longer supported
warning karma > rimraf@3.0.2: Rimraf versions prior to v4 are no longer supported
warning karma > rimraf > glob@7.2.3: Glob versions prior to v9 are no longer supported
warning karma > glob > inflight@1.0.6: This module is not supported, and leaks memory. Do not use it. Check out lru-cache if you want a good and tested way to coalesce async requests by a key value, which is much more comprehensive and powerful.
[2/4] Fetching packages...
[3/4] Linking dependencies...
warning "@angular-devkit/build-angular > @vitejs/plugin-basic-ssl@1.1.0" has unmet peer dependency "vite@^3.0.0 || ^4.0.0 || ^5.0.0".
warning "@angular-devkit/build-angular > @angular/build > @inquirer/confirm@5.0.2" has unmet peer dependency "@types/node@>=18".
warning "@angular-devkit/build-angular > @angular/build > @inquirer/confirm > @inquirer/type@3.0.1" has unmet peer dependency "@types/node@>=18".
warning "@angular/cli > @inquirer/prompts@7.1.0" has unmet peer dependency "@types/node@>=18".
warning "@angular/cli > @inquirer/prompts > @inquirer/checkbox@4.0.2" has unmet peer dependency "@types/node@>=18".
warning "@angular/cli > @inquirer/prompts > @inquirer/expand@4.0.2" has unmet peer dependency "@types/node@>=18".
warning "@angular/cli > @inquirer/prompts > @inquirer/editor@4.1.0" has unmet peer dependency "@types/node@>=18".
warning "@angular/cli > @inquirer/prompts > @inquirer/input@4.0.2" has unmet peer dependency "@types/node@>=18".
warning "@angular/cli > @inquirer/prompts > @inquirer/number@3.0.2" has unmet peer dependency "@types/node@>=18".
warning "@angular/cli > @inquirer/prompts > @inquirer/rawlist@4.0.2" has unmet peer dependency "@types/node@>=18".
warning "@angular/cli > @inquirer/prompts > @inquirer/password@4.0.2" has unmet peer dependency "@types/node@>=18".
warning "@angular/cli > @inquirer/prompts > @inquirer/search@3.0.2" has unmet peer dependency "@types/node@>=18".
warning "@angular/cli > @inquirer/prompts > @inquirer/select@4.0.2" has unmet peer dependency "@types/node@>=18".
[4/4] Building fresh packages...
success Saved lockfile.
Done in 15.94s.

real    0m16.292s
user    0m12.913s
sys     0m2.259s
Tue Nov 19 02:37:49 PM EST 2024
On branch master
Your branch is up to date with 'origin/master'.

nothing to commit, working tree clean
On branch master
Your branch is up to date with 'origin/master'.

nothing to commit, working tree clean
From github.com:angulareighteen/angulareighteen.github.io
 * branch            master     -> FETCH_HEAD
Already up to date.
Everything up-to-date
yarn install v1.22.22
[1/4] Resolving packages...
success Already up-to-date.
Done in 0.62s.
yarn run v1.22.22
$ ng update
Using package manager: yarn
Collecting installed dependencies...
Found 27 dependencies.
    We analyzed your package.json and everything seems to be in order. Good work!
Done in 2.74s.
yarn run v1.22.22
$ ng build
Initial chunk files   | Names         |  Raw size | Estimated transfer size
chunk-I6WO6DMZ.js     | -             | 114.11 kB |                33.70 kB
main-ZYUJU5LJ.js      | main          |  98.22 kB |                25.34 kB
styles-U4H6PSGJ.css   | styles        |  53.25 kB |                 5.25 kB
polyfills-FFHMD2TL.js | polyfills     |  34.52 kB |                11.28 kB

                      | Initial total | 300.09 kB |                75.57 kB

Lazy chunk files      | Names         |  Raw size | Estimated transfer size
chunk-6VKC6WYA.js     | browser       |  67.49 kB |                17.70 kB

Application bundle generation complete. [12.609 seconds]

▲ [WARNING] angular:styles/component:css;802bd11d2fffcfccea9b81d73128145c62e67559689fbf7b080b6d250733a2b1;/home/kushal/source/angulareighteen/src/app/app.component.html exceeded maximum budget. Budget 2.05 kB was not met by 878 bytes with a total of 2.93 kB.


Output location: /home/kushal/source/angulareighteen/docs

Done in 14.01s.
On branch master
Your branch is up to date with 'origin/master'.

Changes not staged for commit:
  (use "git add/rm <file>..." to update what will be committed)
  (use "git restore <file>..." to discard changes in working directory)
        deleted:    docs/chunk-B2B7JL6P.js
        deleted:    docs/chunk-KWCAKTGM.js
        modified:   docs/index.html
        deleted:    docs/main-ZNSB7RPO.js
        deleted:    docs/styles-OMYKBEYO.css

Untracked files:
  (use "git add <file>..." to include in what will be committed)
        docs/chunk-6VKC6WYA.js
        docs/chunk-I6WO6DMZ.js
        docs/main-ZYUJU5LJ.js
        docs/prerendered-routes.json
        docs/styles-U4H6PSGJ.css

no changes added to commit (use "git add" and/or "git commit -a")
[master b64e8ae] add all files
 10 files changed, 16 insertions(+), 179 deletions(-)
 create mode 100644 docs/chunk-6VKC6WYA.js
 delete mode 100644 docs/chunk-B2B7JL6P.js
 create mode 100644 docs/chunk-I6WO6DMZ.js
 delete mode 100644 docs/chunk-KWCAKTGM.js
 delete mode 100644 docs/main-ZNSB7RPO.js
 create mode 100644 docs/main-ZYUJU5LJ.js
 create mode 100644 docs/prerendered-routes.json
 delete mode 100644 docs/styles-OMYKBEYO.css
 create mode 100644 docs/styles-U4H6PSGJ.css
From github.com:angulareighteen/angulareighteen.github.io
 * branch            master     -> FETCH_HEAD
Current branch master is up to date.
Enumerating objects: 12, done.
Counting objects: 100% (12/12), done.
Delta compression using up to 4 threads
Compressing objects: 100% (8/8), done.
Writing objects: 100% (9/9), 91.61 KiB | 4.36 MiB/s, done.
Total 9 (delta 2), reused 0 (delta 0), pack-reused 0
remote: Resolving deltas: 100% (2/2), completed with 2 local objects.
To github.com:angulareighteen/angulareighteen.github.io.git
   c8e2e70..b64e8ae  master -> master
yarn run v1.22.22
$ ng test
✔ Browser application bundle generation complete.
19 11 2024 14:38:34.578:INFO [karma-server]: Karma v6.4.4 server started at http://localhost:9876/
19 11 2024 14:38:34.582:INFO [launcher]: Launching browsers FirefoxHeadless with concurrency unlimited
19 11 2024 14:38:34.613:INFO [launcher]: Starting browser Firefox
19 11 2024 14:38:37.852:INFO [Firefox 128.0 (Linux x86_64)]: Connected on socket r5Tjhf2SKrigCnoAAAAB with id 36025985
Firefox 128.0 (Linux x86_64): Executed 3 of 3 SUCCESS (0.009 secs / 0.329 secs)
TOTAL: 3 SUCCESS
Done in 28.73s.
yarn run v1.22.22
$ ng update @angular/core @angular/cli @angular/material
Using package manager: yarn
Collecting installed dependencies...
Found 27 dependencies.
Fetching dependency metadata from registry...
Package '@angular/core' is already up to date.
Package '@angular/cli' is already up to date.
Package '@angular/material' is already up to date.
Done in 1.58s.
On branch master
Your branch is up to date with 'origin/master'.

nothing to commit, working tree clean
From github.com:angulareighteen/angulareighteen.github.io
 * branch            master     -> FETCH_HEAD
Already up to date.
Everything up-to-date
Latest version:     1.0.30001680
Installed version:  1.0.30001680
caniuse-lite is up to date
caniuse-lite has been successfully updated

No target browser changes
On branch master
Your branch is up to date with 'origin/master'.

nothing to commit, working tree clean
On branch master
Your branch is up to date with 'origin/master'.

nothing to commit, working tree clean
From github.com:angulareighteen/angulareighteen.github.io
 * branch            master     -> FETCH_HEAD
Already up to date.
Everything up-to-date
* remote origin
  Fetch URL: git@github.com:angulareighteen/angulareighteen.github.io.git
  Push  URL: git@github.com:angulareighteen/angulareighteen.github.io.git
  HEAD branch: master
  Remote branch:
    master tracked
  Local branch configured for 'git pull':
    master merges with remote master
  Local ref configured for 'git push':
    master pushes to master (up to date)
Tue Nov 19 02:38:48 PM EST 2024

real    1m16.518s
user    2m2.351s
sys     0m8.932s
kushal@colorado:~$ exit
logout
Connection to colorado closed.
PS C:\Users\kushal\src\myhtml\hello-data-api-builder> C:\Users\kushal\src\myhtml\fromnepal\public\omnibus.ps1
Transcript started, output file is C:\Users\kushal\src\myhtml\fromnepal\public\notes\output.txt

Tuesday, November 19, 2024 2:45:53 PM
     Removed 926 files, 454.2MiB total
Tuesday, November 19, 2024 2:45:54 PM
   Compiling windows_x86_64_msvc v0.52.6
   Compiling proc-macro2 v1.0.89
   Compiling unicode-ident v1.0.13
   Compiling pin-project-lite v0.2.15
   Compiling bytes v1.8.0
   Compiling autocfg v1.4.0
   Compiling futures-core v0.3.31
   Compiling itoa v1.0.11
   Compiling futures-sink v0.3.31
   Compiling fnv v1.0.7
   Compiling cfg-if v1.0.0
   Compiling once_cell v1.20.2
   Compiling memchr v2.7.4
   Compiling httparse v1.9.5
   Compiling hashbrown v0.15.0
   Compiling equivalent v1.0.1
   Compiling pin-utils v0.1.0
   Compiling futures-io v0.3.31
   Compiling futures-task v0.3.31
   Compiling windows_x86_64_msvc v0.48.5
   Compiling tinyvec_macros v0.1.1
   Compiling native-tls v0.2.12
   Compiling atomic-waker v1.1.2
   Compiling tracing-core v0.1.32
   Compiling try-lock v0.2.5
   Compiling serde v1.0.213
   Compiling want v0.3.1
   Compiling tinyvec v1.8.0
   Compiling futures-channel v0.3.31
   Compiling smallvec v1.13.2
   Compiling percent-encoding v2.3.1
   Compiling byteorder v1.5.0
   Compiling http v1.1.0
   Compiling form_urlencoded v1.2.1
   Compiling getrandom v0.2.15
   Compiling slab v0.4.9
   Compiling tower-service v0.3.3
   Compiling ryu v1.0.18
   Compiling windows-targets v0.52.6
   Compiling tracing v0.1.40
   Compiling windows-sys v0.52.0
   Compiling windows-sys v0.59.0
   Compiling indexmap v2.6.0
   Compiling windows-result v0.2.0
   Compiling unicode-bidi v0.3.17
   Compiling serde_json v1.0.132
   Compiling rand_core v0.6.4
   Compiling windows-strings v0.1.0
   Compiling windows-targets v0.48.5
   Compiling thiserror v1.0.65
   Compiling futures-util v0.3.31
   Compiling rustls-pki-types v1.10.0
   Compiling quote v1.0.37
   Compiling windows-sys v0.48.0
   Compiling sync_wrapper v1.0.1
   Compiling encoding_rs v0.8.35
   Compiling windows-registry v0.2.0
   Compiling unicode-normalization v0.1.24
   Compiling syn v2.0.85
   Compiling http-body v1.0.1
   Compiling ipnet v2.10.1
   Compiling base64 v0.22.1
   Compiling rustls-pemfile v2.2.0
   Compiling mime v0.3.17
   Compiling log v0.4.22
   Compiling dotenv v0.15.0
   Compiling idna v0.5.0
   Compiling url v2.5.2
   Compiling zerocopy-derive v0.7.35
   Compiling serde_derive v1.0.213
   Compiling thiserror-impl v1.0.65
   Compiling socket2 v0.5.7
   Compiling mio v1.0.2
   Compiling home v0.5.9
   Compiling etcetera v0.8.0
   Compiling zerocopy v0.7.35
   Compiling tokio v1.41.0
   Compiling ppv-lite86 v0.2.20
   Compiling schannel v0.1.26
   Compiling http-body-util v0.1.2
   Compiling rand_chacha v0.3.1
   Compiling rand v0.8.5
   Compiling serde_urlencoded v0.7.1
   Compiling tokio-util v0.7.12
   Compiling tokio-native-tls v0.3.1
   Compiling h2 v0.4.6
   Compiling hyper v1.5.0
   Compiling hyper-util v0.1.9
   Compiling hyper-tls v0.6.0
   Compiling reqwest v0.12.8
   Compiling helloworld v0.1.1 (C:\Users\kushal\RustroverProjects\helloworld)
warning: struct `Graph` is never constructed
 --> src\graph.rs:3:12
  |
3 | pub struct Graph {
  |            ^^^^^
  |
  = note: `#[warn(dead_code)]` on by default

warning: associated items `new`, `add_node`, `add_edge`, `bfs`, `dfs`, and `dfs_recursive` are never used
  --> src\graph.rs:8:12
   |
7  | impl Graph {
   | ---------- associated items in this implementation
8  |     pub fn new() -> Self {
   |            ^^^
...
14 |     pub fn add_node(&mut self, value: &str) {
   |            ^^^^^^^^
...
18 |     pub fn add_edge(&mut self, from: &str, to: &str) {
   |            ^^^^^^^^
...
24 |     pub fn bfs(&self, start: &str) -> Vec<String> {
   |            ^^^
...
48 |     pub fn dfs(&self, start: &str) -> Vec<String> {
   |            ^^^
...
55 |     fn dfs_recursive(&self, node: &str, visited: &mut HashMap<String, bool>, result: &mut Vec<String>) {
   |        ^^^^^^^^^^^^^

warning: `helloworld` (bin "helloworld") generated 2 warnings
    Finished `dev` profile [unoptimized + debuginfo] target(s) in 27.69s
Tuesday, November 19, 2024 2:46:21 PM
   Compiling helloworld v0.1.1 (C:\Users\kushal\RustroverProjects\helloworld)
    Finished `test` profile [unoptimized + debuginfo] target(s) in 1.11s
     Running unittests src/main.rs (target\debug\deps\helloworld-358f72777eb128ff.exe)

running 24 tests
test greatest_common_divisor::tests::test_both_are_zero ... ok
test greatest_common_divisor::tests::test_gcd ... ok
test graph::tests::test_bfs ... ok
test graph::tests::test_dfs ... ok
test greatest_common_divisor::tests::test_large_composite_numbers ... ok
test greatest_common_divisor::tests::test_large_numbers ... ok
test greatest_common_divisor::tests::test_large_prime_numbers ... ok
test greatest_common_divisor::tests::test_large_numbers_performance ... ok
test greatest_common_divisor::tests::test_large_numbers_performance_single ... ok
test greatest_common_divisor::tests::test_mixed_numbers ... ok
test greatest_common_divisor::tests::test_large_numbers_performance_multiple ... ok
test greatest_common_divisor::tests::test_one_is_one ... ok
test greatest_common_divisor::tests::test_one_is_zero ... ok
test greatest_common_divisor::tests::test_zero_input ... ok
test greatest_common_divisor::tests::test_prime_numbers ... ok
test my_data_types::tests::test_not_a_number ... ok
test greatest_common_divisor::tests::test_zero_input_3 ... ok
test my_math::tests::test_add ... ok
test my_math::tests::test_add_multiply_ambiguous ... ok
test my_math::tests::test_add_zero ... ok
test my_math::tests::test_multiply ... ok
test my_math::tests::test_multiply_zero ... ok
test shadowing::tests::test_shadow ... ok
test shadowing::tests::test_shadow_string_length ... ok

test result: ok. 24 passed; 0 failed; 0 ignored; 0 measured; 0 filtered out; finished in 0.01s

Tuesday, November 19, 2024 2:46:23 PM
Tuesday, November 19, 2024 2:46:23 PM
On branch master
Your branch is up to date with 'origin/master'.

nothing to commit, working tree clean
Tuesday, November 19, 2024 2:46:23 PM
On branch master
Your branch is up to date with 'origin/master'.

nothing to commit, working tree clean
Tuesday, November 19, 2024 2:46:23 PM
From github.com:kusl/hellorust20240711
 * branch            master     -> FETCH_HEAD
 = [up to date]      master     -> origin/master
Already up to date.
Tuesday, November 19, 2024 2:46:23 PM
Pushing to github.com:kusl/hellorust20240711.git
To github.com:kusl/hellorust20240711.git
 = [up to date]      master -> master
updating local tracking ref 'refs/remotes/origin/master'
Everything up-to-date
Tuesday, November 19, 2024 2:46:24 PM
warning: in the working copy of 'docs/icon_cube.svg', LF will be replaced by CRLF the next time Git touches it
warning: in the working copy of 'docs/icon_fork.svg', LF will be replaced by CRLF the next time Git touches it
warning: in the working copy of 'docs/icon_info-circled.svg', LF will be replaced by CRLF the next time Git touches it
warning: in the working copy of 'docs/icon_info-circled_dark.svg', LF will be replaced by CRLF the next time Git touches it
warning: in the working copy of 'docs/icon_minus.svg', LF will be replaced by CRLF the next time Git touches it
warning: in the working copy of 'docs/icon_plus.svg', LF will be replaced by CRLF the next time Git touches it
warning: in the working copy of 'docs/icon_search-minus.svg', LF will be replaced by CRLF the next time Git touches it
warning: in the working copy of 'docs/icon_search-plus.svg', LF will be replaced by CRLF the next time Git touches it
warning: in the working copy of 'docs/icon_sponsor.svg', LF will be replaced by CRLF the next time Git touches it
warning: in the working copy of 'docs/icon_star.svg', LF will be replaced by CRLF the next time Git touches it
warning: in the working copy of 'docs/icon_star_dark.svg', LF will be replaced by CRLF the next time Git touches it
warning: in the working copy of 'docs/icon_up-dir.svg', LF will be replaced by CRLF the next time Git touches it
warning: in the working copy of 'docs/icon_up-dir_active.svg', LF will be replaced by CRLF the next time Git touches it
warning: in the working copy of 'docs/icon_up-down-dir.svg', LF will be replaced by CRLF the next time Git touches it
warning: in the working copy of 'docs/icon_up-down-dir_dark.svg', LF will be replaced by CRLF the next time Git touches it
warning: in the working copy of 'docs/icon_wrench.svg', LF will be replaced by CRLF the next time Git touches it
Tuesday, November 19, 2024 2:48:22 PM
On branch master
Your branch is up to date with 'origin/master'.

Changes to be committed:
  (use "git restore --staged <file>..." to unstage)
        modified:   docs/hellolib_BabysFirstDynamicProgrammingMethods.html
        modified:   docs/hellolib_BubbleSort.html
        modified:   docs/hellolib_CurrentWeather.html
        modified:   docs/hellolib_DesignDynamicArray.html
        modified:   docs/hellolib_DotnetNineGuid.html
        modified:   docs/hellolib_Entity.html
        modified:   docs/hellolib_FindClosestNumberToZero.html
        modified:   docs/hellolib_Graph.html
        modified:   docs/hellolib_Knapsack.html
        modified:   docs/hellolib_KnapsackItem.html
        modified:   docs/hellolib_ListNode.html
        modified:   docs/hellolib_MergeSort.html
        modified:   docs/hellolib_MergeSortedArray.html
        modified:   docs/hellolib_MergeStringsAlternately.html
        modified:   docs/hellolib_MinimumCoin.html
        modified:   docs/hellolib_MyCleaner.html
        modified:   docs/hellolib_MySearch.html
        modified:   docs/hellolib_PascalTriangle.html
        modified:   docs/hellolib_PasswordSettings.html
        modified:   docs/hellolib_Person.html
        modified:   docs/hellolib_PersonFactory.html
        modified:   docs/hellolib_Revocation.html
        modified:   docs/hellolib_RomanToInteger.html
        modified:   docs/hellolib_SinglyLinkedList.html
        modified:   docs/hellolib_SinglyLinkedListAddTwoNumbers.html
        modified:   docs/hellolib_SinglyLinkedListNode.html
        modified:   docs/hellolib_TwoSum.html
        modified:   docs/hellolib_Weather.html
        modified:   docs/hellolib_WeatherFetchException.html
        modified:   docs/index.htm
        modified:   docs/index.html
        modified:   dotnet.txt
        modified:   tests/dotnet.txt

Tuesday, November 19, 2024 2:48:22 PM
[master 95e6047] build application
 33 files changed, 482 insertions(+), 528 deletions(-)
Tuesday, November 19, 2024 2:48:22 PM
From github.com:patstha/mydotnet
 * branch            master     -> FETCH_HEAD
 = [up to date]      master     -> origin/master
Current branch master is up to date.
Tuesday, November 19, 2024 2:48:23 PM
Pushing to github.com:patstha/mydotnet.git
Enumerating objects: 71, done.
Counting objects: 100% (71/71), done.
Delta compression using up to 16 threads
Compressing objects: 100% (36/36), done.
Writing objects: 100% (36/36), 6.10 KiB | 1.53 MiB/s, done.
Total 36 (delta 35), reused 0 (delta 0), pack-reused 0 (from 0)
remote: Resolving deltas: 100% (35/35), completed with 35 local objects.
To github.com:patstha/mydotnet.git
   98e8076..95e6047  master -> master
updating local tracking ref 'refs/remotes/origin/master'
Tuesday, November 19, 2024 2:48:24 PM
Tuesday, November 19, 2024 2:48:24 PM
yarn install v1.22.21
[1/4] Resolving packages...
success Already up-to-date.
Done in 0.10s.
Tuesday, November 19, 2024 2:48:24 PM
yarn run v1.22.21
$ tsc && vite build
vite v5.4.8 building for production...
✓ 5 modules transformed.
docs/index.html                0.27 kB │ gzip: 0.22 kB
docs/assets/index-D1OKu7AJ.js  8.63 kB │ gzip: 3.19 kB
✓ built in 183ms
Done in 1.51s.
Tuesday, November 19, 2024 2:48:26 PM
warning: in the working copy of 'docs/assets/index-D1OKu7AJ.js', LF will be replaced by CRLF the next time Git touches it
warning: in the working copy of 'docs/index.html', LF will be replaced by CRLF the next time Git touches it
Tuesday, November 19, 2024 2:48:26 PM
On branch kus-2024-10-30-modules
nothing to commit, working tree clean
Tuesday, November 19, 2024 2:48:26 PM
On branch kus-2024-10-30-modules
nothing to commit, working tree clean
Tuesday, November 19, 2024 2:48:26 PM
From github.com:matchthree/matchthree.github.io
 * branch            master     -> FETCH_HEAD
Current branch kus-2024-10-30-modules is up to date.
Tuesday, November 19, 2024 2:48:27 PM
Everything up-to-date
Tuesday, November 19, 2024 2:48:27 PM
Tuesday, November 19, 2024 2:48:27 PM
Tuesday, November 19, 2024 2:48:28 PM
On branch main
nothing to commit, working tree clean
Tuesday, November 19, 2024 2:48:28 PM
Tuesday, November 19, 2024 2:48:28 PM
Tuesday, November 19, 2024 2:48:31 PM
Image downloaded successfully to C:\Users\kushal\src\myhtml\fromnepal\public\notes\earth.jpeg
Tuesday, November 19, 2024 2:48:31 PM
Tuesday, November 19, 2024 2:48:31 PM
yarn install v1.22.21
[1/4] Resolving packages...
success Already up-to-date.
Done in 0.13s.
Tuesday, November 19, 2024 2:48:31 PM
yarn run v1.22.21
$ tsc && vite build
vite v5.4.11 building for production...
✓ 5 modules transformed.
docs/index.html                 0.53 kB │ gzip: 0.32 kB
docs/assets/index-C7fM1CLc.css  4.60 kB │ gzip: 1.63 kB
docs/assets/index-CG30pmQG.js   2.94 kB │ gzip: 1.31 kB
✓ built in 3.70s
Done in 6.63s.
Tuesday, November 19, 2024 2:48:38 PM
Transcript stopped, output file is C:\Users\kushal\src\myhtml\fromnepal\public\notes\output.txt
warning: in the working copy of 'docs/assets/index-C7fM1CLc.css', LF will be replaced by CRLF the next time Git touches it
warning: in the working copy of 'docs/assets/index-CG30pmQG.js', LF will be replaced by CRLF the next time Git touches it
warning: in the working copy of 'docs/index.html', LF will be replaced by CRLF the next time Git touches it
warning: in the working copy of 'docs/notes/2024/11/15/hybridcache.en.vtt', LF will be replaced by CRLF the next time Git touches it
warning: in the working copy of 'docs/notes/2024/11/15/l1-show.en.vtt', LF will be replaced by CRLF the next time Git touches it
warning: in the working copy of 'docs/notes/2024/11/15/modernwinforms.en.vtt', LF will be replaced by CRLF the next time Git touches it
warning: in the working copy of 'docs/notes/2024/11/15/myvtt.en.vtt', LF will be replaced by CRLF the next time Git touches it
warning: in the working copy of 'docs/notes/2024/11/15/myvtt.en.vtt.en.vtt', LF will be replaced by CRLF the next time Git touches it
warning: in the working copy of 'docs/notes/2024/11/15/nyt-podcasts-trump-cabinet-picks.en.vtt', LF will be replaced by CRLF the next time Git touches it
warning: in the working copy of 'docs/notes/2024/11/15/tldr-global.en.vtt', LF will be replaced by CRLF the next time Git touches it
warning: in the working copy of 'docs/notes/2024/11/18/november2024a/.gitattributes', LF will be replaced by CRLF the next time Git touches it
warning: in the working copy of 'docs/notes/2024/11/18/november2024a/.gitignore', LF will be replaced by CRLF the next time Git touches it
warning: in the working copy of 'docs/notes/2024/11/18/november2024a/build.gradle.kts', LF will be replaced by CRLF the next time Git touches it
warning: in the working copy of 'docs/notes/2024/11/18/november2024a/gradle/wrapper/gradle-wrapper.properties', LF will be replaced by CRLF the next time Git touches it
warning: in the working copy of 'docs/notes/2024/11/18/november2024a/settings.gradle.kts', LF will be replaced by CRLF the next time Git touches it
warning: in the working copy of 'docs/notes/2024/11/18/november2024a/src/main/kotlin/com/github/kusl/november2024a/November2024aApplication.kt', LF will be replaced by CRLF the next time Git touches it
warning: in the working copy of 'docs/notes/2024/11/18/november2024a/src/main/resources/application.properties', LF will be replaced by CRLF the next time Git touches it
warning: in the working copy of 'docs/notes/2024/11/18/november2024a/src/test/kotlin/com/github/kusl/november2024a/November2024aApplicationTests.kt', LF will be replaced by CRLF the next time Git touches it
warning: in the working copy of 'docs/notes/2024/11/18/requirements.txt', LF will be replaced by CRLF the next time Git touches it
warning: in the working copy of 'docs/notes/A3B318B569046159E1DD6616D2E646D9434350E6.asc', LF will be replaced by CRLF the next time Git touches it
warning: in the working copy of 'docs/notes/Nationalism, Explained [AXz0kbMKPu0].en.vtt', LF will be replaced by CRLF the next time Git touches it
warning: in the working copy of 'docs/notes/favicon_io/about.txt', LF will be replaced by CRLF the next time Git touches it
warning: in the working copy of 'docs/notes/yt/aoc-Eh7bFt7oUto.en.vtt', LF will be replaced by CRLF the next time Git touches it
warning: in the working copy of 'docs/notes/yt/aoc-WoP9BJiItSI.en.vtt', LF will be replaced by CRLF the next time Git touches it
warning: in the working copy of 'docs/notes/yt/asianometry-mm-wave-5g.en.vtt', LF will be replaced by CRLF the next time Git touches it
warning: in the working copy of 'docs/notes/yt/bravos-ILJ41tmQAQ8.en.vtt', LF will be replaced by CRLF the next time Git touches it
warning: in the working copy of 'docs/notes/yt/coffee-software-DSbuyscXX7I.en.vtt', LF will be replaced by CRLF the next time Git touches it
warning: in the working copy of 'docs/notes/yt/continuous-delivery-_zUkNrUp0Ok.en.vtt', LF will be replaced by CRLF the next time Git touches it
warning: in the working copy of 'docs/notes/yt/continuous-delivery-pair-programming-5TTsIkmtKUg.en.vtt', LF will be replaced by CRLF the next time Git touches it
warning: in the working copy of 'docs/notes/yt/diabetes-PsQj2Hg1oFM.en.vtt', LF will be replaced by CRLF the next time Git touches it
warning: in the working copy of 'docs/notes/yt/diabetes-PsQj2Hg1oFM.hi.vtt', LF will be replaced by CRLF the next time Git touches it
warning: in the working copy of 'docs/notes/yt/diabetes-Yys5zeoDi2E.en.vtt', LF will be replaced by CRLF the next time Git touches it
warning: in the working copy of 'docs/notes/yt/dotnet-new-c-sharp-13-japXYFS9YPQ.en.vtt', LF will be replaced by CRLF the next time Git touches it
warning: in the working copy of 'docs/notes/yt/enrico-7nnyv4yJGJc.en.vtt', LF will be replaced by CRLF the next time Git touches it
warning: in the working copy of 'docs/notes/yt/germany-_ywqDbHiMrs.en.vtt', LF will be replaced by CRLF the next time Git touches it
warning: in the working copy of 'docs/notes/yt/hankschannel-nuclear-16203Tks_0I.en.vtt', LF will be replaced by CRLF the next time Git touches it
warning: in the working copy of 'docs/notes/yt/l1-icydock-3KCaS7EK6Rc.en.vtt', LF will be replaced by CRLF the next time Git touches it
warning: in the working copy of 'docs/notes/yt/l1show-EI5iZ4LNsyQ.en.vtt', LF will be replaced by CRLF the next time Git touches it
warning: in the working copy of 'docs/notes/yt/mileage-mike-ring-road-DhZH0KbcwX4.en.vtt', LF will be replaced by CRLF the next time Git touches it
warning: in the working copy of 'docs/notes/yt/mit-rto-4ec_yZCWOCY.en.vtt', LF will be replaced by CRLF the next time Git touches it
warning: in the working copy of 'docs/notes/yt/msnbc-EmvYGLySOVE.en.vtt', LF will be replaced by CRLF the next time Git touches it
warning: in the working copy of 'docs/notes/yt/ndc-oA7xeRyxMSo.en.vtt', LF will be replaced by CRLF the next time Git touches it
warning: in the working copy of 'docs/notes/yt/nytimes-Dj05EvWQ8NY.en.vtt', LF will be replaced by CRLF the next time Git touches it
warning: in the working copy of 'docs/notes/yt/nytimes-X_gotjGG4ug.en.vtt', LF will be replaced by CRLF the next time Git touches it
warning: in the working copy of 'docs/notes/yt/nytimes-daily-bernie-xvYvfOcEFXI.en.vtt', LF will be replaced by CRLF the next time Git touches it
warning: in the working copy of 'docs/notes/yt/nytimes-l7s8QizovG8.en.vtt', LF will be replaced by CRLF the next time Git touches it
warning: in the working copy of 'docs/notes/yt/otago-kotlin-multiplatform.en.vtt', LF will be replaced by CRLF the next time Git touches it
warning: in the working copy of 'docs/notes/yt/road-guy-rob-K1TFOK4_07s.en.vtt', LF will be replaced by CRLF the next time Git touches it
warning: in the working copy of 'docs/notes/yt/the-economist-kyiv-xn-AnTYs2H8.en.vtt', LF will be replaced by CRLF the next time Git touches it
warning: in the working copy of 'docs/notes/yt/the-millitary-show-china-hellscape.en.vtt', LF will be replaced by CRLF the next time Git touches it
warning: in the working copy of 'docs/notes/yt/tldr-news-eu-COEfdZVTFCQ.en.vtt', LF will be replaced by CRLF the next time Git touches it
warning: in the working copy of 'docs/notes/yt/tldr-news-global-2024-11-16-a8NmPDUdzhU.en.vtt', LF will be replaced by CRLF the next time Git touches it
warning: in the working copy of 'docs/notes/yt/trudeau-immigration-vOB7-dbYuCc.en.vtt', LF will be replaced by CRLF the next time Git touches it
warning: in the working copy of 'docs/notes/yt/versed-h_rsF8eVPqY.en.vtt', LF will be replaced by CRLF the next time Git touches it
warning: in the working copy of 'docs/notes/yt/vivienne-yang-FR6hhULZLfw.en.vtt', LF will be replaced by CRLF the next time Git touches it
warning: in the working copy of 'docs/notes/yt/william-spaniel-polling-hhaNiF5aCCY.en.vtt', LF will be replaced by CRLF the next time Git touches it
warning: in the working copy of 'docs/notes/ytotago-kotlin-multiplatform.en.vtt', LF will be replaced by CRLF the next time Git touches it
Tuesday, November 19, 2024 2:49:05 PM
On branch main
Your branch is up to date with 'origin/main'.

Changes to be committed:
  (use "git restore --staged <file>..." to unstage)
        modified:   docs/notes/earth.jpeg
        modified:   docs/notes/output.txt
        modified:   docs/powershell.txt
        modified:   public/notes/earth.jpeg
        modified:   public/notes/output.txt
        modified:   public/powershell.txt

Tuesday, November 19, 2024 2:49:05 PM
[main 8bc35b4b] build application
 6 files changed, 1628 insertions(+), 7388 deletions(-)
Tuesday, November 19, 2024 2:49:05 PM
From github.com:fromnepal/fromnepal.github.io
 * branch              main       -> FETCH_HEAD
Current branch main is up to date.
Tuesday, November 19, 2024 2:49:08 PM
Enumerating objects: 18, done.
Counting objects: 100% (18/18), done.
Delta compression using up to 16 threads
Compressing objects: 100% (10/10), done.
Writing objects: 100% (10/10), 15.52 MiB | 8.29 MiB/s, done.
Total 10 (delta 8), reused 0 (delta 0), pack-reused 0 (from 0)
remote: Resolving deltas: 100% (8/8), completed with 6 local objects.
To github.com:fromnepal/fromnepal.github.io.git
   3d531960..8bc35b4b  main -> main
Tuesday, November 19, 2024 2:49:12 PM

PS C:\Users\kushal\src\myhtml\fromnepal> C:\Users\kushal\src\myhtml\fromnepal\public\omnibus.ps1
Transcript started, output file is C:\Users\kushal\src\myhtml\fromnepal\public\notes\output.txt

Tuesday, November 19, 2024 2:54:16 PM
     Removed 926 files, 454.1MiB total
Tuesday, November 19, 2024 2:54:16 PM
   Compiling windows_x86_64_msvc v0.52.6
   Compiling proc-macro2 v1.0.89
   Compiling unicode-ident v1.0.13
   Compiling bytes v1.8.0
   Compiling pin-project-lite v0.2.15
   Compiling futures-core v0.3.31
   Compiling autocfg v1.4.0
   Compiling itoa v1.0.11
   Compiling futures-sink v0.3.31
   Compiling fnv v1.0.7
   Compiling memchr v2.7.4
   Compiling once_cell v1.20.2
   Compiling cfg-if v1.0.0
   Compiling futures-task v0.3.31
   Compiling httparse v1.9.5
   Compiling equivalent v1.0.1
   Compiling pin-utils v0.1.0
   Compiling futures-io v0.3.31
   Compiling hashbrown v0.15.0
   Compiling try-lock v0.2.5
   Compiling tinyvec_macros v0.1.1
   Compiling tracing-core v0.1.32
   Compiling serde v1.0.213
   Compiling native-tls v0.2.12
   Compiling windows_x86_64_msvc v0.48.5
   Compiling atomic-waker v1.1.2
   Compiling want v0.3.1
   Compiling tinyvec v1.8.0
   Compiling futures-channel v0.3.31
   Compiling windows-targets v0.52.6
   Compiling percent-encoding v2.3.1
   Compiling smallvec v1.13.2
   Compiling windows-sys v0.52.0
   Compiling http v1.1.0
   Compiling windows-sys v0.59.0
   Compiling byteorder v1.5.0
   Compiling slab v0.4.9
   Compiling tracing v0.1.40
   Compiling form_urlencoded v1.2.1
   Compiling windows-result v0.2.0
   Compiling getrandom v0.2.15
   Compiling serde_json v1.0.132
   Compiling indexmap v2.6.0
   Compiling ryu v1.0.18
   Compiling tower-service v0.3.3
   Compiling unicode-bidi v0.3.17
   Compiling windows-strings v0.1.0
   Compiling quote v1.0.37
   Compiling rand_core v0.6.4
   Compiling windows-targets v0.48.5
   Compiling futures-util v0.3.31
   Compiling rustls-pki-types v1.10.0
   Compiling thiserror v1.0.65
   Compiling windows-registry v0.2.0
   Compiling syn v2.0.85
   Compiling unicode-normalization v0.1.24
   Compiling windows-sys v0.48.0
   Compiling sync_wrapper v1.0.1
   Compiling http-body v1.0.1
   Compiling encoding_rs v0.8.35
   Compiling base64 v0.22.1
   Compiling log v0.4.22
   Compiling mime v0.3.17
   Compiling rustls-pemfile v2.2.0
   Compiling ipnet v2.10.1
   Compiling dotenv v0.15.0
   Compiling idna v0.5.0
   Compiling url v2.5.2
   Compiling zerocopy-derive v0.7.35
   Compiling serde_derive v1.0.213
   Compiling thiserror-impl v1.0.65
   Compiling mio v1.0.2
   Compiling socket2 v0.5.7
   Compiling home v0.5.9
   Compiling etcetera v0.8.0
   Compiling zerocopy v0.7.35
   Compiling http-body-util v0.1.2
   Compiling tokio v1.41.0
   Compiling ppv-lite86 v0.2.20
   Compiling rand_chacha v0.3.1
   Compiling rand v0.8.5
   Compiling schannel v0.1.26
   Compiling tokio-util v0.7.12
   Compiling tokio-native-tls v0.3.1
   Compiling h2 v0.4.6
   Compiling serde_urlencoded v0.7.1
   Compiling hyper v1.5.0
   Compiling hyper-util v0.1.9
   Compiling hyper-tls v0.6.0
   Compiling reqwest v0.12.8
   Compiling helloworld v0.1.1 (C:\Users\kushal\RustroverProjects\helloworld)
warning: struct `Graph` is never constructed
 --> src\graph.rs:3:12
  |
3 | pub struct Graph {
  |            ^^^^^
  |
  = note: `#[warn(dead_code)]` on by default

warning: associated items `new`, `add_node`, `add_edge`, `bfs`, `dfs`, and `dfs_recursive` are never used
  --> src\graph.rs:8:12
   |
7  | impl Graph {
   | ---------- associated items in this implementation
8  |     pub fn new() -> Self {
   |            ^^^
...
14 |     pub fn add_node(&mut self, value: &str) {
   |            ^^^^^^^^
...
18 |     pub fn add_edge(&mut self, from: &str, to: &str) {
   |            ^^^^^^^^
...
24 |     pub fn bfs(&self, start: &str) -> Vec<String> {
   |            ^^^
...
48 |     pub fn dfs(&self, start: &str) -> Vec<String> {
   |            ^^^
...
55 |     fn dfs_recursive(&self, node: &str, visited: &mut HashMap<String, bool>, result: &mut Vec<String>) {
   |        ^^^^^^^^^^^^^

warning: `helloworld` (bin "helloworld") generated 2 warnings
    Finished `dev` profile [unoptimized + debuginfo] target(s) in 19.58s
Tuesday, November 19, 2024 2:54:36 PM
   Compiling helloworld v0.1.1 (C:\Users\kushal\RustroverProjects\helloworld)
    Finished `test` profile [unoptimized + debuginfo] target(s) in 1.11s
     Running unittests src/main.rs (target\debug\deps\helloworld-358f72777eb128ff.exe)

running 24 tests
test greatest_common_divisor::tests::test_both_are_zero ... ok
test graph::tests::test_dfs ... ok
test greatest_common_divisor::tests::test_gcd ... ok
test graph::tests::test_bfs ... ok
test greatest_common_divisor::tests::test_large_numbers ... ok
test greatest_common_divisor::tests::test_large_prime_numbers ... ok
test greatest_common_divisor::tests::test_large_numbers_performance_single ... ok
test greatest_common_divisor::tests::test_large_numbers_performance ... ok
test greatest_common_divisor::tests::test_large_composite_numbers ... ok
test greatest_common_divisor::tests::test_mixed_numbers ... ok
test greatest_common_divisor::tests::test_large_numbers_performance_multiple ... ok
test greatest_common_divisor::tests::test_prime_numbers ... ok
test greatest_common_divisor::tests::test_one_is_one ... ok
test greatest_common_divisor::tests::test_zero_input ... ok
test greatest_common_divisor::tests::test_zero_input_3 ... ok
test greatest_common_divisor::tests::test_one_is_zero ... ok
test my_data_types::tests::test_not_a_number ... ok
test my_math::tests::test_add ... ok
test my_math::tests::test_add_multiply_ambiguous ... ok
test my_math::tests::test_add_zero ... ok
test my_math::tests::test_multiply ... ok
test my_math::tests::test_multiply_zero ... ok
test shadowing::tests::test_shadow ... ok
test shadowing::tests::test_shadow_string_length ... ok

test result: ok. 24 passed; 0 failed; 0 ignored; 0 measured; 0 filtered out; finished in 0.00s

Tuesday, November 19, 2024 2:54:37 PM
Tuesday, November 19, 2024 2:54:37 PM
On branch master
Your branch is up to date with 'origin/master'.

nothing to commit, working tree clean
Tuesday, November 19, 2024 2:54:37 PM
On branch master
Your branch is up to date with 'origin/master'.

nothing to commit, working tree clean
Tuesday, November 19, 2024 2:54:37 PM
From github.com:kusl/hellorust20240711
 * branch            master     -> FETCH_HEAD
 = [up to date]      master     -> origin/master
Already up to date.
Tuesday, November 19, 2024 2:54:38 PM
Pushing to github.com:kusl/hellorust20240711.git
To github.com:kusl/hellorust20240711.git
 = [up to date]      master -> master
updating local tracking ref 'refs/remotes/origin/master'
Everything up-to-date
Tuesday, November 19, 2024 2:54:38 PM
warning: in the working copy of 'docs/icon_cube.svg', LF will be replaced by CRLF the next time Git touches it
warning: in the working copy of 'docs/icon_fork.svg', LF will be replaced by CRLF the next time Git touches it
warning: in the working copy of 'docs/icon_info-circled.svg', LF will be replaced by CRLF the next time Git touches it
warning: in the working copy of 'docs/icon_info-circled_dark.svg', LF will be replaced by CRLF the next time Git touches it
warning: in the working copy of 'docs/icon_minus.svg', LF will be replaced by CRLF the next time Git touches it
warning: in the working copy of 'docs/icon_plus.svg', LF will be replaced by CRLF the next time Git touches it
warning: in the working copy of 'docs/icon_search-minus.svg', LF will be replaced by CRLF the next time Git touches it
warning: in the working copy of 'docs/icon_search-plus.svg', LF will be replaced by CRLF the next time Git touches it
warning: in the working copy of 'docs/icon_sponsor.svg', LF will be replaced by CRLF the next time Git touches it
warning: in the working copy of 'docs/icon_star.svg', LF will be replaced by CRLF the next time Git touches it
warning: in the working copy of 'docs/icon_star_dark.svg', LF will be replaced by CRLF the next time Git touches it
warning: in the working copy of 'docs/icon_up-dir.svg', LF will be replaced by CRLF the next time Git touches it
warning: in the working copy of 'docs/icon_up-dir_active.svg', LF will be replaced by CRLF the next time Git touches it
warning: in the working copy of 'docs/icon_up-down-dir.svg', LF will be replaced by CRLF the next time Git touches it
warning: in the working copy of 'docs/icon_up-down-dir_dark.svg', LF will be replaced by CRLF the next time Git touches it
warning: in the working copy of 'docs/icon_wrench.svg', LF will be replaced by CRLF the next time Git touches it
Tuesday, November 19, 2024 2:56:47 PM
On branch master
Your branch is up to date with 'origin/master'.

Changes to be committed:
  (use "git restore --staged <file>..." to unstage)
        modified:   docs/hellolib_BabysFirstDynamicProgrammingMethods.html
        modified:   docs/hellolib_BubbleSort.html
        modified:   docs/hellolib_CurrentWeather.html
        modified:   docs/hellolib_DesignDynamicArray.html
        modified:   docs/hellolib_DotnetNineGuid.html
        modified:   docs/hellolib_Entity.html
        modified:   docs/hellolib_FindClosestNumberToZero.html
        modified:   docs/hellolib_Graph.html
        modified:   docs/hellolib_Knapsack.html
        modified:   docs/hellolib_KnapsackItem.html
        modified:   docs/hellolib_ListNode.html
        modified:   docs/hellolib_MergeSort.html
        modified:   docs/hellolib_MergeSortedArray.html
        modified:   docs/hellolib_MergeStringsAlternately.html
        modified:   docs/hellolib_MinimumCoin.html
        modified:   docs/hellolib_MyCleaner.html
        modified:   docs/hellolib_MySearch.html
        modified:   docs/hellolib_PascalTriangle.html
        modified:   docs/hellolib_PasswordSettings.html
        modified:   docs/hellolib_Person.html
        modified:   docs/hellolib_PersonFactory.html
        modified:   docs/hellolib_Revocation.html
        modified:   docs/hellolib_RomanToInteger.html
        modified:   docs/hellolib_SinglyLinkedList.html
        modified:   docs/hellolib_SinglyLinkedListAddTwoNumbers.html
        modified:   docs/hellolib_SinglyLinkedListNode.html
        modified:   docs/hellolib_TwoSum.html
        modified:   docs/hellolib_Weather.html
        modified:   docs/hellolib_WeatherFetchException.html
        modified:   docs/index.htm
        modified:   docs/index.html
        modified:   dotnet.txt
        modified:   tests/coverage.cobertura.xml
        modified:   tests/dotnet.txt

Tuesday, November 19, 2024 2:56:47 PM
[master b74ba91] build application
 34 files changed, 545 insertions(+), 457 deletions(-)
Tuesday, November 19, 2024 2:56:47 PM
From github.com:patstha/mydotnet
 * branch            master     -> FETCH_HEAD
 = [up to date]      master     -> origin/master
Current branch master is up to date.
Tuesday, November 19, 2024 2:56:48 PM
Pushing to github.com:patstha/mydotnet.git
Enumerating objects: 73, done.
Counting objects: 100% (73/73), done.
Delta compression using up to 16 threads
Compressing objects: 100% (37/37), done.
Writing objects: 100% (37/37), 6.08 KiB | 1.01 MiB/s, done.
Total 37 (delta 36), reused 0 (delta 0), pack-reused 0 (from 0)
remote: Resolving deltas: 100% (36/36), completed with 36 local objects.
To github.com:patstha/mydotnet.git
   95e6047..b74ba91  master -> master
updating local tracking ref 'refs/remotes/origin/master'
Tuesday, November 19, 2024 2:56:48 PM
Tuesday, November 19, 2024 2:56:48 PM
yarn install v1.22.21
[1/4] Resolving packages...
success Already up-to-date.
Done in 0.10s.
Tuesday, November 19, 2024 2:56:49 PM
yarn run v1.22.21
$ tsc && vite build
vite v5.4.8 building for production...
✓ 5 modules transformed.
docs/index.html                0.27 kB │ gzip: 0.22 kB
docs/assets/index-D1OKu7AJ.js  8.63 kB │ gzip: 3.19 kB
✓ built in 181ms
Done in 1.54s.
Tuesday, November 19, 2024 2:56:51 PM
warning: in the working copy of 'docs/assets/index-D1OKu7AJ.js', LF will be replaced by CRLF the next time Git touches it
warning: in the working copy of 'docs/index.html', LF will be replaced by CRLF the next time Git touches it
Tuesday, November 19, 2024 2:56:51 PM
On branch kus-2024-10-30-modules
nothing to commit, working tree clean
Tuesday, November 19, 2024 2:56:51 PM
On branch kus-2024-10-30-modules
nothing to commit, working tree clean
Tuesday, November 19, 2024 2:56:51 PM
From github.com:matchthree/matchthree.github.io
 * branch            master     -> FETCH_HEAD
Current branch kus-2024-10-30-modules is up to date.
Tuesday, November 19, 2024 2:56:52 PM
Everything up-to-date
Tuesday, November 19, 2024 2:56:52 PM
Tuesday, November 19, 2024 2:56:52 PM
Tuesday, November 19, 2024 2:56:53 PM
On branch main
nothing to commit, working tree clean
Tuesday, November 19, 2024 2:56:53 PM
Tuesday, November 19, 2024 2:56:53 PM
Tuesday, November 19, 2024 2:56:57 PM
Image downloaded successfully to C:\Users\kushal\src\myhtml\fromnepal\public\notes\earth.jpeg
Tuesday, November 19, 2024 2:56:57 PM
Tuesday, November 19, 2024 2:56:57 PM
yarn install v1.22.21
[1/4] Resolving packages...
success Already up-to-date.
Done in 0.11s.
Tuesday, November 19, 2024 2:56:57 PM
yarn run v1.22.21
$ tsc && vite build
vite v5.4.11 building for production...
✓ 5 modules transformed.
docs/index.html                 0.53 kB │ gzip: 0.32 kB
docs/assets/index-C7fM1CLc.css  4.60 kB │ gzip: 1.63 kB
docs/assets/index-CG30pmQG.js   2.94 kB │ gzip: 1.31 kB
✓ built in 3.75s
Done in 5.16s.
Tuesday, November 19, 2024 2:57:02 PM
Transcript stopped, output file is C:\Users\kushal\src\myhtml\fromnepal\public\notes\output.txt
warning: in the working copy of 'docs/assets/index-C7fM1CLc.css', LF will be replaced by CRLF the next time Git touches it
warning: in the working copy of 'docs/assets/index-CG30pmQG.js', LF will be replaced by CRLF the next time Git touches it
warning: in the working copy of 'docs/index.html', LF will be replaced by CRLF the next time Git touches it
warning: in the working copy of 'docs/notes/2024/11/15/hybridcache.en.vtt', LF will be replaced by CRLF the next time Git touches it
warning: in the working copy of 'docs/notes/2024/11/15/l1-show.en.vtt', LF will be replaced by CRLF the next time Git touches it
warning: in the working copy of 'docs/notes/2024/11/15/modernwinforms.en.vtt', LF will be replaced by CRLF the next time Git touches it
warning: in the working copy of 'docs/notes/2024/11/15/myvtt.en.vtt', LF will be replaced by CRLF the next time Git touches it
warning: in the working copy of 'docs/notes/2024/11/15/myvtt.en.vtt.en.vtt', LF will be replaced by CRLF the next time Git touches it
warning: in the working copy of 'docs/notes/2024/11/15/nyt-podcasts-trump-cabinet-picks.en.vtt', LF will be replaced by CRLF the next time Git touches it
warning: in the working copy of 'docs/notes/2024/11/15/tldr-global.en.vtt', LF will be replaced by CRLF the next time Git touches it
warning: in the working copy of 'docs/notes/2024/11/18/november2024a/.gitattributes', LF will be replaced by CRLF the next time Git touches it
warning: in the working copy of 'docs/notes/2024/11/18/november2024a/.gitignore', LF will be replaced by CRLF the next time Git touches it
warning: in the working copy of 'docs/notes/2024/11/18/november2024a/build.gradle.kts', LF will be replaced by CRLF the next time Git touches it
warning: in the working copy of 'docs/notes/2024/11/18/november2024a/gradle/wrapper/gradle-wrapper.properties', LF will be replaced by CRLF the next time Git touches it
warning: in the working copy of 'docs/notes/2024/11/18/november2024a/settings.gradle.kts', LF will be replaced by CRLF the next time Git touches it
warning: in the working copy of 'docs/notes/2024/11/18/november2024a/src/main/kotlin/com/github/kusl/november2024a/November2024aApplication.kt', LF will be replaced by CRLF the next time Git touches it
warning: in the working copy of 'docs/notes/2024/11/18/november2024a/src/main/resources/application.properties', LF will be replaced by CRLF the next time Git touches it
warning: in the working copy of 'docs/notes/2024/11/18/november2024a/src/test/kotlin/com/github/kusl/november2024a/November2024aApplicationTests.kt', LF will be replaced by CRLF the next time Git touches it
warning: in the working copy of 'docs/notes/2024/11/18/requirements.txt', LF will be replaced by CRLF the next time Git touches it
warning: in the working copy of 'docs/notes/A3B318B569046159E1DD6616D2E646D9434350E6.asc', LF will be replaced by CRLF the next time Git touches it
warning: in the working copy of 'docs/notes/Nationalism, Explained [AXz0kbMKPu0].en.vtt', LF will be replaced by CRLF the next time Git touches it
warning: in the working copy of 'docs/notes/favicon_io/about.txt', LF will be replaced by CRLF the next time Git touches it
warning: in the working copy of 'docs/notes/yt/aoc-Eh7bFt7oUto.en.vtt', LF will be replaced by CRLF the next time Git touches it
warning: in the working copy of 'docs/notes/yt/aoc-WoP9BJiItSI.en.vtt', LF will be replaced by CRLF the next time Git touches it
warning: in the working copy of 'docs/notes/yt/asianometry-mm-wave-5g.en.vtt', LF will be replaced by CRLF the next time Git touches it
warning: in the working copy of 'docs/notes/yt/bravos-ILJ41tmQAQ8.en.vtt', LF will be replaced by CRLF the next time Git touches it
warning: in the working copy of 'docs/notes/yt/coffee-software-DSbuyscXX7I.en.vtt', LF will be replaced by CRLF the next time Git touches it
warning: in the working copy of 'docs/notes/yt/continuous-delivery-_zUkNrUp0Ok.en.vtt', LF will be replaced by CRLF the next time Git touches it
warning: in the working copy of 'docs/notes/yt/continuous-delivery-pair-programming-5TTsIkmtKUg.en.vtt', LF will be replaced by CRLF the next time Git touches it
warning: in the working copy of 'docs/notes/yt/diabetes-PsQj2Hg1oFM.en.vtt', LF will be replaced by CRLF the next time Git touches it
warning: in the working copy of 'docs/notes/yt/diabetes-PsQj2Hg1oFM.hi.vtt', LF will be replaced by CRLF the next time Git touches it
warning: in the working copy of 'docs/notes/yt/diabetes-Yys5zeoDi2E.en.vtt', LF will be replaced by CRLF the next time Git touches it
warning: in the working copy of 'docs/notes/yt/dotnet-new-c-sharp-13-japXYFS9YPQ.en.vtt', LF will be replaced by CRLF the next time Git touches it
warning: in the working copy of 'docs/notes/yt/enrico-7nnyv4yJGJc.en.vtt', LF will be replaced by CRLF the next time Git touches it
warning: in the working copy of 'docs/notes/yt/germany-_ywqDbHiMrs.en.vtt', LF will be replaced by CRLF the next time Git touches it
warning: in the working copy of 'docs/notes/yt/hankschannel-nuclear-16203Tks_0I.en.vtt', LF will be replaced by CRLF the next time Git touches it
warning: in the working copy of 'docs/notes/yt/l1-icydock-3KCaS7EK6Rc.en.vtt', LF will be replaced by CRLF the next time Git touches it
warning: in the working copy of 'docs/notes/yt/l1show-EI5iZ4LNsyQ.en.vtt', LF will be replaced by CRLF the next time Git touches it
warning: in the working copy of 'docs/notes/yt/mileage-mike-ring-road-DhZH0KbcwX4.en.vtt', LF will be replaced by CRLF the next time Git touches it
warning: in the working copy of 'docs/notes/yt/mit-rto-4ec_yZCWOCY.en.vtt', LF will be replaced by CRLF the next time Git touches it
warning: in the working copy of 'docs/notes/yt/msnbc-EmvYGLySOVE.en.vtt', LF will be replaced by CRLF the next time Git touches it
warning: in the working copy of 'docs/notes/yt/ndc-oA7xeRyxMSo.en.vtt', LF will be replaced by CRLF the next time Git touches it
warning: in the working copy of 'docs/notes/yt/nytimes-Dj05EvWQ8NY.en.vtt', LF will be replaced by CRLF the next time Git touches it
warning: in the working copy of 'docs/notes/yt/nytimes-X_gotjGG4ug.en.vtt', LF will be replaced by CRLF the next time Git touches it
warning: in the working copy of 'docs/notes/yt/nytimes-daily-bernie-xvYvfOcEFXI.en.vtt', LF will be replaced by CRLF the next time Git touches it
warning: in the working copy of 'docs/notes/yt/nytimes-l7s8QizovG8.en.vtt', LF will be replaced by CRLF the next time Git touches it
warning: in the working copy of 'docs/notes/yt/otago-kotlin-multiplatform.en.vtt', LF will be replaced by CRLF the next time Git touches it
warning: in the working copy of 'docs/notes/yt/road-guy-rob-K1TFOK4_07s.en.vtt', LF will be replaced by CRLF the next time Git touches it
warning: in the working copy of 'docs/notes/yt/the-economist-kyiv-xn-AnTYs2H8.en.vtt', LF will be replaced by CRLF the next time Git touches it
warning: in the working copy of 'docs/notes/yt/the-millitary-show-china-hellscape.en.vtt', LF will be replaced by CRLF the next time Git touches it
warning: in the working copy of 'docs/notes/yt/tldr-news-eu-COEfdZVTFCQ.en.vtt', LF will be replaced by CRLF the next time Git touches it
warning: in the working copy of 'docs/notes/yt/tldr-news-global-2024-11-16-a8NmPDUdzhU.en.vtt', LF will be replaced by CRLF the next time Git touches it
warning: in the working copy of 'docs/notes/yt/trudeau-immigration-vOB7-dbYuCc.en.vtt', LF will be replaced by CRLF the next time Git touches it
warning: in the working copy of 'docs/notes/yt/versed-h_rsF8eVPqY.en.vtt', LF will be replaced by CRLF the next time Git touches it
warning: in the working copy of 'docs/notes/yt/vivienne-yang-FR6hhULZLfw.en.vtt', LF will be replaced by CRLF the next time Git touches it
warning: in the working copy of 'docs/notes/yt/william-spaniel-polling-hhaNiF5aCCY.en.vtt', LF will be replaced by CRLF the next time Git touches it
warning: in the working copy of 'docs/notes/ytotago-kotlin-multiplatform.en.vtt', LF will be replaced by CRLF the next time Git touches it
Tuesday, November 19, 2024 2:57:28 PM
On branch main
Your branch is up to date with 'origin/main'.

Changes to be committed:
  (use "git restore --staged <file>..." to unstage)
        modified:   docs/notes/output.txt
        modified:   docs/powershell.txt
        modified:   public/notes/output.txt
        modified:   public/powershell.txt

Tuesday, November 19, 2024 2:57:28 PM
[main 53471ed7] build application
 4 files changed, 17028 insertions(+), 2248 deletions(-)
Tuesday, November 19, 2024 2:57:29 PM
From github.com:fromnepal/fromnepal.github.io
 * branch              main       -> FETCH_HEAD
Current branch main is up to date.
Tuesday, November 19, 2024 2:57:30 PM
Enumerating objects: 16, done.
Counting objects: 100% (16/16), done.
Delta compression using up to 16 threads
Compressing objects: 100% (9/9), done.
Writing objects: 100% (9/9), 28.51 KiB | 1.58 MiB/s, done.
Total 9 (delta 7), reused 0 (delta 0), pack-reused 0 (from 0)
remote: Resolving deltas: 100% (7/7), completed with 6 local objects.
To github.com:fromnepal/fromnepal.github.io.git
   8bc35b4b..53471ed7  main -> main
Tuesday, November 19, 2024 2:57:30 PM

PS C:\Users\kushal\src\myhtml\fromnepal> cd "C:\Users\kushal\src\myhtml\fromnepal\public\notes\"; .\download_videos.ps1  -url "https://www.youtube.com/watch?v=36kju-cCYM0"
Create new folder for yt-dlp

    Directory: C:\Temp

Mode                 LastWriteTime         Length Name
----                 -------------         ------ ----
d----          11/19/2024  3:09 PM                yt-dlp

DisplayHint : DateTime
Date        : 11/19/2024 12:00:00 AM
Day         : 19
DayOfWeek   : Tuesday
DayOfYear   : 324
Hour        : 15
Kind        : Local
Millisecond : 394
Microsecond : 920
Nanosecond  : 600
Minute      : 9
Month       : 11
Second      : 53
Ticks       : 638676257933949206
TimeOfDay   : 15:09:53.3949206
Year        : 2024
DateTime    : Tuesday, November 19, 2024 3:09:53 PM


DisplayHint : DateTime
Date        : 11/19/2024 12:00:00 AM
Day         : 19
DayOfWeek   : Tuesday
DayOfYear   : 324
Hour        : 15
Kind        : Local
Millisecond : 423
Microsecond : 373
Nanosecond  : 300
Minute      : 9
Month       : 11
Second      : 53
Ticks       : 638676257934233733
TimeOfDay   : 15:09:53.4233733
Year        : 2024
DateTime    : Tuesday, November 19, 2024 3:09:53 PM

[debug] Command-line config: ['--verbose', '--restrict-filenames', '--add-metadata', '-f', 'bestvideo[ext=mp4]+bestaudio[ext=m4a]/mp4', '--sponsorblock-mark', 'all', '--sponsorblock-remove', 'all', '--merge-output-format', 'mp4', '-o', 'C:\\Temp\\yt-dlp\\20241119150953.%(ext)s', 'https://www.youtube.com/watch?v=36kju-cCYM0']
[debug] Portable config "C:\Users\kushal\scoop\apps\yt-dlp\current\yt-dlp.conf": []
[debug] Encodings: locale cp1252, fs utf-8, pref cp1252, out utf-8, error utf-8, screen utf-8
[debug] yt-dlp version stable@2024.11.18 from yt-dlp/yt-dlp [7ea278792] (win_exe)
[debug] Python 3.10.11 (CPython AMD64 64bit) - Windows-10-10.0.22631-SP0 (OpenSSL 1.1.1t  7 Feb 2023)
[debug] exe versions: ffmpeg 7.1-full_build-www.gyan.dev (setts), ffprobe 7.1-full_build-www.gyan.dev
[debug] Optional libraries: Cryptodome-3.21.0, brotli-1.1.0, certifi-2024.08.30, curl_cffi-0.5.10, mutagen-1.47.0, requests-2.32.3, sqlite3-3.40.1, urllib3-2.2.3, websockets-13.1
[debug] Proxy map: {}
[debug] Request Handlers: urllib, requests, websockets, curl_cffi
[debug] Loaded 1837 extractors
[youtube] Extracting URL: https://www.youtube.com/watch?v=36kju-cCYM0
[youtube] 36kju-cCYM0: Downloading webpage
[youtube] 36kju-cCYM0: Downloading ios player API JSON
[youtube] 36kju-cCYM0: Downloading mweb player API JSON
[debug] Loading youtube-nsig.2d24ba15 from cache
[debug] [youtube] Decrypted nsig WQHux__otHbD4yvJD => Cb5jnwnJl17Ecw
[debug] Loading youtube-nsig.2d24ba15 from cache
[debug] [youtube] Decrypted nsig ZdJOWIz8rn6IfmTkL => O9z-bHXc1Z1NVA
[youtube] 36kju-cCYM0: Downloading m3u8 information
[debug] Sort order given by extractor: quality, res, fps, hdr:12, source, vcodec, channels, acodec, lang, proto
[debug] Formats sorted by: hasvid, ie_pref, quality, res, fps, hdr:12(7), source, vcodec, channels, acodec, lang, proto, size, br, asr, vext, aext, hasaud, id
[SponsorBlock] Fetching SponsorBlock segments
[debug] SponsorBlock query: https://sponsor.ajay.app/api/skipSegments/5020?service=YouTube&categories=%5B%22interaction%22%2C+%22outro%22%2C+%22chapter%22%2C+%22preview%22%2C+%22sponsor%22%2C+%22selfpromo%22%2C+%22poi_highlight%22%2C+%22intro%22%2C+%22filler%22%2C+%22music_offtopic%22%5D&actionTypes=%5B%22skip%22%2C+%22poi%22%2C+%22chapter%22%5D
[SponsorBlock] No matching segments were found in the SponsorBlock database
[info] 36kju-cCYM0: Downloading 1 format(s): 137+140
[debug] Invoking http downloader on "https://rr7---sn-8xgp1vo-gpje.googlevideo.com/videoplayback?expire=1732068594&ei=kvA8Z-SvLeyHkucP4-GxyAI&ip=70.104.195.206&id=o-ADB-q-dNX3r1fbWgWwRYBItJl_jmqaru5PZ5dGt75jAV&itag=137&source=youtube&requiressl=yes&xpc=EgVo2aDSNQ%3D%3D&met=1732046994%2C&mh=JK&mm=31%2C29&mn=sn-8xgp1vo-gpje%2Csn-8xgp1vo-p5qs&ms=au%2Crdu&mv=m&mvi=7&pl=20&rms=au%2Cau&initcwndbps=1088750&bui=AQn3pFQvUBn4L4pSDT2I3_duWh9zKftjcOqlgqk76ZXcqFPWFwFtMw6tye2kOJJKZIJ7k7dvJUiStrEn&spc=qtApAQQijE8hU35Rj4Ho7FUPDCpx0HaSJG2ktZo77Jav8oE&vprv=1&svpuc=1&mime=video%2Fmp4&rqh=1&gir=yes&clen=390794816&dur=1835.766&lmt=1726095608301789&mt=1732046479&fvip=5&keepalive=yes&fexp=51299154%2C51312688%2C51326932%2C51335594&c=IOS&txp=5309224&sparams=expire%2Cei%2Cip%2Cid%2Citag%2Csource%2Crequiressl%2Cxpc%2Cbui%2Cspc%2Cvprv%2Csvpuc%2Cmime%2Crqh%2Cgir%2Cclen%2Cdur%2Clmt&sig=AJfQdSswRQIgGiD-6BOpC4kt6TiExZYTxPk1RYfeGdvP0UGnTIduIloCIQDfuVbSAu2CvGJH7LzGPpQx1PJJHWAl1jQHOHNuxm9GSQ%3D%3D&lsparams=met%2Cmh%2Cmm%2Cmn%2Cms%2Cmv%2Cmvi%2Cpl%2Crms%2Cinitcwndbps&lsig=AGluJ3MwRQIhAKExfMrctrzZWtlZnnYbe7t7jKZbDZ_CF0aAppp4WwNhAiAbH8w4ZxpQsf3coROcQVyUR9weFoExgTTLrQbVJ2xciw%3D%3D"
[debug] File locking is not supported. Proceeding without locking
[download] Destination: C:\Temp\yt-dlp\20241119150953.f137.mp4
[download] 100% of  372.69MiB in 00:00:20 at 18.12MiB/s
[debug] Invoking http downloader on "https://rr7---sn-8xgp1vo-gpje.googlevideo.com/videoplayback?expire=1732068594&ei=kvA8Z-SvLeyHkucP4-GxyAI&ip=70.104.195.206&id=o-ADB-q-dNX3r1fbWgWwRYBItJl_jmqaru5PZ5dGt75jAV&itag=140&source=youtube&requiressl=yes&xpc=EgVo2aDSNQ%3D%3D&met=1732046994%2C&mh=JK&mm=31%2C29&mn=sn-8xgp1vo-gpje%2Csn-8xgp1vo-p5qs&ms=au%2Crdu&mv=m&mvi=7&pl=20&rms=au%2Cau&initcwndbps=1088750&bui=AQn3pFQvUBn4L4pSDT2I3_duWh9zKftjcOqlgqk76ZXcqFPWFwFtMw6tye2kOJJKZIJ7k7dvJUiStrEn&spc=qtApAQQijE8hU35Rj4Ho7FUPDCpx0HaSJG2ktZo77Jav8oE&vprv=1&svpuc=1&mime=audio%2Fmp4&rqh=1&gir=yes&clen=29711403&dur=1835.815&lmt=1726095628870836&mt=1732046479&fvip=5&keepalive=yes&fexp=51299154%2C51312688%2C51326932%2C51335594&c=IOS&txp=5308224&sparams=expire%2Cei%2Cip%2Cid%2Citag%2Csource%2Crequiressl%2Cxpc%2Cbui%2Cspc%2Cvprv%2Csvpuc%2Cmime%2Crqh%2Cgir%2Cclen%2Cdur%2Clmt&sig=AJfQdSswRAIgW2F73Lu_Wg-Wy1QFi25mrhOu_ne-zTR7OeukIVi6BM4CIGHzZ8tTZ_rWlw-_383SM574aOU39hKQzcibU_--SMH8&lsparams=met%2Cmh%2Cmm%2Cmn%2Cms%2Cmv%2Cmvi%2Cpl%2Crms%2Cinitcwndbps&lsig=AGluJ3MwRQIhAKExfMrctrzZWtlZnnYbe7t7jKZbDZ_CF0aAppp4WwNhAiAbH8w4ZxpQsf3coROcQVyUR9weFoExgTTLrQbVJ2xciw%3D%3D"
[download] Destination: C:\Temp\yt-dlp\20241119150953.f140.m4a
[download] 100% of   28.34MiB in 00:00:03 at 7.26MiB/s
[Merger] Merging formats into "C:\Temp\yt-dlp\20241119150953.mp4"
[debug] ffmpeg command line: ffmpeg -y -loglevel repeat+info -i file:C:\Temp\yt-dlp\20241119150953.f137.mp4 -i file:C:\Temp\yt-dlp\20241119150953.f140.m4a -c copy -map 0:v:0 -map 1:a:0 -movflags +faststart file:C:\Temp\yt-dlp\20241119150953.temp.mp4
Deleting original file C:\Temp\yt-dlp\20241119150953.f137.mp4 (pass -k to keep)
Deleting original file C:\Temp\yt-dlp\20241119150953.f140.m4a (pass -k to keep)
[ModifyChapters] SponsorBlock information is unavailable
[Metadata] Adding metadata to "C:\Temp\yt-dlp\20241119150953.mp4"
[debug] ffmpeg command line: ffmpeg -y -loglevel repeat+info -i file:C:\Temp\yt-dlp\20241119150953.mp4 -map 0 -dn -ignore_unknown -c copy -write_id3v1 1 -metadata "title=Sold my SaaS for $300k" -metadata "date=20230608" -metadata "description=Follow along on Twitter to see me build my business in public!
Twitter: https://twitter.com/noahwbragg

Potion is a website builder built on top of Notion.
Potion: https://potion.so

The thread: https://twitter.com/noahwbragg/status/1664648462980497408" -metadata "synopsis=Follow along on Twitter to see me build my business in public!
Twitter: https://twitter.com/noahwbragg

Potion is a website builder built on top of Notion.
Potion: https://potion.so

The thread: https://twitter.com/noahwbragg/status/1664648462980497408" -metadata "purl=https://www.youtube.com/watch?v=36kju-cCYM0" -metadata "comment=https://www.youtube.com/watch?v=36kju-cCYM0" -metadata "artist=Noah Bragg" -metadata:s:1 "language=eng" -movflags +faststart file:C:\Temp\yt-dlp\20241119150953.temp.mp4

DisplayHint : DateTime
Date        : 11/19/2024 12:00:00 AM
Day         : 19
DayOfWeek   : Tuesday
DayOfYear   : 324
Hour        : 15
Kind        : Local
Millisecond : 935
Microsecond : 987
Nanosecond  : 300
Minute      : 10
Month       : 11
Second      : 25
Ticks       : 638676258259359873
TimeOfDay   : 15:10:25.9359873
Year        : 2024
DateTime    : Tuesday, November 19, 2024 3:10:25 PM


DisplayHint : DateTime
Date        : 11/19/2024 12:00:00 AM
Day         : 19
DayOfWeek   : Tuesday
DayOfYear   : 324
Hour        : 15
Kind        : Local
Millisecond : 944
Microsecond : 280
Nanosecond  : 0
Minute      : 10
Month       : 11
Second      : 25
Ticks       : 638676258259442800
TimeOfDay   : 15:10:25.9442800
Year        : 2024
DateTime    : Tuesday, November 19, 2024 3:10:25 PM


DisplayHint : DateTime
Date        : 11/19/2024 12:00:00 AM
Day         : 19
DayOfWeek   : Tuesday
DayOfYear   : 324
Hour        : 15
Kind        : Local
Millisecond : 946
Microsecond : 671
Nanosecond  : 200
Minute      : 10
Month       : 11
Second      : 25
Ticks       : 638676258259466712
TimeOfDay   : 15:10:25.9466712
Year        : 2024
DateTime    : Tuesday, November 19, 2024 3:10:25 PM


    Directory: C:\Temp\yt-dlp

Mode                 LastWriteTime         Length Name
----                 -------------         ------ ----
-a---           9/11/2024  7:00 PM      421335781 20241119150953.mp4
-a---           9/11/2024  7:00 PM      421335781 20241119150953.mp4
Cleaned video name: 20241119150953mp4
Cleaned video path: C:\Temp\yt-dlp\20241119150953mp4
Running ffmpeg
ffmpeg -i "C:\Temp\yt-dlp\20241119150953mp4" -c:v libx264 -c:a aac -strict experimental -movflags +faststart "C:\Temp\yt-dlp\20241119150953mp4_reencoded.mp4"
ffmpeg version 7.1-full_build-www.gyan.dev Copyright (c) 2000-2024 the FFmpeg developers
  built with gcc 14.2.0 (Rev1, Built by MSYS2 project)
  configuration: --enable-gpl --enable-version3 --enable-static --disable-w32threads --disable-autodetect --enable-fontconfig --enable-iconv --enable-gnutls --enable-libxml2 --enable-gmp --enable-bzlib --enable-lzma --enable-libsnappy --enable-zlib --enable-librist --enable-libsrt --enable-libssh --enable-libzmq --enable-avisynth --enable-libbluray --enable-libcaca --enable-sdl2 --enable-libaribb24 --enable-libaribcaption --enable-libdav1d --enable-libdavs2 --enable-libopenjpeg --enable-libquirc --enable-libuavs3d --enable-libxevd --enable-libzvbi --enable-libqrencode --enable-librav1e --enable-libsvtav1 --enable-libvvenc --enable-libwebp --enable-libx264 --enable-libx265 --enable-libxavs2 --enable-libxeve --enable-libxvid --enable-libaom --enable-libjxl --enable-libvpx --enable-mediafoundation --enable-libass --enable-frei0r --enable-libfreetype --enable-libfribidi --enable-libharfbuzz --enable-liblensfun --enable-libvidstab --enable-libvmaf --enable-libzimg --enable-amf --enable-cuda-llvm --enable-cuvid --enable-dxva2 --enable-d3d11va --enable-d3d12va --enable-ffnvcodec --enable-libvpl --enable-nvdec --enable-nvenc --enable-vaapi --enable-libshaderc --enable-vulkan --enable-libplacebo --enable-opencl --enable-libcdio --enable-libgme --enable-libmodplug --enable-libopenmpt --enable-libopencore-amrwb --enable-libmp3lame --enable-libshine --enable-libtheora --enable-libtwolame --enable-libvo-amrwbenc --enable-libcodec2 --enable-libilbc --enable-libgsm --enable-liblc3 --enable-libopencore-amrnb --enable-libopus --enable-libspeex --enable-libvorbis --enable-ladspa --enable-libbs2b --enable-libflite --enable-libmysofa --enable-librubberband --enable-libsoxr --enable-chromaprint
  libavutil      59. 39.100 / 59. 39.100
  libavcodec     61. 19.100 / 61. 19.100
  libavformat    61.  7.100 / 61.  7.100
  libavdevice    61.  3.100 / 61.  3.100
  libavfilter    10.  4.100 / 10.  4.100
  libswscale      8.  3.100 /  8.  3.100
  libswresample   5.  3.100 /  5.  3.100
  libpostproc    58.  3.100 / 58.  3.100
Input #0, mov,mp4,m4a,3gp,3g2,mj2, from 'C:\Temp\yt-dlp\20241119150953mp4':
  Metadata:
    major_brand     : isom
    minor_version   : 512
    compatible_brands: isomiso2avc1mp41
    title           : Sold my SaaS for $300k
    artist          : Noah Bragg
    date            : 20230608
    encoder         : Lavf61.7.100
    comment         : https://www.youtube.com/watch?v=36kju-cCYM0
    description     : Follow along on Twitter to see me build my business in public!
                    : Twitter: https://twitter.com/noahwbragg
                    :
                    : Potion is a website builder built on top of Notion.
                    : Potion: https://potion.so
                    :
                    : The thread: https://twitter.com/noahwbragg/status/1664648462980497408
    synopsis        : Follow along on Twitter to see me build my business in public!
                    : Twitter: https://twitter.com/noahwbragg
                    :
                    : Potion is a website builder built on top of Notion.
                    : Potion: https://potion.so
                    :
                    : The thread: https://twitter.com/noahwbragg/status/1664648462980497408
  Duration: 00:30:35.82, start: 0.000000, bitrate: 1836 kb/s
  Stream #0:0[0x1](und): Video: h264 (High) (avc1 / 0x31637661), yuv420p(tv, bt709, progressive), 1920x1080 [SAR 1:1 DAR 16:9], 1699 kb/s, 30 fps, 30 tbr, 15360 tbn (default)
      Metadata:
        handler_name    : ISO Media file produced by Google Inc.
        vendor_id       : [0][0][0][0]
  Stream #0:1[0x2](eng): Audio: aac (LC) (mp4a / 0x6134706D), 44100 Hz, stereo, fltp, 127 kb/s (default)
      Metadata:
        handler_name    : ISO Media file produced by Google Inc.
        vendor_id       : [0][0][0][0]
Stream mapping:
  Stream #0:0 -> #0:0 (h264 (native) -> h264 (libx264))
  Stream #0:1 -> #0:1 (aac (native) -> aac (native))
Press [q] to stop, [?] for help
[libx264 @ 000001a44833e280] using SAR=1/1
[libx264 @ 000001a44833e280] using cpu capabilities: MMX2 SSE2Fast SSSE3 SSE4.2 AVX FMA3 BMI2 AVX2
[libx264 @ 000001a44833e280] profile High, level 4.0, 4:2:0, 8-bit
[libx264 @ 000001a44833e280] 264 - core 164 r3192 c24e06c - H.264/MPEG-4 AVC codec - Copyleft 2003-2024 - http://www.videolan.org/x264.html - options: cabac=1 ref=3 deblock=1:0:0 analyse=0x3:0x113 me=hex subme=7 psy=1 psy_rd=1.00:0.00 mixed_ref=1 me_range=16 chroma_me=1 trellis=1 8x8dct=1 cqm=0 deadzone=21,11 fast_pskip=1 chroma_qp_offset=-2 threads=24 lookahead_threads=4 sliced_threads=0 nr=0 decimate=1 interlaced=0 bluray_compat=0 constrained_intra=0 bframes=3 b_pyramid=2 b_adapt=1 b_bias=0 direct=1 weightb=1 open_gop=0 weightp=2 keyint=250 keyint_min=25 scenecut=40 intra_refresh=0 rc_lookahead=40 rc=crf mbtree=1 crf=23.0qcomp=0.60 qpmin=0 qpmax=69 qpstep=4 ip_ratio=1.40 aq=1:1.00
Output #0, mp4, to 'C:\Temp\yt-dlp\20241119150953mp4_reencoded.mp4':
  Metadata:
    major_brand     : isom
    minor_version   : 512
    compatible_brands: isomiso2avc1mp41
    title           : Sold my SaaS for $300k
    artist          : Noah Bragg
    date            : 20230608
    synopsis        : Follow along on Twitter to see me build my business in public!
                    : Twitter: https://twitter.com/noahwbragg
                    :
                    : Potion is a website builder built on top of Notion.
                    : Potion: https://potion.so
                    :
                    : The thread: https://twitter.com/noahwbragg/status/1664648462980497408
    comment         : https://www.youtube.com/watch?v=36kju-cCYM0
    description     : Follow along on Twitter to see me build my business in public!
                    : Twitter: https://twitter.com/noahwbragg
                    :
                    : Potion is a website builder built on top of Notion.
                    : Potion: https://potion.so
                    :
                    : The thread: https://twitter.com/noahwbragg/status/1664648462980497408
    encoder         : Lavf61.7.100
  Stream #0:0(und): Video: h264 (avc1 / 0x31637661), yuv420p(tv, bt709, progressive), 1920x1080 [SAR 1:1 DAR 16:9], q=2-31, 30 fps, 15360 tbn (default)
      Metadata:
        handler_name    : ISO Media file produced by Google Inc.
        vendor_id       : [0][0][0][0]
        encoder         : Lavc61.19.100 libx264
      Side data:
        cpb: bitrate max/min/avg: 0/0/0 buffer size: 0 vbv_delay: N/A
  Stream #0:1(eng): Audio: aac (LC) (mp4a / 0x6134706D), 44100 Hz, stereo, fltp, 128 kb/s (default)
      Metadata:
        handler_name    : ISO Media file produced by Google Inc.
        vendor_id       : [0][0][0][0]
        encoder         : Lavc61.19.100 aac
[mp4 @ 000001a447d581c0] Starting second pass: moving the moov atom to the beginning of the file
[out#0/mp4 @ 000001a447d5b280] video:376646KiB audio:28665KiB subtitle:0KiB other streams:0KiB global headers:0KiB muxing overhead: 0.480055%
frame=55073 fps=159 q=-1.0 Lsize=  407257KiB time=00:30:35.70 bitrate=1817.4kbits/s speed=5.31x
[libx264 @ 000001a44833e280] frame I:222   Avg QP:14.70  size:108381
[libx264 @ 000001a44833e280] frame P:16387 Avg QP:18.72  size: 14869
[libx264 @ 000001a44833e280] frame B:38464 Avg QP:24.81  size:  3067
[libx264 @ 000001a44833e280] consecutive B-frames:  0.7% 17.7%  2.1% 79.5%
[libx264 @ 000001a44833e280] mb I  I16..4: 34.3% 45.7% 20.0%
[libx264 @ 000001a44833e280] mb P  I16..4:  3.0%  4.6%  0.4%  P16..4: 19.3%  4.3%  2.0%  0.0%  0.0%    skip:66.3%
[libx264 @ 000001a44833e280] mb B  I16..4:  0.1%  0.2%  0.0%  B16..8: 17.1%  0.7%  0.1%  direct: 0.9%  skip:80.9%  L0:42.0% L1:55.8% BI: 2.2%
[libx264 @ 000001a44833e280] 8x8 transform intra:55.9% inter:75.3%
[libx264 @ 000001a44833e280] coded y,uvDC,uvAC intra: 37.1% 65.1% 15.4% inter: 3.2% 4.9% 0.1%
[libx264 @ 000001a44833e280] i16 v,h,dc,p: 32% 29% 18% 21%
[libx264 @ 000001a44833e280] i8 v,h,dc,ddl,ddr,vr,hd,vl,hu: 24% 19% 30%  3%  5%  6%  5%  4%  4%
[libx264 @ 000001a44833e280] i4 v,h,dc,ddl,ddr,vr,hd,vl,hu: 35% 24% 17%  3%  5%  5%  4%  3%  3%
[libx264 @ 000001a44833e280] i8c dc,h,v,p: 48% 24% 21%  7%
[libx264 @ 000001a44833e280] Weighted P-Frames: Y:0.4% UV:0.1%
[libx264 @ 000001a44833e280] ref P L0: 66.7% 10.4% 16.8%  6.0%  0.0%
[libx264 @ 000001a44833e280] ref B L0: 87.9% 10.7%  1.5%
[libx264 @ 000001a44833e280] ref B L1: 95.6%  4.4%
[libx264 @ 000001a44833e280] kb/s:1680.76
[aac @ 000001a44832fc40] Qavg: 507.845

DisplayHint : DateTime
Date        : 11/19/2024 12:00:00 AM
Day         : 19
DayOfWeek   : Tuesday
DayOfYear   : 324
Hour        : 15
Kind        : Local
Millisecond : 545
Microsecond : 638
Nanosecond  : 300
Minute      : 16
Month       : 11
Second      : 11
Ticks       : 638676261715456383
TimeOfDay   : 15:16:11.5456383
Year        : 2024
DateTime    : Tuesday, November 19, 2024 3:16:11 PM


DisplayHint : DateTime
Date        : 11/19/2024 12:00:00 AM
Day         : 19
DayOfWeek   : Tuesday
DayOfYear   : 324
Hour        : 15
Kind        : Local
Millisecond : 517
Microsecond : 306
Nanosecond  : 700
Minute      : 16
Month       : 11
Second      : 55
Ticks       : 638676262155173067
TimeOfDay   : 15:16:55.5173067
Year        : 2024
DateTime    : Tuesday, November 19, 2024 3:16:55 PM


DisplayHint : DateTime
Date        : 11/19/2024 12:00:00 AM
Day         : 19
DayOfWeek   : Tuesday
DayOfYear   : 324
Hour        : 15
Kind        : Local
Millisecond : 536
Microsecond : 861
Nanosecond  : 700
Minute      : 16
Month       : 11
Second      : 55
Ticks       : 638676262155368617
TimeOfDay   : 15:16:55.5368617
Year        : 2024
DateTime    : Tuesday, November 19, 2024 3:16:55 PM


PS C:\Users\kushal\src\myhtml\fromnepal\public\notes> C:\Users\kushal\src\myhtml\fromnepal\public\omnibus.ps1
