PowerShell 7.4.4
PS C:\Users\kushal> cd "C:\Users\kushal\src\mylogging\"; date; git add .; date; git commit --message "add all files" --message "from the terminal"; date; cd "C:\Users\kushal\src\myhtml\fromnepal"; date; yarn;date; yarn run build; date; git add .; date; git commit --message "build application" --message "from the terminal"; date; git pull --rebase origin main; date; git push origin main; date;

Thursday, August 15, 2024 5:02:22 PM
Thursday, August 15, 2024 5:02:22 PM
On branch main
nothing to commit, working tree clean
Thursday, August 15, 2024 5:02:22 PM
Thursday, August 15, 2024 5:02:22 PM
yarn install v1.22.21
[1/4] Resolving packages...
success Already up-to-date.
Done in 0.06s.
Thursday, August 15, 2024 5:02:23 PM
yarn run v1.22.21
$ tsc && vite build
vite v5.2.13 building for production...
✓ 5 modules transformed.
docs/index.html                 0.53 kB │ gzip: 0.32 kB
docs/assets/index-DYhv0y2B.css  4.60 kB │ gzip: 1.63 kB
docs/assets/index-BUJcqj8w.js   4.81 kB │ gzip: 2.11 kB
✓ built in 155ms
Done in 0.93s.
Thursday, August 15, 2024 5:02:24 PM
warning: in the working copy of 'docs/assets/index-BUJcqj8w.js', LF will be replaced by CRLF the next time Git touches it
warning: in the working copy of 'docs/assets/index-DYhv0y2B.css', LF will be replaced by CRLF the next time Git touches it
warning: in the working copy of 'docs/index.html', LF will be replaced by CRLF the next time Git touches it
Thursday, August 15, 2024 5:02:24 PM
[main d18b6d8] build application
 3 files changed, 597 insertions(+)
 create mode 100644 codedraw.html
 create mode 100644 src/codedraw.css
 create mode 100644 src/codedraw.js
Thursday, August 15, 2024 5:02:24 PM
From github.com:fromnepal/fromnepal.github.io
 * branch            main       -> FETCH_HEAD
Current branch main is up to date.
Thursday, August 15, 2024 5:02:25 PM
Enumerating objects: 8, done.
Counting objects: 100% (8/8), done.
Delta compression using up to 16 threads
Compressing objects: 100% (6/6), done.
Writing objects: 100% (6/6), 4.95 KiB | 4.95 MiB/s, done.
Total 6 (delta 1), reused 0 (delta 0), pack-reused 0 (from 0)
remote: Resolving deltas: 100% (1/1), completed with 1 local object.
To github.com:fromnepal/fromnepal.github.io.git
   8335d26..d18b6d8  main -> main
Thursday, August 15, 2024 5:02:26 PM

PS C:\Users\kushal\src\myhtml\fromnepal> cd "C:\Users\kushal\src\mylogging\"; date; git add .; date; git commit --message "add all files" --message "from the terminal"; date; cd "C:\Users\kushal\src\myhtml\fromnepal"; date; yarn; date; yarn run build; date; git add .; date; git commit --message "build application" --message "from the terminal"; date; git pull --rebase origin main; date; git push origin main; date;

Thursday, August 15, 2024 5:04:29 PM
Thursday, August 15, 2024 5:04:29 PM
On branch main
nothing to commit, working tree clean
Thursday, August 15, 2024 5:04:29 PM
Thursday, August 15, 2024 5:04:29 PM
yarn install v1.22.21
[1/4] Resolving packages...
success Already up-to-date.
Done in 0.07s.
Thursday, August 15, 2024 5:04:29 PM
yarn run v1.22.21
$ tsc && vite build
vite v5.2.13 building for production...
✓ 5 modules transformed.
docs/index.html                 0.53 kB │ gzip: 0.32 kB
docs/assets/index-DYhv0y2B.css  4.60 kB │ gzip: 1.63 kB
docs/assets/index-BUJcqj8w.js   4.81 kB │ gzip: 2.11 kB
✓ built in 177ms
Done in 1.38s.
Thursday, August 15, 2024 5:04:31 PM
warning: in the working copy of 'docs/assets/index-BUJcqj8w.js', LF will be replaced by CRLF the next time Git touches it
warning: in the working copy of 'docs/assets/index-DYhv0y2B.css', LF will be replaced by CRLF the next time Git touches it
warning: in the working copy of 'docs/index.html', LF will be replaced by CRLF the next time Git touches it
Thursday, August 15, 2024 5:04:31 PM
[main 98b3f2f] build application
 1 file changed, 0 insertions(+), 0 deletions(-)
 rename codedraw.html => src/codedraw.html (100%)
Thursday, August 15, 2024 5:04:32 PM
From github.com:fromnepal/fromnepal.github.io
 * branch            main       -> FETCH_HEAD
Current branch main is up to date.
Thursday, August 15, 2024 5:04:32 PM
Enumerating objects: 5, done.
Counting objects: 100% (5/5), done.
Delta compression using up to 16 threads
Compressing objects: 100% (3/3), done.
Writing objects: 100% (3/3), 338 bytes | 338.00 KiB/s, done.
Total 3 (delta 2), reused 0 (delta 0), pack-reused 0 (from 0)
remote: Resolving deltas: 100% (2/2), completed with 2 local objects.
To github.com:fromnepal/fromnepal.github.io.git
   d18b6d8..98b3f2f  main -> main
Thursday, August 15, 2024 5:04:33 PM

PS C:\Users\kushal\src\myhtml\fromnepal> cd "C:\Users\kushal\src\mylogging\"; date; git add .; date; git commit --message "add all files" --message "from the terminal"; date; cd "C:\Users\kushal\src\myhtml\fromnepal"; date; yarn; date; yarn run build; date; git add .; date; git commit --message "build application" --message "from the terminal"; date; git pull --rebase origin main; date; git push origin main; date;

Thursday, August 15, 2024 5:06:27 PM
Thursday, August 15, 2024 5:06:27 PM
On branch main
nothing to commit, working tree clean
Thursday, August 15, 2024 5:06:27 PM
Thursday, August 15, 2024 5:06:27 PM
yarn install v1.22.21
[1/4] Resolving packages...
success Already up-to-date.
Done in 0.06s.
Thursday, August 15, 2024 5:06:27 PM
yarn run v1.22.21
$ tsc && vite build
vite v5.2.13 building for production...
✓ 5 modules transformed.
docs/index.html                 0.53 kB │ gzip: 0.32 kB
docs/assets/index-DYhv0y2B.css  4.60 kB │ gzip: 1.63 kB
docs/assets/index-BUJcqj8w.js   4.81 kB │ gzip: 2.11 kB
✓ built in 141ms
Done in 0.81s.
Thursday, August 15, 2024 5:06:28 PM
warning: in the working copy of 'docs/assets/index-BUJcqj8w.js', LF will be replaced by CRLF the next time Git touches it
warning: in the working copy of 'docs/assets/index-DYhv0y2B.css', LF will be replaced by CRLF the next time Git touches it
warning: in the working copy of 'docs/index.html', LF will be replaced by CRLF the next time Git touches it
Thursday, August 15, 2024 5:06:29 PM
[main b9e7555] build application
 4 files changed, 255 insertions(+), 154 deletions(-)
 rename {src => docs/notes}/codedraw.html (100%)
 create mode 100644 public/notes/codedraw.html
Thursday, August 15, 2024 5:06:29 PM
From github.com:fromnepal/fromnepal.github.io
 * branch            main       -> FETCH_HEAD
Current branch main is up to date.
Thursday, August 15, 2024 5:06:29 PM
Enumerating objects: 13, done.
Counting objects: 100% (13/13), done.
Delta compression using up to 16 threads
Compressing objects: 100% (7/7), done.
Writing objects: 100% (7/7), 1.27 KiB | 1.27 MiB/s, done.
Total 7 (delta 6), reused 0 (delta 0), pack-reused 0 (from 0)
remote: Resolving deltas: 100% (6/6), completed with 6 local objects.
To github.com:fromnepal/fromnepal.github.io.git
   98b3f2f..b9e7555  main -> main
Thursday, August 15, 2024 5:06:30 PM

PS C:\Users\kushal\src\myhtml\fromnepal> cd "C:\Users\kushal\src\mylogging\"; date; git add .; date; git commit --message "add all files" --message "from the terminal"; date; cd "C:\Users\kushal\src\myhtml\fromnepal"; date; yarn; date; yarn run build; date; git add .; date; git commit --message "build application" --message "from the terminal"; date; git pull --rebase origin main; date; git push origin main; date;

Thursday, August 15, 2024 5:12:37 PM
Thursday, August 15, 2024 5:12:37 PM
On branch main
nothing to commit, working tree clean
Thursday, August 15, 2024 5:12:37 PM
Thursday, August 15, 2024 5:12:37 PM
yarn install v1.22.21
[1/4] Resolving packages...
success Already up-to-date.
Done in 0.07s.
Thursday, August 15, 2024 5:12:37 PM
yarn run v1.22.21
$ tsc && vite build
vite v5.2.13 building for production...
✓ 5 modules transformed.
docs/index.html                 0.53 kB │ gzip: 0.32 kB
docs/assets/index-DYhv0y2B.css  4.60 kB │ gzip: 1.63 kB
docs/assets/index-BUJcqj8w.js   4.81 kB │ gzip: 2.11 kB
✓ built in 196ms
Done in 1.45s.
Thursday, August 15, 2024 5:12:39 PM
warning: in the working copy of 'docs/assets/index-BUJcqj8w.js', LF will be replaced by CRLF the next time Git touches it
warning: in the working copy of 'docs/assets/index-DYhv0y2B.css', LF will be replaced by CRLF the next time Git touches it
warning: in the working copy of 'docs/index.html', LF will be replaced by CRLF the next time Git touches it
Thursday, August 15, 2024 5:12:40 PM
[main d654e60] build application
 8 files changed, 588 insertions(+), 4 deletions(-)
 rename {src => docs/notes}/codedraw.css (100%)
 rename {src => docs/notes}/codedraw.js (100%)
 create mode 100644 public/notes/codedraw.css
 create mode 100644 public/notes/codedraw.js
Thursday, August 15, 2024 5:12:40 PM
From github.com:fromnepal/fromnepal.github.io
 * branch            main       -> FETCH_HEAD
Current branch main is up to date.
Thursday, August 15, 2024 5:12:40 PM
Enumerating objects: 15, done.
Counting objects: 100% (15/15), done.
Delta compression using up to 16 threads
Compressing objects: 100% (8/8), done.
Writing objects: 100% (8/8), 1.11 KiB | 1.11 MiB/s, done.
Total 8 (delta 7), reused 0 (delta 0), pack-reused 0 (from 0)
remote: Resolving deltas: 100% (7/7), completed with 7 local objects.
To github.com:fromnepal/fromnepal.github.io.git
   b9e7555..d654e60  main -> main
Thursday, August 15, 2024 5:12:41 PM

PS C:\Users\kushal\src\myhtml\fromnepal> yarn add --dev @types/codemirror
yarn add v1.22.21
[1/4] Resolving packages...
[2/4] Fetching packages...
[3/4] Linking dependencies...
[4/4] Building fresh packages...
success Saved lockfile.
success Saved 2 new dependencies.
info Direct dependencies
└─ @types/codemirror@5.60.15
info All dependencies
├─ @types/codemirror@5.60.15
└─ @types/tern@0.23.9
Done in 8.93s.
PS C:\Users\kushal\src\myhtml\fromnepal>
PS C:\Users\kushal\src\myhtml\fromnepal> cd "C:\Users\kushal\src\mylogging\"; date; git add .; date; git commit --message "add all files" --message "from the terminal"; date; cd "C:\Users\kushal\src\myhtml\fromnepal"; date; yarn; date; yarn run build; date; git add .; date; git commit --message "build application" --message "from the terminal"; date; git pull --rebase origin main; date; git push origin main; date;

Thursday, August 15, 2024 5:32:07 PM
Thursday, August 15, 2024 5:32:07 PM
On branch main
nothing to commit, working tree clean
Thursday, August 15, 2024 5:32:07 PM
Thursday, August 15, 2024 5:32:07 PM
yarn install v1.22.21
[1/4] Resolving packages...
success Already up-to-date.
Done in 0.06s.
Thursday, August 15, 2024 5:32:07 PM
yarn run v1.22.21
$ tsc && vite build
src/codedraw.ts:35:13 - error TS7029: Fallthrough case in switch.

35             case "/": // skip comment
               ~~~~~~~~~

src/codedraw.ts:187:12 - error TS6133: 'toggleDocs' is declared but its value is never read.

187   function toggleDocs() {
               ~~~~~~~~~~

src/codedraw.ts:200:12 - error TS6133: 'shareURL' is declared but its value is never read.

200   function shareURL() {
               ~~~~~~~~

src/codedraw.ts:212:12 - error TS6133: 'exportImg' is declared but its value is never read.

212   function exportImg() {
               ~~~~~~~~~

src/codedraw.ts:223:16 - error TS2339: Property 'defineSimpleMode' does not exist on type 'typeof CodeMirror'.

223     CodeMirror.defineSimpleMode("codedraw", {
                   ~~~~~~~~~~~~~~~~

src/codedraw.ts:242:5 - error TS2588: Cannot assign to 'editor' because it is a constant.

242     editor = CodeMirror.fromTextArea(document.getElementById("code") as HTMLTextAreaElement, {
        ~~~~~~

src/codedraw.ts:277:9 - error TS18047: 'draw' is possibly 'null'.

277         draw.execute(instructions);
            ~~~~

src/codedraw.ts:280:21 - error TS18046: 'e' is of type 'unknown'.

280         updateToast(e.message);
                        ~


Found 8 errors in the same file, starting at: src/codedraw.ts:35

error Command failed with exit code 2.
info Visit https://yarnpkg.com/en/docs/cli/run for documentation about this command.
Thursday, August 15, 2024 5:32:09 PM
warning: in the working copy of 'package.json', LF will be replaced by CRLF the next time Git touches it
Thursday, August 15, 2024 5:32:09 PM
[main c51477f] build application
 4 files changed, 365 insertions(+), 1 deletion(-)
 create mode 100644 src/codedraw.ts
Thursday, August 15, 2024 5:32:09 PM
From github.com:fromnepal/fromnepal.github.io
 * branch            main       -> FETCH_HEAD
Current branch main is up to date.
Thursday, August 15, 2024 5:32:09 PM
Enumerating objects: 14, done.
Counting objects: 100% (14/14), done.
Delta compression using up to 16 threads
Compressing objects: 100% (8/8), done.
Writing objects: 100% (8/8), 4.12 KiB | 4.12 MiB/s, done.
Total 8 (delta 5), reused 0 (delta 0), pack-reused 0 (from 0)
remote: Resolving deltas: 100% (5/5), completed with 5 local objects.
To github.com:fromnepal/fromnepal.github.io.git
   d654e60..c51477f  main -> main
Thursday, August 15, 2024 5:32:10 PM

PS C:\Users\kushal\src\myhtml\fromnepal> cd "C:\Users\kushal\src\mylogging\"; date; git add .; date; git commit --message "add all files" --message "from the terminal"; date; cd "C:\Users\kushal\src\myhtml\fromnepal"; date; yarn; date; yarn run build; date; git add .; date; git commit --message "build application" --message "from the terminal"; date; git pull --rebase origin main; date; git push origin main; date;

Thursday, August 15, 2024 5:35:45 PM
Thursday, August 15, 2024 5:35:45 PM
On branch main
nothing to commit, working tree clean
Thursday, August 15, 2024 5:35:45 PM
Thursday, August 15, 2024 5:35:45 PM
yarn install v1.22.21
[1/4] Resolving packages...
success Already up-to-date.
Done in 0.07s.
Thursday, August 15, 2024 5:35:45 PM
yarn run v1.22.21
$ tsc && vite build
src/codedraw.ts:35:13 - error TS7029: Fallthrough case in switch.

35             case "/": // skip comment
               ~~~~~~~~~

src/codedraw.ts:187:12 - error TS6133: 'toggleDocs' is declared but its value is never read.

187   function toggleDocs() {
               ~~~~~~~~~~

src/codedraw.ts:200:12 - error TS6133: 'shareURL' is declared but its value is never read.

200   function shareURL() {
               ~~~~~~~~

src/codedraw.ts:212:12 - error TS6133: 'exportImg' is declared but its value is never read.

212   function exportImg() {
               ~~~~~~~~~

src/codedraw.ts:223:16 - error TS2339: Property 'defineSimpleMode' does not exist on type 'typeof CodeMirror'.

223     CodeMirror.defineSimpleMode("codedraw", {
                   ~~~~~~~~~~~~~~~~

src/codedraw.ts:242:5 - error TS2588: Cannot assign to 'editor' because it is a constant.

242     editor = CodeMirror.fromTextArea(document.getElementById("code") as HTMLTextAreaElement, {
        ~~~~~~

src/codedraw.ts:277:9 - error TS18047: 'draw' is possibly 'null'.

277         draw.execute(instructions);
            ~~~~

src/codedraw.ts:280:21 - error TS18046: 'e' is of type 'unknown'.

280         updateToast(e.message);
                        ~


Found 8 errors in the same file, starting at: src/codedraw.ts:35

error Command failed with exit code 2.
info Visit https://yarnpkg.com/en/docs/cli/run for documentation about this command.
Thursday, August 15, 2024 5:35:46 PM
warning: in the working copy of 'tsconfig.json', LF will be replaced by CRLF the next time Git touches it
Thursday, August 15, 2024 5:35:46 PM
[main e2b6e13] build application
 2 files changed, 86 insertions(+), 1 deletion(-)
Thursday, August 15, 2024 5:35:46 PM
From github.com:fromnepal/fromnepal.github.io
 * branch            main       -> FETCH_HEAD
Current branch main is up to date.
Thursday, August 15, 2024 5:35:47 PM
Enumerating objects: 9, done.
Counting objects: 100% (9/9), done.
Delta compression using up to 16 threads
Compressing objects: 100% (5/5), done.
Writing objects: 100% (5/5), 1.37 KiB | 1.37 MiB/s, done.
Total 5 (delta 4), reused 0 (delta 0), pack-reused 0 (from 0)
remote: Resolving deltas: 100% (4/4), completed with 4 local objects.
To github.com:fromnepal/fromnepal.github.io.git
   c51477f..e2b6e13  main -> main
Thursday, August 15, 2024 5:35:48 PM

PS C:\Users\kushal\src\myhtml\fromnepal>
PS C:\Users\kushal\src\myhtml\fromnepal> cd "C:\Users\kushal\src\mylogging\"; date; git add .; date; git commit --message "add all files" --message "from the terminal"; date; cd "C:\Users\kushal\src\myhtml\fromnepal"; date; yarn; date; yarn run build; date; git add .; date; git commit --message "build application" --message "from the terminal"; date; git pull --rebase origin main; date; git push origin main; date;