PowerShell 7.4.3

   A new PowerShell stable release is available: v7.4.4
   Upgrade now, or check out the release page at:
     https://aka.ms/PowerShell-Release?tag=v7.4.4

Loading personal and system profiles took 520ms.
PS C:\Users\kushal> cd "C:\Users\kushal\src\myhtml\fromnepal"; date; yarn; date; yarn run build; date; git add .; date; git commit --message "build application" --message "from the terminal"; date; git pull --rebase origin main; date; git push origin main; date;

Thursday, July 25, 2024 6:46:02 AM
yarn install v1.22.21
[1/4] Resolving packages...
success Already up-to-date.
Done in 0.09s.
Thursday, July 25, 2024 6:46:03 AM
yarn run v1.22.21
$ tsc && vite build
vite v5.2.13 building for production...
âœ“ 5 modules transformed.
docs/index.html                 0.53 kB â”‚ gzip: 0.32 kB
docs/assets/index-DYhv0y2B.css  4.60 kB â”‚ gzip: 1.63 kB
docs/assets/index-BUJcqj8w.js   4.81 kB â”‚ gzip: 2.11 kB
âœ“ built in 162ms
Done in 2.70s.
Thursday, July 25, 2024 6:46:06 AM
warning: in the working copy of 'docs/assets/index-BUJcqj8w.js', LF will be replaced by CRLF the next time Git touches it
warning: in the working copy of 'docs/assets/index-DYhv0y2B.css', LF will be replaced by CRLF the next time Git touches it
warning: in the working copy of 'docs/index.html', LF will be replaced by CRLF the next time Git touches it
Thursday, July 25, 2024 6:46:06 AM
On branch main
Your branch is up to date with 'origin/main'.

nothing to commit, working tree clean
Thursday, July 25, 2024 6:46:06 AM
From github.com:fromnepal/fromnepal.github.io
 * branch            main       -> FETCH_HEAD
Already up to date.
Thursday, July 25, 2024 6:46:07 AM
Everything up-to-date
Thursday, July 25, 2024 6:46:07 AM

PS C:\Users\kushal\src\myhtml\fromnepal> cd "C:\Users\kushal\src\myhtml\fromnepal"; date; yarn; date; yarn run build; date; git add .; date; git commit --message "build application" --message "from the terminal"; date; git pull --rebase origin main; date; git push origin main; date;

Thursday, July 25, 2024 6:46:18 AM
yarn install v1.22.21
[1/4] Resolving packages...
success Already up-to-date.
Done in 0.06s.
Thursday, July 25, 2024 6:46:18 AM
yarn run v1.22.21
$ tsc && vite build
vite v5.2.13 building for production...
âœ“ 5 modules transformed.
docs/index.html                 0.53 kB â”‚ gzip: 0.32 kB
docs/assets/index-DYhv0y2B.css  4.60 kB â”‚ gzip: 1.63 kB
docs/assets/index-BUJcqj8w.js   4.81 kB â”‚ gzip: 2.11 kB
âœ“ built in 110ms
Done in 0.90s.
Thursday, July 25, 2024 6:46:19 AM
warning: in the working copy of 'docs/assets/index-BUJcqj8w.js', LF will be replaced by CRLF the next time Git touches it
warning: in the working copy of 'docs/assets/index-DYhv0y2B.css', LF will be replaced by CRLF the next time Git touches it
warning: in the working copy of 'docs/index.html', LF will be replaced by CRLF the next time Git touches it
Thursday, July 25, 2024 6:46:19 AM
[main 9a9dd9c] build application
 2 files changed, 20 insertions(+), 572 deletions(-)
Thursday, July 25, 2024 6:46:19 AM
From github.com:fromnepal/fromnepal.github.io
 * branch            main       -> FETCH_HEAD
Current branch main is up to date.
Thursday, July 25, 2024 6:46:20 AM
Enumerating objects: 9, done.
Counting objects: 100% (9/9), done.
Delta compression using up to 16 threads
Compressing objects: 100% (5/5), done.
Writing objects: 100% (5/5), 747 bytes | 747.00 KiB/s, done.
Total 5 (delta 3), reused 0 (delta 0), pack-reused 0 (from 0)
remote: Resolving deltas: 100% (3/3), completed with 2 local objects.
To github.com:fromnepal/fromnepal.github.io.git
   5a78506..9a9dd9c  main -> main
Thursday, July 25, 2024 6:46:21 AM

PS C:\Users\kushal\src\myhtml\fromnepal> cd "C:\Users\kushal\src\myhtml\fromnepal"; date; yarn; date; yarn run build; date; git add .; date; git commit --message "build application" --message "from the terminal"; date; git pull --rebase origin main; date; git push origin main; date;

Thursday, July 25, 2024 6:46:30 AM
yarn install v1.22.21
[1/4] Resolving packages...
success Already up-to-date.
Done in 0.07s.
Thursday, July 25, 2024 6:46:30 AM
yarn run v1.22.21
$ tsc && vite build
vite v5.2.13 building for production...
âœ“ 5 modules transformed.
docs/index.html                 0.53 kB â”‚ gzip: 0.32 kB
docs/assets/index-DYhv0y2B.css  4.60 kB â”‚ gzip: 1.63 kB
docs/assets/index-BUJcqj8w.js   4.81 kB â”‚ gzip: 2.11 kB
âœ“ built in 105ms
Done in 0.81s.
Thursday, July 25, 2024 6:46:31 AM
warning: in the working copy of 'docs/assets/index-BUJcqj8w.js', LF will be replaced by CRLF the next time Git touches it
warning: in the working copy of 'docs/assets/index-DYhv0y2B.css', LF will be replaced by CRLF the next time Git touches it
warning: in the working copy of 'docs/index.html', LF will be replaced by CRLF the next time Git touches it
Thursday, July 25, 2024 6:46:31 AM
[main 6a2e58e] build application
 2 files changed, 156 insertions(+), 20 deletions(-)
Thursday, July 25, 2024 6:46:32 AM
From github.com:fromnepal/fromnepal.github.io
 * branch            main       -> FETCH_HEAD
Current branch main is up to date.
Thursday, July 25, 2024 6:46:32 AM
Enumerating objects: 9, done.
Counting objects: 100% (9/9), done.
Delta compression using up to 16 threads
Compressing objects: 100% (5/5), done.
Writing objects: 100% (5/5), 1.42 KiB | 1.42 MiB/s, done.
Total 5 (delta 3), reused 0 (delta 0), pack-reused 0 (from 0)
remote: Resolving deltas: 100% (3/3), completed with 2 local objects.
To github.com:fromnepal/fromnepal.github.io.git
   9a9dd9c..6a2e58e  main -> main
Thursday, July 25, 2024 6:46:33 AM

PS C:\Users\kushal\src\myhtml\fromnepal> cd "C:\Users\kushal\src\myhtml\fromnepal"; date; yarn; date; yarn run build; date; git add .; date; git commit --message "build application" --message "from the terminal"; date; git pull --rebase origin main; date; git push origin main; date;

Thursday, July 25, 2024 6:46:39 AM
yarn install v1.22.21
[1/4] Resolving packages...
success Already up-to-date.
Done in 0.06s.
Thursday, July 25, 2024 6:46:39 AM
yarn run v1.22.21
$ tsc && vite build
vite v5.2.13 building for production...
âœ“ 5 modules transformed.
docs/index.html                 0.53 kB â”‚ gzip: 0.32 kB
docs/assets/index-DYhv0y2B.css  4.60 kB â”‚ gzip: 1.63 kB
docs/assets/index-BUJcqj8w.js   4.81 kB â”‚ gzip: 2.11 kB
âœ“ built in 107ms
Done in 0.80s.
Thursday, July 25, 2024 6:46:40 AM
warning: in the working copy of 'docs/assets/index-BUJcqj8w.js', LF will be replaced by CRLF the next time Git touches it
warning: in the working copy of 'docs/assets/index-DYhv0y2B.css', LF will be replaced by CRLF the next time Git touches it
warning: in the working copy of 'docs/index.html', LF will be replaced by CRLF the next time Git touches it
Thursday, July 25, 2024 6:46:40 AM
On branch main
Your branch is up to date with 'origin/main'.

nothing to commit, working tree clean
Thursday, July 25, 2024 6:46:40 AM
From github.com:fromnepal/fromnepal.github.io
 * branch            main       -> FETCH_HEAD
Already up to date.
Thursday, July 25, 2024 6:46:40 AM
Everything up-to-date
Thursday, July 25, 2024 6:46:41 AM

PS C:\Users\kushal\src\myhtml\fromnepal> cd "C:\Users\kushal\src\myhtml\fromnepal"; date; yarn; date; yarn run build; date; git add .; date; git commit --message "build application" --message "from the terminal"; date; git pull --rebase origin main; date; git push origin main; date;

Thursday, July 25, 2024 6:47:03 AM
yarn install v1.22.21
[1/4] Resolving packages...
success Already up-to-date.
Done in 0.07s.
Thursday, July 25, 2024 6:47:03 AM
yarn run v1.22.21
$ tsc && vite build
vite v5.2.13 building for production...
âœ“ 5 modules transformed.
docs/index.html                 0.53 kB â”‚ gzip: 0.32 kB
docs/assets/index-DYhv0y2B.css  4.60 kB â”‚ gzip: 1.63 kB
docs/assets/index-BUJcqj8w.js   4.81 kB â”‚ gzip: 2.11 kB
âœ“ built in 113ms
Done in 0.84s.
Thursday, July 25, 2024 6:47:04 AM
warning: in the working copy of 'docs/assets/index-BUJcqj8w.js', LF will be replaced by CRLF the next time Git touches it
warning: in the working copy of 'docs/assets/index-DYhv0y2B.css', LF will be replaced by CRLF the next time Git touches it
warning: in the working copy of 'docs/index.html', LF will be replaced by CRLF the next time Git touches it
Thursday, July 25, 2024 6:47:04 AM
[main 535c6ab] build application
 2 files changed, 444 insertions(+), 150 deletions(-)
Thursday, July 25, 2024 6:47:04 AM
From github.com:fromnepal/fromnepal.github.io
 * branch            main       -> FETCH_HEAD
Current branch main is up to date.
Thursday, July 25, 2024 6:47:05 AM
Enumerating objects: 9, done.
Counting objects: 100% (9/9), done.
Delta compression using up to 16 threads
Compressing objects: 100% (5/5), done.
Writing objects: 100% (5/5), 3.80 KiB | 3.80 MiB/s, done.
Total 5 (delta 3), reused 0 (delta 0), pack-reused 0 (from 0)
remote: Resolving deltas: 100% (3/3), completed with 2 local objects.
To github.com:fromnepal/fromnepal.github.io.git
   6a2e58e..535c6ab  main -> main
Thursday, July 25, 2024 6:47:06 AM

PS C:\Users\kushal\src\myhtml\fromnepal> cd "C:\Users\kushal\src\myhtml\fromnepal"; date; yarn; date; yarn run build; date; git add .; date; git commit --message "build application" --message "from the terminal"; date; git pull --rebase origin main; date; git push origin main; date;

Thursday, July 25, 2024 6:54:36 AM
yarn install v1.22.21
[1/4] Resolving packages...
success Already up-to-date.
Done in 0.07s.
Thursday, July 25, 2024 6:54:36 AM
yarn run v1.22.21
$ tsc && vite build
vite v5.2.13 building for production...
âœ“ 5 modules transformed.
docs/index.html                 0.53 kB â”‚ gzip: 0.32 kB
docs/assets/index-DYhv0y2B.css  4.60 kB â”‚ gzip: 1.63 kB
docs/assets/index-BUJcqj8w.js   4.81 kB â”‚ gzip: 2.11 kB
âœ“ built in 128ms
Done in 0.89s.
Thursday, July 25, 2024 6:54:37 AM
warning: in the working copy of 'docs/assets/index-BUJcqj8w.js', LF will be replaced by CRLF the next time Git touches it
warning: in the working copy of 'docs/assets/index-DYhv0y2B.css', LF will be replaced by CRLF the next time Git touches it
warning: in the working copy of 'docs/index.html', LF will be replaced by CRLF the next time Git touches it
Thursday, July 25, 2024 6:54:37 AM
On branch main
Your branch is up to date with 'origin/main'.

nothing to commit, working tree clean
Thursday, July 25, 2024 6:54:37 AM
From github.com:fromnepal/fromnepal.github.io
 * branch            main       -> FETCH_HEAD
Already up to date.
Thursday, July 25, 2024 6:54:38 AM
Everything up-to-date
Thursday, July 25, 2024 6:54:38 AM

PS C:\Users\kushal\src\myhtml\fromnepal> cd "\\TP-Share\G\shared\jellyfin\shows\downloaded"; date; pwd; date; yt-dlp.exe --verbose --restrict-filenames --add-metadata -i "https://v.redd.it/slrul7pv7led1"; date;

Thursday, July 25, 2024 7:37:52 AM

Drive        :
Provider     : Microsoft.PowerShell.Core\FileSystem
ProviderPath : \\TP-Share\G\shared\jellyfin\shows\downloaded
Path         : Microsoft.PowerShell.Core\FileSystem::\\TP-Share\G\shared\jellyfin\shows\downloaded

Thursday, July 25, 2024 7:37:52 AM
[debug] Command-line config: ['--verbose', '--restrict-filenames', '--add-metadata', '-i', 'https://v.redd.it/slrul7pv7led1']
[debug] Portable config "C:\Users\kushal\scoop\apps\yt-dlp\current\yt-dlp.conf": []
[debug] Encodings: locale cp1252, fs utf-8, pref cp1252, out utf-8, error utf-8, screen utf-8
[debug] yt-dlp version stable@2024.07.16 from yt-dlp/yt-dlp [89a161e8c] (win_exe)
[debug] Python 3.8.10 (CPython AMD64 64bit) - Windows-10-10.0.22631-SP0 (OpenSSL 1.1.1k  25 Mar 2021)
[debug] exe versions: ffmpeg 7.0.1-full_build-www.gyan.dev (setts), ffprobe 7.0.1-full_build-www.gyan.dev
[debug] Optional libraries: Cryptodome-3.20.0, brotli-1.1.0, certifi-2024.07.04, curl_cffi-0.5.10, mutagen-1.47.0, requests-2.32.3, sqlite3-3.35.5, urllib3-2.2.2, websockets-12.0
[debug] Proxy map: {}
[debug] Request Handlers: urllib, requests, websockets, curl_cffi
[debug] Loaded 1829 extractors
[generic] Extracting URL: https://v.redd.it/slrul7pv7led1
[generic] slrul7pv7led1: Downloading webpage
[redirect] Following redirect to https://www.reddit.com/r/blackmagicfuckery/comments/1eblcu6/what_in_the_how/?rdt=62263
[Reddit] Extracting URL: https://www.reddit.com/r/blackmagicfuckery/comments/1eblcu6/what_in_the_how/?rdt=62263
[Reddit] 1eblcu6: Downloading JSON metadata
[Reddit] 1eblcu6: Downloading m3u8 information
[Reddit] 1eblcu6: Downloading MPD manifest
[debug] Formats sorted by: hasvid, ie_pref, lang, quality, res, fps, hdr:12(7), vcodec:vp9.2(10), channels, acodec, size, br, asr, proto, vext, aext, hasaud, source, id
[debug] Default format spec: bestvideo*+bestaudio/best
[info] slrul7pv7led1: Downloading 1 format(s): hls-1353+dash-7
[debug] Invoking hlsnative downloader on "https://v.redd.it/slrul7pv7led1/HLS_720.m3u8"
[hlsnative] Downloading m3u8 manifest
[hlsnative] Total fragments: 14
[download] Destination: What_in_the...._How-[slrul7pv7led1].fhls-1353.mp4
[debug] File locking is not supported. Proceeding without locking
[download] 100% of    8.06MiB in 00:00:04 at 1.89MiB/s
[debug] Invoking http downloader on "https://v.redd.it/slrul7pv7led1/DASH_AUDIO_128.mp4"
[download] Destination: What_in_the...._How-[slrul7pv7led1].fdash-7.m4a
[download] 100% of  919.50KiB in 00:00:00 at 5.16MiB/s
[Merger] Merging formats into "What_in_the...._How-[slrul7pv7led1].mp4"
[debug] ffmpeg command line: ffmpeg -y -loglevel repeat+info -i "file:What_in_the...._How-[slrul7pv7led1].fhls-1353.mp4" -i "file:What_in_the...._How-[slrul7pv7led1].fdash-7.m4a" -c copy -map 0:v:0 -map 1:a:0-movflags +faststart "file:What_in_the...._How-[slrul7pv7led1].temp.mp4"
Deleting original file What_in_the...._How-[slrul7pv7led1].fhls-1353.mp4 (pass -k to keep)
Deleting original file What_in_the...._How-[slrul7pv7led1].fdash-7.m4a (pass -k to keep)
[Metadata] Adding metadata to "What_in_the...._How-[slrul7pv7led1].mp4"
[debug] ffmpeg command line: ffmpeg -y -loglevel repeat+info -i "file:What_in_the...._How-[slrul7pv7led1].mp4" -map 0 -dn -ignore_unknown -c copy -write_id3v1 1 -metadata "title=What in theâ€¦.?? How?!" -metadata "date=20240725" -metadata "purl=https://www.reddit.com/r/blackmagicfuckery/comments/1eblcu6/what_in_the_how/?rdt=62263" -metadata "comment=https://www.reddit.com/r/blackmagicfuckery/comments/1eblcu6/what_in_the_how/?rdt=62263" -metadata "artist=iamChristianMerritt" -movflags +faststart "file:What_in_the...._How-[slrul7pv7led1].temp.mp4"
Thursday, July 25, 2024 7:38:08 AM

PS Microsoft.PowerShell.Core\FileSystem::\\TP-Share\G\shared\jellyfin\shows\downloaded> cd "C:\Users\kushal\src\myhtml\fromnepal"; date; yarn; date; yarn run build; date; git add .; date; git commit --message"build application" --message "from the terminal"; date; git pull --rebase origin main; date; git push origin main; date;

Thursday, July 25, 2024 7:38:11 AM
yarn install v1.22.21
[1/4] Resolving packages...
success Already up-to-date.
Done in 0.07s.
Thursday, July 25, 2024 7:38:12 AM
yarn run v1.22.21
$ tsc && vite build
vite v5.2.13 building for production...
âœ“ 5 modules transformed.
docs/index.html                 0.53 kB â”‚ gzip: 0.32 kB
docs/assets/index-DYhv0y2B.css  4.60 kB â”‚ gzip: 1.63 kB
docs/assets/index-BUJcqj8w.js   4.81 kB â”‚ gzip: 2.11 kB
âœ“ built in 139ms
Done in 0.91s.
Thursday, July 25, 2024 7:38:13 AM
warning: in the working copy of 'docs/assets/index-BUJcqj8w.js', LF will be replaced by CRLF the next time Git touches it
warning: in the working copy of 'docs/assets/index-DYhv0y2B.css', LF will be replaced by CRLF the next time Git touches it
warning: in the working copy of 'docs/index.html', LF will be replaced by CRLF the next time Git touches it
Thursday, July 25, 2024 7:38:13 AM
[main 08bade4] build application
 2 files changed, 234 insertions(+), 2 deletions(-)
Thursday, July 25, 2024 7:38:13 AM
From github.com:fromnepal/fromnepal.github.io
 * branch            main       -> FETCH_HEAD
Current branch main is up to date.
Thursday, July 25, 2024 7:38:14 AM
Enumerating objects: 9, done.
Counting objects: 100% (9/9), done.
Delta compression using up to 16 threads
Compressing objects: 100% (5/5), done.
Writing objects: 100% (5/5), 1.66 KiB | 1.66 MiB/s, done.
Total 5 (delta 4), reused 0 (delta 0), pack-reused 0 (from 0)
remote: Resolving deltas: 100% (4/4), completed with 3 local objects.
To github.com:fromnepal/fromnepal.github.io.git
   535c6ab..08bade4  main -> main
Thursday, July 25, 2024 7:38:14 AM

PS C:\Users\kushal\src\myhtml\fromnepal> cd "C:\Users\kushal\src\myhtml\fromnepal"; date; yarn; date; yarn run build; date; git add .; date; git commit --message "build application" --message "from the terminal"; date; git pull --rebase origin main; date; git push origin main; date;

Thursday, July 25, 2024 7:38:29 AM
yarn install v1.22.21
[1/4] Resolving packages...
success Already up-to-date.
Done in 0.06s.
Thursday, July 25, 2024 7:38:29 AM
yarn run v1.22.21
$ tsc && vite build
vite v5.2.13 building for production...
âœ“ 5 modules transformed.
docs/index.html                 0.53 kB â”‚ gzip: 0.32 kB
docs/assets/index-DYhv0y2B.css  4.60 kB â”‚ gzip: 1.63 kB
docs/assets/index-BUJcqj8w.js   4.81 kB â”‚ gzip: 2.11 kB
âœ“ built in 112ms
Done in 0.82s.
Thursday, July 25, 2024 7:38:30 AM
warning: in the working copy of 'docs/assets/index-BUJcqj8w.js', LF will be replaced by CRLF the next time Git touches it
warning: in the working copy of 'docs/assets/index-DYhv0y2B.css', LF will be replaced by CRLF the next time Git touches it
warning: in the working copy of 'docs/index.html', LF will be replaced by CRLF the next time Git touches it
Thursday, July 25, 2024 7:38:30 AM
[main 391bf2b] build application
 2 files changed, 588 insertions(+), 644 deletions(-)
Thursday, July 25, 2024 7:38:30 AM
From github.com:fromnepal/fromnepal.github.io
 * branch            main       -> FETCH_HEAD
Current branch main is up to date.
Thursday, July 25, 2024 7:38:31 AM
Enumerating objects: 9, done.
Counting objects: 100% (9/9), done.
Delta compression using up to 16 threads
Compressing objects: 100% (5/5), done.
Writing objects: 100% (5/5), 3.21 KiB | 3.21 MiB/s, done.
Total 5 (delta 3), reused 0 (delta 0), pack-reused 0 (from 0)
remote: Resolving deltas: 100% (3/3), completed with 2 local objects.
To github.com:fromnepal/fromnepal.github.io.git
   08bade4..391bf2b  main -> main
Thursday, July 25, 2024 7:38:31 AM

PS C:\Users\kushal\src\myhtml\fromnepal> cd "\\TP-Share\G\shared\jellyfin\shows\downloaded"; date; pwd; date; yt-dlp.exe --verbose --restrict-filenames --add-metadata -i "https://www.instagram.com/reel/C7J4eBlvkDh/"; date;

Thursday, July 25, 2024 7:44:47 AM

Drive        :
Provider     : Microsoft.PowerShell.Core\FileSystem
ProviderPath : \\TP-Share\G\shared\jellyfin\shows\downloaded
Path         : Microsoft.PowerShell.Core\FileSystem::\\TP-Share\G\shared\jellyfin\shows\downloaded

Thursday, July 25, 2024 7:44:47 AM
[debug] Command-line config: ['--verbose', '--restrict-filenames', '--add-metadata', '-i', 'https://www.instagram.com/reel/C7J4eBlvkDh/']
[debug] Portable config "C:\Users\kushal\scoop\apps\yt-dlp\current\yt-dlp.conf": []
[debug] Encodings: locale cp1252, fs utf-8, pref cp1252, out utf-8, error utf-8, screen utf-8
[debug] yt-dlp version stable@2024.07.16 from yt-dlp/yt-dlp [89a161e8c] (win_exe)
[debug] Python 3.8.10 (CPython AMD64 64bit) - Windows-10-10.0.22631-SP0 (OpenSSL 1.1.1k  25 Mar 2021)
[debug] exe versions: ffmpeg 7.0.1-full_build-www.gyan.dev (setts), ffprobe 7.0.1-full_build-www.gyan.dev
[debug] Optional libraries: Cryptodome-3.20.0, brotli-1.1.0, certifi-2024.07.04, curl_cffi-0.5.10, mutagen-1.47.0, requests-2.32.3, sqlite3-3.35.5, urllib3-2.2.2, websockets-12.0
[debug] Proxy map: {}
[debug] Request Handlers: urllib, requests, websockets, curl_cffi
[debug] Loaded 1829 extractors
[Instagram] Extracting URL: https://www.instagram.com/reel/C7J4eBlvkDh/
[Instagram] C7J4eBlvkDh: Setting up session
[Instagram] C7J4eBlvkDh: Downloading JSON metadata
[debug] Formats sorted by: hasvid, ie_pref, lang, quality, res, fps, hdr:12(7), vcodec:vp9.2(10), channels, acodec, size, br, asr, proto, vext, aext, hasaud, source, id
[debug] Default format spec: bestvideo*+bestaudio/best
[info] C7J4eBlvkDh: Downloading 1 format(s): dash-1235327947447971v+dash-7518926928154822ad
[debug] Invoking http downloader on "https://scontent-iad3-2.cdninstagram.com/o1/v/t16/f2/m69/An81mbIbe3Arw8IEBEhk87lDtpRiBP5cpAsVvxpxvFamHzGq0eHxp_CeBdxGUpnkXEXK6tp7ift0u2qaZasl91s.mp4?efg=eyJvaWxfdXJsZ2VuX2FwcF9pZCI6OTM2NjE5NzQzMzkyNDU5LCJjbGllbnRfbmFtZSI6ImlnIiwidmlkZW9faWQiOm51bGwsInZlbmNvZGVfdGFnIjoiaWcteHB2ZHMuY2xpcHMuYzItQzMuZGFzaF9yMmV2ZXZwOS1yMWdlbjJ2cDlfcTkwIn0&_nc_ht=scontent-iad3-2.cdninstagram.com&_nc_cat=1&strext=1&ccb=9-4&oh=00_AYANLVQLDHLg8u-1obgU5tYwrMszxYRfOezGFjkXVm2oTA&oe=66A402C8&_nc_sid=9ca052"
[debug] File locking is not supported. Proceeding without locking
[download] Destination: Video_by_scientifically_how_24-[C7J4eBlvkDh].fdash-1235327947447971v.mp4
[download] 100% of    8.08MiB in 00:00:00 at 11.02MiB/s
[debug] Invoking http downloader on "https://scontent-iad3-2.cdninstagram.com/o1/v/t16/f2/m69/An_IRrnrkkWUjxKGsXqdpl5JBS_Dc9bbW6-e0c38kuy5-TjZzs6RSYVrMNV01JAcqJV2BtzWdyo2BK-FfsxvyYpL.mp4?efg=eyJvaWxfdXJsZ2VuX2FwcF9pZCI6OTM2NjE5NzQzMzkyNDU5LCJjbGllbnRfbmFtZSI6ImlnIiwidmlkZW9faWQiOm51bGwsInZlbmNvZGVfdGFnIjoiaWcteHB2ZHMuY2xpcHMuYzItQzMuZGFzaF9sbl9oZWFhY192YnIzX2F1ZGlvIn0&_nc_ht=scontent-iad3-2.cdninstagram.com&_nc_cat=109&strext=1&ccb=9-4&oh=00_AYBD3S4pLR7cfbXaInG334LOeHcoP5s4upaCUwBauTHEtQ&oe=66A40DAB&_nc_sid=9ca052"
[download] Destination: Video_by_scientifically_how_24-[C7J4eBlvkDh].fdash-7518926928154822ad.m4a
[download] 100% of  704.14KiB in 00:00:00 at 3.90MiB/s
[Merger] Merging formats into "Video_by_scientifically_how_24-[C7J4eBlvkDh].mp4"
[debug] ffmpeg command line: ffmpeg -y -loglevel repeat+info -i "file:Video_by_scientifically_how_24-[C7J4eBlvkDh].fdash-1235327947447971v.mp4" -i "file:Video_by_scientifically_how_24-[C7J4eBlvkDh].fdash-7518926928154822ad.m4a" -c copy -map 0:v:0 -map 1:a:0 -movflags +faststart "file:Video_by_scientifically_how_24-[C7J4eBlvkDh].temp.mp4"
Deleting original file Video_by_scientifically_how_24-[C7J4eBlvkDh].fdash-1235327947447971v.mp4 (pass -k to keep)
Deleting original file Video_by_scientifically_how_24-[C7J4eBlvkDh].fdash-7518926928154822ad.m4a (pass -k to keep)
[Metadata] Adding metadata to "Video_by_scientifically_how_24-[C7J4eBlvkDh].mp4"
[debug] ffmpeg command line: ffmpeg -y -loglevel repeat+info -i "file:Video_by_scientifically_how_24-[C7J4eBlvkDh].mp4" -map 0 -dn -ignore_unknown -c copy -write_id3v1 1 -metadata "title=Video by scientifically_how_24" -metadata "date=20240519" -metadata "description=Human organs when we eat too much sugar

Cred:@Casicreativoenglish YT
DM for removal request (no copyright intended). All rights and credits reserved to the respective owner(s)

#sugar #health #sweet #dopamine #organs #sugaryfood #trending #viralvideos #viralreels" -metadata "synopsis=Human organs when we eat too much sugar

Cred:@Casicreativoenglish YT
DM for removal request (no copyright intended). All rights and credits reserved to the respective owner(s)

#sugar #health #sweet #dopamine #organs #sugaryfood #trending #viralvideos #viralreels" -metadata "purl=https://www.instagram.com/reel/C7J4eBlvkDh/" -metadata "comment=https://www.instagram.com/reel/C7J4eBlvkDh/" -metadata "artist=Scientifically how?" -movflags +faststart "file:Video_by_scientifically_how_24-[C7J4eBlvkDh].temp.mp4"
Thursday, July 25, 2024 7:44:57 AM

PS Microsoft.PowerShell.Core\FileSystem::\\TP-Share\G\shared\jellyfin\shows\downloaded> cd "\\TP-Share\G\shared\jellyfin\shows\downloaded"; date; pwd; date; yt-dlp.exe --verbose --restrict-filenames --add-metadata -i "https://www.instagram.com/reel/C9VOUOLvMFr"; date;

Thursday, July 25, 2024 7:45:17 AM

Drive        :
Provider     : Microsoft.PowerShell.Core\FileSystem
ProviderPath : \\TP-Share\G\shared\jellyfin\shows\downloaded
Path         : Microsoft.PowerShell.Core\FileSystem::\\TP-Share\G\shared\jellyfin\shows\downloaded

Thursday, July 25, 2024 7:45:17 AM
[debug] Command-line config: ['--verbose', '--restrict-filenames', '--add-metadata', '-i', 'https://www.instagram.com/reel/C9VOUOLvMFr']
[debug] Portable config "C:\Users\kushal\scoop\apps\yt-dlp\current\yt-dlp.conf": []
[debug] Encodings: locale cp1252, fs utf-8, pref cp1252, out utf-8, error utf-8, screen utf-8
[debug] yt-dlp version stable@2024.07.16 from yt-dlp/yt-dlp [89a161e8c] (win_exe)
[debug] Python 3.8.10 (CPython AMD64 64bit) - Windows-10-10.0.22631-SP0 (OpenSSL 1.1.1k  25 Mar 2021)
[debug] exe versions: ffmpeg 7.0.1-full_build-www.gyan.dev (setts), ffprobe 7.0.1-full_build-www.gyan.dev
[debug] Optional libraries: Cryptodome-3.20.0, brotli-1.1.0, certifi-2024.07.04, curl_cffi-0.5.10, mutagen-1.47.0, requests-2.32.3, sqlite3-3.35.5, urllib3-2.2.2, websockets-12.0
[debug] Proxy map: {}
[debug] Request Handlers: urllib, requests, websockets, curl_cffi
[debug] Loaded 1829 extractors
[Instagram] Extracting URL: https://www.instagram.com/reel/C9VOUOLvMFr
[Instagram] C9VOUOLvMFr: Setting up session
[Instagram] C9VOUOLvMFr: Downloading JSON metadata
[debug] Formats sorted by: hasvid, ie_pref, lang, quality, res, fps, hdr:12(7), vcodec:vp9.2(10), channels, acodec, size, br, asr, proto, vext, aext, hasaud, source, id
[debug] Default format spec: bestvideo*+bestaudio/best
[info] C9VOUOLvMFr: Downloading 1 format(s): dash-834792372050282v+dash-1293283194978438ad
[debug] Invoking http downloader on "https://scontent-iad3-1.cdninstagram.com/v/t39.25447-16/449300075_1029590915370995_2482242942511598970_n.mp4?_nc_cat=101&ccb=1-7&_nc_sid=9a5d50&efg=eyJ2ZW5jb2RlX3RhZyI6ImlnLXhwdmRzLmNsaXBzLmMyLUMzLmRhc2hfcjJldmV2cDktcjFnZW4ydnA5X3E5MCIsInZpZGVvX2lkIjpudWxsfQ%3D%3D&_nc_ohc=vSH-zz12nwsQ7kNvgGP0Kuq&_nc_ht=scontent-iad3-1.cdninstagram.com&oh=00_AYCmr32QxK3qlGgR2b2kduICGnwOYNu7opc5xwhJ6dt0fA&oe=66A7F350"
[debug] File locking is not supported. Proceeding without locking
[download] Destination: Video_by_nanning_china-[C9VOUOLvMFr].fdash-834792372050282v.mp4
[download] 100% of    3.09MiB in 00:00:00 at 6.93MiB/s
[debug] Invoking http downloader on "https://scontent-iad3-2.cdninstagram.com/v/t50.33967-16/450502339_457226727084904_1758668715729475033_n.mp4?_nc_cat=105&ccb=1-7&_nc_sid=9a5d50&efg=eyJ2ZW5jb2RlX3RhZyI6ImlnLXhwdmRzLmNsaXBzLmMyLUMzLmRhc2hfbG5faGVhYWNfdmJyM19hdWRpbyIsInZpZGVvX2lkIjpudWxsfQ%3D%3D&_nc_ohc=FZ_pB1p5RfkQ7kNvgE3_iuZ&_nc_ht=scontent-iad3-2.cdninstagram.com&oh=00_AYB-awE-AG9y4rhhL3wCtSk4mskWLhGMaDZd3JFiidjPZQ&oe=66A81887"
[download] Destination: Video_by_nanning_china-[C9VOUOLvMFr].fdash-1293283194978438ad.m4a
[download] 100% of  218.07KiB in 00:00:00 at 861.59KiB/s
[Merger] Merging formats into "Video_by_nanning_china-[C9VOUOLvMFr].mp4"
[debug] ffmpeg command line: ffmpeg -y -loglevel repeat+info -i "file:Video_by_nanning_china-[C9VOUOLvMFr].fdash-834792372050282v.mp4" -i "file:Video_by_nanning_china-[C9VOUOLvMFr].fdash-1293283194978438ad.m4a" -c copy -map 0:v:0 -map 1:a:0 -movflags +faststart "file:Video_by_nanning_china-[C9VOUOLvMFr].temp.mp4"
Deleting original file Video_by_nanning_china-[C9VOUOLvMFr].fdash-834792372050282v.mp4 (pass -k to keep)
Deleting original file Video_by_nanning_china-[C9VOUOLvMFr].fdash-1293283194978438ad.m4a (pass -k to keep)
[Metadata] Adding metadata to "Video_by_nanning_china-[C9VOUOLvMFr].mp4"
[debug] ffmpeg command line: ffmpeg -y -loglevel repeat+info -i "file:Video_by_nanning_china-[C9VOUOLvMFr].mp4" -map 0 -dn -ignore_unknown -c copy -write_id3v1 1 -metadata "title=Video by nanning_china" -metadata "date=20240712" -metadata "description=A blogger posted #chopsticks using the tutorial on social media, which attracted netizens abroad to learn how to use chopsticks within three seconds.#trending" -metadata "synopsis=A blogger posted #chopsticks using the tutorial on social media, which attracted netizens abroad to learn how to use chopsticks within three seconds.#trending" -metadata "purl=https://www.instagram.com/reel/C9VOUOLvMFr" -metadata "comment=https://www.instagram.com/reel/C9VOUOLvMFr" -metadata "artist=Nanning_China" -movflags +faststart "file:Video_by_nanning_china-[C9VOUOLvMFr].temp.mp4"
Thursday, July 25, 2024 7:45:24 AM

PS Microsoft.PowerShell.Core\FileSystem::\\TP-Share\G\shared\jellyfin\shows\downloaded> cd "\\TP-Share\G\shared\jellyfin\shows\downloaded"; date; pwd; date; yt-dlp.exe --verbose --restrict-filenames --add-metadata -i "https://www.instagram.com/reel/C8AK7nTIXwe"; date;

Thursday, July 25, 2024 7:45:35 AM

Drive        :
Provider     : Microsoft.PowerShell.Core\FileSystem
ProviderPath : \\TP-Share\G\shared\jellyfin\shows\downloaded
Path         : Microsoft.PowerShell.Core\FileSystem::\\TP-Share\G\shared\jellyfin\shows\downloaded

Thursday, July 25, 2024 7:45:35 AM
[debug] Command-line config: ['--verbose', '--restrict-filenames', '--add-metadata', '-i', 'https://www.instagram.com/reel/C8AK7nTIXwe']
[debug] Portable config "C:\Users\kushal\scoop\apps\yt-dlp\current\yt-dlp.conf": []
[debug] Encodings: locale cp1252, fs utf-8, pref cp1252, out utf-8, error utf-8, screen utf-8
[debug] yt-dlp version stable@2024.07.16 from yt-dlp/yt-dlp [89a161e8c] (win_exe)
[debug] Python 3.8.10 (CPython AMD64 64bit) - Windows-10-10.0.22631-SP0 (OpenSSL 1.1.1k  25 Mar 2021)
[debug] exe versions: ffmpeg 7.0.1-full_build-www.gyan.dev (setts), ffprobe 7.0.1-full_build-www.gyan.dev
[debug] Optional libraries: Cryptodome-3.20.0, brotli-1.1.0, certifi-2024.07.04, curl_cffi-0.5.10, mutagen-1.47.0, requests-2.32.3, sqlite3-3.35.5, urllib3-2.2.2, websockets-12.0
[debug] Proxy map: {}
[debug] Request Handlers: urllib, requests, websockets, curl_cffi
[debug] Loaded 1829 extractors
[Instagram] Extracting URL: https://www.instagram.com/reel/C8AK7nTIXwe
[Instagram] C8AK7nTIXwe: Setting up session
[Instagram] C8AK7nTIXwe: Downloading JSON metadata
[debug] Formats sorted by: hasvid, ie_pref, lang, quality, res, fps, hdr:12(7), vcodec:vp9.2(10), channels, acodec, size, br, asr, proto, vext, aext, hasaud, source, id
[debug] Default format spec: bestvideo*+bestaudio/best
[info] C8AK7nTIXwe: Downloading 1 format(s): dash-1632155350935316v+dash-355017624276687ad
[debug] Invoking http downloader on "https://scontent-iad3-1.cdninstagram.com/v/t39.25447-16/448154839_277735535362129_4314838722846364358_n.mp4?_nc_cat=104&ccb=1-7&_nc_sid=9a5d50&efg=eyJ2ZW5jb2RlX3RhZyI6ImlnLXhwdmRzLmNsaXBzLmMyLUMzLmRhc2hfcjJldmV2cDktcjFnZW4ydnA5LWhmcl9xOTAiLCJ2aWRlb19pZCI6bnVsbH0%3D&_nc_ohc=lFsoYzrX0l4Q7kNvgGwvsXj&_nc_ht=scontent-iad3-1.cdninstagram.com&oh=00_AYDR4_w1-dz1ZlDJhnYnrR0SiMB3bxyIrHAfHLUPsm0Lcw&oe=66A7FF70"
[debug] File locking is not supported. Proceeding without locking
[download] Destination: Video_by_repair_and_square-[C8AK7nTIXwe].fdash-1632155350935316v.mp4
[download] 100% of   55.02MiB in 00:00:03 at 17.92MiB/s
[debug] Invoking http downloader on "https://scontent-iad3-1.cdninstagram.com/v/t50.33967-16/448020685_890625392865503_3077639164326069053_n.mp4?_nc_cat=102&ccb=1-7&_nc_sid=9a5d50&efg=eyJ2ZW5jb2RlX3RhZyI6ImlnLXhwdmRzLmNsaXBzLmMyLUMzLmRhc2hfbG5faGVhYWNfdmJyM19hdWRpbyIsInZpZGVvX2lkIjpudWxsfQ%3D%3D&_nc_ohc=Lnij9nNpJBcQ7kNvgFop9tS&_nc_ht=scontent-iad3-1.cdninstagram.com&oh=00_AYCwZev2gB9Mpafc5xtL7928Nmc2PWX8Gh_iM-4y4O7XKg&oe=66A7FD1D"
[download] Destination: Video_by_repair_and_square-[C8AK7nTIXwe].fdash-355017624276687ad.m4a
[download] 100% of  512.45KiB in 00:00:00 at 2.80MiB/s
[Merger] Merging formats into "Video_by_repair_and_square-[C8AK7nTIXwe].mp4"
[debug] ffmpeg command line: ffmpeg -y -loglevel repeat+info -i "file:Video_by_repair_and_square-[C8AK7nTIXwe].fdash-1632155350935316v.mp4" -i "file:Video_by_repair_and_square-[C8AK7nTIXwe].fdash-355017624276687ad.m4a" -c copy -map 0:v:0 -map 1:a:0 -movflags +faststart "file:Video_by_repair_and_square-[C8AK7nTIXwe].temp.mp4"
Deleting original file Video_by_repair_and_square-[C8AK7nTIXwe].fdash-355017624276687ad.m4a (pass -k to keep)
Deleting original file Video_by_repair_and_square-[C8AK7nTIXwe].fdash-1632155350935316v.mp4 (pass -k to keep)
[Metadata] Adding metadata to "Video_by_repair_and_square-[C8AK7nTIXwe].mp4"
[debug] ffmpeg command line: ffmpeg -y -loglevel repeat+info -i "file:Video_by_repair_and_square-[C8AK7nTIXwe].mp4" -map 0 -dn -ignore_unknown -c copy -write_id3v1 1 -metadata "title=Video by repair_and_square" -metadata "date=20240609" -metadata "description=How to fix a leaking Samsung fridge #diy #repair #appliancerepair #samsung" -metadata "synopsis=How to fix a leaking Samsung fridge #diy #repair #appliancerepair #samsung" -metadata "purl=https://www.instagram.com/reel/C8AK7nTIXwe" -metadata "comment=https://www.instagram.com/reel/C8AK7nTIXwe" -metadata "artist=Repair And Square" -movflags +faststart "file:Video_by_repair_and_square-[C8AK7nTIXwe].temp.mp4"
Thursday, July 25, 2024 7:46:05 AM

PS Microsoft.PowerShell.Core\FileSystem::\\TP-Share\G\shared\jellyfin\shows\downloaded> cd "\\TP-Share\G\shared\jellyfin\shows\downloaded"; date; pwd; date; yt-dlp.exe --verbose --restrict-filenames --add-metadata -i "https://www.instagram.com/reel/C8g4yDcoRnl"; date;

Thursday, July 25, 2024 7:46:17 AM

Drive        :
Provider     : Microsoft.PowerShell.Core\FileSystem
ProviderPath : \\TP-Share\G\shared\jellyfin\shows\downloaded
Path         : Microsoft.PowerShell.Core\FileSystem::\\TP-Share\G\shared\jellyfin\shows\downloaded

Thursday, July 25, 2024 7:46:17 AM
[debug] Command-line config: ['--verbose', '--restrict-filenames', '--add-metadata', '-i', 'https://www.instagram.com/reel/C8g4yDcoRnl']
[debug] Portable config "C:\Users\kushal\scoop\apps\yt-dlp\current\yt-dlp.conf": []
[debug] Encodings: locale cp1252, fs utf-8, pref cp1252, out utf-8, error utf-8, screen utf-8
[debug] yt-dlp version stable@2024.07.16 from yt-dlp/yt-dlp [89a161e8c] (win_exe)
[debug] Python 3.8.10 (CPython AMD64 64bit) - Windows-10-10.0.22631-SP0 (OpenSSL 1.1.1k  25 Mar 2021)
[debug] exe versions: ffmpeg 7.0.1-full_build-www.gyan.dev (setts), ffprobe 7.0.1-full_build-www.gyan.dev
[debug] Optional libraries: Cryptodome-3.20.0, brotli-1.1.0, certifi-2024.07.04, curl_cffi-0.5.10, mutagen-1.47.0, requests-2.32.3, sqlite3-3.35.5, urllib3-2.2.2, websockets-12.0
[debug] Proxy map: {}
[debug] Request Handlers: urllib, requests, websockets, curl_cffi
[debug] Loaded 1829 extractors
[Instagram] Extracting URL: https://www.instagram.com/reel/C8g4yDcoRnl
[Instagram] C8g4yDcoRnl: Setting up session
[Instagram] C8g4yDcoRnl: Downloading JSON metadata
[debug] Formats sorted by: hasvid, ie_pref, lang, quality, res, fps, hdr:12(7), vcodec:vp9.2(10), channels, acodec, size, br, asr, proto, vext, aext, hasaud, source, id
[debug] Default format spec: bestvideo*+bestaudio/best
[info] C8g4yDcoRnl: Downloading 1 format(s): dash-476750928272014v+dash-1249797172654177ad
[debug] Invoking http downloader on "https://scontent-iad3-2.cdninstagram.com/o1/v/t16/f2/m69/An_Tnx1SaMS8LfY15ZdgllGs4Wcrb_MScErpnEUFgWSfxeMqHIn_EevfR3PwWBGP2NFVNFXuVZ_HG5SjU87CDBs.mp4?efg=eyJvaWxfdXJsZ2VuX2FwcF9pZCI6OTM2NjE5NzQzMzkyNDU5LCJjbGllbnRfbmFtZSI6ImlnIiwidmlkZW9faWQiOm51bGwsInZlbmNvZGVfdGFnIjoiaWcteHB2ZHMuY2xpcHMuYzItQzMuZGFzaF9yMmV2ZXZwOS1yMWdlbjJ2cDktaGZyX3E5MCJ9&_nc_ht=scontent-iad3-2.cdninstagram.com&_nc_cat=105&strext=1&ccb=9-4&oh=00_AYBGvcW6Lp3jKoKVmCS4FdZyNo4h0hfkW6EzweGv1m0B_A&oe=66A3FF6F&_nc_sid=9ca052"
[debug] File locking is not supported. Proceeding without locking
[download] Destination: Video_by_calixpert-[C8g4yDcoRnl].fdash-476750928272014v.mp4
[download] 100% of   23.85MiB in 00:00:01 at 14.85MiB/s
[debug] Invoking http downloader on "https://scontent-iad3-2.cdninstagram.com/o1/v/t16/f2/m69/An9pZ8KZ4K20M4d2ey85fP8nphAOt3egJJHeCQlKCXfb_Y0fYHP2T7k-6ACaSNG5qwPAXQQl3bziLWNIa5eP33sl.mp4?efg=eyJvaWxfdXJsZ2VuX2FwcF9pZCI6OTM2NjE5NzQzMzkyNDU5LCJjbGllbnRfbmFtZSI6ImlnIiwidmlkZW9faWQiOm51bGwsInZlbmNvZGVfdGFnIjoiaWcteHB2ZHMuY2xpcHMuYzItQzMuZGFzaF9sbl9oZWFhY192YnIzX2F1ZGlvIn0&_nc_ht=scontent-iad3-2.cdninstagram.com&_nc_cat=101&strext=1&ccb=9-4&oh=00_AYA2u9-yN4jBYjQe9dgT-02SdkMyFlK8zvG58W4wF-2Qiw&oe=66A41D1A&_nc_sid=9ca052"
[download] Destination: Video_by_calixpert-[C8g4yDcoRnl].fdash-1249797172654177ad.m4a
[download] 100% of  256.47KiB in 00:00:00 at 742.01KiB/s
[Merger] Merging formats into "Video_by_calixpert-[C8g4yDcoRnl].mp4"
[debug] ffmpeg command line: ffmpeg -y -loglevel repeat+info -i "file:Video_by_calixpert-[C8g4yDcoRnl].fdash-476750928272014v.mp4" -i "file:Video_by_calixpert-[C8g4yDcoRnl].fdash-1249797172654177ad.m4a" -c copy -map 0:v:0 -map 1:a:0 -movflags +faststart "file:Video_by_calixpert-[C8g4yDcoRnl].temp.mp4"
Deleting original file Video_by_calixpert-[C8g4yDcoRnl].fdash-1249797172654177ad.m4a (pass -k to keep)
Deleting original file Video_by_calixpert-[C8g4yDcoRnl].fdash-476750928272014v.mp4 (pass -k to keep)
[Metadata] Adding metadata to "Video_by_calixpert-[C8g4yDcoRnl].mp4"
[debug] ffmpeg command line: ffmpeg -y -loglevel repeat+info -i "file:Video_by_calixpert-[C8g4yDcoRnl].mp4" -map 0 -dn -ignore_unknown -c copy -write_id3v1 1 -metadata "title=Video by calixpert" -metadata "date=20240622" -metadata "description=Guide to unlock your first pull upğŸ”¥


Learn from us by joining our Calisthenics community, link in bioâœ…

#Calisthenics #pullups #calisthenicscoach" -metadata "synopsis=Guide to unlock your first pull upğŸ”¥

Learn from us by joining our Calisthenics community, link in bioâœ…

#Calisthenics #pullups #calisthenicscoach" -metadata "purl=https://www.instagram.com/reel/C8g4yDcoRnl" -metadata "comment=https://www.instagram.com/reel/C8g4yDcoRnl" -metadata "artist=CALIXPERT | CalisthenicsCoach" -movflags +faststart "file:Video_by_calixpert-[C8g4yDcoRnl].temp.mp4"
Thursday, July 25, 2024 7:46:36 AM

PS Microsoft.PowerShell.Core\FileSystem::\\TP-Share\G\shared\jellyfin\shows\downloaded> cd "\\TP-Share\G\shared\jellyfin\shows\downloaded"; date; pwd; date; yt-dlp.exe --verbose --restrict-filenames --add-metadata -i "https://www.instagram.com/reel/C8rx3a6Ng1y"; date;

Thursday, July 25, 2024 7:46:48 AM

Drive        :
Provider     : Microsoft.PowerShell.Core\FileSystem
ProviderPath : \\TP-Share\G\shared\jellyfin\shows\downloaded
Path         : Microsoft.PowerShell.Core\FileSystem::\\TP-Share\G\shared\jellyfin\shows\downloaded

Thursday, July 25, 2024 7:46:48 AM
[debug] Command-line config: ['--verbose', '--restrict-filenames', '--add-metadata', '-i', 'https://www.instagram.com/reel/C8rx3a6Ng1y']
[debug] Portable config "C:\Users\kushal\scoop\apps\yt-dlp\current\yt-dlp.conf": []
[debug] Encodings: locale cp1252, fs utf-8, pref cp1252, out utf-8, error utf-8, screen utf-8
[debug] yt-dlp version stable@2024.07.16 from yt-dlp/yt-dlp [89a161e8c] (win_exe)
[debug] Python 3.8.10 (CPython AMD64 64bit) - Windows-10-10.0.22631-SP0 (OpenSSL 1.1.1k  25 Mar 2021)
[debug] exe versions: ffmpeg 7.0.1-full_build-www.gyan.dev (setts), ffprobe 7.0.1-full_build-www.gyan.dev
[debug] Optional libraries: Cryptodome-3.20.0, brotli-1.1.0, certifi-2024.07.04, curl_cffi-0.5.10, mutagen-1.47.0, requests-2.32.3, sqlite3-3.35.5, urllib3-2.2.2, websockets-12.0
[debug] Proxy map: {}
[debug] Request Handlers: urllib, requests, websockets, curl_cffi
[debug] Loaded 1829 extractors
[Instagram] Extracting URL: https://www.instagram.com/reel/C8rx3a6Ng1y
[Instagram] C8rx3a6Ng1y: Setting up session
[Instagram] C8rx3a6Ng1y: Downloading JSON metadata
[debug] Formats sorted by: hasvid, ie_pref, lang, quality, res, fps, hdr:12(7), vcodec:vp9.2(10), channels, acodec, size, br, asr, proto, vext, aext, hasaud, source, id
[debug] Default format spec: bestvideo*+bestaudio/best
[info] C8rx3a6Ng1y: Downloading 1 format(s): 6
[debug] Invoking http downloader on "https://scontent-iad3-2.cdninstagram.com/o1/v/t16/f1/m86/48488EBE07FDF4A5D5662EA263ADE489_video_dashinit.mp4?efg=eyJxZV9ncm91cHMiOiJbXCJpZ193ZWJfZGVsaXZlcnlfdnRzX290ZlwiXSIsInZlbmNvZGVfdGFnIjoidnRzX3ZvZF91cmxnZW4uY2xpcHMuYzIuNTc2LmJhc2VsaW5lIn0&_nc_ht=scontent-iad3-2.cdninstagram.com&_nc_cat=106&vs=429713030037840_3843375637&_nc_vs=HBksFQIYUmlnX3hwdl9yZWVsc19wZXJtYW5lbnRfc3JfcHJvZC80ODQ4OEVCRTA3RkRGNEE1RDU2NjJFQTI2M0FERTQ4OV92aWRlb19kYXNoaW5pdC5tcDQVAALIAQAVAhg6cGFzc3Rocm91Z2hfZXZlcnN0b3JlL0dQOTZ3eHJYRlY1aTd6Z0VBSmpqTW40dFVHTXhicV9FQUFBRhUCAsgBACgAGAAbABUAACbY6dDYyor5PxUCKAJDMywXQE4AAAAAAAAYEmRhc2hfYmFzZWxpbmVfMV92MREAdf4HAA%3D%3D&_nc_rid=70d0b04a0d&ccb=9-4&oh=00_AYCY53ycpo4GOqyYdcCb6O1cSWBNbU0wNRs3hDpzhmiNvQ&oe=66A41CAC&_nc_sid=2999b8"
[debug] File locking is not supported. Proceeding without locking
[download] Destination: Video_by_majhazone_-[C8rx3a6Ng1y].mp4
[download] 100% of    5.11MiB in 00:00:00 at 5.59MiB/s
[Metadata] Adding metadata to "Video_by_majhazone_-[C8rx3a6Ng1y].mp4"
[debug] ffmpeg command line: ffmpeg -y -loglevel repeat+info -i "file:Video_by_majhazone_-[C8rx3a6Ng1y].mp4" -map 0 -dn -ignore_unknown -c copy -write_id3v1 1 -metadata "title=Video by majhazone_" -metadata "date=20240626" -metadata "description=à¨ªà©°à¨œà¨¾à¨¬ â›³ï¸
#wahegurumeharkare ğŸ™‡ğŸ»ğŸ™â€¦â€¦.
#punjabi #punjabistatus #punjabisuit #punjabisongs #punjab #punjabisingers #tadka #punjabistars #punjabiquotes #virsa #punjabimedia #punjabisuits #punjabicouple #punjabigirl #punjabijutti #punjabifashion #punjabiculture #punjabimusic #punjabisinger #punjabisong #feelkroreelkro #feelitreelit #reels #reel #instagramreels #panjabi_virasat #majhazone_" -metadata "synopsis=à¨ªà©°à¨œà¨¾à¨¬ â›³ï¸
#wahegurumeharkare ğŸ™‡ğŸ»ğŸ™â€¦â€¦.
#punjabi #punjabistatus #punjabisuit #punjabisongs #punjab #punjabisingers #tadka #punjabistars #punjabiquotes #virsa #punjabimedia #punjabisuits #punjabicouple #punjabigirl #punjabijutti #punjabifashion #punjabiculture #punjabimusic #punjabisinger #punjabisong #feelkroreelkro #feelitreelit #reels #reel #instagramreels #panjabi_virasat #majhazone_" -metadata "purl=https://www.instagram.com/reel/C8rx3a6Ng1y" -metadata "comment=https://www.instagram.com/reel/C8rx3a6Ng1y" -metadata "artist=Majha zone â›³ï¸" -movflags +faststart "file:Video_by_majhazone_-[C8rx3a6Ng1y].temp.mp4"
Thursday, July 25, 2024 7:46:56 AM

PS Microsoft.PowerShell.Core\FileSystem::\\TP-Share\G\shared\jellyfin\shows\downloaded> cd "\\TP-Share\G\shared\jellyfin\shows\downloaded"; date; pwd; date; yt-dlp.exe --verbose --restrict-filenames --add-metadata -i "https://www.youtube.com/watch?v=oy6xRl3i-sE"; date;

Thursday, July 25, 2024 7:57:34 AM

Drive        :
Provider     : Microsoft.PowerShell.Core\FileSystem
ProviderPath : \\TP-Share\G\shared\jellyfin\shows\downloaded
Path         : Microsoft.PowerShell.Core\FileSystem::\\TP-Share\G\shared\jellyfin\shows\downloaded

Thursday, July 25, 2024 7:57:34 AM
[debug] Command-line config: ['--verbose', '--restrict-filenames', '--add-metadata', '-i', 'https://www.youtube.com/watch?v=oy6xRl3i-sE']
[debug] Portable config "C:\Users\kushal\scoop\apps\yt-dlp\current\yt-dlp.conf": []
[debug] Encodings: locale cp1252, fs utf-8, pref cp1252, out utf-8, error utf-8, screen utf-8
[debug] yt-dlp version stable@2024.07.16 from yt-dlp/yt-dlp [89a161e8c] (win_exe)
[debug] Python 3.8.10 (CPython AMD64 64bit) - Windows-10-10.0.22631-SP0 (OpenSSL 1.1.1k  25 Mar 2021)
[debug] exe versions: ffmpeg 7.0.1-full_build-www.gyan.dev (setts), ffprobe 7.0.1-full_build-www.gyan.dev
[debug] Optional libraries: Cryptodome-3.20.0, brotli-1.1.0, certifi-2024.07.04, curl_cffi-0.5.10, mutagen-1.47.0, requests-2.32.3, sqlite3-3.35.5, urllib3-2.2.2, websockets-12.0
[debug] Proxy map: {}
[debug] Request Handlers: urllib, requests, websockets, curl_cffi
[debug] Loaded 1829 extractors
[youtube] Extracting URL: https://www.youtube.com/watch?v=oy6xRl3i-sE
[youtube] oy6xRl3i-sE: Downloading webpage
[youtube] oy6xRl3i-sE: Downloading ios player API JSON
[youtube] oy6xRl3i-sE: Downloading player 3400486c
WARNING: [youtube] oy6xRl3i-sE: nsig extraction failed: Some formats may be missing
         n = V9mzKj5j1yiF1_TDsy ; player = https://www.youtube.com/s/player/3400486c/player_ias.vflset/en_US/base.js
[debug] [youtube] Unable to extract nsig function code (caused by RegexNotFoundError('Unable to extract \x1b[0;94mInitial JS player n function name\x1b[0m; please report this issue on  https://github.com/yt-dlp/yt-dlp/issues?q= , filling out the appropriate issue template. Confirm you are on the latest version using  yt-dlp -U')); please report this issue on  https://github.com/yt-dlp/yt-dlp/issues?q= , filling out the appropriate issue template. Confirm you are on the latest version using  yt-dlp -U
WARNING: [youtube] oy6xRl3i-sE: nsig extraction failed: Some formats may be missing
         n = nUrDcPzKzMGoH0K8Rl ; player = https://www.youtube.com/s/player/3400486c/player_ias.vflset/en_US/base.js
[youtube] oy6xRl3i-sE: Downloading m3u8 information
[debug] Sort order given by extractor: quality, res, fps, hdr:12, source, vcodec:vp9.2, channels, acodec, lang, proto
[debug] Formats sorted by: hasvid, ie_pref, quality, res, fps, hdr:12(7), source, vcodec:vp9.2(10), channels, acodec, lang, proto, size, br, asr, vext, aext, hasaud, id
[debug] Default format spec: bestvideo*+bestaudio/best
[info] oy6xRl3i-sE: Downloading 1 format(s): 614+140
[debug] Invoking hlsnative downloader on "https://manifest.googlevideo.com/api/manifest/hls_playlist/expire/1721930253/ei/rT2iZpuCG_mpkucPqfCLsAU/ip/70.104.195.206/id/a32eb1465de2fac1/itag/614/source/youtube/requiressl/yes/ratebypass/yes/pfa/1/wft/1/sgovp/clen%3D11734591%3Bdur%3D96.971%3Bgir%3Dyes%3Bitag%3D248%3Blmt%3D1721386809827760/rqh/1/hls_chunk_host/rr6---sn-8xgp1vo-gpje.googlevideo.com/xpc/EgVo2aDSNQ%3D%3D/mh/tM/mm/31,29/mn/sn-8xgp1vo-gpje,sn-8xgp1vo-p5qe7/ms/au,rdu/mv/m/mvi/6/pl/20/force_finished/1/initcwndbps/923750/vprv/1/playlist_type/DVR/dover/13/txp/530F224/mt/1721907661/fvip/6/short_key/1/keepalive/yes/sparams/expire,ei,ip,id,itag,source,requiressl,ratebypass,pfa,wft,sgovp,rqh,xpc,force_finished,vprv,playlist_type/sig/AJfQdSswRAIgMeIyr879hSjXiID754xlipeRYrtmk9GPgAFwKnIaq5oCIDckIBAK7zd6EcYqxcLrmji-weqoDi4_XKtiLcqTvMMz/lsparams/hls_chunk_host,mh,mm,mn,ms,mv,mvi,pl,initcwndbps/lsig/AGtxev0wRQIhAO2jCDYP3dzpmAME5wyI5HrkI-BLLcNdt8VXIwm1O8GJAiBHH0j4maup8ZNq0_1usJw07fyDIQI92SfBPi-neWQ1iw%3D%3D/playlist/index.m3u8"
[hlsnative] Downloading m3u8 manifest
[hlsnative] Total fragments: 16
[download] Destination: A_Message_from_Steve_Wozniak-[oy6xRl3i-sE].f614.mp4
[debug] File locking is not supported. Proceeding without locking
[download] 100% of   11.20MiB in 00:00:05 at 2.07MiB/s
[debug] Invoking http downloader on "https://rr6---sn-8xgp1vo-gpje.googlevideo.com/videoplayback?expire=1721930253&ei=rT2iZpuCG_mpkucPqfCLsAU&ip=70.104.195.206&id=o-AJRVjKqn98F6EuVYtLwYaVr57SBwURIM0nEo4P-MGIpE&itag=140&source=youtube&requiressl=yes&xpc=EgVo2aDSNQ%3D%3D&mh=tM&mm=31%2C29&mn=sn-8xgp1vo-gpje%2Csn-8xgp1vo-p5qe7&ms=au%2Crdu&mv=m&mvi=6&pl=20&initcwndbps=923750&vprv=1&svpuc=1&mime=audio%2Fmp4&rqh=1&gir=yes&clen=1571700&dur=97.036&lmt=1721386810386087&mt=1721907661&fvip=6&keepalive=yes&c=IOS&txp=5308224&sparams=expire%2Cei%2Cip%2Cid%2Citag%2Csource%2Crequiressl%2Cxpc%2Cvprv%2Csvpuc%2Cmime%2Crqh%2Cgir%2Cclen%2Cdur%2Clmt&sig=AJfQdSswRAIgYrG9fg5C3mU15N81WLw7nLZg3lTTPg3HHYQFP8yrJVECIFvtnlYDAEREWPNmputtVELHsvq1Pm12m-tSghTAaEpK&lsparams=mh%2Cmm%2Cmn%2Cms%2Cmv%2Cmvi%2Cpl%2Cinitcwndbps&lsig=AGtxev0wRQIgTiZHnzcyNzTFmtvCaol8A9QvAhaHUyIGdPxmBBC8Z9UCIQDTbfP31DPt0dB6NZl9csxRwqHagMFaQ9LWj7BMhGyJfA%3D%3D"
[download] Destination: A_Message_from_Steve_Wozniak-[oy6xRl3i-sE].f140.m4a
[download] 100% of    1.50MiB in 00:00:00 at 3.33MiB/s
[Merger] Merging formats into "A_Message_from_Steve_Wozniak-[oy6xRl3i-sE].mp4"
[debug] ffmpeg command line: ffmpeg -y -loglevel repeat+info -i "file:A_Message_from_Steve_Wozniak-[oy6xRl3i-sE].f614.mp4" -i "file:A_Message_from_Steve_Wozniak-[oy6xRl3i-sE].f140.m4a" -c copy -map 0:v:0 -map1:a:0 -movflags +faststart "file:A_Message_from_Steve_Wozniak-[oy6xRl3i-sE].temp.mp4"
Deleting original file A_Message_from_Steve_Wozniak-[oy6xRl3i-sE].f614.mp4 (pass -k to keep)
Deleting original file A_Message_from_Steve_Wozniak-[oy6xRl3i-sE].f140.m4a (pass -k to keep)
[Metadata] Adding metadata to "A_Message_from_Steve_Wozniak-[oy6xRl3i-sE].mp4"
[debug] ffmpeg command line: ffmpeg -y -loglevel repeat+info -i "file:A_Message_from_Steve_Wozniak-[oy6xRl3i-sE].mp4" -map 0 -dn -ignore_unknown -c copy -write_id3v1 1 -metadata "title=A Message from Steve Wozniak" -metadata "date=20240718" -metadata "description=Join the Quest and support this documentary!: https://www.backerkit.com/call_to_action/1c6ba3bd-6e7b-418f-90ff-41cc74b69344/landing
Apple co-founder Steve \"Woz\" Wozniak officially joins the LEGENDS OF ADVENTURE documentary cast.

Here's Woz talking about his love for Sierra's early games and the impact the Williams and their company had on the industry." -metadata "synopsis=Join the Quest and support this documentary!: https://www.backerkit.com/call_to_action/1c6ba3bd-6e7b-418f-90ff-41cc74b69344/landing
Apple co-founder Steve \"Woz\" Wozniak officially joins the LEGENDS OF ADVENTURE documentary cast.

Here's Woz talking about his love for Sierra's early games and the impact the Williams and their company had on the industry." -metadata "purl=https://www.youtube.com/watch?v=oy6xRl3i-sE" -metadata "comment=https://www.youtube.com/watch?v=oy6xRl3i-sE" -metadata "artist=Legends of Adventure" -metadata:s:1 "language=eng" -movflags +faststart "file:A_Message_from_Steve_Wozniak-[oy6xRl3i-sE].temp.mp4"
Thursday, July 25, 2024 7:57:48 AM

PS Microsoft.PowerShell.Core\FileSystem::\\TP-Share\G\shared\jellyfin\shows\downloaded>
PS Microsoft.PowerShell.Core\FileSystem::\\TP-Share\G\shared\jellyfin\shows\downloaded>
PS Microsoft.PowerShell.Core\FileSystem::\\TP-Share\G\shared\jellyfin\shows\downloaded>
PS Microsoft.PowerShell.Core\FileSystem::\\TP-Share\G\shared\jellyfin\shows\downloaded>
PS Microsoft.PowerShell.Core\FileSystem::\\TP-Share\G\shared\jellyfin\shows\downloaded> cd "C:\Users\kushal\src\myhtml\fromnepal"; date; yarn; date; yarn run build; date; git add .; date; git commit --message"build application" --message "from the terminal"; date; git pull --rebase origin main; date; git push origin main; date;

Thursday, July 25, 2024 4:03:15 PM
yarn install v1.22.21
[1/4] Resolving packages...
success Already up-to-date.
Done in 0.14s.
Thursday, July 25, 2024 4:03:16 PM
yarn run v1.22.21
$ tsc && vite build
vite v5.2.13 building for production...
âœ“ 5 modules transformed.
docs/index.html                 0.53 kB â”‚ gzip: 0.32 kB
docs/assets/index-DYhv0y2B.css  4.60 kB â”‚ gzip: 1.63 kB
docs/assets/index-BUJcqj8w.js   4.81 kB â”‚ gzip: 2.11 kB
âœ“ built in 164ms
Done in 2.33s.
Thursday, July 25, 2024 4:03:18 PM
warning: in the working copy of 'docs/assets/index-BUJcqj8w.js', LF will be replaced by CRLF the next time Git touches it
warning: in the working copy of 'docs/assets/index-DYhv0y2B.css', LF will be replaced by CRLF the next time Git touches it
warning: in the working copy of 'docs/index.html', LF will be replaced by CRLF the next time Git touches it
Thursday, July 25, 2024 4:03:19 PM
On branch main
Your branch is up to date with 'origin/main'.

nothing to commit, working tree clean
Thursday, July 25, 2024 4:03:19 PM
From github.com:fromnepal/fromnepal.github.io
 * branch            main       -> FETCH_HEAD
Already up to date.
Thursday, July 25, 2024 4:03:20 PM
Everything up-to-date
Thursday, July 25, 2024 4:03:20 PM

PS C:\Users\kushal\src\myhtml\fromnepal> cd "C:\Users\kushal\src\myhtml\fromnepal"; date; yarn; date; yarn run build; date; git add .; date; git commit --message "build application" --message "from the terminal"; date; git pull --rebase origin main; date; git push origin main; date;
