PowerShell 7.4.6
Loading personal and system profiles took 1258ms.
PS C:\Users\kushal> C:\Users\kushal\src\myhtml\fromnepal\public\omnibus.ps1
Transcript started, output file is C:\Users\kushal\src\myhtml\fromnepal\public\notes\output.txt

Friday, November 29, 2024 11:05:58 AM
     Removed 926 files, 454.2MiB total
Friday, November 29, 2024 11:05:58 AM
   Compiling windows_x86_64_msvc v0.52.6
   Compiling proc-macro2 v1.0.89
   Compiling unicode-ident v1.0.13
   Compiling bytes v1.8.0
   Compiling pin-project-lite v0.2.15
   Compiling itoa v1.0.11
   Compiling autocfg v1.4.0
   Compiling futures-core v0.3.31
   Compiling futures-sink v0.3.31
   Compiling fnv v1.0.7
   Compiling once_cell v1.20.2
   Compiling cfg-if v1.0.0
   Compiling memchr v2.7.4
   Compiling hashbrown v0.15.0
   Compiling pin-utils v0.1.0
   Compiling httparse v1.9.5
   Compiling futures-task v0.3.31
   Compiling futures-io v0.3.31
   Compiling equivalent v1.0.1
   Compiling windows_x86_64_msvc v0.48.5
   Compiling tracing-core v0.1.32
   Compiling try-lock v0.2.5
   Compiling serde v1.0.213
   Compiling atomic-waker v1.1.2
   Compiling tinyvec_macros v0.1.1
   Compiling native-tls v0.2.12
   Compiling tinyvec v1.8.0
   Compiling want v0.3.1
   Compiling futures-channel v0.3.31
   Compiling byteorder v1.5.0
   Compiling smallvec v1.13.2
   Compiling http v1.1.0
   Compiling percent-encoding v2.3.1
   Compiling getrandom v0.2.15
   Compiling slab v0.4.9
   Compiling indexmap v2.6.0
   Compiling tracing v0.1.40
   Compiling windows-targets v0.52.6
   Compiling form_urlencoded v1.2.1
   Compiling tower-service v0.3.3
   Compiling ryu v1.0.18
   Compiling windows-sys v0.52.0
   Compiling windows-sys v0.59.0
   Compiling windows-result v0.2.0
   Compiling serde_json v1.0.132
   Compiling unicode-bidi v0.3.17
   Compiling windows-strings v0.1.0
   Compiling windows-targets v0.48.5
   Compiling rand_core v0.6.4
   Compiling thiserror v1.0.65
   Compiling rustls-pki-types v1.10.0
   Compiling quote v1.0.37
   Compiling windows-registry v0.2.0
   Compiling unicode-normalization v0.1.24
   Compiling windows-sys v0.48.0
   Compiling sync_wrapper v1.0.1
   Compiling syn v2.0.85
   Compiling encoding_rs v0.8.35
   Compiling http-body v1.0.1
   Compiling rustls-pemfile v2.2.0
   Compiling log v0.4.22
   Compiling ipnet v2.10.1
   Compiling base64 v0.22.1
   Compiling mime v0.3.17
   Compiling futures-util v0.3.31
   Compiling dotenv v0.15.0
   Compiling idna v0.5.0
   Compiling url v2.5.2
   Compiling serde_derive v1.0.213
   Compiling zerocopy-derive v0.7.35
   Compiling thiserror-impl v1.0.65
   Compiling mio v1.0.2
   Compiling socket2 v0.5.7
   Compiling home v0.5.9
   Compiling zerocopy v0.7.35
   Compiling etcetera v0.8.0
   Compiling tokio v1.41.0
   Compiling ppv-lite86 v0.2.20
   Compiling rand_chacha v0.3.1
   Compiling rand v0.8.5
   Compiling schannel v0.1.26
   Compiling http-body-util v0.1.2
   Compiling tokio-util v0.7.12
   Compiling tokio-native-tls v0.3.1
   Compiling serde_urlencoded v0.7.1
   Compiling h2 v0.4.6
   Compiling hyper v1.5.0
   Compiling hyper-util v0.1.9
   Compiling hyper-tls v0.6.0
   Compiling reqwest v0.12.8
   Compiling helloworld v0.1.1 (C:\Users\kushal\RustroverProjects\helloworld)
warning: struct `Graph` is never constructed
 --> src\graph.rs:3:12
  |
3 | pub struct Graph {
  |            ^^^^^
  |
  = note: `#[warn(dead_code)]` on by default

warning: associated items `new`, `add_node`, `add_edge`, `bfs`, `dfs`, and `dfs_recursive` are never used
  --> src\graph.rs:8:12
   |
7  | impl Graph {
   | ---------- associated items in this implementation
8  |     pub fn new() -> Self {
   |            ^^^
...
14 |     pub fn add_node(&mut self, value: &str) {
   |            ^^^^^^^^
...
18 |     pub fn add_edge(&mut self, from: &str, to: &str) {
   |            ^^^^^^^^
...
24 |     pub fn bfs(&self, start: &str) -> Vec<String> {
   |            ^^^
...
48 |     pub fn dfs(&self, start: &str) -> Vec<String> {
   |            ^^^
...
55 |     fn dfs_recursive(&self, node: &str, visited: &mut HashMap<String, bool>, result: &mut Vec<String>) {
   |        ^^^^^^^^^^^^^

warning: `helloworld` (bin "helloworld") generated 2 warnings
    Finished `dev` profile [unoptimized + debuginfo] target(s) in 45.19s
Friday, November 29, 2024 11:06:44 AM
   Compiling helloworld v0.1.1 (C:\Users\kushal\RustroverProjects\helloworld)
    Finished `test` profile [unoptimized + debuginfo] target(s) in 1.71s
     Running unittests src/main.rs (target\debug\deps\helloworld-358f72777eb128ff.exe)

running 24 tests
test graph::tests::test_bfs ... ok
test greatest_common_divisor::tests::test_large_numbers ... ok
test greatest_common_divisor::tests::test_large_numbers_performance ... ok
test greatest_common_divisor::tests::test_zero_input ... ok
test greatest_common_divisor::tests::test_prime_numbers ... ok
test greatest_common_divisor::tests::test_zero_input_3 ... ok
test greatest_common_divisor::tests::test_large_numbers_performance_single ... ok
test greatest_common_divisor::tests::test_large_numbers_performance_multiple ... ok
test graph::tests::test_dfs ... ok
test greatest_common_divisor::tests::test_both_are_zero ... ok
test greatest_common_divisor::tests::test_large_prime_numbers ... ok
test greatest_common_divisor::tests::test_mixed_numbers ... ok
test greatest_common_divisor::tests::test_gcd ... ok
test greatest_common_divisor::tests::test_large_composite_numbers ... ok
test my_data_types::tests::test_not_a_number ... ok
test greatest_common_divisor::tests::test_one_is_one ... ok
test greatest_common_divisor::tests::test_one_is_zero ... ok
test my_math::tests::test_add ... ok
test my_math::tests::test_add_multiply_ambiguous ... ok
test my_math::tests::test_add_zero ... ok
test my_math::tests::test_multiply ... ok
test my_math::tests::test_multiply_zero ... ok
test shadowing::tests::test_shadow ... ok
test shadowing::tests::test_shadow_string_length ... ok

test result: ok. 24 passed; 0 failed; 0 ignored; 0 measured; 0 filtered out; finished in 0.01s

Friday, November 29, 2024 11:06:46 AM
Friday, November 29, 2024 11:06:46 AM
On branch master
Your branch is up to date with 'origin/master'.

nothing to commit, working tree clean
Friday, November 29, 2024 11:06:46 AM
On branch master
Your branch is up to date with 'origin/master'.

nothing to commit, working tree clean
Friday, November 29, 2024 11:06:46 AM
From github.com:kusl/hellorust20240711
 * branch            master     -> FETCH_HEAD
 = [up to date]      master     -> origin/master
Already up to date.
Friday, November 29, 2024 11:06:47 AM
Pushing to github.com:kusl/hellorust20240711.git
To github.com:kusl/hellorust20240711.git
 = [up to date]      master -> master
updating local tracking ref 'refs/remotes/origin/master'
Everything up-to-date
Friday, November 29, 2024 11:06:47 AM
warning: in the working copy of 'docs/icon_cube.svg', LF will be replaced by CRLF the next time Git touches it
warning: in the working copy of 'docs/icon_fork.svg', LF will be replaced by CRLF the next time Git touches it
warning: in the working copy of 'docs/icon_info-circled.svg', LF will be replaced by CRLF the next time Git touches it
warning: in the working copy of 'docs/icon_info-circled_dark.svg', LF will be replaced by CRLF the next time Git touches it
warning: in the working copy of 'docs/icon_minus.svg', LF will be replaced by CRLF the next time Git touches it
warning: in the working copy of 'docs/icon_plus.svg', LF will be replaced by CRLF the next time Git touches it
warning: in the working copy of 'docs/icon_search-minus.svg', LF will be replaced by CRLF the next time Git touches it
warning: in the working copy of 'docs/icon_search-plus.svg', LF will be replaced by CRLF the next time Git touches it
warning: in the working copy of 'docs/icon_sponsor.svg', LF will be replaced by CRLF the next time Git touches it
warning: in the working copy of 'docs/icon_star.svg', LF will be replaced by CRLF the next time Git touches it
warning: in the working copy of 'docs/icon_star_dark.svg', LF will be replaced by CRLF the next time Git touches it
warning: in the working copy of 'docs/icon_up-dir.svg', LF will be replaced by CRLF the next time Git touches it
warning: in the working copy of 'docs/icon_up-dir_active.svg', LF will be replaced by CRLF the next time Git touches it
warning: in the working copy of 'docs/icon_up-down-dir.svg', LF will be replaced by CRLF the next time Git touches it
warning: in the working copy of 'docs/icon_up-down-dir_dark.svg', LF will be replaced by CRLF the next time Git touches it
warning: in the working copy of 'docs/icon_wrench.svg', LF will be replaced by CRLF the next time Git touches it
Friday, November 29, 2024 11:12:32 AM
On branch master
Your branch is up to date with 'origin/master'.

Changes to be committed:
  (use "git restore --staged <file>..." to unstage)
        modified:   docs/hellolib_BabysFirstDynamicProgrammingMethods.html
        modified:   docs/hellolib_BubbleSort.html
        modified:   docs/hellolib_CurrentWeather.html
        modified:   docs/hellolib_DesignDynamicArray.html
        modified:   docs/hellolib_DotnetNineGuid.html
        modified:   docs/hellolib_Entity.html
        modified:   docs/hellolib_FindClosestNumberToZero.html
        modified:   docs/hellolib_Graph.html
        modified:   docs/hellolib_Knapsack.html
        modified:   docs/hellolib_KnapsackItem.html
        modified:   docs/hellolib_ListNode.html
        modified:   docs/hellolib_MergeSort.html
        modified:   docs/hellolib_MergeSortedArray.html
        modified:   docs/hellolib_MergeStringsAlternately.html
        modified:   docs/hellolib_MinimumCoin.html
        modified:   docs/hellolib_MyCleaner.html
        modified:   docs/hellolib_MySearch.html
        modified:   docs/hellolib_PascalTriangle.html
        modified:   docs/hellolib_PasswordSettings.html
        modified:   docs/hellolib_Person.html
        modified:   docs/hellolib_PersonFactory.html
        modified:   docs/hellolib_Revocation.html
        modified:   docs/hellolib_RomanToInteger.html
        modified:   docs/hellolib_SinglyLinkedList.html
        modified:   docs/hellolib_SinglyLinkedListAddTwoNumbers.html
        modified:   docs/hellolib_SinglyLinkedListNode.html
        modified:   docs/hellolib_TwoSum.html
        modified:   docs/hellolib_Weather.html
        modified:   docs/hellolib_WeatherFetchException.html
        modified:   docs/index.htm
        modified:   docs/index.html
        modified:   dotnet.txt
        modified:   tests/coverage.cobertura.xml
        modified:   tests/dotnet.txt

Friday, November 29, 2024 11:12:32 AM
[master 3fe368a] build application
 34 files changed, 581 insertions(+), 543 deletions(-)
Friday, November 29, 2024 11:12:33 AM
From github.com:patstha/mydotnet
 * branch            master     -> FETCH_HEAD
 = [up to date]      master     -> origin/master
Current branch master is up to date.
Friday, November 29, 2024 11:12:34 AM
Pushing to github.com:patstha/mydotnet.git
Enumerating objects: 73, done.
Counting objects: 100% (73/73), done.
Delta compression using up to 16 threads
Compressing objects: 100% (37/37), done.
Writing objects: 100% (37/37), 6.08 KiB | 778.00 KiB/s, done.
Total 37 (delta 36), reused 0 (delta 0), pack-reused 0 (from 0)
remote: Resolving deltas: 100% (36/36), completed with 36 local objects.
To github.com:patstha/mydotnet.git
   b4c1b33..3fe368a  master -> master
updating local tracking ref 'refs/remotes/origin/master'
Friday, November 29, 2024 11:12:35 AM
Friday, November 29, 2024 11:12:35 AM
yarn install v1.22.21
[1/4] Resolving packages...
success Already up-to-date.
Done in 0.18s.
Friday, November 29, 2024 11:12:36 AM
yarn run v1.22.21
$ tsc && vite build
vite v5.4.8 building for production...
✓ 5 modules transformed.
docs/index.html                0.27 kB │ gzip: 0.22 kB
docs/assets/index-D1OKu7AJ.js  8.63 kB │ gzip: 3.19 kB
✓ built in 239ms
Done in 2.27s.
Friday, November 29, 2024 11:12:39 AM
warning: in the working copy of 'docs/assets/index-D1OKu7AJ.js', LF will be replaced by CRLF the next time Git touches it
warning: in the working copy of 'docs/index.html', LF will be replaced by CRLF the next time Git touches it
Friday, November 29, 2024 11:12:39 AM
On branch kus-2024-10-30-modules
nothing to commit, working tree clean
Friday, November 29, 2024 11:12:39 AM
On branch kus-2024-10-30-modules
nothing to commit, working tree clean
Friday, November 29, 2024 11:12:39 AM
From github.com:matchthree/matchthree.github.io
 * branch            master     -> FETCH_HEAD
Current branch kus-2024-10-30-modules is up to date.
Friday, November 29, 2024 11:12:40 AM
Everything up-to-date
Friday, November 29, 2024 11:12:41 AM
Friday, November 29, 2024 11:12:41 AM
Friday, November 29, 2024 11:12:41 AM
On branch main
nothing to commit, working tree clean
Friday, November 29, 2024 11:12:41 AM
Friday, November 29, 2024 11:12:41 AM
Friday, November 29, 2024 11:12:44 AM
Image downloaded successfully to C:\Users\kushal\src\myhtml\fromnepal\public\notes\earth.jpeg
Friday, November 29, 2024 11:12:44 AM
Friday, November 29, 2024 11:12:44 AM
yarn install v1.22.21
[1/4] Resolving packages...
success Already up-to-date.
Done in 0.24s.
Friday, November 29, 2024 11:12:44 AM
yarn run v1.22.21
$ tsc && vite build
vite v5.4.11 building for production...
✓ 5 modules transformed.
docs/index.html                 0.53 kB │ gzip: 0.32 kB
docs/assets/index-C7fM1CLc.css  4.60 kB │ gzip: 1.63 kB
docs/assets/index-CG30pmQG.js   2.94 kB │ gzip: 1.31 kB
✓ built in 10.15s
Done in 13.95s.
Friday, November 29, 2024 11:12:59 AM
Transcript stopped, output file is C:\Users\kushal\src\myhtml\fromnepal\public\notes\output.txt
warning: in the working copy of 'docs/assets/index-C7fM1CLc.css', LF will be replaced by CRLF the next time Git touches it
warning: in the working copy of 'docs/assets/index-CG30pmQG.js', LF will be replaced by CRLF the next time Git touches it
warning: in the working copy of 'docs/index.html', LF will be replaced by CRLF the next time Git touches it
warning: in the working copy of 'docs/notes/2024/11/15/hybridcache.en.vtt', LF will be replaced by CRLF the next time Git touches it
warning: in the working copy of 'docs/notes/2024/11/15/l1-show.en.vtt', LF will be replaced by CRLF the next time Git touches it
warning: in the working copy of 'docs/notes/2024/11/15/modernwinforms.en.vtt', LF will be replaced by CRLF the next time Git touches it
warning: in the working copy of 'docs/notes/2024/11/15/myvtt.en.vtt', LF will be replaced by CRLF the next time Git touches it
warning: in the working copy of 'docs/notes/2024/11/15/myvtt.en.vtt.en.vtt', LF will be replaced by CRLF the next time Git touches it
warning: in the working copy of 'docs/notes/2024/11/15/nyt-podcasts-trump-cabinet-picks.en.vtt', LF will be replaced by CRLF the next time Git touches it
warning: in the working copy of 'docs/notes/2024/11/15/tldr-global.en.vtt', LF will be replaced by CRLF the next time Git touches it
warning: in the working copy of 'docs/notes/2024/11/18/november2024a/.gitattributes', LF will be replaced by CRLF the next time Git touches it
warning: in the working copy of 'docs/notes/2024/11/18/november2024a/.gitignore', LF will be replaced by CRLF the next time Git touches it
warning: in the working copy of 'docs/notes/2024/11/18/november2024a/build.gradle.kts', LF will be replaced by CRLF the next time Git touches it
warning: in the working copy of 'docs/notes/2024/11/18/november2024a/gradle/wrapper/gradle-wrapper.properties', LF will be replaced by CRLF the next time Git touches it
warning: in the working copy of 'docs/notes/2024/11/18/november2024a/settings.gradle.kts', LF will be replaced by CRLF the next time Git touches it
warning: in the working copy of 'docs/notes/2024/11/18/november2024a/src/main/kotlin/com/github/kusl/november2024a/November2024aApplication.kt', LF will be replaced by CRLF the next time Git touches it
warning: in the working copy of 'docs/notes/2024/11/18/november2024a/src/main/resources/application.properties', LF will be replaced by CRLF the next time Git touches it
warning: in the working copy of 'docs/notes/2024/11/18/november2024a/src/test/kotlin/com/github/kusl/november2024a/November2024aApplicationTests.kt', LF will be replaced by CRLF the next time Git touches it
warning: in the working copy of 'docs/notes/2024/11/18/requirements.txt', LF will be replaced by CRLF the next time Git touches it
warning: in the working copy of 'docs/notes/2024/11/29/about-gpu-2024-11-29T13-20-09-716Z.txt', LF will be replaced by CRLF the next time Git touches it
warning: in the working copy of 'docs/notes/A3B318B569046159E1DD6616D2E646D9434350E6.asc', LF will be replaced by CRLF the next time Git touches it
warning: in the working copy of 'docs/notes/Nationalism, Explained [AXz0kbMKPu0].en.vtt', LF will be replaced by CRLF the next time Git touches it
warning: in the working copy of 'docs/notes/favicon_io/about.txt', LF will be replaced by CRLF the next time Git touches it
warning: in the working copy of 'docs/notes/yt/3-blue-1-brown-llm-LPZh9BOjkQs.en.vtt', LF will be replaced by CRLF the next time Git touches it
warning: in the working copy of 'docs/notes/yt/abc-news-empty-w4LOqOSi6Tk.en.vtt', LF will be replaced by CRLF the next time Git touches it
warning: in the working copy of 'docs/notes/yt/animation-recapped-J1QiZ7KDXik.en.vtt', LF will be replaced by CRLF the next time Git touches it
warning: in the working copy of 'docs/notes/yt/aoc-Eh7bFt7oUto.en.vtt', LF will be replaced by CRLF the next time Git touches it
warning: in the working copy of 'docs/notes/yt/aoc-WoP9BJiItSI.en.vtt', LF will be replaced by CRLF the next time Git touches it
warning: in the working copy of 'docs/notes/yt/asianometry-mm-wave-5g.en.vtt', LF will be replaced by CRLF the next time Git touches it
warning: in the working copy of 'docs/notes/yt/bravos-ILJ41tmQAQ8.en.vtt', LF will be replaced by CRLF the next time Git touches it
warning: in the working copy of 'docs/notes/yt/coffee-software-DSbuyscXX7I.en.vtt', LF will be replaced by CRLF the next time Git touches it
warning: in the working copy of 'docs/notes/yt/continuous-delivery-_zUkNrUp0Ok.en.vtt', LF will be replaced by CRLF the next time Git touches it
warning: in the working copy of 'docs/notes/yt/continuous-delivery-pair-programming-5TTsIkmtKUg.en.vtt', LF will be replaced by CRLF the next time Git touches it
warning: in the working copy of 'docs/notes/yt/countries-explained-poland-d6LW1iLFXkc.en.vtt', LF will be replaced by CRLF the next time Git touches it
warning: in the working copy of 'docs/notes/yt/dark-brandon-DDp_tb5bs-0.en.vtt', LF will be replaced by CRLF the next time Git touches it
warning: in the working copy of 'docs/notes/yt/diabetes-PsQj2Hg1oFM.en.vtt', LF will be replaced by CRLF the next time Git touches it
warning: in the working copy of 'docs/notes/yt/diabetes-PsQj2Hg1oFM.hi.vtt', LF will be replaced by CRLF the next time Git touches it
warning: in the working copy of 'docs/notes/yt/diabetes-Yys5zeoDi2E.en.vtt', LF will be replaced by CRLF the next time Git touches it
warning: in the working copy of 'docs/notes/yt/dotnet-9-new-jit-1bsTnaLchi4.en.vtt', LF will be replaced by CRLF the next time Git touches it
warning: in the working copy of 'docs/notes/yt/dotnet-async-challenges-ef-core-7iuUh0BIAuE.en.vtt', LF will be replaced by CRLF the next time Git touches it
warning: in the working copy of 'docs/notes/yt/dotnet-new-c-sharp-13-japXYFS9YPQ.en.vtt', LF will be replaced by CRLF the next time Git touches it
warning: in the working copy of 'docs/notes/yt/dr-ben-miles-JCt2MhOzWVE.en.vtt', LF will be replaced by CRLF the next time Git touches it
warning: in the working copy of 'docs/notes/yt/drama-league-37kU-zxhG18.en.vtt', LF will be replaced by CRLF the next time Git touches it
warning: in the working copy of 'docs/notes/yt/enrico-7nnyv4yJGJc.en.vtt', LF will be replaced by CRLF the next time Git touches it
warning: in the working copy of 'docs/notes/yt/escuela-XdI2e8QqzbQ.en.vtt', LF will be replaced by CRLF the next time Git touches it
warning: in the working copy of 'docs/notes/yt/first-ring-wnfcFflmvLo.en.vtt', LF will be replaced by CRLF the next time Git touches it
warning: in the working copy of 'docs/notes/yt/germany-_ywqDbHiMrs.en.vtt', LF will be replaced by CRLF the next time Git touches it
warning: in the working copy of 'docs/notes/yt/hankschannel-nuclear-16203Tks_0I.en.vtt', LF will be replaced by CRLF the next time Git touches it
warning: in the working copy of 'docs/notes/yt/l1-icydock-3KCaS7EK6Rc.en.vtt', LF will be replaced by CRLF the next time Git touches it
warning: in the working copy of 'docs/notes/yt/l1show-EI5iZ4LNsyQ.en.vtt', LF will be replaced by CRLF the next time Git touches it
warning: in the working copy of 'docs/notes/yt/last-week-tonight-medicare-for-all-UZtEBXLDssQ.en.vtt', LF will be replaced by CRLF the next time Git touches it
warning: in the working copy of 'docs/notes/yt/mileage-mike-ring-road-DhZH0KbcwX4.en.vtt', LF will be replaced by CRLF the next time Git touches it
warning: in the working copy of 'docs/notes/yt/millitary-show-M_yjnIFGQ70.en.vtt', LF will be replaced by CRLF the next time Git touches it
warning: in the working copy of 'docs/notes/yt/mit-rto-4ec_yZCWOCY.en.vtt', LF will be replaced by CRLF the next time Git touches it
warning: in the working copy of 'docs/notes/yt/msnbc-EmvYGLySOVE.en.vtt', LF will be replaced by CRLF the next time Git touches it
warning: in the working copy of 'docs/notes/yt/ndc-oA7xeRyxMSo.en.vtt', LF will be replaced by CRLF the next time Git touches it
warning: in the working copy of 'docs/notes/yt/nytimes-Dj05EvWQ8NY.en.vtt', LF will be replaced by CRLF the next time Git touches it
warning: in the working copy of 'docs/notes/yt/nytimes-X_gotjGG4ug.en.vtt', LF will be replaced by CRLF the next time Git touches it
warning: in the working copy of 'docs/notes/yt/nytimes-daily-bernie-xvYvfOcEFXI.en.vtt', LF will be replaced by CRLF the next time Git touches it
warning: in the working copy of 'docs/notes/yt/nytimes-l7s8QizovG8.en.vtt', LF will be replaced by CRLF the next time Git touches it
warning: in the working copy of 'docs/notes/yt/nytimes-ukraine-c_z8OoYWjQ0.en.vtt', LF will be replaced by CRLF the next time Git touches it
warning: in the working copy of 'docs/notes/yt/otago-kotlin-multiplatform.en.vtt', LF will be replaced by CRLF the next time Git touches it
warning: in the working copy of 'docs/notes/yt/real-life-lore-africa.en.vtt', LF will be replaced by CRLF the next time Git touches it
warning: in the working copy of 'docs/notes/yt/road-guy-rob-K1TFOK4_07s.en.vtt', LF will be replaced by CRLF the next time Git touches it
warning: in the working copy of 'docs/notes/yt/second-school-india-u2vzX_MgCI8.en.vtt', LF will be replaced by CRLF the next time Git touches it
warning: in the working copy of 'docs/notes/yt/the-economist-kyiv-xn-AnTYs2H8.en.vtt', LF will be replaced by CRLF the next time Git touches it
warning: in the working copy of 'docs/notes/yt/the-millitary-show-china-hellscape.en.vtt', LF will be replaced by CRLF the next time Git touches it
warning: in the working copy of 'docs/notes/yt/tldr-global-Lj0J3ioOnIY.en.vtt', LF will be replaced by CRLF the next time Git touches it
warning: in the working copy of 'docs/notes/yt/tldr-news-eu-COEfdZVTFCQ.en.vtt', LF will be replaced by CRLF the next time Git touches it
warning: in the working copy of 'docs/notes/yt/tldr-news-global-2024-11-16-a8NmPDUdzhU.en.vtt', LF will be replaced by CRLF the next time Git touches it
warning: in the working copy of 'docs/notes/yt/tldr-news-global-hong-kong-kRmSBS1yqWo.en.vtt', LF will be replaced by CRLF the next time Git touches it
warning: in the working copy of 'docs/notes/yt/trudeau-immigration-vOB7-dbYuCc.en.vtt', LF will be replaced by CRLF the next time Git touches it
warning: in the working copy of 'docs/notes/yt/ufd-amd-BJjdGxRRh2E.en.vtt', LF will be replaced by CRLF the next time Git touches it
warning: in the working copy of 'docs/notes/yt/versed-h_rsF8eVPqY.en.vtt', LF will be replaced by CRLF the next time Git touches it
warning: in the working copy of 'docs/notes/yt/vivienne-yang-FR6hhULZLfw.en.vtt', LF will be replaced by CRLF the next time Git touches it
warning: in the working copy of 'docs/notes/yt/william-spaniel-polling-hhaNiF5aCCY.en.vtt', LF will be replaced by CRLF the next time Git touches it
warning: in the working copy of 'docs/notes/ytotago-kotlin-multiplatform.en.vtt', LF will be replaced by CRLF the next time Git touches it
Friday, November 29, 2024 11:13:52 AM
On branch main
Your branch is ahead of 'origin/main' by 1 commit.
  (use "git push" to publish your local commits)

Changes to be committed:
  (use "git restore --staged <file>..." to unstage)
        modified:   docs/notes/2024/11/29/ai.html
        new file:   docs/notes/2024/11/29/chrome-canary-readily-cropped.png
        new file:   docs/notes/2024/11/29/resmon-memory-thrashing.png
        new file:   docs/notes/2024/11/29/resmon.png
        new file:   docs/notes/2024/11/29/twice-dob-test-dark.png
        modified:   docs/notes/earth.jpeg
        modified:   docs/notes/output.txt
        new file:   public/notes/2024/11/29/chrome-canary-readily-cropped.png
        new file:   public/notes/2024/11/29/resmon-memory-thrashing.png
        new file:   public/notes/2024/11/29/resmon.png
        new file:   public/notes/2024/11/29/twice-dob-test-dark.png
        modified:   public/notes/earth.jpeg
        modified:   public/notes/output.txt

Friday, November 29, 2024 11:13:53 AM
[main 8f939fcd] build application
 13 files changed, 301 insertions(+), 110 deletions(-)
 create mode 100644 docs/notes/2024/11/29/chrome-canary-readily-cropped.png
 create mode 100644 docs/notes/2024/11/29/resmon-memory-thrashing.png
 create mode 100644 docs/notes/2024/11/29/resmon.png
 create mode 100644 docs/notes/2024/11/29/twice-dob-test-dark.png
 create mode 100644 public/notes/2024/11/29/chrome-canary-readily-cropped.png
 create mode 100644 public/notes/2024/11/29/resmon-memory-thrashing.png
 create mode 100644 public/notes/2024/11/29/resmon.png
 create mode 100644 public/notes/2024/11/29/twice-dob-test-dark.png
Friday, November 29, 2024 11:13:54 AM
From github.com:fromnepal/fromnepal.github.io
 * branch              main       -> FETCH_HEAD
Current branch main is up to date.
Friday, November 29, 2024 11:13:55 AM
Enumerating objects: 37, done.
Counting objects: 100% (35/35), done.
Delta compression using up to 16 threads
Compressing objects: 100% (24/24), done.
Writing objects: 100% (24/24), 18.32 MiB | 5.62 MiB/s, done.
Total 24 (delta 16), reused 0 (delta 0), pack-reused 0 (from 0)
remote: Resolving deltas: 100% (16/16), completed with 9 local objects.
To github.com:fromnepal/fromnepal.github.io.git
   08bfb6ad..8f939fcd  main -> main
Friday, November 29, 2024 11:14:01 AM

PS C:\Users\kushal\src\myhtml\fromnepal> cd "C:\Users\kushal\src\myhtml"; mkdir "hello-ai";

    Directory: C:\Users\kushal\src\myhtml

Mode                 LastWriteTime         Length Name
----                 -------------         ------ ----
d----          11/29/2024 11:32 AM                hello-ai

PS C:\Users\kushal\src\myhtml> cd "C:\Users\kushal\src\myhtml\hello-ai"
PS C:\Users\kushal\src\myhtml\hello-ai> dotnet new gitignore
The template "dotnet gitignore file" was created successfully.

PS C:\Users\kushal\src\myhtml\hello-ai> git init
hint: Using 'master' as the name for the initial branch. This default branch name
hint: is subject to change. To configure the initial branch name to use in all
hint: of your new repositories, which will suppress this warning, call:
hint:
hint:   git config --global init.defaultBranch <name>
hint:
hint: Names commonly chosen instead of 'master' are 'main', 'trunk' and
hint: 'development'. The just-created branch can be renamed via this command:
hint:
hint:   git branch -m <name>
Initialized empty Git repository in C:/Users/kushal/src/myhtml/hello-ai/.git/
PS C:\Users\kushal\src\myhtml\hello-ai> git branch -m develop
PS C:\Users\kushal\src\myhtml\hello-ai> git add .
PS C:\Users\kushal\src\myhtml\hello-ai> git add .; git commit --message "add all files"; git status;
[develop (root-commit) f1a3876] add all files
 2 files changed, 647 insertions(+)
 create mode 100644 .gitignore
 create mode 100644 ai.html
On branch develop
nothing to commit, working tree clean
PS C:\Users\kushal\src\myhtml\hello-ai> git remote add origin git@github.com:9034725985/hello-ai.git
PS C:\Users\kushal\src\myhtml\hello-ai> git push origin --all --force -vvv
Pushing to github.com:9034725985/hello-ai.git
Enumerating objects: 4, done.
Counting objects: 100% (4/4), done.
Delta compression using up to 16 threads
Compressing objects: 100% (4/4), done.
Writing objects: 100% (4/4), 4.97 KiB | 4.97 MiB/s, done.
Total 4 (delta 0), reused 0 (delta 0), pack-reused 0 (from 0)
To github.com:9034725985/hello-ai.git
 * [new branch]      develop -> develop
updating local tracking ref 'refs/remotes/origin/develop'
PS C:\Users\kushal\src\myhtml\hello-ai> notepad README.md
PS C:\Users\kushal\src\myhtml\hello-ai> git add .; git commit --message "add readme"; git status;
[develop 486afed] add readme
 2 files changed, 7 insertions(+)
 create mode 100644 README.md
 create mode 100644 twice-dob-test-dark.png
On branch develop
nothing to commit, working tree clean
PS C:\Users\kushal\src\myhtml\hello-ai> git push origin --all --force -vvv
Pushing to github.com:9034725985/hello-ai.git
Enumerating objects: 5, done.
Counting objects: 100% (5/5), done.
Delta compression using up to 16 threads
Compressing objects: 100% (4/4), done.
Writing objects: 100% (4/4), 23.32 KiB | 5.83 MiB/s, done.
Total 4 (delta 0), reused 0 (delta 0), pack-reused 0 (from 0)
To github.com:9034725985/hello-ai.git
   f1a3876..486afed  develop -> develop
updating local tracking ref 'refs/remotes/origin/develop'
PS C:\Users\kushal\src\myhtml\hello-ai>
