PowerShell 7.4.2

   A new PowerShell stable release is available: v7.4.3
   Upgrade now, or check out the release page at:
     https://aka.ms/PowerShell-Release?tag=v7.4.3

PS C:\Users\kushal> cd "C:\Users\kushal\src\angular\angulareighteen\"; date; git fetch; date; git status; date; date; git add .; git commit --message "add all files" --message "update from terminal"; date; git pull --rebase origin master; date; git push origin master; date; yarn; date; yarn run ng update; date; yarn run ng build; date; date; git fetch; date; git status; date; date; git add .; git commit --message "add all files" --message "update from terminal"; date; git pull --rebase origin master; date; git push origin master; date; yarn run ng test; date; yarn run ng update @angular/core @angular/cli @angular/material; date; git add .; git commit --message "add all files" --message "update from terminal"; date; git pull --rebase origin master; date; git push origin master; date; echo y | npx update-browserslist-db@latest; date; git fetch; date; git status; date; date; git add .; git commit --message "add all files" --message "update from terminal"; date; git pull --rebase origin master; date; git push origin master; date; git remote show origin; date;

Tuesday, July 23, 2024 6:15:00 AM
Tuesday, July 23, 2024 6:15:01 AM
On branch master
Your branch is up to date with 'origin/master'.

nothing to commit, working tree clean
Tuesday, July 23, 2024 6:15:01 AM
Tuesday, July 23, 2024 6:15:01 AM
On branch master
Your branch is up to date with 'origin/master'.

nothing to commit, working tree clean
Tuesday, July 23, 2024 6:15:01 AM
From github.com:angulareighteen/angulareighteen.github.io
 * branch            master     -> FETCH_HEAD
Already up to date.
Tuesday, July 23, 2024 6:15:02 AM
Everything up-to-date
Tuesday, July 23, 2024 6:15:02 AM
yarn install v1.22.21
[1/4] Resolving packages...
success Already up-to-date.
Done in 0.31s.
Tuesday, July 23, 2024 6:15:03 AM
yarn run v1.22.21
$ ng update
Using package manager: yarn
Collecting installed dependencies...
Found 26 dependencies.
    We analyzed your package.json and everything seems to be in order. Good work!
Done in 8.42s.
Tuesday, July 23, 2024 6:15:12 AM
yarn run v1.22.21
$ ng build
Initial chunk files   | Names         |  Raw size | Estimated transfer size
main-Y7IMM5N2.js      | main          | 203.99 kB |                55.17 kB
polyfills-SCHOHYNV.js | polyfills     |  34.52 kB |                11.29 kB
styles-5INURTSO.css   | styles        |   0 bytes |                 0 bytes

                      | Initial total | 238.51 kB |                66.47 kB

Output location: C:\Users\kushal\src\angular\angulareighteen\docs

Application bundle generation complete. [5.771 seconds]

Done in 9.27s.
Tuesday, July 23, 2024 6:15:21 AM
Tuesday, July 23, 2024 6:15:21 AM
Tuesday, July 23, 2024 6:15:22 AM
On branch master
Your branch is up to date with 'origin/master'.

nothing to commit, working tree clean
Tuesday, July 23, 2024 6:15:22 AM
Tuesday, July 23, 2024 6:15:22 AM
On branch master
Your branch is up to date with 'origin/master'.

nothing to commit, working tree clean
Tuesday, July 23, 2024 6:15:22 AM
From github.com:angulareighteen/angulareighteen.github.io
 * branch            master     -> FETCH_HEAD
Already up to date.
Tuesday, July 23, 2024 6:15:22 AM
Everything up-to-date
Tuesday, July 23, 2024 6:15:23 AM
yarn run v1.22.21
$ ng test
✔ Browser application bundle generation complete.
23 07 2024 06:15:36.837:INFO [karma-server]: Karma v6.4.3 server started at http://localhost:9876/
23 07 2024 06:15:36.839:INFO [launcher]: Launching browsers FirefoxHeadless with concurrency unlimited
23 07 2024 06:15:36.902:INFO [launcher]: Starting browser Firefox
23 07 2024 06:15:39.303:INFO [Firefox 129.0 (Windows 10)]: Connected on socket g5wEqkUy3rBVEb-HAAAB with id 38052186
Firefox 129.0 (Windows 10): Executed 3 of 3 SUCCESS (0.101 secs / 0.102 secs)
TOTAL: 3 SUCCESS
Done in 16.59s.
Tuesday, July 23, 2024 6:15:40 AM
yarn run v1.22.21
$ ng update @angular/core @angular/cli @angular/material
Using package manager: yarn
Collecting installed dependencies...
Found 26 dependencies.
Fetching dependency metadata from registry...
Package '@angular/core' is already up to date.
Package '@angular/cli' is already up to date.
Package '@angular/material' is already up to date.
Done in 1.50s.
Tuesday, July 23, 2024 6:15:41 AM
On branch master
Your branch is up to date with 'origin/master'.

nothing to commit, working tree clean
Tuesday, July 23, 2024 6:15:41 AM
From github.com:angulareighteen/angulareighteen.github.io
 * branch            master     -> FETCH_HEAD
Already up to date.
Tuesday, July 23, 2024 6:15:42 AM
Everything up-to-date
Tuesday, July 23, 2024 6:15:43 AM
Latest version:     1.0.30001643
Installed version:  none
Removing old caniuse-lite from lock file
Installing new caniuse-lite version
$ yarn add -W caniuse-lite
warning Pattern ["wrap-ansi@^7.0.0"] is trying to unpack in the same destination "C:\\Users\\kushal\\AppData\\Local\\Yarn\\Cache\\v6\\npm-wrap-ansi-cjs-7.0.0-67e145cff510a6a6984bdf1152911d69d2eb9e43-integrity\\node_modules\\wrap-ansi-cjs" as pattern ["wrap-ansi-cjs@npm:wrap-ansi@^7.0.0"]. This could result in non-deterministic behavior, skipping.
warning Pattern ["caniuse-lite@^1.0.30001643"] is trying to unpack in the same destination "C:\\Users\\kushal\\AppData\\Local\\Yarn\\Cache\\v6\\npm-caniuse-lite-1.0.30001643-9c004caef315de9452ab970c3da71085f8241dbd-integrity\\node_modules\\caniuse-lite" as pattern ["caniuse-lite@^1.0.30001599","caniuse-lite@^1.0.30001640"]. This could result in non-deterministic behavior, skipping.
warning " > @angular/material@18.1.1" has unmet peer dependency "@angular/cdk@18.1.1".
Cleaning package.json dependencies from caniuse-lite
$ yarn remove -W caniuse-lite
warning Pattern ["wrap-ansi@^7.0.0"] is trying to unpack in the same destination "C:\\Users\\kushal\\AppData\\Local\\Yarn\\Cache\\v6\\npm-wrap-ansi-cjs-7.0.0-67e145cff510a6a6984bdf1152911d69d2eb9e43-integrity\\node_modules\\wrap-ansi-cjs" as pattern ["wrap-ansi-cjs@npm:wrap-ansi@^7.0.0"]. This could result in non-deterministic behavior, skipping.
warning " > @angular/material@18.1.1" has unmet peer dependency "@angular/cdk@18.1.1".
caniuse-lite has been successfully updated

No target browser changes
Tuesday, July 23, 2024 6:15:58 AM
Tuesday, July 23, 2024 6:15:58 AM
On branch master
Your branch is up to date with 'origin/master'.

nothing to commit, working tree clean
Tuesday, July 23, 2024 6:15:58 AM
Tuesday, July 23, 2024 6:15:58 AM
On branch master
Your branch is up to date with 'origin/master'.

nothing to commit, working tree clean
Tuesday, July 23, 2024 6:15:58 AM
From github.com:angulareighteen/angulareighteen.github.io
 * branch            master     -> FETCH_HEAD
Already up to date.
Tuesday, July 23, 2024 6:15:59 AM
Everything up-to-date
Tuesday, July 23, 2024 6:16:00 AM
* remote origin
  Fetch URL: git@github.com:angulareighteen/angulareighteen.github.io.git
  Push  URL: git@github.com:angulareighteen/angulareighteen.github.io.git
  HEAD branch: master
  Remote branch:
    master tracked
  Local branch configured for 'git pull':
    master merges with remote master
  Local ref configured for 'git push':
    master pushes to master (up to date)
Tuesday, July 23, 2024 6:16:00 AM

PS C:\Users\kushal\src\angular\angulareighteen> cd "C:\Users\kushal\src\myhtml\fromnepal"; date; yarn; date; yarn run build; date; git add .; date; git commit --message "build application" --message "from theterminal"; date; git pull --rebase origin main; date; git push origin main; date;

Tuesday, July 23, 2024 6:16:04 AM
yarn install v1.22.21
[1/4] Resolving packages...
success Already up-to-date.
Done in 0.09s.
Tuesday, July 23, 2024 6:16:05 AM
yarn run v1.22.21
$ tsc && vite build
vite v5.2.13 building for production...
✓ 5 modules transformed.
docs/index.html                 0.53 kB │ gzip: 0.32 kB
docs/assets/index-DYhv0y2B.css  4.60 kB │ gzip: 1.63 kB
docs/assets/index-BUJcqj8w.js   4.81 kB │ gzip: 2.11 kB
✓ built in 146ms
Done in 2.03s.
Tuesday, July 23, 2024 6:16:07 AM
warning: in the working copy of 'docs/assets/index-BUJcqj8w.js', LF will be replaced by CRLF the next time Git touches it
warning: in the working copy of 'docs/assets/index-DYhv0y2B.css', LF will be replaced by CRLF the next time Git touches it
warning: in the working copy of 'docs/index.html', LF will be replaced by CRLF the next time Git touches it
Tuesday, July 23, 2024 6:16:07 AM
On branch main
Your branch is up to date with 'origin/main'.

nothing to commit, working tree clean
Tuesday, July 23, 2024 6:16:07 AM
From github.com:fromnepal/fromnepal.github.io
 * branch            main       -> FETCH_HEAD
Already up to date.
Tuesday, July 23, 2024 6:16:08 AM
Everything up-to-date
Tuesday, July 23, 2024 6:16:09 AM

PS C:\Users\kushal\src\myhtml\fromnepal> cd "C:\Users\kushal\src\myhtml\fromnepal"; date; yarn; date; yarn run build; date; git add .; date; git commit --message "build application" --message "from the terminal"; date; git pull --rebase origin main; date; git push origin main; date;

Tuesday, July 23, 2024 6:16:16 AM
yarn install v1.22.21
[1/4] Resolving packages...
success Already up-to-date.
Done in 0.06s.
Tuesday, July 23, 2024 6:16:16 AM
yarn run v1.22.21
$ tsc && vite build
vite v5.2.13 building for production...
✓ 5 modules transformed.
docs/index.html                 0.53 kB │ gzip: 0.32 kB
docs/assets/index-DYhv0y2B.css  4.60 kB │ gzip: 1.63 kB
docs/assets/index-BUJcqj8w.js   4.81 kB │ gzip: 2.11 kB
✓ built in 101ms
Done in 0.79s.
Tuesday, July 23, 2024 6:16:17 AM
warning: in the working copy of 'docs/assets/index-BUJcqj8w.js', LF will be replaced by CRLF the next time Git touches it
warning: in the working copy of 'docs/assets/index-DYhv0y2B.css', LF will be replaced by CRLF the next time Git touches it
warning: in the working copy of 'docs/index.html', LF will be replaced by CRLF the next time Git touches it
Tuesday, July 23, 2024 6:16:17 AM
[main def0b49] build application
 2 files changed, 144 insertions(+), 1430 deletions(-)
Tuesday, July 23, 2024 6:16:17 AM
From github.com:fromnepal/fromnepal.github.io
 * branch            main       -> FETCH_HEAD
Current branch main is up to date.
Tuesday, July 23, 2024 6:16:18 AM
Enumerating objects: 9, done.
Counting objects: 100% (9/9), done.
Delta compression using up to 16 threads
Compressing objects: 100% (5/5), done.
Writing objects: 100% (5/5), 1.60 KiB | 272.00 KiB/s, done.
Total 5 (delta 4), reused 0 (delta 0), pack-reused 0 (from 0)
remote: Resolving deltas: 100% (4/4), completed with 3 local objects.
To github.com:fromnepal/fromnepal.github.io.git
   f42eb8d..def0b49  main -> main
Tuesday, July 23, 2024 6:16:19 AM

PS C:\Users\kushal\src\myhtml\fromnepal> cd "C:\Users\kushal\src\myhtml\fromnepal"; date; yarn; date; yarn run build; date; git add .; date; git commit --message "build application" --message "from the terminal"; date; git pull --rebase origin main; date; git push origin main; date;

Tuesday, July 23, 2024 6:16:44 AM
yarn install v1.22.21
[1/4] Resolving packages...
success Already up-to-date.
Done in 0.08s.
Tuesday, July 23, 2024 6:16:44 AM
yarn run v1.22.21
$ tsc && vite build
vite v5.2.13 building for production...
✓ 5 modules transformed.
docs/index.html                 0.53 kB │ gzip: 0.32 kB
docs/assets/index-DYhv0y2B.css  4.60 kB │ gzip: 1.63 kB
docs/assets/index-BUJcqj8w.js   4.81 kB │ gzip: 2.11 kB
✓ built in 102ms
Done in 0.95s.
Tuesday, July 23, 2024 6:16:45 AM
warning: in the working copy of 'docs/assets/index-BUJcqj8w.js', LF will be replaced by CRLF the next time Git touches it
warning: in the working copy of 'docs/assets/index-DYhv0y2B.css', LF will be replaced by CRLF the next time Git touches it
warning: in the working copy of 'docs/index.html', LF will be replaced by CRLF the next time Git touches it
Tuesday, July 23, 2024 6:16:45 AM
[main 1a8b61a] build application
 2 files changed, 20 insertions(+), 368 deletions(-)
Tuesday, July 23, 2024 6:16:45 AM
From github.com:fromnepal/fromnepal.github.io
 * branch            main       -> FETCH_HEAD
Current branch main is up to date.
Tuesday, July 23, 2024 6:16:46 AM
Enumerating objects: 9, done.
Counting objects: 100% (9/9), done.
Delta compression using up to 16 threads
Compressing objects: 100% (5/5), done.
Writing objects: 100% (5/5), 844 bytes | 844.00 KiB/s, done.
Total 5 (delta 3), reused 0 (delta 0), pack-reused 0 (from 0)
remote: Resolving deltas: 100% (3/3), completed with 2 local objects.
To github.com:fromnepal/fromnepal.github.io.git
   def0b49..1a8b61a  main -> main
Tuesday, July 23, 2024 6:16:47 AM

PS C:\Users\kushal\src\myhtml\fromnepal> cd "C:\Users\kushal\src\myhtml\fromnepal"; date; yarn; date; yarn run build; date; git add .; date; git commit --message "build application" --message "from the terminal"; date; git pull --rebase origin main; date; git push origin main; date;

Tuesday, July 23, 2024 6:17:28 AM
yarn install v1.22.21
[1/4] Resolving packages...
success Already up-to-date.
Done in 0.08s.
Tuesday, July 23, 2024 6:17:29 AM
yarn run v1.22.21
$ tsc && vite build
vite v5.2.13 building for production...
✓ 5 modules transformed.
docs/index.html                 0.53 kB │ gzip: 0.32 kB
docs/assets/index-DYhv0y2B.css  4.60 kB │ gzip: 1.63 kB
docs/assets/index-BUJcqj8w.js   4.81 kB │ gzip: 2.11 kB
✓ built in 103ms
Done in 0.96s.
Tuesday, July 23, 2024 6:17:30 AM
warning: in the working copy of 'docs/assets/index-BUJcqj8w.js', LF will be replaced by CRLF the next time Git touches it
warning: in the working copy of 'docs/assets/index-DYhv0y2B.css', LF will be replaced by CRLF the next time Git touches it
warning: in the working copy of 'docs/index.html', LF will be replaced by CRLF the next time Git touches it
Tuesday, July 23, 2024 6:17:30 AM
On branch main
Your branch is up to date with 'origin/main'.

nothing to commit, working tree clean
Tuesday, July 23, 2024 6:17:30 AM
From github.com:fromnepal/fromnepal.github.io
 * branch            main       -> FETCH_HEAD
Already up to date.
Tuesday, July 23, 2024 6:17:30 AM
Everything up-to-date
Tuesday, July 23, 2024 6:17:31 AM

PS C:\Users\kushal\src\myhtml\fromnepal> cd "C:\Users\kushal\src\myhtml\fromnepal"; date; yarn; date; yarn run build; date; git add .; date; git commit --message "build application" --message "from the terminal"; date; git pull --rebase origin main; date; git push origin main; date;

Tuesday, July 23, 2024 7:15:57 AM
yarn install v1.22.21
[1/4] Resolving packages...
success Already up-to-date.
Done in 0.08s.
Tuesday, July 23, 2024 7:15:57 AM
yarn run v1.22.21
$ tsc && vite build
vite v5.2.13 building for production...
✓ 5 modules transformed.
docs/index.html                 0.53 kB │ gzip: 0.32 kB
docs/assets/index-DYhv0y2B.css  4.60 kB │ gzip: 1.63 kB
docs/assets/index-BUJcqj8w.js   4.81 kB │ gzip: 2.11 kB
✓ built in 130ms
Done in 1.05s.
Tuesday, July 23, 2024 7:15:58 AM
warning: in the working copy of 'docs/assets/index-BUJcqj8w.js', LF will be replaced by CRLF the next time Git touches it
warning: in the working copy of 'docs/assets/index-DYhv0y2B.css', LF will be replaced by CRLF the next time Git touches it
warning: in the working copy of 'docs/index.html', LF will be replaced by CRLF the next time Git touches it
Tuesday, July 23, 2024 7:15:58 AM
[main c0f01b7] build application
 2 files changed, 2174 insertions(+)
Tuesday, July 23, 2024 7:15:58 AM
From github.com:fromnepal/fromnepal.github.io
 * branch            main       -> FETCH_HEAD
Current branch main is up to date.
Tuesday, July 23, 2024 7:15:59 AM
Enumerating objects: 9, done.
Counting objects: 100% (9/9), done.
Delta compression using up to 16 threads
Compressing objects: 100% (5/5), done.
Writing objects: 100% (5/5), 14.68 KiB | 1.47 MiB/s, done.
Total 5 (delta 3), reused 0 (delta 0), pack-reused 0 (from 0)
remote: Resolving deltas: 100% (3/3), completed with 2 local objects.
To github.com:fromnepal/fromnepal.github.io.git
   1a8b61a..c0f01b7  main -> main
Tuesday, July 23, 2024 7:16:00 AM

PS C:\Users\kushal\src\myhtml\fromnepal> cd "C:\Users\kushal\src\myhtml\fromnepal"; date; yarn; date; yarn run build; date; git add .; date; git commit --message "build application" --message "from the terminal"; date; git pull --rebase origin main; date; git push origin main; date;

Tuesday, July 23, 2024 7:16:06 AM
yarn install v1.22.21
[1/4] Resolving packages...
success Already up-to-date.
Done in 0.07s.
Tuesday, July 23, 2024 7:16:06 AM
yarn run v1.22.21
$ tsc && vite build
vite v5.2.13 building for production...
✓ 5 modules transformed.
docs/index.html                 0.53 kB │ gzip: 0.32 kB
docs/assets/index-DYhv0y2B.css  4.60 kB │ gzip: 1.63 kB
docs/assets/index-BUJcqj8w.js   4.81 kB │ gzip: 2.11 kB
✓ built in 106ms
Done in 0.81s.
Tuesday, July 23, 2024 7:16:07 AM
warning: in the working copy of 'docs/assets/index-BUJcqj8w.js', LF will be replaced by CRLF the next time Git touches it
warning: in the working copy of 'docs/assets/index-DYhv0y2B.css', LF will be replaced by CRLF the next time Git touches it
warning: in the working copy of 'docs/index.html', LF will be replaced by CRLF the next time Git touches it
Tuesday, July 23, 2024 7:16:07 AM
On branch main
Your branch is up to date with 'origin/main'.

nothing to commit, working tree clean
Tuesday, July 23, 2024 7:16:07 AM
From github.com:fromnepal/fromnepal.github.io
 * branch            main       -> FETCH_HEAD
Already up to date.
Tuesday, July 23, 2024 7:16:07 AM
Everything up-to-date
Tuesday, July 23, 2024 7:16:08 AM

PS C:\Users\kushal\src\myhtml\fromnepal> cd "C:\Users\kushal\src\myhtml\fromnepal"; date; yarn; date; yarn run build; date; git add .; date; git commit --message "build application" --message "from the terminal"; date; git pull --rebase origin main; date; git push origin main; date;

Tuesday, July 23, 2024 7:16:16 AM
yarn install v1.22.21
[1/4] Resolving packages...
success Already up-to-date.
Done in 0.07s.
Tuesday, July 23, 2024 7:16:16 AM
yarn run v1.22.21
$ tsc && vite build
vite v5.2.13 building for production...
✓ 5 modules transformed.
docs/index.html                 0.53 kB │ gzip: 0.32 kB
docs/assets/index-DYhv0y2B.css  4.60 kB │ gzip: 1.63 kB
docs/assets/index-BUJcqj8w.js   4.81 kB │ gzip: 2.11 kB
✓ built in 105ms
Done in 0.85s.
Tuesday, July 23, 2024 7:16:17 AM
warning: in the working copy of 'docs/assets/index-BUJcqj8w.js', LF will be replaced by CRLF the next time Git touches it
warning: in the working copy of 'docs/assets/index-DYhv0y2B.css', LF will be replaced by CRLF the next time Git touches it
warning: in the working copy of 'docs/index.html', LF will be replaced by CRLF the next time Git touches it
Tuesday, July 23, 2024 7:16:17 AM
[main fa9605e] build application
 2 files changed, 712 insertions(+), 2162 deletions(-)
Tuesday, July 23, 2024 7:16:17 AM
From github.com:fromnepal/fromnepal.github.io
 * branch            main       -> FETCH_HEAD
Current branch main is up to date.
Tuesday, July 23, 2024 7:16:18 AM
Enumerating objects: 9, done.
Counting objects: 100% (9/9), done.
Delta compression using up to 16 threads
Compressing objects: 100% (5/5), done.
Writing objects: 100% (5/5), 3.17 KiB | 3.17 MiB/s, done.
Total 5 (delta 3), reused 0 (delta 0), pack-reused 0 (from 0)
remote: Resolving deltas: 100% (3/3), completed with 2 local objects.
To github.com:fromnepal/fromnepal.github.io.git
   c0f01b7..fa9605e  main -> main
Tuesday, July 23, 2024 7:16:19 AM

PS C:\Users\kushal\src\myhtml\fromnepal> cd "\\TP-Share\G\shared\jellyfin\shows\downloaded"; date; pwd; date; yt-dlp.exe --restrict-filenames --add-metadata -i -o "%(title).100s.%(ext)s" "https://www.youtu.be/1Jn2pVCHUOU"; date;

Tuesday, July 23, 2024 7:28:39 AM
Drive        :
Provider     : Microsoft.PowerShell.Core\FileSystem
ProviderPath : \\TP-Share\G\shared\jellyfin\shows\downloaded
Path         : Microsoft.PowerShell.Core\FileSystem::\\TP-Share\G\shared\jellyfin\shows\downloaded

Tuesday, July 23, 2024 7:28:39 AM
[generic] Extracting URL: https://www.youtu.be/1Jn2pVCHUOU
[generic] 1Jn2pVCHUOU: Downloading webpage
ERROR: [generic] Unable to download webpage: <urllib3.connection.HTTPSConnection object at 0x0000024C682A1C70>: Failed to resolve 'www.youtu.be' ([Errno 11001] getaddrinfo failed) (caused by TransportError("<urllib3.connection.HTTPSConnection object at 0x0000024C682A1C70>: Failed to resolve 'www.youtu.be' ([Errno 11001] getaddrinfo failed)"))
Tuesday, July 23, 2024 7:28:43 AM

PS Microsoft.PowerShell.Core\FileSystem::\\TP-Share\G\shared\jellyfin\shows\downloaded> cd "\\TP-Share\G\shared\jellyfin\shows\downloaded"; date; pwd; date; yt-dlp.exe --restrict-filenames --add-metadata -i -o "%(title).100s.%(ext)s" "https://youtu.be/1Jn2pVCHUOU"; date;

Tuesday, July 23, 2024 7:29:31 AM

Drive        :
Provider     : Microsoft.PowerShell.Core\FileSystem
ProviderPath : \\TP-Share\G\shared\jellyfin\shows\downloaded
Path         : Microsoft.PowerShell.Core\FileSystem::\\TP-Share\G\shared\jellyfin\shows\downloaded

Tuesday, July 23, 2024 7:29:31 AM
[youtube] Extracting URL: https://youtu.be/1Jn2pVCHUOU
[youtube] 1Jn2pVCHUOU: Downloading webpage
[youtube] 1Jn2pVCHUOU: Downloading ios player API JSON
[youtube] 1Jn2pVCHUOU: Downloading player 38c5c1c9
[youtube] 1Jn2pVCHUOU: Downloading m3u8 information
[info] 1Jn2pVCHUOU: Downloading 1 format(s): 247+251
[download] Destination: Last_Week_Tonight_With_John_Oliver_7_21_2024_HBO_John_Oliver_July_21_2024_FULL_720HD.f247.webm
[download] 100% of   90.30MiB in 00:00:05 at 17.09MiB/s
[download] Destination: Last_Week_Tonight_With_John_Oliver_7_21_2024_HBO_John_Oliver_July_21_2024_FULL_720HD.f251.webm
[download] 100% of   35.07MiB in 00:00:02 at 13.41MiB/s
[Merger] Merging formats into "Last_Week_Tonight_With_John_Oliver_7_21_2024_HBO_John_Oliver_July_21_2024_FULL_720HD.webm"
Deleting original file Last_Week_Tonight_With_John_Oliver_7_21_2024_HBO_John_Oliver_July_21_2024_FULL_720HD.f251.webm (pass -k to keep)
Deleting original file Last_Week_Tonight_With_John_Oliver_7_21_2024_HBO_John_Oliver_July_21_2024_FULL_720HD.f247.webm (pass -k to keep)
[Metadata] Adding metadata to "Last_Week_Tonight_With_John_Oliver_7_21_2024_HBO_John_Oliver_July_21_2024_FULL_720HD.webm"
Tuesday, July 23, 2024 7:30:06 AM

PS Microsoft.PowerShell.Core\FileSystem::\\TP-Share\G\shared\jellyfin\shows\downloaded> cd "\\TP-Share\G\shared\jellyfin\shows\downloaded"; date; pwd; date; yt-dlp.exe --restrict-filenames --add-metadata -i -o "%(title).100s.%(ext)s" "https://youtu.be/nG4Ud3rBk5o"; date;

Tuesday, July 23, 2024 7:30:13 AM

Drive        :
Provider     : Microsoft.PowerShell.Core\FileSystem
ProviderPath : \\TP-Share\G\shared\jellyfin\shows\downloaded
Path         : Microsoft.PowerShell.Core\FileSystem::\\TP-Share\G\shared\jellyfin\shows\downloaded

Tuesday, July 23, 2024 7:30:13 AM
[youtube] Extracting URL: https://youtu.be/nG4Ud3rBk5o
[youtube] nG4Ud3rBk5o: Downloading webpage
[youtube] nG4Ud3rBk5o: Downloading ios player API JSON
[youtube] nG4Ud3rBk5o: Downloading player 3400486c
WARNING: [youtube] nG4Ud3rBk5o: nsig extraction failed: Some formats may be missing
         n = ITviHFPa2PPd9cD4Dw ; player = https://www.youtube.com/s/player/3400486c/player_ias.vflset/en_US/base.js
WARNING: [youtube] nG4Ud3rBk5o: nsig extraction failed: Some formats may be missing
         n = qqRUIPrfUc30OGOyLM ; player = https://www.youtube.com/s/player/3400486c/player_ias.vflset/en_US/base.js
[youtube] nG4Ud3rBk5o: Downloading m3u8 information
[info] nG4Ud3rBk5o: Downloading 1 format(s): 137+140
[download] Destination: Rent_or_Buy_2_800_LUXURY_HOUSE_TOUR_Atlanta_Real_Estate_Buying_Tips.f137.mp4
[download] 100% of  361.20MiB in 00:00:20 at 17.38MiB/s
[download] Destination: Rent_or_Buy_2_800_LUXURY_HOUSE_TOUR_Atlanta_Real_Estate_Buying_Tips.f140.m4a
[download] 100% of   19.35MiB in 00:00:01 at 9.92MiB/s
[Merger] Merging formats into "Rent_or_Buy_2_800_LUXURY_HOUSE_TOUR_Atlanta_Real_Estate_Buying_Tips.mp4"
Deleting original file Rent_or_Buy_2_800_LUXURY_HOUSE_TOUR_Atlanta_Real_Estate_Buying_Tips.f140.m4a (pass -k to keep)
Deleting original file Rent_or_Buy_2_800_LUXURY_HOUSE_TOUR_Atlanta_Real_Estate_Buying_Tips.f137.mp4 (pass -k to keep)
[Metadata] Adding metadata to "Rent_or_Buy_2_800_LUXURY_HOUSE_TOUR_Atlanta_Real_Estate_Buying_Tips.mp4"
Tuesday, July 23, 2024 7:32:52 AM

PS Microsoft.PowerShell.Core\FileSystem::\\TP-Share\G\shared\jellyfin\shows\downloaded> cd "C:\Users\kushal\src\angular\angulareighteen\"; date; git fetch; date; git status; date; date; git add .; git commit --message "add all files" --message "update from terminal"; date; git pull --rebase origin master; date; git push origin master; date; yarn; date; yarn run ng update; date; yarn run ng build; date; date; git fetch; date; git status; date; date; git add .; git commit --message "add all files" --message "update from terminal"; date; git pull --rebase origin master; date; git push origin master; date; yarn run ng test; date; yarn run ng update @angular/core @angular/cli @angular/material; date; git add .; git commit --message "add all files" --message "update from terminal"; date; git pull --rebase origin master; date; gitpush origin master; date; echo y | npx update-browserslist-db@latest; date; git fetch; date; git status; date; date; git add .; git commit --message "add all files" --message "update from terminal"; date; gitpull --rebase origin master; date; git push origin master; date; git remote show origin; date;

Tuesday, July 23, 2024 7:37:11 AM
Tuesday, July 23, 2024 7:37:11 AM
On branch master
Your branch is up to date with 'origin/master'.

nothing to commit, working tree clean
Tuesday, July 23, 2024 7:37:11 AM
Tuesday, July 23, 2024 7:37:11 AM
On branch master
Your branch is up to date with 'origin/master'.

nothing to commit, working tree clean
Tuesday, July 23, 2024 7:37:12 AM
From github.com:angulareighteen/angulareighteen.github.io
 * branch            master     -> FETCH_HEAD
Already up to date.
Tuesday, July 23, 2024 7:37:12 AM
Everything up-to-date
Tuesday, July 23, 2024 7:37:13 AM
yarn install v1.22.21
[1/4] Resolving packages...
success Already up-to-date.
Done in 0.26s.
Tuesday, July 23, 2024 7:37:13 AM
yarn run v1.22.21
$ ng update
Using package manager: yarn
Collecting installed dependencies...
Found 26 dependencies.
    We analyzed your package.json and everything seems to be in order. Good work!
Done in 8.83s.
Tuesday, July 23, 2024 7:37:22 AM
yarn run v1.22.21
$ ng build
Initial chunk files   | Names         |  Raw size | Estimated transfer size
main-Y7IMM5N2.js      | main          | 203.99 kB |                55.17 kB
polyfills-SCHOHYNV.js | polyfills     |  34.52 kB |                11.29 kB
styles-5INURTSO.css   | styles        |   0 bytes |                 0 bytes

                      | Initial total | 238.51 kB |                66.47 kB

Output location: C:\Users\kushal\src\angular\angulareighteen\docs

Application bundle generation complete. [5.641 seconds]

Done in 9.38s.
Tuesday, July 23, 2024 7:37:32 AM
Tuesday, July 23, 2024 7:37:32 AM
Tuesday, July 23, 2024 7:37:32 AM
On branch master
Your branch is up to date with 'origin/master'.

nothing to commit, working tree clean
Tuesday, July 23, 2024 7:37:32 AM
Tuesday, July 23, 2024 7:37:32 AM
On branch master
Your branch is up to date with 'origin/master'.

nothing to commit, working tree clean
Tuesday, July 23, 2024 7:37:32 AM
From github.com:angulareighteen/angulareighteen.github.io
 * branch            master     -> FETCH_HEAD
Already up to date.
Tuesday, July 23, 2024 7:37:33 AM
Everything up-to-date
Tuesday, July 23, 2024 7:37:33 AM
yarn run v1.22.21
$ ng test
✔ Browser application bundle generation complete.
23 07 2024 07:37:47.839:INFO [karma-server]: Karma v6.4.3 server started at http://localhost:9876/
23 07 2024 07:37:47.841:INFO [launcher]: Launching browsers FirefoxHeadless with concurrency unlimited
23 07 2024 07:37:47.903:INFO [launcher]: Starting browser Firefox
23 07 2024 07:37:49.161:INFO [Firefox 129.0 (Windows 10)]: Connected on socket apGmJKlDcfEvZKpvAAAB with id 72717419
Firefox 129.0 (Windows 10): Executed 3 of 3 SUCCESS (0.065 secs / 0.064 secs)
TOTAL: 3 SUCCESS
Done in 15.88s.
Tuesday, July 23, 2024 7:37:49 AM
yarn run v1.22.21
$ ng update @angular/core @angular/cli @angular/material
Using package manager: yarn
Collecting installed dependencies...
Found 26 dependencies.
Fetching dependency metadata from registry...
Package '@angular/core' is already up to date.
Package '@angular/cli' is already up to date.
Package '@angular/material' is already up to date.
Done in 1.52s.
Tuesday, July 23, 2024 7:37:51 AM
On branch master
Your branch is up to date with 'origin/master'.

nothing to commit, working tree clean
Tuesday, July 23, 2024 7:37:51 AM
From github.com:angulareighteen/angulareighteen.github.io
 * branch            master     -> FETCH_HEAD
Already up to date.
Tuesday, July 23, 2024 7:37:52 AM
Everything up-to-date
Tuesday, July 23, 2024 7:37:52 AM
Latest version:     1.0.30001643
Installed version:  none
Removing old caniuse-lite from lock file
Installing new caniuse-lite version
$ yarn add -W caniuse-lite
warning Pattern ["wrap-ansi@^7.0.0"] is trying to unpack in the same destination "C:\\Users\\kushal\\AppData\\Local\\Yarn\\Cache\\v6\\npm-wrap-ansi-cjs-7.0.0-67e145cff510a6a6984bdf1152911d69d2eb9e43-integrity\\node_modules\\wrap-ansi-cjs" as pattern ["wrap-ansi-cjs@npm:wrap-ansi@^7.0.0"]. This could result in non-deterministic behavior, skipping.
warning Pattern ["caniuse-lite@^1.0.30001643"] is trying to unpack in the same destination "C:\\Users\\kushal\\AppData\\Local\\Yarn\\Cache\\v6\\npm-caniuse-lite-1.0.30001643-9c004caef315de9452ab970c3da71085f8241dbd-integrity\\node_modules\\caniuse-lite" as pattern ["caniuse-lite@^1.0.30001599","caniuse-lite@^1.0.30001640"]. This could result in non-deterministic behavior, skipping.
warning " > @angular/material@18.1.1" has unmet peer dependency "@angular/cdk@18.1.1".
Cleaning package.json dependencies from caniuse-lite
$ yarn remove -W caniuse-lite
warning Pattern ["wrap-ansi@^7.0.0"] is trying to unpack in the same destination "C:\\Users\\kushal\\AppData\\Local\\Yarn\\Cache\\v6\\npm-wrap-ansi-cjs-7.0.0-67e145cff510a6a6984bdf1152911d69d2eb9e43-integrity\\node_modules\\wrap-ansi-cjs" as pattern ["wrap-ansi-cjs@npm:wrap-ansi@^7.0.0"]. This could result in non-deterministic behavior, skipping.
warning " > @angular/material@18.1.1" has unmet peer dependency "@angular/cdk@18.1.1".
caniuse-lite has been successfully updated

No target browser changes
Tuesday, July 23, 2024 7:38:08 AM
Tuesday, July 23, 2024 7:38:09 AM
On branch master
Your branch is up to date with 'origin/master'.

nothing to commit, working tree clean
Tuesday, July 23, 2024 7:38:09 AM
Tuesday, July 23, 2024 7:38:09 AM
On branch master
Your branch is up to date with 'origin/master'.

nothing to commit, working tree clean
Tuesday, July 23, 2024 7:38:09 AM
From github.com:angulareighteen/angulareighteen.github.io
 * branch            master     -> FETCH_HEAD
Already up to date.
Tuesday, July 23, 2024 7:38:09 AM
Everything up-to-date
Tuesday, July 23, 2024 7:38:10 AM
* remote origin
  Fetch URL: git@github.com:angulareighteen/angulareighteen.github.io.git
  Push  URL: git@github.com:angulareighteen/angulareighteen.github.io.git
  HEAD branch: master
  Remote branch:
    master tracked
  Local branch configured for 'git pull':
    master merges with remote master
  Local ref configured for 'git push':
    master pushes to master (up to date)
Tuesday, July 23, 2024 7:38:10 AM

PS C:\Users\kushal\src\angular\angulareighteen> date; scoop status; date; scoop bucket rm main; date; scoop bucket add main; date; scoop bucket rm extras; date; scoop bucket add extras; date; scoop status; date; scoop update; date; scoop update *; date; scoop cache show; date; scoop cache rm *; date; scoop status; date;

Tuesday, July 23, 2024 7:38:39 AM
WARN  Scoop bucket(s) out of date. Run 'scoop update' to get the latest changes.
Tuesday, July 23, 2024 7:38:41 AM
The main bucket was removed successfully.
Tuesday, July 23, 2024 7:38:42 AM
Checking repo... OK
The main bucket was added successfully.
Tuesday, July 23, 2024 7:38:48 AM
The extras bucket was removed successfully.
Tuesday, July 23, 2024 7:38:48 AM
Checking repo... OK
The extras bucket was added successfully.
Tuesday, July 23, 2024 7:38:57 AM
Scoop is up to date.
Everything is ok!
Tuesday, July 23, 2024 7:38:58 AM
Updating Scoop...
Updating Buckets...
Scoop was updated successfully!
Tuesday, July 23, 2024 7:39:06 AM
Latest versions for all apps are installed! For more information try 'scoop status'
Tuesday, July 23, 2024 7:39:06 AM
Total: 0 files, 0 B
Tuesday, July 23, 2024 7:39:06 AM
Deleted: 0 files, 0 B
Tuesday, July 23, 2024 7:39:06 AM
Scoop is up to date.
Everything is ok!
Tuesday, July 23, 2024 7:39:07 AM

PS C:\Users\kushal\src\angular\angulareighteen> cd "C:\Users\kushal\src\myhtml\fromnepal"; date; yarn; date; yarn run build; date; git add .; date; git commit --message "build application" --message "from theterminal"; date; git pull --rebase origin main; date; git push origin main; date;

Tuesday, July 23, 2024 7:39:54 AM
yarn install v1.22.21
[1/4] Resolving packages...
success Already up-to-date.
Done in 0.07s.
Tuesday, July 23, 2024 7:39:54 AM
yarn run v1.22.21
$ tsc && vite build
vite v5.2.13 building for production...
✓ 5 modules transformed.
docs/index.html                 0.53 kB │ gzip: 0.32 kB
docs/assets/index-DYhv0y2B.css  4.60 kB │ gzip: 1.63 kB
docs/assets/index-BUJcqj8w.js   4.81 kB │ gzip: 2.11 kB
✓ built in 110ms
Done in 0.83s.
Tuesday, July 23, 2024 7:39:55 AM
warning: in the working copy of 'docs/assets/index-BUJcqj8w.js', LF will be replaced by CRLF the next time Git touches it
warning: in the working copy of 'docs/assets/index-DYhv0y2B.css', LF will be replaced by CRLF the next time Git touches it
warning: in the working copy of 'docs/index.html', LF will be replaced by CRLF the next time Git touches it
Tuesday, July 23, 2024 7:39:55 AM
On branch main
Your branch is up to date with 'origin/main'.

nothing to commit, working tree clean
Tuesday, July 23, 2024 7:39:55 AM
From github.com:fromnepal/fromnepal.github.io
 * branch            main       -> FETCH_HEAD
Already up to date.
Tuesday, July 23, 2024 7:39:56 AM
Everything up-to-date
Tuesday, July 23, 2024 7:39:56 AM

PS C:\Users\kushal\src\myhtml\fromnepal> cd "C:\Users\kushal\src\myhtml\fromnepal"; date; yarn; date; yarn run build; date; git add .; date; git commit --message "build application" --message "from the terminal"; date; git pull --rebase origin main; date; git push origin main; date;
