PowerShell 7.4.3

   A new PowerShell stable release is available: v7.4.4
   Upgrade now, or check out the release page at:
     https://aka.ms/PowerShell-Release?tag=v7.4.4

PS C:\Users\kushal> wsl -l -o
The following is a list of valid distributions that can be installed.
Install using 'wsl.exe --install <Distro>'.

NAME                                   FRIENDLY NAME
Ubuntu                                 Ubuntu
Debian                                 Debian GNU/Linux
kali-linux                             Kali Linux Rolling
Ubuntu-18.04                           Ubuntu 18.04 LTS
Ubuntu-20.04                           Ubuntu 20.04 LTS
Ubuntu-22.04                           Ubuntu 22.04 LTS
Ubuntu-24.04                           Ubuntu 24.04 LTS
OracleLinux_7_9                        Oracle Linux 7.9
OracleLinux_8_7                        Oracle Linux 8.7
OracleLinux_9_1                        Oracle Linux 9.1
openSUSE-Leap-15.5                     openSUSE Leap 15.5
SUSE-Linux-Enterprise-Server-15-SP4    SUSE Linux Enterprise Server 15 SP4
SUSE-Linux-Enterprise-15-SP5           SUSE Linux Enterprise 15 SP5
openSUSE-Tumbleweed                    openSUSE Tumbleweed
PS C:\Users\kushal> wsl -l -v
  NAME                      STATE           VERSION
* podman-machine-default    Running         2
  Ubuntu                    Stopped         2
  docker-desktop-data       Running         2
  docker-desktop            Running         2
PS C:\Users\kushal> wsl
[user@kus2023 kushal]$ kvm-ok
-bash: kvm-ok: command not found
[user@kus2023 kushal]$ kvm-ok
-bash: kvm-ok: command not found
[user@kus2023 kushal]$ sudo apt -y install bridge-utils cpu-checker libvirt-clients libvirt-daemon qemu qemu-kvm
sudo: apt: command not found
[user@kus2023 kushal]$ podman machine rm
Error: podman-machine-default: VM does not exist
[user@kus2023 kushal]$ wsl --list --verbose
-bash: wsl: command not found
[user@kus2023 kushal]$ exit
logout
PS C:\Users\kushal> wsl --list --verbose
  NAME                      STATE           VERSION
* podman-machine-default    Running         2
  Ubuntu                    Stopped         2
  docker-desktop-data       Running         2
  docker-desktop            Running         2
PS C:\Users\kushal>  wsl --unregister podman-machine-default
Unregistering.
The operation completed successfully.
PS C:\Users\kushal> wsl -l -v
  NAME                   STATE           VERSION
* Ubuntu                 Running         2
  docker-desktop-data    Running         2
  docker-desktop         Running         2
PS C:\Users\kushal> wsl
Welcome to Ubuntu 22.04.4 LTS (GNU/Linux 5.15.153.1-microsoft-standard-WSL2 x86_64)

 * Documentation:  https://help.ubuntu.com
 * Management:     https://landscape.canonical.com
 * Support:        https://ubuntu.com/pro

 * Strictly confined Kubernetes makes edge and IoT secure. Learn how MicroK8s
   just raised the bar for easy, resilient and secure K8s cluster deployment.

   https://ubuntu.com/engage/secure-kubernetes-at-the-edge

This message is shown once a day. To disable it please create the
/home/kushal/.hushlogin file.
kushal@kus2023:/mnt/c/Users/kushal$ kvm-ok
Command 'kvm-ok' not found, but can be installed with:
sudo apt install cpu-checker
kushal@kus2023:/mnt/c/Users/kushal$ sudo apt -y install bridge-utils cpu-checker libvirt-clients libvirt-daemon qemu qemu-kvm
[sudo] password for kushal:
Reading package lists... Done
Building dependency tree... Done
Reading state information... Done
Note, selecting 'qemu-system-x86' instead of 'qemu-kvm'
The following additional packages will be installed:
  acl dmeventd glib-networking glib-networking-common glib-networking-services gstreamer1.0-plugins-good gstreamer1.0-x ibverbs-providers ipxe-qemu ipxe-qemu-256k-compat-efi-roms libaa1 libaio1 libboost-iostreams1.74.0 libboost-thread1.74.0 libbrlapi0.8 libcacard0 libdaxctl1
  libdevmapper-event1.02.1 libdv4 libfdt1 libgfapi0 libgfrpc0 libgfxdr0 libglusterfs0 libgstreamer-plugins-good1.0-0 libibverbs1 libiscsi7 liblvm2cmd2.03 libndctl6 libnl-route-3-200 libnspr4 libnss3 libpcsclite1 libpmem1 libpmemobj1 librados2 librbd1 librdmacm1 libshout3
  libslirp0 libsoup2.4-1 libsoup2.4-common libspice-server1 libtag1v5 libtag1v5-vanilla liburing2 libusbredirparser1 libv4l-0 libv4lconvert0 libvirglrenderer1 libvirt-daemon-driver-qemu libvirt0 libvte-2.91-0 libvte-2.91-common libwavpack1 libxml2-utils libyajl2 lvm2 msr-tools
  ovmf qemu-block-extra qemu-system-common qemu-system-data qemu-system-gui qemu-utils seabios thin-provisioning-tools
Suggested packages:
  ifupdown libdv-bin oss-compat pcscd gstreamer1.0-libav gstreamer1.0-plugins-ugly libvirt-login-shell libvirt-daemon-driver-storage-gluster libvirt-daemon-driver-storage-iscsi-direct libvirt-daemon-driver-storage-rbd libvirt-daemon-driver-storage-zfs libvirt-daemon-driver-lxc
  libvirt-daemon-driver-vbox libvirt-daemon-driver-xen libvirt-daemon-system numad samba vde2 debootstrap
The following NEW packages will be installed:
  acl bridge-utils cpu-checker dmeventd glib-networking glib-networking-common glib-networking-services gstreamer1.0-plugins-good gstreamer1.0-x ibverbs-providers ipxe-qemu ipxe-qemu-256k-compat-efi-roms libaa1 libaio1 libboost-iostreams1.74.0 libboost-thread1.74.0 libbrlapi0.8
  libcacard0 libdaxctl1 libdevmapper-event1.02.1 libdv4 libfdt1 libgfapi0 libgfrpc0 libgfxdr0 libglusterfs0 libgstreamer-plugins-good1.0-0 libibverbs1 libiscsi7 liblvm2cmd2.03 libndctl6 libnl-route-3-200 libnspr4 libnss3 libpcsclite1 libpmem1 libpmemobj1 librados2 librbd1
  librdmacm1 libshout3 libslirp0 libsoup2.4-1 libsoup2.4-common libspice-server1 libtag1v5 libtag1v5-vanilla liburing2 libusbredirparser1 libv4l-0 libv4lconvert0 libvirglrenderer1 libvirt-clients libvirt-daemon libvirt-daemon-driver-qemu libvirt0 libvte-2.91-0
  libvte-2.91-common libwavpack1 libxml2-utils libyajl2 lvm2 msr-tools ovmf qemu qemu-block-extra qemu-system-common qemu-system-data qemu-system-gui qemu-system-x86 qemu-utils seabios thin-provisioning-tools
0 upgraded, 73 newly installed, 0 to remove and 0 not upgraded.
Need to get 45.8 MB of archives.
After this operation, 166 MB of additional disk space will be used.
Get:1 http://archive.ubuntu.com/ubuntu jammy/main amd64 libaio1 amd64 0.3.112-13build1 [7176 B]
Get:2 http://archive.ubuntu.com/ubuntu jammy/main amd64 libdevmapper-event1.02.1 amd64 2:1.02.175-2.1ubuntu4 [12.6 kB]
Get:3 http://archive.ubuntu.com/ubuntu jammy/main amd64 liblvm2cmd2.03 amd64 2.03.11-2.1ubuntu4 [756 kB]
Get:4 http://archive.ubuntu.com/ubuntu jammy/main amd64 dmeventd amd64 2:1.02.175-2.1ubuntu4 [38.4 kB]
Get:5 http://archive.ubuntu.com/ubuntu jammy/main amd64 lvm2 amd64 2.03.11-2.1ubuntu4 [1154 kB]
Get:6 http://archive.ubuntu.com/ubuntu jammy/main amd64 acl amd64 2.3.1-1 [38.5 kB]
Get:7 http://archive.ubuntu.com/ubuntu jammy/main amd64 bridge-utils amd64 1.7-1ubuntu3 [34.4 kB]
Get:8 http://archive.ubuntu.com/ubuntu jammy/main amd64 msr-tools amd64 1.3-4 [10.3 kB]
Get:9 http://archive.ubuntu.com/ubuntu jammy/main amd64 cpu-checker amd64 0.7-1.3build1 [6800 B]
Get:10 http://archive.ubuntu.com/ubuntu jammy/main amd64 glib-networking-common all 2.72.0-1 [3718 B]
Get:11 http://archive.ubuntu.com/ubuntu jammy/main amd64 glib-networking-services amd64 2.72.0-1 [9982 B]
Get:12 http://archive.ubuntu.com/ubuntu jammy/main amd64 glib-networking amd64 2.72.0-1 [69.8 kB]
Get:13 http://archive.ubuntu.com/ubuntu jammy/main amd64 libaa1 amd64 1.4p5-50build1 [51.9 kB]
Get:14 http://archive.ubuntu.com/ubuntu jammy/main amd64 libdv4 amd64 1.0.0-14build1 [61.9 kB]
Get:15 http://archive.ubuntu.com/ubuntu jammy-updates/main amd64 libgstreamer-plugins-good1.0-0 amd64 1.20.3-0ubuntu1.1 [30.0 kB]
Get:16 http://archive.ubuntu.com/ubuntu jammy/main amd64 libshout3 amd64 2.4.5-1build3 [54.5 kB]
Get:17 http://archive.ubuntu.com/ubuntu jammy/main amd64 libtag1v5-vanilla amd64 1.11.1+dfsg.1-3ubuntu3 [304 kB]
Get:18 http://archive.ubuntu.com/ubuntu jammy/main amd64 libtag1v5 amd64 1.11.1+dfsg.1-3ubuntu3 [11.5 kB]
Get:19 http://archive.ubuntu.com/ubuntu jammy/main amd64 libv4lconvert0 amd64 1.22.1-2build1 [82.4 kB]
Get:20 http://archive.ubuntu.com/ubuntu jammy/main amd64 libv4l-0 amd64 1.22.1-2build1 [44.9 kB]
Get:21 http://archive.ubuntu.com/ubuntu jammy/main amd64 libwavpack1 amd64 5.4.0-1build2 [83.7 kB]
Get:22 http://archive.ubuntu.com/ubuntu jammy/main amd64 libsoup2.4-common all 2.74.2-3 [4008 B]
Get:23 http://archive.ubuntu.com/ubuntu jammy/main amd64 libsoup2.4-1 amd64 2.74.2-3 [287 kB]
Get:24 http://archive.ubuntu.com/ubuntu jammy-updates/main amd64 gstreamer1.0-plugins-good amd64 1.20.3-0ubuntu1.1 [2008 kB]
Get:25 http://archive.ubuntu.com/ubuntu jammy-updates/main amd64 gstreamer1.0-x amd64 1.20.1-1ubuntu0.2 [85.1 kB]
Get:26 http://archive.ubuntu.com/ubuntu jammy/main amd64 libnl-route-3-200 amd64 3.5.0-0.1 [180 kB]
Get:27 http://archive.ubuntu.com/ubuntu jammy/main amd64 libibverbs1 amd64 39.0-1 [69.3 kB]
Get:28 http://archive.ubuntu.com/ubuntu jammy/main amd64 ibverbs-providers amd64 39.0-1 [341 kB]
Get:29 http://archive.ubuntu.com/ubuntu jammy/main amd64 ipxe-qemu all 1.21.1+git-20220113.fbbdc3926-0ubuntu1 [1569 kB]
Get:30 http://archive.ubuntu.com/ubuntu jammy/main amd64 ipxe-qemu-256k-compat-efi-roms all 1.0.0+git-20150424.a25a16d-0ubuntu4 [552 kB]
Get:31 http://archive.ubuntu.com/ubuntu jammy/main amd64 libboost-iostreams1.74.0 amd64 1.74.0-14ubuntu3 [245 kB]
Get:32 http://archive.ubuntu.com/ubuntu jammy/main amd64 libboost-thread1.74.0 amd64 1.74.0-14ubuntu3 [262 kB]
Get:33 http://archive.ubuntu.com/ubuntu jammy-updates/main amd64 libbrlapi0.8 amd64 6.4-4ubuntu3 [28.7 kB]
Get:34 http://archive.ubuntu.com/ubuntu jammy-updates/main amd64 libnspr4 amd64 2:4.35-0ubuntu0.22.04.1 [119 kB]
Get:35 http://archive.ubuntu.com/ubuntu jammy-updates/main amd64 libnss3 amd64 2:3.98-0ubuntu0.22.04.2 [1347 kB]
Get:36 http://archive.ubuntu.com/ubuntu jammy-updates/main amd64 libpcsclite1 amd64 1.9.5-3ubuntu1 [19.8 kB]
Get:37 http://archive.ubuntu.com/ubuntu jammy/main amd64 libcacard0 amd64 1:2.8.0-3build2 [38.0 kB]
Get:38 http://archive.ubuntu.com/ubuntu jammy/main amd64 libdaxctl1 amd64 72.1-1 [19.8 kB]
Get:39 http://archive.ubuntu.com/ubuntu jammy-updates/main amd64 libgfxdr0 amd64 10.1-1ubuntu0.2 [22.3 kB]
Get:40 http://archive.ubuntu.com/ubuntu jammy-updates/main amd64 libglusterfs0 amd64 10.1-1ubuntu0.2 [287 kB]
Get:41 http://archive.ubuntu.com/ubuntu jammy-updates/main amd64 libgfrpc0 amd64 10.1-1ubuntu0.2 [47.1 kB]
Get:42 http://archive.ubuntu.com/ubuntu jammy-updates/main amd64 libgfapi0 amd64 10.1-1ubuntu0.2 [77.3 kB]
Get:43 http://archive.ubuntu.com/ubuntu jammy/main amd64 librdmacm1 amd64 39.0-1 [71.2 kB]
Get:44 http://archive.ubuntu.com/ubuntu jammy/main amd64 libiscsi7 amd64 1.19.0-3build2 [70.6 kB]
Get:45 http://archive.ubuntu.com/ubuntu jammy/main amd64 libndctl6 amd64 72.1-1 [57.7 kB]
Get:46 http://archive.ubuntu.com/ubuntu jammy/main amd64 libpmem1 amd64 1.11.1-3build1 [81.4 kB]
Get:47 http://archive.ubuntu.com/ubuntu jammy/main amd64 libpmemobj1 amd64 1.11.1-3build1 [124 kB]
Get:48 http://archive.ubuntu.com/ubuntu jammy-updates/main amd64 librados2 amd64 17.2.7-0ubuntu0.22.04.1 [3590 kB]
Get:49 http://archive.ubuntu.com/ubuntu jammy-updates/main amd64 librbd1 amd64 17.2.7-0ubuntu0.22.04.1 [3547 kB]
Get:50 http://archive.ubuntu.com/ubuntu jammy/main amd64 libslirp0 amd64 4.6.1-1build1 [61.5 kB]
Get:51 http://archive.ubuntu.com/ubuntu jammy/main amd64 libspice-server1 amd64 0.15.0-2ubuntu4 [351 kB]
Get:52 http://archive.ubuntu.com/ubuntu jammy/main amd64 liburing2 amd64 2.1-2build1 [10.3 kB]
Get:53 http://archive.ubuntu.com/ubuntu jammy/main amd64 libusbredirparser1 amd64 0.11.0-2build1 [15.9 kB]
Get:54 http://archive.ubuntu.com/ubuntu jammy/main amd64 libvirglrenderer1 amd64 0.9.1-1~exp1ubuntu2 [188 kB]
Get:55 http://archive.ubuntu.com/ubuntu jammy-updates/main amd64 libyajl2 amd64 2.1.0-3ubuntu0.22.04.1 [21.0 kB]
Get:56 http://archive.ubuntu.com/ubuntu jammy-updates/main amd64 libvirt0 amd64 8.0.0-1ubuntu7.10 [1756 kB]
Get:57 http://archive.ubuntu.com/ubuntu jammy-updates/main amd64 libvirt-clients amd64 8.0.0-1ubuntu7.10 [429 kB]
Get:58 http://archive.ubuntu.com/ubuntu jammy-updates/main amd64 libvirt-daemon-driver-qemu amd64 8.0.0-1ubuntu7.10 [747 kB]
Get:59 http://archive.ubuntu.com/ubuntu jammy-updates/main amd64 libvirt-daemon amd64 8.0.0-1ubuntu7.10 [412 kB]
Get:60 http://archive.ubuntu.com/ubuntu jammy-updates/main amd64 libvte-2.91-common amd64 0.68.0-1ubuntu0.1 [9408 B]
Get:61 http://archive.ubuntu.com/ubuntu jammy-updates/main amd64 libvte-2.91-0 amd64 0.68.0-1ubuntu0.1 [214 kB]
Get:62 http://archive.ubuntu.com/ubuntu jammy-updates/main amd64 libxml2-utils amd64 2.9.13+dfsg-1ubuntu0.4 [40.2 kB]
Get:63 http://archive.ubuntu.com/ubuntu jammy-updates/universe amd64 qemu amd64 1:6.2+dfsg-2ubuntu6.21 [13.9 kB]
Get:64 http://archive.ubuntu.com/ubuntu jammy/main amd64 libfdt1 amd64 1.6.1-1 [20.0 kB]
Get:65 http://archive.ubuntu.com/ubuntu jammy-updates/main amd64 qemu-system-common amd64 1:6.2+dfsg-2ubuntu6.21 [2048 kB]
Get:66 http://archive.ubuntu.com/ubuntu jammy-updates/main amd64 qemu-system-data all 1:6.2+dfsg-2ubuntu6.21 [1431 kB]
Get:67 http://archive.ubuntu.com/ubuntu jammy/main amd64 seabios all 1.15.0-1 [174 kB]
Get:68 http://archive.ubuntu.com/ubuntu jammy-updates/main amd64 qemu-system-x86 amd64 1:6.2+dfsg-2ubuntu6.21 [10.1 MB]
Get:69 http://archive.ubuntu.com/ubuntu jammy-updates/main amd64 qemu-utils amd64 1:6.2+dfsg-2ubuntu6.21 [1525 kB]
Get:70 http://archive.ubuntu.com/ubuntu jammy-updates/main amd64 qemu-block-extra amd64 1:6.2+dfsg-2ubuntu6.21 [68.2 kB]
Get:71 http://archive.ubuntu.com/ubuntu jammy-updates/main amd64 qemu-system-gui amd64 1:6.2+dfsg-2ubuntu6.21 [220 kB]
Get:72 http://archive.ubuntu.com/ubuntu jammy/main amd64 thin-provisioning-tools amd64 0.9.0-2ubuntu1 [426 kB]
Get:73 http://archive.ubuntu.com/ubuntu jammy-updates/main amd64 ovmf all 2022.02-3ubuntu0.22.04.2 [7561 kB]
Fetched 45.8 MB in 2s (28.7 MB/s)
Extracting templates from packages: 100%
Selecting previously unselected package libaio1:amd64.
(Reading database ... 62521 files and directories currently installed.)
Preparing to unpack .../00-libaio1_0.3.112-13build1_amd64.deb ...
Unpacking libaio1:amd64 (0.3.112-13build1) ...
Selecting previously unselected package libdevmapper-event1.02.1:amd64.
Preparing to unpack .../01-libdevmapper-event1.02.1_2%3a1.02.175-2.1ubuntu4_amd64.deb ...
Unpacking libdevmapper-event1.02.1:amd64 (2:1.02.175-2.1ubuntu4) ...
Selecting previously unselected package liblvm2cmd2.03:amd64.
Preparing to unpack .../02-liblvm2cmd2.03_2.03.11-2.1ubuntu4_amd64.deb ...
Unpacking liblvm2cmd2.03:amd64 (2.03.11-2.1ubuntu4) ...
Selecting previously unselected package dmeventd.
Preparing to unpack .../03-dmeventd_2%3a1.02.175-2.1ubuntu4_amd64.deb ...
Unpacking dmeventd (2:1.02.175-2.1ubuntu4) ...
Selecting previously unselected package lvm2.
Preparing to unpack .../04-lvm2_2.03.11-2.1ubuntu4_amd64.deb ...
Unpacking lvm2 (2.03.11-2.1ubuntu4) ...
Selecting previously unselected package acl.
Preparing to unpack .../05-acl_2.3.1-1_amd64.deb ...
Unpacking acl (2.3.1-1) ...
Selecting previously unselected package bridge-utils.
Preparing to unpack .../06-bridge-utils_1.7-1ubuntu3_amd64.deb ...
Unpacking bridge-utils (1.7-1ubuntu3) ...
Selecting previously unselected package msr-tools.
Preparing to unpack .../07-msr-tools_1.3-4_amd64.deb ...
Unpacking msr-tools (1.3-4) ...
Selecting previously unselected package cpu-checker.
Preparing to unpack .../08-cpu-checker_0.7-1.3build1_amd64.deb ...
Unpacking cpu-checker (0.7-1.3build1) ...
Selecting previously unselected package glib-networking-common.
Preparing to unpack .../09-glib-networking-common_2.72.0-1_all.deb ...
Unpacking glib-networking-common (2.72.0-1) ...
Selecting previously unselected package glib-networking-services.
Preparing to unpack .../10-glib-networking-services_2.72.0-1_amd64.deb ...
Unpacking glib-networking-services (2.72.0-1) ...
Selecting previously unselected package glib-networking:amd64.
Preparing to unpack .../11-glib-networking_2.72.0-1_amd64.deb ...
Unpacking glib-networking:amd64 (2.72.0-1) ...
Selecting previously unselected package libaa1:amd64.
Preparing to unpack .../12-libaa1_1.4p5-50build1_amd64.deb ...
Unpacking libaa1:amd64 (1.4p5-50build1) ...
Selecting previously unselected package libdv4:amd64.
Preparing to unpack .../13-libdv4_1.0.0-14build1_amd64.deb ...
Unpacking libdv4:amd64 (1.0.0-14build1) ...
Selecting previously unselected package libgstreamer-plugins-good1.0-0:amd64.
Preparing to unpack .../14-libgstreamer-plugins-good1.0-0_1.20.3-0ubuntu1.1_amd64.deb ...
Unpacking libgstreamer-plugins-good1.0-0:amd64 (1.20.3-0ubuntu1.1) ...
Selecting previously unselected package libshout3:amd64.
Preparing to unpack .../15-libshout3_2.4.5-1build3_amd64.deb ...
Unpacking libshout3:amd64 (2.4.5-1build3) ...
Selecting previously unselected package libtag1v5-vanilla:amd64.
Preparing to unpack .../16-libtag1v5-vanilla_1.11.1+dfsg.1-3ubuntu3_amd64.deb ...
Unpacking libtag1v5-vanilla:amd64 (1.11.1+dfsg.1-3ubuntu3) ...
Selecting previously unselected package libtag1v5:amd64.
Preparing to unpack .../17-libtag1v5_1.11.1+dfsg.1-3ubuntu3_amd64.deb ...
Unpacking libtag1v5:amd64 (1.11.1+dfsg.1-3ubuntu3) ...
Selecting previously unselected package libv4lconvert0:amd64.
Preparing to unpack .../18-libv4lconvert0_1.22.1-2build1_amd64.deb ...
Unpacking libv4lconvert0:amd64 (1.22.1-2build1) ...
Selecting previously unselected package libv4l-0:amd64.
Preparing to unpack .../19-libv4l-0_1.22.1-2build1_amd64.deb ...
Unpacking libv4l-0:amd64 (1.22.1-2build1) ...
Selecting previously unselected package libwavpack1:amd64.
Preparing to unpack .../20-libwavpack1_5.4.0-1build2_amd64.deb ...
Unpacking libwavpack1:amd64 (5.4.0-1build2) ...
Selecting previously unselected package libsoup2.4-common.
Preparing to unpack .../21-libsoup2.4-common_2.74.2-3_all.deb ...
Unpacking libsoup2.4-common (2.74.2-3) ...
Selecting previously unselected package libsoup2.4-1:amd64.
Preparing to unpack .../22-libsoup2.4-1_2.74.2-3_amd64.deb ...
Unpacking libsoup2.4-1:amd64 (2.74.2-3) ...
Selecting previously unselected package gstreamer1.0-plugins-good:amd64.
Preparing to unpack .../23-gstreamer1.0-plugins-good_1.20.3-0ubuntu1.1_amd64.deb ...
Unpacking gstreamer1.0-plugins-good:amd64 (1.20.3-0ubuntu1.1) ...
Selecting previously unselected package gstreamer1.0-x:amd64.
Preparing to unpack .../24-gstreamer1.0-x_1.20.1-1ubuntu0.2_amd64.deb ...
Unpacking gstreamer1.0-x:amd64 (1.20.1-1ubuntu0.2) ...
Selecting previously unselected package libnl-route-3-200:amd64.
Preparing to unpack .../25-libnl-route-3-200_3.5.0-0.1_amd64.deb ...
Unpacking libnl-route-3-200:amd64 (3.5.0-0.1) ...
Selecting previously unselected package libibverbs1:amd64.
Preparing to unpack .../26-libibverbs1_39.0-1_amd64.deb ...
Unpacking libibverbs1:amd64 (39.0-1) ...
Selecting previously unselected package ibverbs-providers:amd64.
Preparing to unpack .../27-ibverbs-providers_39.0-1_amd64.deb ...
Unpacking ibverbs-providers:amd64 (39.0-1) ...
Selecting previously unselected package ipxe-qemu.
Preparing to unpack .../28-ipxe-qemu_1.21.1+git-20220113.fbbdc3926-0ubuntu1_all.deb ...
Unpacking ipxe-qemu (1.21.1+git-20220113.fbbdc3926-0ubuntu1) ...
Selecting previously unselected package ipxe-qemu-256k-compat-efi-roms.
Preparing to unpack .../29-ipxe-qemu-256k-compat-efi-roms_1.0.0+git-20150424.a25a16d-0ubuntu4_all.deb ...
Unpacking ipxe-qemu-256k-compat-efi-roms (1.0.0+git-20150424.a25a16d-0ubuntu4) ...
Selecting previously unselected package libboost-iostreams1.74.0:amd64.
Preparing to unpack .../30-libboost-iostreams1.74.0_1.74.0-14ubuntu3_amd64.deb ...
Unpacking libboost-iostreams1.74.0:amd64 (1.74.0-14ubuntu3) ...
Selecting previously unselected package libboost-thread1.74.0:amd64.
Preparing to unpack .../31-libboost-thread1.74.0_1.74.0-14ubuntu3_amd64.deb ...
Unpacking libboost-thread1.74.0:amd64 (1.74.0-14ubuntu3) ...
Selecting previously unselected package libbrlapi0.8:amd64.
Preparing to unpack .../32-libbrlapi0.8_6.4-4ubuntu3_amd64.deb ...
Unpacking libbrlapi0.8:amd64 (6.4-4ubuntu3) ...
Selecting previously unselected package libnspr4:amd64.
Preparing to unpack .../33-libnspr4_2%3a4.35-0ubuntu0.22.04.1_amd64.deb ...
Unpacking libnspr4:amd64 (2:4.35-0ubuntu0.22.04.1) ...
Selecting previously unselected package libnss3:amd64.
Preparing to unpack .../34-libnss3_2%3a3.98-0ubuntu0.22.04.2_amd64.deb ...
Unpacking libnss3:amd64 (2:3.98-0ubuntu0.22.04.2) ...
Selecting previously unselected package libpcsclite1:amd64.
Preparing to unpack .../35-libpcsclite1_1.9.5-3ubuntu1_amd64.deb ...
Unpacking libpcsclite1:amd64 (1.9.5-3ubuntu1) ...
Selecting previously unselected package libcacard0:amd64.
Preparing to unpack .../36-libcacard0_1%3a2.8.0-3build2_amd64.deb ...
Unpacking libcacard0:amd64 (1:2.8.0-3build2) ...
Selecting previously unselected package libdaxctl1:amd64.
Preparing to unpack .../37-libdaxctl1_72.1-1_amd64.deb ...
Unpacking libdaxctl1:amd64 (72.1-1) ...
Selecting previously unselected package libgfxdr0:amd64.
Preparing to unpack .../38-libgfxdr0_10.1-1ubuntu0.2_amd64.deb ...
Unpacking libgfxdr0:amd64 (10.1-1ubuntu0.2) ...
Selecting previously unselected package libglusterfs0:amd64.
Preparing to unpack .../39-libglusterfs0_10.1-1ubuntu0.2_amd64.deb ...
Unpacking libglusterfs0:amd64 (10.1-1ubuntu0.2) ...
Selecting previously unselected package libgfrpc0:amd64.
Preparing to unpack .../40-libgfrpc0_10.1-1ubuntu0.2_amd64.deb ...
Unpacking libgfrpc0:amd64 (10.1-1ubuntu0.2) ...
Selecting previously unselected package libgfapi0:amd64.
Preparing to unpack .../41-libgfapi0_10.1-1ubuntu0.2_amd64.deb ...
Unpacking libgfapi0:amd64 (10.1-1ubuntu0.2) ...
Selecting previously unselected package librdmacm1:amd64.
Preparing to unpack .../42-librdmacm1_39.0-1_amd64.deb ...
Unpacking librdmacm1:amd64 (39.0-1) ...
Selecting previously unselected package libiscsi7:amd64.
Preparing to unpack .../43-libiscsi7_1.19.0-3build2_amd64.deb ...
Unpacking libiscsi7:amd64 (1.19.0-3build2) ...
Selecting previously unselected package libndctl6:amd64.
Preparing to unpack .../44-libndctl6_72.1-1_amd64.deb ...
Unpacking libndctl6:amd64 (72.1-1) ...
Selecting previously unselected package libpmem1:amd64.
Preparing to unpack .../45-libpmem1_1.11.1-3build1_amd64.deb ...
Unpacking libpmem1:amd64 (1.11.1-3build1) ...
Selecting previously unselected package libpmemobj1:amd64.
Preparing to unpack .../46-libpmemobj1_1.11.1-3build1_amd64.deb ...
Unpacking libpmemobj1:amd64 (1.11.1-3build1) ...
Selecting previously unselected package librados2.
Preparing to unpack .../47-librados2_17.2.7-0ubuntu0.22.04.1_amd64.deb ...
Unpacking librados2 (17.2.7-0ubuntu0.22.04.1) ...
Selecting previously unselected package librbd1.
Preparing to unpack .../48-librbd1_17.2.7-0ubuntu0.22.04.1_amd64.deb ...
Unpacking librbd1 (17.2.7-0ubuntu0.22.04.1) ...
Selecting previously unselected package libslirp0:amd64.
Preparing to unpack .../49-libslirp0_4.6.1-1build1_amd64.deb ...
Unpacking libslirp0:amd64 (4.6.1-1build1) ...
Selecting previously unselected package libspice-server1:amd64.
Preparing to unpack .../50-libspice-server1_0.15.0-2ubuntu4_amd64.deb ...
Unpacking libspice-server1:amd64 (0.15.0-2ubuntu4) ...
Selecting previously unselected package liburing2:amd64.
Preparing to unpack .../51-liburing2_2.1-2build1_amd64.deb ...
Unpacking liburing2:amd64 (2.1-2build1) ...
Selecting previously unselected package libusbredirparser1:amd64.
Preparing to unpack .../52-libusbredirparser1_0.11.0-2build1_amd64.deb ...
Unpacking libusbredirparser1:amd64 (0.11.0-2build1) ...
Selecting previously unselected package libvirglrenderer1:amd64.
Preparing to unpack .../53-libvirglrenderer1_0.9.1-1~exp1ubuntu2_amd64.deb ...
Unpacking libvirglrenderer1:amd64 (0.9.1-1~exp1ubuntu2) ...
Selecting previously unselected package libyajl2:amd64.
Preparing to unpack .../54-libyajl2_2.1.0-3ubuntu0.22.04.1_amd64.deb ...
Unpacking libyajl2:amd64 (2.1.0-3ubuntu0.22.04.1) ...
Selecting previously unselected package libvirt0:amd64.
Preparing to unpack .../55-libvirt0_8.0.0-1ubuntu7.10_amd64.deb ...
Unpacking libvirt0:amd64 (8.0.0-1ubuntu7.10) ...
Selecting previously unselected package libvirt-clients.
Preparing to unpack .../56-libvirt-clients_8.0.0-1ubuntu7.10_amd64.deb ...
Unpacking libvirt-clients (8.0.0-1ubuntu7.10) ...
Selecting previously unselected package libvirt-daemon-driver-qemu.
Preparing to unpack .../57-libvirt-daemon-driver-qemu_8.0.0-1ubuntu7.10_amd64.deb ...
Unpacking libvirt-daemon-driver-qemu (8.0.0-1ubuntu7.10) ...
Selecting previously unselected package libvirt-daemon.
Preparing to unpack .../58-libvirt-daemon_8.0.0-1ubuntu7.10_amd64.deb ...
Unpacking libvirt-daemon (8.0.0-1ubuntu7.10) ...
Selecting previously unselected package libvte-2.91-common.
Preparing to unpack .../59-libvte-2.91-common_0.68.0-1ubuntu0.1_amd64.deb ...
Unpacking libvte-2.91-common (0.68.0-1ubuntu0.1) ...
Selecting previously unselected package libvte-2.91-0:amd64.
Preparing to unpack .../60-libvte-2.91-0_0.68.0-1ubuntu0.1_amd64.deb ...
Unpacking libvte-2.91-0:amd64 (0.68.0-1ubuntu0.1) ...
Selecting previously unselected package libxml2-utils.
Preparing to unpack .../61-libxml2-utils_2.9.13+dfsg-1ubuntu0.4_amd64.deb ...
Unpacking libxml2-utils (2.9.13+dfsg-1ubuntu0.4) ...
Selecting previously unselected package qemu.
Preparing to unpack .../62-qemu_1%3a6.2+dfsg-2ubuntu6.21_amd64.deb ...
Unpacking qemu (1:6.2+dfsg-2ubuntu6.21) ...
Selecting previously unselected package libfdt1:amd64.
Preparing to unpack .../63-libfdt1_1.6.1-1_amd64.deb ...
Unpacking libfdt1:amd64 (1.6.1-1) ...
Selecting previously unselected package qemu-system-common.
Preparing to unpack .../64-qemu-system-common_1%3a6.2+dfsg-2ubuntu6.21_amd64.deb ...
Unpacking qemu-system-common (1:6.2+dfsg-2ubuntu6.21) ...
Selecting previously unselected package qemu-system-data.
Preparing to unpack .../65-qemu-system-data_1%3a6.2+dfsg-2ubuntu6.21_all.deb ...
Unpacking qemu-system-data (1:6.2+dfsg-2ubuntu6.21) ...
Selecting previously unselected package seabios.
Preparing to unpack .../66-seabios_1.15.0-1_all.deb ...
Unpacking seabios (1.15.0-1) ...
Selecting previously unselected package qemu-system-x86.
Preparing to unpack .../67-qemu-system-x86_1%3a6.2+dfsg-2ubuntu6.21_amd64.deb ...
Unpacking qemu-system-x86 (1:6.2+dfsg-2ubuntu6.21) ...
Selecting previously unselected package qemu-utils.
Preparing to unpack .../68-qemu-utils_1%3a6.2+dfsg-2ubuntu6.21_amd64.deb ...
Unpacking qemu-utils (1:6.2+dfsg-2ubuntu6.21) ...
Selecting previously unselected package qemu-block-extra.
Preparing to unpack .../69-qemu-block-extra_1%3a6.2+dfsg-2ubuntu6.21_amd64.deb ...
Unpacking qemu-block-extra (1:6.2+dfsg-2ubuntu6.21) ...
Selecting previously unselected package qemu-system-gui.
Preparing to unpack .../70-qemu-system-gui_1%3a6.2+dfsg-2ubuntu6.21_amd64.deb ...
Unpacking qemu-system-gui (1:6.2+dfsg-2ubuntu6.21) ...
Selecting previously unselected package thin-provisioning-tools.
Preparing to unpack .../71-thin-provisioning-tools_0.9.0-2ubuntu1_amd64.deb ...
Unpacking thin-provisioning-tools (0.9.0-2ubuntu1) ...
Selecting previously unselected package ovmf.
Preparing to unpack .../72-ovmf_2022.02-3ubuntu0.22.04.2_all.deb ...
Unpacking ovmf (2022.02-3ubuntu0.22.04.2) ...
Setting up qemu (1:6.2+dfsg-2ubuntu6.21) ...
Setting up libtag1v5-vanilla:amd64 (1.11.1+dfsg.1-3ubuntu3) ...
Setting up gstreamer1.0-x:amd64 (1.20.1-1ubuntu0.2) ...
Setting up libdevmapper-event1.02.1:amd64 (2:1.02.175-2.1ubuntu4) ...
Setting up libvte-2.91-common (0.68.0-1ubuntu0.1) ...
Setting up libboost-iostreams1.74.0:amd64 (1.74.0-14ubuntu3) ...
Setting up libspice-server1:amd64 (0.15.0-2ubuntu4) ...
Setting up libyajl2:amd64 (2.1.0-3ubuntu0.22.04.1) ...
Setting up msr-tools (1.3-4) ...
Setting up libfdt1:amd64 (1.6.1-1) ...
Setting up libvte-2.91-0:amd64 (0.68.0-1ubuntu0.1) ...
Setting up libusbredirparser1:amd64 (0.11.0-2build1) ...
Setting up acl (2.3.1-1) ...
Setting up libnl-route-3-200:amd64 (3.5.0-0.1) ...
Setting up ovmf (2022.02-3ubuntu0.22.04.2) ...
Setting up libglusterfs0:amd64 (10.1-1ubuntu0.2) ...
Setting up libgstreamer-plugins-good1.0-0:amd64 (1.20.3-0ubuntu1.1) ...
Setting up libvirglrenderer1:amd64 (0.9.1-1~exp1ubuntu2) ...
Setting up libnspr4:amd64 (2:4.35-0ubuntu0.22.04.1) ...
Setting up libshout3:amd64 (2.4.5-1build3) ...
Setting up libpcsclite1:amd64 (1.9.5-3ubuntu1) ...
Setting up libdaxctl1:amd64 (72.1-1) ...
Setting up qemu-system-data (1:6.2+dfsg-2ubuntu6.21) ...
Setting up bridge-utils (1.7-1ubuntu3) ...
Setting up seabios (1.15.0-1) ...
Setting up libsoup2.4-common (2.74.2-3) ...
Setting up libvirt0:amd64 (8.0.0-1ubuntu7.10) ...
Setting up libslirp0:amd64 (4.6.1-1build1) ...
Setting up libtag1v5:amd64 (1.11.1+dfsg.1-3ubuntu3) ...
Setting up cpu-checker (0.7-1.3build1) ...
Setting up libdv4:amd64 (1.0.0-14build1) ...
Setting up libwavpack1:amd64 (5.4.0-1build2) ...
Setting up ipxe-qemu (1.21.1+git-20220113.fbbdc3926-0ubuntu1) ...
Setting up libv4lconvert0:amd64 (1.22.1-2build1) ...
Setting up libndctl6:amd64 (72.1-1) ...
Setting up ipxe-qemu-256k-compat-efi-roms (1.0.0+git-20150424.a25a16d-0ubuntu4) ...
Setting up libbrlapi0.8:amd64 (6.4-4ubuntu3) ...
Setting up glib-networking-common (2.72.0-1) ...
Setting up liburing2:amd64 (2.1-2build1) ...
Setting up libaio1:amd64 (0.3.112-13build1) ...
Setting up libxml2-utils (2.9.13+dfsg-1ubuntu0.4) ...
Setting up libpmem1:amd64 (1.11.1-3build1) ...
Setting up libgfxdr0:amd64 (10.1-1ubuntu0.2) ...
Setting up libboost-thread1.74.0:amd64 (1.74.0-14ubuntu3) ...
Setting up libaa1:amd64 (1.4p5-50build1) ...
Setting up glib-networking-services (2.72.0-1) ...
Setting up libibverbs1:amd64 (39.0-1) ...
Setting up ibverbs-providers:amd64 (39.0-1) ...
Setting up libvirt-clients (8.0.0-1ubuntu7.10) ...
Setting up libnss3:amd64 (2:3.98-0ubuntu0.22.04.2) ...
Setting up libcacard0:amd64 (1:2.8.0-3build2) ...
Setting up libv4l-0:amd64 (1.22.1-2build1) ...
Setting up libpmemobj1:amd64 (1.11.1-3build1) ...
Setting up thin-provisioning-tools (0.9.0-2ubuntu1) ...
Setting up libvirt-daemon-driver-qemu (8.0.0-1ubuntu7.10) ...
Setting up qemu-utils (1:6.2+dfsg-2ubuntu6.21) ...
Setting up glib-networking:amd64 (2.72.0-1) ...
Setting up libvirt-daemon (8.0.0-1ubuntu7.10) ...
Setting up libgfrpc0:amd64 (10.1-1ubuntu0.2) ...
Setting up librdmacm1:amd64 (39.0-1) ...
Setting up librados2 (17.2.7-0ubuntu0.22.04.1) ...
Setting up qemu-system-common (1:6.2+dfsg-2ubuntu6.21) ...
Created symlink /etc/systemd/system/multi-user.target.wants/qemu-kvm.service → /lib/systemd/system/qemu-kvm.service.
Setting up libsoup2.4-1:amd64 (2.74.2-3) ...
Setting up gstreamer1.0-plugins-good:amd64 (1.20.3-0ubuntu1.1) ...
Setting up qemu-system-x86 (1:6.2+dfsg-2ubuntu6.21) ...
Setting up librbd1 (17.2.7-0ubuntu0.22.04.1) ...
Setting up libgfapi0:amd64 (10.1-1ubuntu0.2) ...
Setting up libiscsi7:amd64 (1.19.0-3build2) ...
Setting up qemu-block-extra (1:6.2+dfsg-2ubuntu6.21) ...
Created symlink /etc/systemd/system/multi-user.target.wants/run-qemu.mount → /lib/systemd/system/run-qemu.mount.
Setting up qemu-system-gui (1:6.2+dfsg-2ubuntu6.21) ...
Setting up liblvm2cmd2.03:amd64 (2.03.11-2.1ubuntu4) ...
Setting up dmeventd (2:1.02.175-2.1ubuntu4) ...
Created symlink /etc/systemd/system/sockets.target.wants/dm-event.socket → /lib/systemd/system/dm-event.socket.
dm-event.service is a disabled or a static unit, not starting it.
Setting up lvm2 (2.03.11-2.1ubuntu4) ...
Created symlink /etc/systemd/system/sysinit.target.wants/blk-availability.service → /lib/systemd/system/blk-availability.service.
Created symlink /etc/systemd/system/sysinit.target.wants/lvm2-monitor.service → /lib/systemd/system/lvm2-monitor.service.
Created symlink /etc/systemd/system/sysinit.target.wants/lvm2-lvmpolld.socket → /lib/systemd/system/lvm2-lvmpolld.socket.
Processing triggers for hicolor-icon-theme (0.17-2) ...
Processing triggers for libglib2.0-0:amd64 (2.72.4-0ubuntu2.3) ...
Processing triggers for libc-bin (2.35-0ubuntu3.8) ...
Processing triggers for man-db (2.10.2-1) ...
kushal@kus2023:/mnt/c/Users/kushal$ sudo apt install x11-apps -y
Reading package lists... Done
Building dependency tree... Done
Reading state information... Done
The following additional packages will be installed:
  libxaw7 libxft2 libxkbfile1 libxmu6 libxt6 xbitmaps
Suggested packages:
  mesa-utils
The following NEW packages will be installed:
  libxaw7 libxft2 libxkbfile1 libxmu6 libxt6 x11-apps xbitmaps
0 upgraded, 7 newly installed, 0 to remove and 0 not upgraded.
Need to get 1273 kB of archives.
After this operation, 4176 kB of additional disk space will be used.
Get:1 http://archive.ubuntu.com/ubuntu jammy/main amd64 libxt6 amd64 1:1.2.1-1 [177 kB]
Get:2 http://archive.ubuntu.com/ubuntu jammy/main amd64 libxmu6 amd64 2:1.1.3-3 [49.6 kB]
Get:3 http://archive.ubuntu.com/ubuntu jammy/main amd64 libxaw7 amd64 2:1.0.14-1 [191 kB]
Get:4 http://archive.ubuntu.com/ubuntu jammy/main amd64 libxft2 amd64 2.3.4-1 [41.8 kB]
Get:5 http://archive.ubuntu.com/ubuntu jammy/main amd64 libxkbfile1 amd64 1:1.1.0-1build3 [71.8 kB]
Get:6 http://archive.ubuntu.com/ubuntu jammy/main amd64 x11-apps amd64 7.7+8build2 [719 kB]
Get:7 http://archive.ubuntu.com/ubuntu jammy/main amd64 xbitmaps all 1.1.1-2.1ubuntu1 [23.4 kB]
Fetched 1273 kB in 1s (1369 kB/s)
Selecting previously unselected package libxt6:amd64.
(Reading database ... 63885 files and directories currently installed.)
Preparing to unpack .../0-libxt6_1%3a1.2.1-1_amd64.deb ...
Unpacking libxt6:amd64 (1:1.2.1-1) ...
Selecting previously unselected package libxmu6:amd64.
Preparing to unpack .../1-libxmu6_2%3a1.1.3-3_amd64.deb ...
Unpacking libxmu6:amd64 (2:1.1.3-3) ...
Selecting previously unselected package libxaw7:amd64.
Preparing to unpack .../2-libxaw7_2%3a1.0.14-1_amd64.deb ...
Unpacking libxaw7:amd64 (2:1.0.14-1) ...
Selecting previously unselected package libxft2:amd64.
Preparing to unpack .../3-libxft2_2.3.4-1_amd64.deb ...
Unpacking libxft2:amd64 (2.3.4-1) ...
Selecting previously unselected package libxkbfile1:amd64.
Preparing to unpack .../4-libxkbfile1_1%3a1.1.0-1build3_amd64.deb ...
Unpacking libxkbfile1:amd64 (1:1.1.0-1build3) ...
Selecting previously unselected package x11-apps.
Preparing to unpack .../5-x11-apps_7.7+8build2_amd64.deb ...
Unpacking x11-apps (7.7+8build2) ...
Selecting previously unselected package xbitmaps.
Preparing to unpack .../6-xbitmaps_1.1.1-2.1ubuntu1_all.deb ...
Unpacking xbitmaps (1.1.1-2.1ubuntu1) ...
Setting up libxft2:amd64 (2.3.4-1) ...
Setting up libxt6:amd64 (1:1.2.1-1) ...
Setting up libxkbfile1:amd64 (1:1.1.0-1build3) ...
Setting up xbitmaps (1.1.1-2.1ubuntu1) ...
Setting up libxmu6:amd64 (2:1.1.3-3) ...
Setting up libxaw7:amd64 (2:1.0.14-1) ...
Setting up x11-apps (7.7+8build2) ...
Processing triggers for libc-bin (2.35-0ubuntu3.8) ...
Processing triggers for man-db (2.10.2-1) ...
kushal@kus2023:/mnt/c/Users/kushal$ sudo apt install qemu qemu-kvm libvirt-clients libvirt-daemon-system bridge-utils virt-manager libguestfs-tools
Reading package lists... Done
Building dependency tree... Done
Reading state information... Done
Note, selecting 'qemu-system-x86' instead of 'qemu-kvm'
bridge-utils is already the newest version (1.7-1ubuntu3).
libvirt-clients is already the newest version (8.0.0-1ubuntu7.10).
qemu-system-x86 is already the newest version (1:6.2+dfsg-2ubuntu6.21).
qemu is already the newest version (1:6.2+dfsg-2ubuntu6.21).
The following additional packages will be installed:
  attr augeas-lenses bsdmainutils btrfs-progs busybox-initramfs cryptsetup-bin db-util db5.3-util debootstrap dns-root-data dnsmasq-base exfatprogs extlinux f2fs-tools fdisk finalrd fonts-droid-fallback fonts-noto-mono fonts-urw-base35 gdisk ghostscript gir1.2-atk-1.0
  gir1.2-ayatanaappindicator3-0.1 gir1.2-freedesktop gir1.2-gdkpixbuf-2.0 gir1.2-gstreamer-1.0 gir1.2-gtk-3.0 gir1.2-gtk-vnc-2.0 gir1.2-gtksource-4 gir1.2-harfbuzz-0.0 gir1.2-libosinfo-1.0 gir1.2-libvirt-glib-1.0 gir1.2-pango-1.0 gir1.2-spiceclientglib-2.0
  gir1.2-spiceclientgtk-3.0 gir1.2-vte-2.91 guestfish guestfs-tools guestmount hfsplus icoutils initramfs-tools-bin initramfs-tools-core jq klibc-utils kpartx ldmtool libafflib0v5 libaugeas0 libauthen-sasl-perl libayatana-appindicator3-1 libayatana-ido3-0.4-0
  libayatana-indicator3-7 libbfio1 libburn4 libclone-perl libconfig9 libdata-dump-perl libdate-manip-perl libdbusmenu-glib4 libdbusmenu-gtk3-4 libencode-locale-perl libewf2 libfdisk1 libfile-listing-perl libfont-afm-perl libfuse2 libgovirt-common libgovirt2 libgs9 libgs9-common
  libgtk-vnc-2.0-0 libgtksourceview-4-0 libgtksourceview-4-common libguestfs-hfsplus libguestfs-perl libguestfs-reiserfs libguestfs-xfs libguestfs0 libgvnc-1.0-0 libhfsp0 libhivex0 libhtml-form-perl libhtml-format-perl libhtml-parser-perl libhtml-tagset-perl libhtml-tree-perl
  libhttp-cookies-perl libhttp-daemon-perl libhttp-date-perl libhttp-message-perl libhttp-negotiate-perl libidn12 libijs-0.35 libinih1 libintl-perl libintl-xs-perl libio-html-perl libio-socket-ssl-perl libisoburn1 libisofs6 libjbig2dec0 libjq1 libjson-glib-1.0-0
  libjson-glib-1.0-common libjte2 libklibc libldm-1.0-0 liblua5.3-0 liblwp-mediatypes-perl liblwp-protocol-https-perl libmailtools-perl libnet-http-perl libnet-smtp-ssl-perl libnet-ssleay-perl libnetpbm10 libnss-mymachines libonig5 libosinfo-1.0-0 libpangoxft-1.0-0
  libpaper-utils libpaper1 libphodav-2.0-0 libphodav-2.0-common librest-0.7-0 librpm9 librpmio9 libsoup-gnome2.4-1 libspice-client-glib-2.0-8 libspice-client-gtk-3.0-5 libstring-shellquote-perl libsys-virt-perl libtimedate-perl libtpms0 libtry-tiny-perl libtsk19 liburi-perl
  libusbredirhost1 libvhdi1 libvirt-daemon-config-network libvirt-daemon-config-nwfilter libvirt-daemon-system-systemd libvirt-glib-1.0-0 libvirt-glib-1.0-data libvmdk1 libwin-hivex-perl libwww-perl libwww-robotrules-perl libxml-parser-perl libxml-xpath-perl libxslt1.1 libyara8
  lsscsi lzop mdadm mdevctl mtools ncal netpbm osinfo-db perl-openssl-defaults poppler-data python3-cairo python3-certifi python3-chardet python3-gi-cairo python3-idna python3-libvirt python3-libxml2 python3-requests python3-urllib3 reiserfsprogs rpm-common scrub sleuthkit
  spice-client-glib-usb-acl-helper supermin swtpm swtpm-tools syslinux syslinux-common systemd-container virt-p2v virt-viewer virtinst xfsprogs xorriso zerofree zstd
Suggested packages:
  augeas-doc calendar whois vacation mailutils duperemove squid-deb-proxy-client debian-archive-keyring arch-test fonts-noto fonts-freefont-otf | fonts-freefont-ttf fonts-texgyre ghostscript-x libterm-readline-gnu-perl | libterm-readline-perl-perl augeas-tools
  libdigest-hmac-perl libgssapi-perl libguestfs-gfs2 libguestfs-jfs libguestfs-nilfs libguestfs-rescue libguestfs-rsync libguestfs-zfs libcrypt-ssleay-perl libosinfo-l10n gstreamer1.0-libav gstreamer1.0-plugins-bad libsub-name-perl libbusiness-isbn-perl auditd nfs-common
  open-iscsi pm-utils systemtap zfsutils libauthen-ntlm-perl default-mta | mail-transport-agent dracut-core floppyd poppler-utils fonts-japanese-mincho | fonts-ipafont-mincho fonts-japanese-gothic | fonts-ipafont-gothic fonts-arphic-ukai fonts-arphic-uming fonts-nanum
  python3-openssl python3-socks python-requests-doc autopsy mac-robber trousers gir1.2-secret-1 gnome-keyring python3-guestfs ssh-askpass python3-argcomplete xfsdump quota xorriso-tcltk jigit cdck
Recommended packages:
  linux-image-amd64
The following NEW packages will be installed:
  attr augeas-lenses bsdmainutils btrfs-progs busybox-initramfs cryptsetup-bin db-util db5.3-util debootstrap dns-root-data dnsmasq-base exfatprogs extlinux f2fs-tools fdisk finalrd fonts-droid-fallback fonts-noto-mono fonts-urw-base35 gdisk ghostscript gir1.2-atk-1.0
  gir1.2-ayatanaappindicator3-0.1 gir1.2-freedesktop gir1.2-gdkpixbuf-2.0 gir1.2-gstreamer-1.0 gir1.2-gtk-3.0 gir1.2-gtk-vnc-2.0 gir1.2-gtksource-4 gir1.2-harfbuzz-0.0 gir1.2-libosinfo-1.0 gir1.2-libvirt-glib-1.0 gir1.2-pango-1.0 gir1.2-spiceclientglib-2.0
  gir1.2-spiceclientgtk-3.0 gir1.2-vte-2.91 guestfish guestfs-tools guestmount hfsplus icoutils initramfs-tools-bin initramfs-tools-core jq klibc-utils kpartx ldmtool libafflib0v5 libaugeas0 libauthen-sasl-perl libayatana-appindicator3-1 libayatana-ido3-0.4-0
  libayatana-indicator3-7 libbfio1 libburn4 libclone-perl libconfig9 libdata-dump-perl libdate-manip-perl libdbusmenu-glib4 libdbusmenu-gtk3-4 libencode-locale-perl libewf2 libfdisk1 libfile-listing-perl libfont-afm-perl libfuse2 libgovirt-common libgovirt2 libgs9 libgs9-common
  libgtk-vnc-2.0-0 libgtksourceview-4-0 libgtksourceview-4-common libguestfs-hfsplus libguestfs-perl libguestfs-reiserfs libguestfs-tools libguestfs-xfs libguestfs0 libgvnc-1.0-0 libhfsp0 libhivex0 libhtml-form-perl libhtml-format-perl libhtml-parser-perl libhtml-tagset-perl
  libhtml-tree-perl libhttp-cookies-perl libhttp-daemon-perl libhttp-date-perl libhttp-message-perl libhttp-negotiate-perl libidn12 libijs-0.35 libinih1 libintl-perl libintl-xs-perl libio-html-perl libio-socket-ssl-perl libisoburn1 libisofs6 libjbig2dec0 libjq1
  libjson-glib-1.0-0 libjson-glib-1.0-common libjte2 libklibc libldm-1.0-0 liblua5.3-0 liblwp-mediatypes-perl liblwp-protocol-https-perl libmailtools-perl libnet-http-perl libnet-smtp-ssl-perl libnet-ssleay-perl libnetpbm10 libnss-mymachines libonig5 libosinfo-1.0-0
  libpangoxft-1.0-0 libpaper-utils libpaper1 libphodav-2.0-0 libphodav-2.0-common librest-0.7-0 librpm9 librpmio9 libsoup-gnome2.4-1 libspice-client-glib-2.0-8 libspice-client-gtk-3.0-5 libstring-shellquote-perl libsys-virt-perl libtimedate-perl libtpms0 libtry-tiny-perl
  libtsk19 liburi-perl libusbredirhost1 libvhdi1 libvirt-daemon-config-network libvirt-daemon-config-nwfilter libvirt-daemon-system libvirt-daemon-system-systemd libvirt-glib-1.0-0 libvirt-glib-1.0-data libvmdk1 libwin-hivex-perl libwww-perl libwww-robotrules-perl
  libxml-parser-perl libxml-xpath-perl libxslt1.1 libyara8 lsscsi lzop mdadm mdevctl mtools ncal netpbm osinfo-db perl-openssl-defaults poppler-data python3-cairo python3-certifi python3-chardet python3-gi-cairo python3-idna python3-libvirt python3-libxml2 python3-requests
  python3-urllib3 reiserfsprogs rpm-common scrub sleuthkit spice-client-glib-usb-acl-helper supermin swtpm swtpm-tools syslinux syslinux-common systemd-container virt-manager virt-p2v virt-viewer virtinst xfsprogs xorriso zerofree zstd
0 upgraded, 192 newly installed, 0 to remove and 0 not upgraded.
Need to get 49.5 MB of archives.
After this operation, 208 MB of additional disk space will be used.
Do you want to continue? [Y/n]
Get:1 http://archive.ubuntu.com/ubuntu jammy/main amd64 fonts-droid-fallback all 1:6.0.1r16-1.1build1 [1805 kB]
Get:2 http://archive.ubuntu.com/ubuntu jammy/main amd64 poppler-data all 0.4.11-1 [2171 kB]
Get:3 http://archive.ubuntu.com/ubuntu jammy/main amd64 attr amd64 1:2.5.1-1build1 [22.6 kB]
Get:4 http://archive.ubuntu.com/ubuntu jammy/universe amd64 augeas-lenses all 1.13.0-1 [321 kB]
Get:5 http://archive.ubuntu.com/ubuntu jammy/universe amd64 ncal amd64 12.1.7+nmu3ubuntu2 [20.2 kB]
Get:6 http://archive.ubuntu.com/ubuntu jammy/universe amd64 bsdmainutils all 12.1.7+nmu3ubuntu2 [3170 B]
Get:7 http://archive.ubuntu.com/ubuntu jammy/main amd64 btrfs-progs amd64 5.16.2-1 [824 kB]
Get:8 http://archive.ubuntu.com/ubuntu jammy/main amd64 busybox-initramfs amd64 1:1.30.1-7ubuntu3 [177 kB]
Get:9 http://archive.ubuntu.com/ubuntu jammy-updates/main amd64 cryptsetup-bin amd64 2:2.4.3-1ubuntu1.2 [145 kB]
Get:10 http://archive.ubuntu.com/ubuntu jammy/main amd64 db5.3-util amd64 5.3.28+dfsg1-0.8ubuntu3 [65.5 kB]
Get:11 http://archive.ubuntu.com/ubuntu jammy-updates/main amd64 dns-root-data all 2023112702~ubuntu0.22.04.1 [5136 B]
Get:12 http://archive.ubuntu.com/ubuntu jammy-updates/main amd64 dnsmasq-base amd64 2.90-0ubuntu0.22.04.1 [374 kB]
Get:13 http://archive.ubuntu.com/ubuntu jammy/universe amd64 exfatprogs amd64 1.1.3-1 [40.3 kB]
Get:14 http://archive.ubuntu.com/ubuntu jammy/universe amd64 extlinux amd64 3:6.04~git20190206.bf6db5b4+dfsg1-3ubuntu1 [151 kB]
Get:15 http://archive.ubuntu.com/ubuntu jammy/universe amd64 f2fs-tools amd64 1.14.0-2build1 [169 kB]
Get:16 http://archive.ubuntu.com/ubuntu jammy-updates/main amd64 libfdisk1 amd64 2.37.2-4ubuntu3.4 [140 kB]
Get:17 http://archive.ubuntu.com/ubuntu jammy-updates/main amd64 fdisk amd64 2.37.2-4ubuntu3.4 [122 kB]
Get:18 http://archive.ubuntu.com/ubuntu jammy/main amd64 finalrd all 9build1 [7306 B]
Get:19 http://archive.ubuntu.com/ubuntu jammy/main amd64 fonts-noto-mono all 20201225-1build1 [397 kB]
Get:20 http://archive.ubuntu.com/ubuntu jammy/main amd64 fonts-urw-base35 all 20200910-1 [6367 kB]
Get:21 http://archive.ubuntu.com/ubuntu jammy-updates/main amd64 libgs9-common all 9.55.0~dfsg1-0ubuntu5.9 [752 kB]
Get:22 http://archive.ubuntu.com/ubuntu jammy-updates/main amd64 libidn12 amd64 1.38-4ubuntu1 [60.0 kB]
Get:23 http://archive.ubuntu.com/ubuntu jammy/main amd64 libijs-0.35 amd64 0.35-15build2 [16.5 kB]
Get:24 http://archive.ubuntu.com/ubuntu jammy/main amd64 libjbig2dec0 amd64 0.19-3build2 [64.7 kB]
Get:25 http://archive.ubuntu.com/ubuntu jammy/main amd64 libpaper1 amd64 1.1.28build2 [13.8 kB]
Get:26 http://archive.ubuntu.com/ubuntu jammy-updates/main amd64 libgs9 amd64 9.55.0~dfsg1-0ubuntu5.9 [5033 kB]
Get:27 http://archive.ubuntu.com/ubuntu jammy-updates/main amd64 ghostscript amd64 9.55.0~dfsg1-0ubuntu5.9 [49.5 kB]
Get:28 http://archive.ubuntu.com/ubuntu jammy/main amd64 gir1.2-atk-1.0 amd64 2.36.0-3build1 [21.0 kB]
Get:29 http://archive.ubuntu.com/ubuntu jammy/main amd64 gir1.2-freedesktop amd64 1.72.0-1 [22.3 kB]
Get:30 http://archive.ubuntu.com/ubuntu jammy-updates/main amd64 gir1.2-gdkpixbuf-2.0 amd64 2.42.8+dfsg-1ubuntu0.3 [9486 B]
Get:31 http://archive.ubuntu.com/ubuntu jammy-updates/main amd64 gir1.2-harfbuzz-0.0 amd64 2.7.4-1ubuntu3.1 [31.6 kB]
Get:32 http://archive.ubuntu.com/ubuntu jammy-updates/main amd64 libpangoxft-1.0-0 amd64 1.50.6+ds-2ubuntu1 [31.0 kB]
Get:33 http://archive.ubuntu.com/ubuntu jammy-updates/main amd64 gir1.2-pango-1.0 amd64 1.50.6+ds-2ubuntu1 [44.0 kB]
Get:34 http://archive.ubuntu.com/ubuntu jammy-updates/main amd64 gir1.2-gtk-3.0 amd64 3.24.33-1ubuntu2.2 [240 kB]
Get:35 http://archive.ubuntu.com/ubuntu jammy/main amd64 libayatana-ido3-0.4-0 amd64 0.9.1-1 [61.0 kB]
Get:36 http://archive.ubuntu.com/ubuntu jammy/main amd64 libayatana-indicator3-7 amd64 0.9.1-1 [33.6 kB]
Get:37 http://archive.ubuntu.com/ubuntu jammy/main amd64 libdbusmenu-glib4 amd64 16.04.1+18.10.20180917-0ubuntu8 [45.4 kB]
Get:38 http://archive.ubuntu.com/ubuntu jammy/main amd64 libdbusmenu-gtk3-4 amd64 16.04.1+18.10.20180917-0ubuntu8 [31.0 kB]
Get:39 http://archive.ubuntu.com/ubuntu jammy/main amd64 libayatana-appindicator3-1 amd64 0.5.90-7ubuntu2 [25.0 kB]
Get:40 http://archive.ubuntu.com/ubuntu jammy/main amd64 gir1.2-ayatanaappindicator3-0.1 amd64 0.5.90-7ubuntu2 [5822 B]
Get:41 http://archive.ubuntu.com/ubuntu jammy-updates/main amd64 gir1.2-gstreamer-1.0 amd64 1.20.3-0ubuntu1 [87.4 kB]
Get:42 http://archive.ubuntu.com/ubuntu jammy-updates/universe amd64 libgvnc-1.0-0 amd64 1.3.0-1ubuntu1 [67.7 kB]
Get:43 http://archive.ubuntu.com/ubuntu jammy-updates/universe amd64 libgtk-vnc-2.0-0 amd64 1.3.0-1ubuntu1 [30.8 kB]
Get:44 http://archive.ubuntu.com/ubuntu jammy-updates/universe amd64 gir1.2-gtk-vnc-2.0 amd64 1.3.0-1ubuntu1 [12.2 kB]
Get:45 http://archive.ubuntu.com/ubuntu jammy/main amd64 libgtksourceview-4-common all 4.8.3-1 [262 kB]
Get:46 http://archive.ubuntu.com/ubuntu jammy/main amd64 libgtksourceview-4-0 amd64 4.8.3-1 [237 kB]
Get:47 http://archive.ubuntu.com/ubuntu jammy/main amd64 gir1.2-gtksource-4 amd64 4.8.3-1 [20.2 kB]
Get:48 http://archive.ubuntu.com/ubuntu jammy/universe amd64 spice-client-glib-usb-acl-helper amd64 0.39-3ubuntu1 [11.8 kB]
Get:49 http://archive.ubuntu.com/ubuntu jammy/main amd64 libjson-glib-1.0-common all 1.6.6-1build1 [4432 B]
Get:50 http://archive.ubuntu.com/ubuntu jammy/main amd64 libjson-glib-1.0-0 amd64 1.6.6-1build1 [69.9 kB]
Get:51 http://archive.ubuntu.com/ubuntu jammy/universe amd64 libphodav-2.0-common all 2.5-1 [12.5 kB]
Get:52 http://archive.ubuntu.com/ubuntu jammy/universe amd64 libphodav-2.0-0 amd64 2.5-1 [28.7 kB]
Get:53 http://archive.ubuntu.com/ubuntu jammy/main amd64 libusbredirhost1 amd64 0.11.0-2build1 [19.7 kB]
Get:54 http://archive.ubuntu.com/ubuntu jammy/universe amd64 libspice-client-glib-2.0-8 amd64 0.39-3ubuntu1 [326 kB]
Get:55 http://archive.ubuntu.com/ubuntu jammy/universe amd64 gir1.2-spiceclientglib-2.0 amd64 0.39-3ubuntu1 [14.3 kB]
Get:56 http://archive.ubuntu.com/ubuntu jammy/universe amd64 libspice-client-gtk-3.0-5 amd64 0.39-3ubuntu1 [62.0 kB]
Get:57 http://archive.ubuntu.com/ubuntu jammy/universe amd64 gir1.2-spiceclientgtk-3.0 amd64 0.39-3ubuntu1 [5610 B]
Get:58 http://archive.ubuntu.com/ubuntu jammy-updates/main amd64 gir1.2-vte-2.91 amd64 0.68.0-1ubuntu0.1 [10.7 kB]
Get:59 http://archive.ubuntu.com/ubuntu jammy/universe amd64 libaugeas0 amd64 1.13.0-1 [200 kB]
Get:60 http://archive.ubuntu.com/ubuntu jammy/universe amd64 libfuse2 amd64 2.9.9-5ubuntu3 [90.3 kB]
Get:61 http://archive.ubuntu.com/ubuntu jammy/universe amd64 libhivex0 amd64 1.3.21-1ubuntu5 [26.0 kB]
Get:62 http://archive.ubuntu.com/ubuntu jammy/main amd64 liblua5.3-0 amd64 5.3.6-1build1 [140 kB]
Get:63 http://archive.ubuntu.com/ubuntu jammy/universe amd64 librpmio9 amd64 4.17.0+dfsg1-4build1 [93.2 kB]
Get:64 http://archive.ubuntu.com/ubuntu jammy/universe amd64 librpm9 amd64 4.17.0+dfsg1-4build1 [189 kB]
Get:65 http://archive.ubuntu.com/ubuntu jammy/universe amd64 libafflib0v5 amd64 3.7.19-2build1 [222 kB]
Get:66 http://archive.ubuntu.com/ubuntu jammy/universe amd64 libewf2 amd64 20140807-2ubuntu2 [586 kB]
Get:67 http://archive.ubuntu.com/ubuntu jammy/universe amd64 libvhdi1 amd64 20210425-1build1 [446 kB]
Get:68 http://archive.ubuntu.com/ubuntu jammy/universe amd64 libbfio1 amd64 20170123-6 [306 kB]
Get:69 http://archive.ubuntu.com/ubuntu jammy/universe amd64 libvmdk1 amd64 20200926-2build1 [473 kB]
Get:70 http://archive.ubuntu.com/ubuntu jammy/universe amd64 libtsk19 amd64 4.11.1+dfsg-1 [447 kB]
Get:71 http://archive.ubuntu.com/ubuntu jammy/universe amd64 libyara8 amd64 4.1.3-1build1 [157 kB]
Get:72 http://archive.ubuntu.com/ubuntu jammy/universe amd64 supermin amd64 5.2.1-4ubuntu2 [441 kB]
Get:73 http://archive.ubuntu.com/ubuntu jammy/main amd64 db-util all 1:5.3.21~exp1ubuntu4 [2714 B]
Get:74 http://archive.ubuntu.com/ubuntu jammy/main amd64 libencode-locale-perl all 1.05-1.1 [11.8 kB]
Get:75 http://archive.ubuntu.com/ubuntu jammy/main amd64 libtimedate-perl all 2.3300-2 [34.0 kB]
Get:76 http://archive.ubuntu.com/ubuntu jammy/main amd64 libhttp-date-perl all 6.05-1 [9920 B]
Get:77 http://archive.ubuntu.com/ubuntu jammy/main amd64 libfile-listing-perl all 6.14-1 [11.2 kB]
Get:78 http://archive.ubuntu.com/ubuntu jammy/main amd64 libhtml-tagset-perl all 3.20-4 [12.5 kB]
Get:79 http://archive.ubuntu.com/ubuntu jammy/main amd64 liburi-perl all 5.10-1 [78.8 kB]
Get:80 http://archive.ubuntu.com/ubuntu jammy/main amd64 libhtml-parser-perl amd64 3.76-1build2 [88.4 kB]
Get:81 http://archive.ubuntu.com/ubuntu jammy/main amd64 libhtml-tree-perl all 5.07-2 [200 kB]
Get:82 http://archive.ubuntu.com/ubuntu jammy/main amd64 libio-html-perl all 1.004-2 [15.4 kB]
Get:83 http://archive.ubuntu.com/ubuntu jammy/main amd64 liblwp-mediatypes-perl all 6.04-1 [19.5 kB]
Get:84 http://archive.ubuntu.com/ubuntu jammy/main amd64 libhttp-message-perl all 6.36-1 [76.8 kB]
Get:85 http://archive.ubuntu.com/ubuntu jammy/main amd64 libhttp-cookies-perl all 6.10-1 [18.4 kB]
Get:86 http://archive.ubuntu.com/ubuntu jammy/main amd64 libhttp-negotiate-perl all 6.01-1 [12.5 kB]
Get:87 http://archive.ubuntu.com/ubuntu jammy/main amd64 perl-openssl-defaults amd64 5build2 [7542 B]
Get:88 http://archive.ubuntu.com/ubuntu jammy/main amd64 libnet-ssleay-perl amd64 1.92-1build2 [327 kB]
Get:89 http://archive.ubuntu.com/ubuntu jammy/main amd64 libio-socket-ssl-perl all 2.074-2 [192 kB]
Get:90 http://archive.ubuntu.com/ubuntu jammy/main amd64 libnet-http-perl all 6.22-1 [23.2 kB]
Get:91 http://archive.ubuntu.com/ubuntu jammy/main amd64 liblwp-protocol-https-perl all 6.10-1 [10.9 kB]
Get:92 http://archive.ubuntu.com/ubuntu jammy/main amd64 libtry-tiny-perl all 0.31-1 [21.8 kB]
Get:93 http://archive.ubuntu.com/ubuntu jammy/main amd64 libwww-robotrules-perl all 6.02-1 [12.6 kB]
Get:94 http://archive.ubuntu.com/ubuntu jammy/main amd64 libwww-perl all 6.61-1 [141 kB]
Get:95 http://archive.ubuntu.com/ubuntu jammy/universe amd64 icoutils amd64 0.32.3-4 [56.6 kB]
Get:96 http://archive.ubuntu.com/ubuntu jammy/universe amd64 libnetpbm10 amd64 2:10.0-15.4 [59.1 kB]
Get:97 http://archive.ubuntu.com/ubuntu jammy/universe amd64 netpbm amd64 2:10.0-15.4 [1007 kB]
Get:98 http://archive.ubuntu.com/ubuntu jammy-updates/universe amd64 osinfo-db all 0.20240523-0ubuntu0.22.04.1 [166 kB]
Get:99 http://archive.ubuntu.com/ubuntu jammy-updates/main amd64 debootstrap all 1.0.126+nmu1ubuntu0.7 [40.9 kB]
Get:100 http://archive.ubuntu.com/ubuntu jammy/main amd64 gdisk amd64 1.0.8-4build1 [240 kB]
Get:101 http://archive.ubuntu.com/ubuntu jammy-updates/main amd64 kpartx amd64 0.8.8-1ubuntu1.22.04.4 [28.8 kB]
Get:102 http://archive.ubuntu.com/ubuntu jammy/universe amd64 libldm-1.0-0 amd64 0.2.5-1 [23.4 kB]
Get:103 http://archive.ubuntu.com/ubuntu jammy/universe amd64 ldmtool amd64 0.2.5-1 [13.3 kB]
Get:104 http://archive.ubuntu.com/ubuntu jammy/main amd64 lsscsi amd64 0.31-1build2 [48.5 kB]
Get:105 http://archive.ubuntu.com/ubuntu jammy/main amd64 lzop amd64 1.04-2build2 [83.7 kB]
Get:106 http://archive.ubuntu.com/ubuntu jammy-updates/main amd64 mdadm amd64 4.2-0ubuntu2 [464 kB]
Get:107 http://archive.ubuntu.com/ubuntu jammy/main amd64 mtools amd64 4.0.33-1+really4.0.32-1build1 [201 kB]
Get:108 http://archive.ubuntu.com/ubuntu jammy/universe amd64 scrub amd64 2.6.1-1build2 [30.8 kB]
Get:109 http://archive.ubuntu.com/ubuntu jammy/main amd64 libdate-manip-perl all 6.86-1 [946 kB]
Get:110 http://archive.ubuntu.com/ubuntu jammy/universe amd64 sleuthkit amd64 4.11.1+dfsg-1 [365 kB]
Get:111 http://archive.ubuntu.com/ubuntu jammy/universe amd64 syslinux amd64 3:6.04~git20190206.bf6db5b4+dfsg1-3ubuntu1 [161 kB]
Get:112 http://archive.ubuntu.com/ubuntu jammy/main amd64 zerofree amd64 1.1.1-1build3 [8814 B]
Get:113 http://archive.ubuntu.com/ubuntu jammy/universe amd64 libguestfs0 amd64 1:1.46.2-10ubuntu3 [3236 kB]
Get:114 http://archive.ubuntu.com/ubuntu jammy/universe amd64 libconfig9 amd64 1.5-0.4build1 [22.3 kB]
Get:115 http://archive.ubuntu.com/ubuntu jammy/universe amd64 guestfish amd64 1:1.46.2-10ubuntu3 [648 kB]
Get:116 http://archive.ubuntu.com/ubuntu jammy/main amd64 libxml-parser-perl amd64 2.46-3build1 [212 kB]
Get:117 http://archive.ubuntu.com/ubuntu jammy/universe amd64 libxml-xpath-perl all 1.44-1 [66.2 kB]
Get:118 http://archive.ubuntu.com/ubuntu jammy/universe amd64 libwin-hivex-perl amd64 1.3.21-1ubuntu5 [40.5 kB]
Get:119 http://archive.ubuntu.com/ubuntu jammy/universe amd64 libsys-virt-perl amd64 8.0.0-1build1 [294 kB]
Get:120 http://archive.ubuntu.com/ubuntu jammy/universe amd64 libguestfs-perl amd64 1:1.46.2-10ubuntu3 [321 kB]
Get:121 http://archive.ubuntu.com/ubuntu jammy/main amd64 libintl-perl all 1.26-3build2 [731 kB]
Get:122 http://archive.ubuntu.com/ubuntu jammy/main amd64 libstring-shellquote-perl all 1.04-1 [12.0 kB]
Get:123 http://archive.ubuntu.com/ubuntu jammy/universe amd64 guestfs-tools amd64 1.46.1-4ubuntu2 [4144 kB]
Get:124 http://archive.ubuntu.com/ubuntu jammy/universe amd64 guestmount amd64 1:1.46.2-10ubuntu3 [58.9 kB]
Get:125 http://archive.ubuntu.com/ubuntu jammy/main amd64 libhfsp0 amd64 1.0.4-16build2 [38.8 kB]
Get:126 http://archive.ubuntu.com/ubuntu jammy/main amd64 hfsplus amd64 1.0.4-16build2 [36.9 kB]
Get:127 http://archive.ubuntu.com/ubuntu jammy-updates/main amd64 initramfs-tools-bin amd64 0.140ubuntu13.4 [9300 B]
Get:128 http://archive.ubuntu.com/ubuntu jammy-updates/main amd64 libklibc amd64 2.0.10-4ubuntu0.1 [46.0 kB]
Get:129 http://archive.ubuntu.com/ubuntu jammy-updates/main amd64 klibc-utils amd64 2.0.10-4ubuntu0.1 [99.9 kB]
Get:130 http://archive.ubuntu.com/ubuntu jammy/main amd64 zstd amd64 1.4.8+dfsg-3build1 [603 kB]
Get:131 http://archive.ubuntu.com/ubuntu jammy-updates/main amd64 initramfs-tools-core all 0.140ubuntu13.4 [47.8 kB]
Get:132 http://archive.ubuntu.com/ubuntu jammy/main amd64 libonig5 amd64 6.9.7.1-2build1 [172 kB]
Get:133 http://archive.ubuntu.com/ubuntu jammy/main amd64 libjq1 amd64 1.6-2.1ubuntu3 [133 kB]
Get:134 http://archive.ubuntu.com/ubuntu jammy/main amd64 jq amd64 1.6-2.1ubuntu3 [52.5 kB]
Get:135 http://archive.ubuntu.com/ubuntu jammy/universe amd64 libburn4 amd64 1.5.4-1 [162 kB]
Get:136 http://archive.ubuntu.com/ubuntu jammy/main amd64 libclone-perl amd64 0.45-1build3 [11.0 kB]
Get:137 http://archive.ubuntu.com/ubuntu jammy/main amd64 libdata-dump-perl all 1.25-1 [25.9 kB]
Get:138 http://archive.ubuntu.com/ubuntu jammy/main amd64 libfont-afm-perl all 1.20-3 [13.6 kB]
Get:139 http://archive.ubuntu.com/ubuntu jammy/universe amd64 libgovirt-common all 0.3.8-1 [19.7 kB]
Get:140 http://archive.ubuntu.com/ubuntu jammy/main amd64 libsoup-gnome2.4-1 amd64 2.74.2-3 [6396 B]
Get:141 http://archive.ubuntu.com/ubuntu jammy/main amd64 librest-0.7-0 amd64 0.8.1-1.1build2 [35.7 kB]
Get:142 http://archive.ubuntu.com/ubuntu jammy/universe amd64 libgovirt2 amd64 0.3.8-1 [46.0 kB]
Get:143 http://archive.ubuntu.com/ubuntu jammy/main amd64 libhtml-form-perl all 6.07-1 [22.2 kB]
Get:144 http://archive.ubuntu.com/ubuntu jammy/main amd64 libhtml-format-perl all 2.12-1.1 [41.3 kB]
Get:145 http://archive.ubuntu.com/ubuntu jammy-updates/main amd64 libhttp-daemon-perl all 6.13-1ubuntu0.1 [22.9 kB]
Get:146 http://archive.ubuntu.com/ubuntu jammy/main amd64 libinih1 amd64 53-1ubuntu3 [7250 B]
Get:147 http://archive.ubuntu.com/ubuntu jammy/main amd64 libintl-xs-perl amd64 1.26-3build2 [12.7 kB]
Get:148 http://archive.ubuntu.com/ubuntu jammy/universe amd64 libjte2 amd64 1.22-3build1 [27.0 kB]
Get:149 http://archive.ubuntu.com/ubuntu jammy/universe amd64 libisofs6 amd64 1.5.4-1 [210 kB]
Get:150 http://archive.ubuntu.com/ubuntu jammy/universe amd64 libisoburn1 amd64 1.5.4-2 [402 kB]
Get:151 http://archive.ubuntu.com/ubuntu jammy/main amd64 libnet-smtp-ssl-perl all 1.04-1 [5948 B]
Get:152 http://archive.ubuntu.com/ubuntu jammy/main amd64 libmailtools-perl all 2.21-1 [80.7 kB]
Get:153 http://archive.ubuntu.com/ubuntu jammy/main amd64 libpaper-utils amd64 1.1.28build2 [8674 B]
Get:154 http://archive.ubuntu.com/ubuntu jammy-updates/main amd64 libtpms0 amd64 0.9.3-0ubuntu1.22.04.1 [385 kB]
Get:155 http://archive.ubuntu.com/ubuntu jammy-updates/main amd64 libvirt-daemon-config-network all 8.0.0-1ubuntu7.10 [8650 B]
Get:156 http://archive.ubuntu.com/ubuntu jammy-updates/main amd64 libvirt-daemon-config-nwfilter all 8.0.0-1ubuntu7.10 [11.6 kB]
Get:157 http://archive.ubuntu.com/ubuntu jammy-updates/main amd64 systemd-container amd64 249.11-0ubuntu3.12 [389 kB]
Get:158 http://archive.ubuntu.com/ubuntu jammy-updates/main amd64 libvirt-daemon-system-systemd all 8.0.0-1ubuntu7.10 [69.0 kB]
Get:159 http://archive.ubuntu.com/ubuntu jammy-updates/main amd64 libvirt-daemon-system amd64 8.0.0-1ubuntu7.10 [52.3 kB]
Get:160 http://archive.ubuntu.com/ubuntu jammy/universe amd64 libvirt-glib-1.0-data all 4.0.0-2 [13.6 kB]
Get:161 http://archive.ubuntu.com/ubuntu jammy-updates/main amd64 libxslt1.1 amd64 1.1.34-4ubuntu0.22.04.1 [164 kB]
Get:162 http://archive.ubuntu.com/ubuntu jammy/main amd64 mdevctl all 0.81-1 [11.7 kB]
Get:163 http://archive.ubuntu.com/ubuntu jammy/main amd64 python3-cairo amd64 1.20.1-3build1 [73.7 kB]
Get:164 http://archive.ubuntu.com/ubuntu jammy/main amd64 python3-certifi all 2020.6.20-1 [150 kB]
Get:165 http://archive.ubuntu.com/ubuntu jammy/main amd64 python3-chardet all 4.0.0-1 [98.0 kB]
Get:166 http://archive.ubuntu.com/ubuntu jammy-updates/main amd64 python3-gi-cairo amd64 3.42.1-0ubuntu1 [8184 B]
Get:167 http://archive.ubuntu.com/ubuntu jammy-updates/main amd64 python3-idna all 3.3-1ubuntu0.1 [52.1 kB]
Get:168 http://archive.ubuntu.com/ubuntu jammy/main amd64 python3-libvirt amd64 8.0.0-1build1 [148 kB]
Get:169 http://archive.ubuntu.com/ubuntu jammy-updates/universe amd64 python3-libxml2 amd64 2.9.13+dfsg-1ubuntu0.4 [148 kB]
Get:170 http://archive.ubuntu.com/ubuntu jammy-updates/main amd64 python3-urllib3 all 1.26.5-1~exp1ubuntu0.1 [98.2 kB]
Get:171 http://archive.ubuntu.com/ubuntu jammy-updates/main amd64 python3-requests all 2.25.1+dfsg-2ubuntu0.1 [48.8 kB]
Get:172 http://archive.ubuntu.com/ubuntu jammy/main amd64 reiserfsprogs amd64 1:3.6.27-4build4 [263 kB]
Get:173 http://archive.ubuntu.com/ubuntu jammy/universe amd64 rpm-common amd64 4.17.0+dfsg1-4build1 [33.7 kB]
Get:174 http://archive.ubuntu.com/ubuntu jammy-updates/main amd64 swtpm amd64 0.6.3-0ubuntu3.2 [47.9 kB]
Get:175 http://archive.ubuntu.com/ubuntu jammy-updates/main amd64 swtpm-tools amd64 0.6.3-0ubuntu3.2 [88.9 kB]
Get:176 http://archive.ubuntu.com/ubuntu jammy/main amd64 syslinux-common all 3:6.04~git20190206.bf6db5b4+dfsg1-3ubuntu1 [1271 kB]
Get:177 http://archive.ubuntu.com/ubuntu jammy/universe amd64 libosinfo-1.0-0 amd64 1.8.0-1 [85.3 kB]
Get:178 http://archive.ubuntu.com/ubuntu jammy/universe amd64 gir1.2-libosinfo-1.0 amd64 1.8.0-1 [16.1 kB]
Get:179 http://archive.ubuntu.com/ubuntu jammy/universe amd64 libvirt-glib-1.0-0 amd64 4.0.0-2 [130 kB]
Get:180 http://archive.ubuntu.com/ubuntu jammy/universe amd64 gir1.2-libvirt-glib-1.0 amd64 4.0.0-2 [31.6 kB]
Get:181 http://archive.ubuntu.com/ubuntu jammy/universe amd64 xorriso amd64 1.5.4-2 [291 kB]
Get:182 http://archive.ubuntu.com/ubuntu jammy/universe amd64 virtinst all 1:4.0.0-1 [907 kB]
Get:183 http://archive.ubuntu.com/ubuntu jammy/universe amd64 virt-manager all 1:4.0.0-1 [262 kB]
Get:184 http://archive.ubuntu.com/ubuntu jammy/universe amd64 libguestfs-tools amd64 1:1.46.2-10ubuntu3 [34.8 kB]
Get:185 http://archive.ubuntu.com/ubuntu jammy/universe amd64 virt-p2v amd64 1.42.0-4 [231 kB]
Get:186 http://archive.ubuntu.com/ubuntu jammy/universe amd64 virt-viewer amd64 7.0-2build2 [291 kB]
Get:187 http://archive.ubuntu.com/ubuntu jammy/main amd64 xfsprogs amd64 5.13.0-1ubuntu2 [870 kB]
Get:188 http://archive.ubuntu.com/ubuntu jammy/main amd64 libauthen-sasl-perl all 2.1600-1.1 [43.1 kB]
Get:189 http://archive.ubuntu.com/ubuntu jammy/universe amd64 libguestfs-hfsplus amd64 1:1.46.2-10ubuntu3 [1578 B]
Get:190 http://archive.ubuntu.com/ubuntu jammy/universe amd64 libguestfs-reiserfs amd64 1:1.46.2-10ubuntu3 [1584 B]
Get:191 http://archive.ubuntu.com/ubuntu jammy/universe amd64 libguestfs-xfs amd64 1:1.46.2-10ubuntu3 [1580 B]
Get:192 http://archive.ubuntu.com/ubuntu jammy-updates/main amd64 libnss-mymachines amd64 249.11-0ubuntu3.12 [146 kB]
Fetched 49.5 MB in 6s (8197 kB/s)
Extracting templates from packages: 100%
Preconfiguring packages ...
Selecting previously unselected package fonts-droid-fallback.
(Reading database ... 64113 files and directories currently installed.)
Preparing to unpack .../000-fonts-droid-fallback_1%3a6.0.1r16-1.1build1_all.deb ...
Unpacking fonts-droid-fallback (1:6.0.1r16-1.1build1) ...
Selecting previously unselected package poppler-data.
Preparing to unpack .../001-poppler-data_0.4.11-1_all.deb ...
Unpacking poppler-data (0.4.11-1) ...
Selecting previously unselected package attr.
Preparing to unpack .../002-attr_1%3a2.5.1-1build1_amd64.deb ...
Unpacking attr (1:2.5.1-1build1) ...
Selecting previously unselected package augeas-lenses.
Preparing to unpack .../003-augeas-lenses_1.13.0-1_all.deb ...
Unpacking augeas-lenses (1.13.0-1) ...
Selecting previously unselected package ncal.
Preparing to unpack .../004-ncal_12.1.7+nmu3ubuntu2_amd64.deb ...
Unpacking ncal (12.1.7+nmu3ubuntu2) ...
Selecting previously unselected package bsdmainutils.
Preparing to unpack .../005-bsdmainutils_12.1.7+nmu3ubuntu2_all.deb ...
Unpacking bsdmainutils (12.1.7+nmu3ubuntu2) ...
Selecting previously unselected package btrfs-progs.
Preparing to unpack .../006-btrfs-progs_5.16.2-1_amd64.deb ...
Unpacking btrfs-progs (5.16.2-1) ...
Selecting previously unselected package busybox-initramfs.
Preparing to unpack .../007-busybox-initramfs_1%3a1.30.1-7ubuntu3_amd64.deb ...
Unpacking busybox-initramfs (1:1.30.1-7ubuntu3) ...
Selecting previously unselected package cryptsetup-bin.
Preparing to unpack .../008-cryptsetup-bin_2%3a2.4.3-1ubuntu1.2_amd64.deb ...
Unpacking cryptsetup-bin (2:2.4.3-1ubuntu1.2) ...
Selecting previously unselected package db5.3-util.
Preparing to unpack .../009-db5.3-util_5.3.28+dfsg1-0.8ubuntu3_amd64.deb ...
Unpacking db5.3-util (5.3.28+dfsg1-0.8ubuntu3) ...
Selecting previously unselected package dns-root-data.
Preparing to unpack .../010-dns-root-data_2023112702~ubuntu0.22.04.1_all.deb ...
Unpacking dns-root-data (2023112702~ubuntu0.22.04.1) ...
Selecting previously unselected package dnsmasq-base.
Preparing to unpack .../011-dnsmasq-base_2.90-0ubuntu0.22.04.1_amd64.deb ...
Unpacking dnsmasq-base (2.90-0ubuntu0.22.04.1) ...
Selecting previously unselected package exfatprogs.
Preparing to unpack .../012-exfatprogs_1.1.3-1_amd64.deb ...
Unpacking exfatprogs (1.1.3-1) ...
Selecting previously unselected package extlinux.
Preparing to unpack .../013-extlinux_3%3a6.04~git20190206.bf6db5b4+dfsg1-3ubuntu1_amd64.deb ...
Unpacking extlinux (3:6.04~git20190206.bf6db5b4+dfsg1-3ubuntu1) ...
Selecting previously unselected package f2fs-tools.
Preparing to unpack .../014-f2fs-tools_1.14.0-2build1_amd64.deb ...
Unpacking f2fs-tools (1.14.0-2build1) ...
Selecting previously unselected package libfdisk1:amd64.
Preparing to unpack .../015-libfdisk1_2.37.2-4ubuntu3.4_amd64.deb ...
Unpacking libfdisk1:amd64 (2.37.2-4ubuntu3.4) ...
Selecting previously unselected package fdisk.
Preparing to unpack .../016-fdisk_2.37.2-4ubuntu3.4_amd64.deb ...
Unpacking fdisk (2.37.2-4ubuntu3.4) ...
Selecting previously unselected package finalrd.
Preparing to unpack .../017-finalrd_9build1_all.deb ...
Unpacking finalrd (9build1) ...
Selecting previously unselected package fonts-noto-mono.
Preparing to unpack .../018-fonts-noto-mono_20201225-1build1_all.deb ...
Unpacking fonts-noto-mono (20201225-1build1) ...
Selecting previously unselected package fonts-urw-base35.
Preparing to unpack .../019-fonts-urw-base35_20200910-1_all.deb ...
Unpacking fonts-urw-base35 (20200910-1) ...
Selecting previously unselected package libgs9-common.
Preparing to unpack .../020-libgs9-common_9.55.0~dfsg1-0ubuntu5.9_all.deb ...
Unpacking libgs9-common (9.55.0~dfsg1-0ubuntu5.9) ...
Selecting previously unselected package libidn12:amd64.
Preparing to unpack .../021-libidn12_1.38-4ubuntu1_amd64.deb ...
Unpacking libidn12:amd64 (1.38-4ubuntu1) ...
Selecting previously unselected package libijs-0.35:amd64.
Preparing to unpack .../022-libijs-0.35_0.35-15build2_amd64.deb ...
Unpacking libijs-0.35:amd64 (0.35-15build2) ...
Selecting previously unselected package libjbig2dec0:amd64.
Preparing to unpack .../023-libjbig2dec0_0.19-3build2_amd64.deb ...
Unpacking libjbig2dec0:amd64 (0.19-3build2) ...
Selecting previously unselected package libpaper1:amd64.
Preparing to unpack .../024-libpaper1_1.1.28build2_amd64.deb ...
Unpacking libpaper1:amd64 (1.1.28build2) ...
Selecting previously unselected package libgs9:amd64.
Preparing to unpack .../025-libgs9_9.55.0~dfsg1-0ubuntu5.9_amd64.deb ...
Unpacking libgs9:amd64 (9.55.0~dfsg1-0ubuntu5.9) ...
Selecting previously unselected package ghostscript.
Preparing to unpack .../026-ghostscript_9.55.0~dfsg1-0ubuntu5.9_amd64.deb ...
Unpacking ghostscript (9.55.0~dfsg1-0ubuntu5.9) ...
Selecting previously unselected package gir1.2-atk-1.0:amd64.
Preparing to unpack .../027-gir1.2-atk-1.0_2.36.0-3build1_amd64.deb ...
Unpacking gir1.2-atk-1.0:amd64 (2.36.0-3build1) ...
Selecting previously unselected package gir1.2-freedesktop:amd64.
Preparing to unpack .../028-gir1.2-freedesktop_1.72.0-1_amd64.deb ...
Unpacking gir1.2-freedesktop:amd64 (1.72.0-1) ...
Selecting previously unselected package gir1.2-gdkpixbuf-2.0:amd64.
Preparing to unpack .../029-gir1.2-gdkpixbuf-2.0_2.42.8+dfsg-1ubuntu0.3_amd64.deb ...
Unpacking gir1.2-gdkpixbuf-2.0:amd64 (2.42.8+dfsg-1ubuntu0.3) ...
Selecting previously unselected package gir1.2-harfbuzz-0.0:amd64.
Preparing to unpack .../030-gir1.2-harfbuzz-0.0_2.7.4-1ubuntu3.1_amd64.deb ...
Unpacking gir1.2-harfbuzz-0.0:amd64 (2.7.4-1ubuntu3.1) ...
Selecting previously unselected package libpangoxft-1.0-0:amd64.
Preparing to unpack .../031-libpangoxft-1.0-0_1.50.6+ds-2ubuntu1_amd64.deb ...
Unpacking libpangoxft-1.0-0:amd64 (1.50.6+ds-2ubuntu1) ...
Selecting previously unselected package gir1.2-pango-1.0:amd64.
Preparing to unpack .../032-gir1.2-pango-1.0_1.50.6+ds-2ubuntu1_amd64.deb ...
Unpacking gir1.2-pango-1.0:amd64 (1.50.6+ds-2ubuntu1) ...
Selecting previously unselected package gir1.2-gtk-3.0:amd64.
Preparing to unpack .../033-gir1.2-gtk-3.0_3.24.33-1ubuntu2.2_amd64.deb ...
Unpacking gir1.2-gtk-3.0:amd64 (3.24.33-1ubuntu2.2) ...
Selecting previously unselected package libayatana-ido3-0.4-0:amd64.
Preparing to unpack .../034-libayatana-ido3-0.4-0_0.9.1-1_amd64.deb ...
Unpacking libayatana-ido3-0.4-0:amd64 (0.9.1-1) ...
Selecting previously unselected package libayatana-indicator3-7:amd64.
Preparing to unpack .../035-libayatana-indicator3-7_0.9.1-1_amd64.deb ...
Unpacking libayatana-indicator3-7:amd64 (0.9.1-1) ...
Selecting previously unselected package libdbusmenu-glib4:amd64.
Preparing to unpack .../036-libdbusmenu-glib4_16.04.1+18.10.20180917-0ubuntu8_amd64.deb ...
Unpacking libdbusmenu-glib4:amd64 (16.04.1+18.10.20180917-0ubuntu8) ...
Selecting previously unselected package libdbusmenu-gtk3-4:amd64.
Preparing to unpack .../037-libdbusmenu-gtk3-4_16.04.1+18.10.20180917-0ubuntu8_amd64.deb ...
Unpacking libdbusmenu-gtk3-4:amd64 (16.04.1+18.10.20180917-0ubuntu8) ...
Selecting previously unselected package libayatana-appindicator3-1.
Preparing to unpack .../038-libayatana-appindicator3-1_0.5.90-7ubuntu2_amd64.deb ...
Unpacking libayatana-appindicator3-1 (0.5.90-7ubuntu2) ...
Selecting previously unselected package gir1.2-ayatanaappindicator3-0.1.
Preparing to unpack .../039-gir1.2-ayatanaappindicator3-0.1_0.5.90-7ubuntu2_amd64.deb ...
Unpacking gir1.2-ayatanaappindicator3-0.1 (0.5.90-7ubuntu2) ...
Selecting previously unselected package gir1.2-gstreamer-1.0:amd64.
Preparing to unpack .../040-gir1.2-gstreamer-1.0_1.20.3-0ubuntu1_amd64.deb ...
Unpacking gir1.2-gstreamer-1.0:amd64 (1.20.3-0ubuntu1) ...
Selecting previously unselected package libgvnc-1.0-0:amd64.
Preparing to unpack .../041-libgvnc-1.0-0_1.3.0-1ubuntu1_amd64.deb ...
Unpacking libgvnc-1.0-0:amd64 (1.3.0-1ubuntu1) ...
Selecting previously unselected package libgtk-vnc-2.0-0:amd64.
Preparing to unpack .../042-libgtk-vnc-2.0-0_1.3.0-1ubuntu1_amd64.deb ...
Unpacking libgtk-vnc-2.0-0:amd64 (1.3.0-1ubuntu1) ...
Selecting previously unselected package gir1.2-gtk-vnc-2.0:amd64.
Preparing to unpack .../043-gir1.2-gtk-vnc-2.0_1.3.0-1ubuntu1_amd64.deb ...
Unpacking gir1.2-gtk-vnc-2.0:amd64 (1.3.0-1ubuntu1) ...
Selecting previously unselected package libgtksourceview-4-common.
Preparing to unpack .../044-libgtksourceview-4-common_4.8.3-1_all.deb ...
Unpacking libgtksourceview-4-common (4.8.3-1) ...
Selecting previously unselected package libgtksourceview-4-0:amd64.
Preparing to unpack .../045-libgtksourceview-4-0_4.8.3-1_amd64.deb ...
Unpacking libgtksourceview-4-0:amd64 (4.8.3-1) ...
Selecting previously unselected package gir1.2-gtksource-4:amd64.
Preparing to unpack .../046-gir1.2-gtksource-4_4.8.3-1_amd64.deb ...
Unpacking gir1.2-gtksource-4:amd64 (4.8.3-1) ...
Selecting previously unselected package spice-client-glib-usb-acl-helper.
Preparing to unpack .../047-spice-client-glib-usb-acl-helper_0.39-3ubuntu1_amd64.deb ...
Unpacking spice-client-glib-usb-acl-helper (0.39-3ubuntu1) ...
Selecting previously unselected package libjson-glib-1.0-common.
Preparing to unpack .../048-libjson-glib-1.0-common_1.6.6-1build1_all.deb ...
Unpacking libjson-glib-1.0-common (1.6.6-1build1) ...
Selecting previously unselected package libjson-glib-1.0-0:amd64.
Preparing to unpack .../049-libjson-glib-1.0-0_1.6.6-1build1_amd64.deb ...
Unpacking libjson-glib-1.0-0:amd64 (1.6.6-1build1) ...
Selecting previously unselected package libphodav-2.0-common.
Preparing to unpack .../050-libphodav-2.0-common_2.5-1_all.deb ...
Unpacking libphodav-2.0-common (2.5-1) ...
Selecting previously unselected package libphodav-2.0-0:amd64.
Preparing to unpack .../051-libphodav-2.0-0_2.5-1_amd64.deb ...
Unpacking libphodav-2.0-0:amd64 (2.5-1) ...
Selecting previously unselected package libusbredirhost1:amd64.
Preparing to unpack .../052-libusbredirhost1_0.11.0-2build1_amd64.deb ...
Unpacking libusbredirhost1:amd64 (0.11.0-2build1) ...
Selecting previously unselected package libspice-client-glib-2.0-8:amd64.
Preparing to unpack .../053-libspice-client-glib-2.0-8_0.39-3ubuntu1_amd64.deb ...
Unpacking libspice-client-glib-2.0-8:amd64 (0.39-3ubuntu1) ...
Selecting previously unselected package gir1.2-spiceclientglib-2.0:amd64.
Preparing to unpack .../054-gir1.2-spiceclientglib-2.0_0.39-3ubuntu1_amd64.deb ...
Unpacking gir1.2-spiceclientglib-2.0:amd64 (0.39-3ubuntu1) ...
Selecting previously unselected package libspice-client-gtk-3.0-5:amd64.
Preparing to unpack .../055-libspice-client-gtk-3.0-5_0.39-3ubuntu1_amd64.deb ...
Unpacking libspice-client-gtk-3.0-5:amd64 (0.39-3ubuntu1) ...
Selecting previously unselected package gir1.2-spiceclientgtk-3.0:amd64.
Preparing to unpack .../056-gir1.2-spiceclientgtk-3.0_0.39-3ubuntu1_amd64.deb ...
Unpacking gir1.2-spiceclientgtk-3.0:amd64 (0.39-3ubuntu1) ...
Selecting previously unselected package gir1.2-vte-2.91:amd64.
Preparing to unpack .../057-gir1.2-vte-2.91_0.68.0-1ubuntu0.1_amd64.deb ...
Unpacking gir1.2-vte-2.91:amd64 (0.68.0-1ubuntu0.1) ...
Selecting previously unselected package libaugeas0:amd64.
Preparing to unpack .../058-libaugeas0_1.13.0-1_amd64.deb ...
Unpacking libaugeas0:amd64 (1.13.0-1) ...
Selecting previously unselected package libfuse2:amd64.
Preparing to unpack .../059-libfuse2_2.9.9-5ubuntu3_amd64.deb ...
Unpacking libfuse2:amd64 (2.9.9-5ubuntu3) ...
Selecting previously unselected package libhivex0:amd64.
Preparing to unpack .../060-libhivex0_1.3.21-1ubuntu5_amd64.deb ...
Unpacking libhivex0:amd64 (1.3.21-1ubuntu5) ...
Selecting previously unselected package liblua5.3-0:amd64.
Preparing to unpack .../061-liblua5.3-0_5.3.6-1build1_amd64.deb ...
Unpacking liblua5.3-0:amd64 (5.3.6-1build1) ...
Selecting previously unselected package librpmio9.
Preparing to unpack .../062-librpmio9_4.17.0+dfsg1-4build1_amd64.deb ...
Unpacking librpmio9 (4.17.0+dfsg1-4build1) ...
Selecting previously unselected package librpm9.
Preparing to unpack .../063-librpm9_4.17.0+dfsg1-4build1_amd64.deb ...
Unpacking librpm9 (4.17.0+dfsg1-4build1) ...
Selecting previously unselected package libafflib0v5:amd64.
Preparing to unpack .../064-libafflib0v5_3.7.19-2build1_amd64.deb ...
Unpacking libafflib0v5:amd64 (3.7.19-2build1) ...
Selecting previously unselected package libewf2.
Preparing to unpack .../065-libewf2_20140807-2ubuntu2_amd64.deb ...
Unpacking libewf2 (20140807-2ubuntu2) ...
Selecting previously unselected package libvhdi1:amd64.
Preparing to unpack .../066-libvhdi1_20210425-1build1_amd64.deb ...
Unpacking libvhdi1:amd64 (20210425-1build1) ...
Selecting previously unselected package libbfio1:amd64.
Preparing to unpack .../067-libbfio1_20170123-6_amd64.deb ...
Unpacking libbfio1:amd64 (20170123-6) ...
Selecting previously unselected package libvmdk1:amd64.
Preparing to unpack .../068-libvmdk1_20200926-2build1_amd64.deb ...
Unpacking libvmdk1:amd64 (20200926-2build1) ...
Selecting previously unselected package libtsk19:amd64.
Preparing to unpack .../069-libtsk19_4.11.1+dfsg-1_amd64.deb ...
Unpacking libtsk19:amd64 (4.11.1+dfsg-1) ...
Selecting previously unselected package libyara8:amd64.
Preparing to unpack .../070-libyara8_4.1.3-1build1_amd64.deb ...
Unpacking libyara8:amd64 (4.1.3-1build1) ...
Selecting previously unselected package supermin.
Preparing to unpack .../071-supermin_5.2.1-4ubuntu2_amd64.deb ...
Unpacking supermin (5.2.1-4ubuntu2) ...
Selecting previously unselected package db-util.
Preparing to unpack .../072-db-util_1%3a5.3.21~exp1ubuntu4_all.deb ...
Unpacking db-util (1:5.3.21~exp1ubuntu4) ...
Selecting previously unselected package libencode-locale-perl.
Preparing to unpack .../073-libencode-locale-perl_1.05-1.1_all.deb ...
Unpacking libencode-locale-perl (1.05-1.1) ...
Selecting previously unselected package libtimedate-perl.
Preparing to unpack .../074-libtimedate-perl_2.3300-2_all.deb ...
Unpacking libtimedate-perl (2.3300-2) ...
Selecting previously unselected package libhttp-date-perl.
Preparing to unpack .../075-libhttp-date-perl_6.05-1_all.deb ...
Unpacking libhttp-date-perl (6.05-1) ...
Selecting previously unselected package libfile-listing-perl.
Preparing to unpack .../076-libfile-listing-perl_6.14-1_all.deb ...
Unpacking libfile-listing-perl (6.14-1) ...
Selecting previously unselected package libhtml-tagset-perl.
Preparing to unpack .../077-libhtml-tagset-perl_3.20-4_all.deb ...
Unpacking libhtml-tagset-perl (3.20-4) ...
Selecting previously unselected package liburi-perl.
Preparing to unpack .../078-liburi-perl_5.10-1_all.deb ...
Unpacking liburi-perl (5.10-1) ...
Selecting previously unselected package libhtml-parser-perl:amd64.
Preparing to unpack .../079-libhtml-parser-perl_3.76-1build2_amd64.deb ...
Unpacking libhtml-parser-perl:amd64 (3.76-1build2) ...
Selecting previously unselected package libhtml-tree-perl.
Preparing to unpack .../080-libhtml-tree-perl_5.07-2_all.deb ...
Unpacking libhtml-tree-perl (5.07-2) ...
Selecting previously unselected package libio-html-perl.
Preparing to unpack .../081-libio-html-perl_1.004-2_all.deb ...
Unpacking libio-html-perl (1.004-2) ...
Selecting previously unselected package liblwp-mediatypes-perl.
Preparing to unpack .../082-liblwp-mediatypes-perl_6.04-1_all.deb ...
Unpacking liblwp-mediatypes-perl (6.04-1) ...
Selecting previously unselected package libhttp-message-perl.
Preparing to unpack .../083-libhttp-message-perl_6.36-1_all.deb ...
Unpacking libhttp-message-perl (6.36-1) ...
Selecting previously unselected package libhttp-cookies-perl.
Preparing to unpack .../084-libhttp-cookies-perl_6.10-1_all.deb ...
Unpacking libhttp-cookies-perl (6.10-1) ...
Selecting previously unselected package libhttp-negotiate-perl.
Preparing to unpack .../085-libhttp-negotiate-perl_6.01-1_all.deb ...
Unpacking libhttp-negotiate-perl (6.01-1) ...
Selecting previously unselected package perl-openssl-defaults:amd64.
Preparing to unpack .../086-perl-openssl-defaults_5build2_amd64.deb ...
Unpacking perl-openssl-defaults:amd64 (5build2) ...
Selecting previously unselected package libnet-ssleay-perl:amd64.
Preparing to unpack .../087-libnet-ssleay-perl_1.92-1build2_amd64.deb ...
Unpacking libnet-ssleay-perl:amd64 (1.92-1build2) ...
Selecting previously unselected package libio-socket-ssl-perl.
Preparing to unpack .../088-libio-socket-ssl-perl_2.074-2_all.deb ...
Unpacking libio-socket-ssl-perl (2.074-2) ...
Selecting previously unselected package libnet-http-perl.
Preparing to unpack .../089-libnet-http-perl_6.22-1_all.deb ...
Unpacking libnet-http-perl (6.22-1) ...
Selecting previously unselected package liblwp-protocol-https-perl.
Preparing to unpack .../090-liblwp-protocol-https-perl_6.10-1_all.deb ...
Unpacking liblwp-protocol-https-perl (6.10-1) ...
Selecting previously unselected package libtry-tiny-perl.
Preparing to unpack .../091-libtry-tiny-perl_0.31-1_all.deb ...
Unpacking libtry-tiny-perl (0.31-1) ...
Selecting previously unselected package libwww-robotrules-perl.
Preparing to unpack .../092-libwww-robotrules-perl_6.02-1_all.deb ...
Unpacking libwww-robotrules-perl (6.02-1) ...
Selecting previously unselected package libwww-perl.
Preparing to unpack .../093-libwww-perl_6.61-1_all.deb ...
Unpacking libwww-perl (6.61-1) ...
Selecting previously unselected package icoutils.
Preparing to unpack .../094-icoutils_0.32.3-4_amd64.deb ...
Unpacking icoutils (0.32.3-4) ...
Selecting previously unselected package libnetpbm10.
Preparing to unpack .../095-libnetpbm10_2%3a10.0-15.4_amd64.deb ...
Unpacking libnetpbm10 (2:10.0-15.4) ...
Selecting previously unselected package netpbm.
Preparing to unpack .../096-netpbm_2%3a10.0-15.4_amd64.deb ...
Unpacking netpbm (2:10.0-15.4) ...
Selecting previously unselected package osinfo-db.
Preparing to unpack .../097-osinfo-db_0.20240523-0ubuntu0.22.04.1_all.deb ...
Unpacking osinfo-db (0.20240523-0ubuntu0.22.04.1) ...
Selecting previously unselected package debootstrap.
Preparing to unpack .../098-debootstrap_1.0.126+nmu1ubuntu0.7_all.deb ...
Unpacking debootstrap (1.0.126+nmu1ubuntu0.7) ...
Selecting previously unselected package gdisk.
Preparing to unpack .../099-gdisk_1.0.8-4build1_amd64.deb ...
Unpacking gdisk (1.0.8-4build1) ...
Selecting previously unselected package kpartx.
Preparing to unpack .../100-kpartx_0.8.8-1ubuntu1.22.04.4_amd64.deb ...
Unpacking kpartx (0.8.8-1ubuntu1.22.04.4) ...
Selecting previously unselected package libldm-1.0-0:amd64.
Preparing to unpack .../101-libldm-1.0-0_0.2.5-1_amd64.deb ...
Unpacking libldm-1.0-0:amd64 (0.2.5-1) ...
Selecting previously unselected package ldmtool.
Preparing to unpack .../102-ldmtool_0.2.5-1_amd64.deb ...
Unpacking ldmtool (0.2.5-1) ...
Selecting previously unselected package lsscsi.
Preparing to unpack .../103-lsscsi_0.31-1build2_amd64.deb ...
Unpacking lsscsi (0.31-1build2) ...
Selecting previously unselected package lzop.
Preparing to unpack .../104-lzop_1.04-2build2_amd64.deb ...
Unpacking lzop (1.04-2build2) ...
Selecting previously unselected package mdadm.
Preparing to unpack .../105-mdadm_4.2-0ubuntu2_amd64.deb ...
Unpacking mdadm (4.2-0ubuntu2) ...
Selecting previously unselected package mtools.
Preparing to unpack .../106-mtools_4.0.33-1+really4.0.32-1build1_amd64.deb ...
Unpacking mtools (4.0.33-1+really4.0.32-1build1) ...
Selecting previously unselected package scrub.
Preparing to unpack .../107-scrub_2.6.1-1build2_amd64.deb ...
Unpacking scrub (2.6.1-1build2) ...
Selecting previously unselected package libdate-manip-perl.
Preparing to unpack .../108-libdate-manip-perl_6.86-1_all.deb ...
Unpacking libdate-manip-perl (6.86-1) ...
Selecting previously unselected package sleuthkit.
Preparing to unpack .../109-sleuthkit_4.11.1+dfsg-1_amd64.deb ...
Unpacking sleuthkit (4.11.1+dfsg-1) ...
Selecting previously unselected package syslinux.
Preparing to unpack .../110-syslinux_3%3a6.04~git20190206.bf6db5b4+dfsg1-3ubuntu1_amd64.deb ...
Unpacking syslinux (3:6.04~git20190206.bf6db5b4+dfsg1-3ubuntu1) ...
Selecting previously unselected package zerofree.
Preparing to unpack .../111-zerofree_1.1.1-1build3_amd64.deb ...
Unpacking zerofree (1.1.1-1build3) ...
Selecting previously unselected package libguestfs0:amd64.
Preparing to unpack .../112-libguestfs0_1%3a1.46.2-10ubuntu3_amd64.deb ...
Unpacking libguestfs0:amd64 (1:1.46.2-10ubuntu3) ...
Selecting previously unselected package libconfig9:amd64.
Preparing to unpack .../113-libconfig9_1.5-0.4build1_amd64.deb ...
Unpacking libconfig9:amd64 (1.5-0.4build1) ...
Selecting previously unselected package guestfish.
Preparing to unpack .../114-guestfish_1%3a1.46.2-10ubuntu3_amd64.deb ...
Unpacking guestfish (1:1.46.2-10ubuntu3) ...
Selecting previously unselected package libxml-parser-perl:amd64.
Preparing to unpack .../115-libxml-parser-perl_2.46-3build1_amd64.deb ...
Unpacking libxml-parser-perl:amd64 (2.46-3build1) ...
Selecting previously unselected package libxml-xpath-perl.
Preparing to unpack .../116-libxml-xpath-perl_1.44-1_all.deb ...
Unpacking libxml-xpath-perl (1.44-1) ...
Selecting previously unselected package libwin-hivex-perl.
Preparing to unpack .../117-libwin-hivex-perl_1.3.21-1ubuntu5_amd64.deb ...
Unpacking libwin-hivex-perl (1.3.21-1ubuntu5) ...
Selecting previously unselected package libsys-virt-perl.
Preparing to unpack .../118-libsys-virt-perl_8.0.0-1build1_amd64.deb ...
Unpacking libsys-virt-perl (8.0.0-1build1) ...
Selecting previously unselected package libguestfs-perl.
Preparing to unpack .../119-libguestfs-perl_1%3a1.46.2-10ubuntu3_amd64.deb ...
Unpacking libguestfs-perl (1:1.46.2-10ubuntu3) ...
Selecting previously unselected package libintl-perl.
Preparing to unpack .../120-libintl-perl_1.26-3build2_all.deb ...
Unpacking libintl-perl (1.26-3build2) ...
Selecting previously unselected package libstring-shellquote-perl.
Preparing to unpack .../121-libstring-shellquote-perl_1.04-1_all.deb ...
Unpacking libstring-shellquote-perl (1.04-1) ...
Selecting previously unselected package guestfs-tools.
Preparing to unpack .../122-guestfs-tools_1.46.1-4ubuntu2_amd64.deb ...
Unpacking guestfs-tools (1.46.1-4ubuntu2) ...
Selecting previously unselected package guestmount.
Preparing to unpack .../123-guestmount_1%3a1.46.2-10ubuntu3_amd64.deb ...
Unpacking guestmount (1:1.46.2-10ubuntu3) ...
Selecting previously unselected package libhfsp0.
Preparing to unpack .../124-libhfsp0_1.0.4-16build2_amd64.deb ...
Unpacking libhfsp0 (1.0.4-16build2) ...
Selecting previously unselected package hfsplus.
Preparing to unpack .../125-hfsplus_1.0.4-16build2_amd64.deb ...
Unpacking hfsplus (1.0.4-16build2) ...
Selecting previously unselected package initramfs-tools-bin.
Preparing to unpack .../126-initramfs-tools-bin_0.140ubuntu13.4_amd64.deb ...
Unpacking initramfs-tools-bin (0.140ubuntu13.4) ...
Selecting previously unselected package libklibc:amd64.
Preparing to unpack .../127-libklibc_2.0.10-4ubuntu0.1_amd64.deb ...
Unpacking libklibc:amd64 (2.0.10-4ubuntu0.1) ...
Selecting previously unselected package klibc-utils.
Preparing to unpack .../128-klibc-utils_2.0.10-4ubuntu0.1_amd64.deb ...
Unpacking klibc-utils (2.0.10-4ubuntu0.1) ...
Selecting previously unselected package zstd.
Preparing to unpack .../129-zstd_1.4.8+dfsg-3build1_amd64.deb ...
Unpacking zstd (1.4.8+dfsg-3build1) ...
Selecting previously unselected package initramfs-tools-core.
Preparing to unpack .../130-initramfs-tools-core_0.140ubuntu13.4_all.deb ...
Unpacking initramfs-tools-core (0.140ubuntu13.4) ...
Selecting previously unselected package libonig5:amd64.
Preparing to unpack .../131-libonig5_6.9.7.1-2build1_amd64.deb ...
Unpacking libonig5:amd64 (6.9.7.1-2build1) ...
Selecting previously unselected package libjq1:amd64.
Preparing to unpack .../132-libjq1_1.6-2.1ubuntu3_amd64.deb ...
Unpacking libjq1:amd64 (1.6-2.1ubuntu3) ...
Selecting previously unselected package jq.
Preparing to unpack .../133-jq_1.6-2.1ubuntu3_amd64.deb ...
Unpacking jq (1.6-2.1ubuntu3) ...
Selecting previously unselected package libburn4:amd64.
Preparing to unpack .../134-libburn4_1.5.4-1_amd64.deb ...
Unpacking libburn4:amd64 (1.5.4-1) ...
Selecting previously unselected package libclone-perl.
Preparing to unpack .../135-libclone-perl_0.45-1build3_amd64.deb ...
Unpacking libclone-perl (0.45-1build3) ...
Selecting previously unselected package libdata-dump-perl.
Preparing to unpack .../136-libdata-dump-perl_1.25-1_all.deb ...
Unpacking libdata-dump-perl (1.25-1) ...
Selecting previously unselected package libfont-afm-perl.
Preparing to unpack .../137-libfont-afm-perl_1.20-3_all.deb ...
Unpacking libfont-afm-perl (1.20-3) ...
Selecting previously unselected package libgovirt-common.
Preparing to unpack .../138-libgovirt-common_0.3.8-1_all.deb ...
Unpacking libgovirt-common (0.3.8-1) ...
Selecting previously unselected package libsoup-gnome2.4-1:amd64.
Preparing to unpack .../139-libsoup-gnome2.4-1_2.74.2-3_amd64.deb ...
Unpacking libsoup-gnome2.4-1:amd64 (2.74.2-3) ...
Selecting previously unselected package librest-0.7-0:amd64.
Preparing to unpack .../140-librest-0.7-0_0.8.1-1.1build2_amd64.deb ...
Unpacking librest-0.7-0:amd64 (0.8.1-1.1build2) ...
Selecting previously unselected package libgovirt2:amd64.
Preparing to unpack .../141-libgovirt2_0.3.8-1_amd64.deb ...
Unpacking libgovirt2:amd64 (0.3.8-1) ...
Selecting previously unselected package libhtml-form-perl.
Preparing to unpack .../142-libhtml-form-perl_6.07-1_all.deb ...
Unpacking libhtml-form-perl (6.07-1) ...
Selecting previously unselected package libhtml-format-perl.
Preparing to unpack .../143-libhtml-format-perl_2.12-1.1_all.deb ...
Unpacking libhtml-format-perl (2.12-1.1) ...
Selecting previously unselected package libhttp-daemon-perl.
Preparing to unpack .../144-libhttp-daemon-perl_6.13-1ubuntu0.1_all.deb ...
Unpacking libhttp-daemon-perl (6.13-1ubuntu0.1) ...
Selecting previously unselected package libinih1:amd64.
Preparing to unpack .../145-libinih1_53-1ubuntu3_amd64.deb ...
Unpacking libinih1:amd64 (53-1ubuntu3) ...
Selecting previously unselected package libintl-xs-perl.
Preparing to unpack .../146-libintl-xs-perl_1.26-3build2_amd64.deb ...
Unpacking libintl-xs-perl (1.26-3build2) ...
Selecting previously unselected package libjte2:amd64.
Preparing to unpack .../147-libjte2_1.22-3build1_amd64.deb ...
Unpacking libjte2:amd64 (1.22-3build1) ...
Selecting previously unselected package libisofs6:amd64.
Preparing to unpack .../148-libisofs6_1.5.4-1_amd64.deb ...
Unpacking libisofs6:amd64 (1.5.4-1) ...
Selecting previously unselected package libisoburn1:amd64.
Preparing to unpack .../149-libisoburn1_1.5.4-2_amd64.deb ...
Unpacking libisoburn1:amd64 (1.5.4-2) ...
Selecting previously unselected package libnet-smtp-ssl-perl.
Preparing to unpack .../150-libnet-smtp-ssl-perl_1.04-1_all.deb ...
Unpacking libnet-smtp-ssl-perl (1.04-1) ...
Selecting previously unselected package libmailtools-perl.
Preparing to unpack .../151-libmailtools-perl_2.21-1_all.deb ...
Unpacking libmailtools-perl (2.21-1) ...
Selecting previously unselected package libpaper-utils.
Preparing to unpack .../152-libpaper-utils_1.1.28build2_amd64.deb ...
Unpacking libpaper-utils (1.1.28build2) ...
Selecting previously unselected package libtpms0:amd64.
Preparing to unpack .../153-libtpms0_0.9.3-0ubuntu1.22.04.1_amd64.deb ...
Unpacking libtpms0:amd64 (0.9.3-0ubuntu1.22.04.1) ...
Selecting previously unselected package libvirt-daemon-config-network.
Preparing to unpack .../154-libvirt-daemon-config-network_8.0.0-1ubuntu7.10_all.deb ...
Unpacking libvirt-daemon-config-network (8.0.0-1ubuntu7.10) ...
Selecting previously unselected package libvirt-daemon-config-nwfilter.
Preparing to unpack .../155-libvirt-daemon-config-nwfilter_8.0.0-1ubuntu7.10_all.deb ...
Unpacking libvirt-daemon-config-nwfilter (8.0.0-1ubuntu7.10) ...
Selecting previously unselected package systemd-container.
Preparing to unpack .../156-systemd-container_249.11-0ubuntu3.12_amd64.deb ...
Unpacking systemd-container (249.11-0ubuntu3.12) ...
Selecting previously unselected package libvirt-daemon-system-systemd.
Preparing to unpack .../157-libvirt-daemon-system-systemd_8.0.0-1ubuntu7.10_all.deb ...
Unpacking libvirt-daemon-system-systemd (8.0.0-1ubuntu7.10) ...
Selecting previously unselected package libvirt-daemon-system.
Preparing to unpack .../158-libvirt-daemon-system_8.0.0-1ubuntu7.10_amd64.deb ...
Unpacking libvirt-daemon-system (8.0.0-1ubuntu7.10) ...
Selecting previously unselected package libvirt-glib-1.0-data.
Preparing to unpack .../159-libvirt-glib-1.0-data_4.0.0-2_all.deb ...
Unpacking libvirt-glib-1.0-data (4.0.0-2) ...
Selecting previously unselected package libxslt1.1:amd64.
Preparing to unpack .../160-libxslt1.1_1.1.34-4ubuntu0.22.04.1_amd64.deb ...
Unpacking libxslt1.1:amd64 (1.1.34-4ubuntu0.22.04.1) ...
Selecting previously unselected package mdevctl.
Preparing to unpack .../161-mdevctl_0.81-1_all.deb ...
Unpacking mdevctl (0.81-1) ...
Selecting previously unselected package python3-cairo:amd64.
Preparing to unpack .../162-python3-cairo_1.20.1-3build1_amd64.deb ...
Unpacking python3-cairo:amd64 (1.20.1-3build1) ...
Selecting previously unselected package python3-certifi.
Preparing to unpack .../163-python3-certifi_2020.6.20-1_all.deb ...
Unpacking python3-certifi (2020.6.20-1) ...
Selecting previously unselected package python3-chardet.
Preparing to unpack .../164-python3-chardet_4.0.0-1_all.deb ...
Unpacking python3-chardet (4.0.0-1) ...
Selecting previously unselected package python3-gi-cairo.
Preparing to unpack .../165-python3-gi-cairo_3.42.1-0ubuntu1_amd64.deb ...
Unpacking python3-gi-cairo (3.42.1-0ubuntu1) ...
Selecting previously unselected package python3-idna.
Preparing to unpack .../166-python3-idna_3.3-1ubuntu0.1_all.deb ...
Unpacking python3-idna (3.3-1ubuntu0.1) ...
Selecting previously unselected package python3-libvirt.
Preparing to unpack .../167-python3-libvirt_8.0.0-1build1_amd64.deb ...
Unpacking python3-libvirt (8.0.0-1build1) ...
Selecting previously unselected package python3-libxml2:amd64.
Preparing to unpack .../168-python3-libxml2_2.9.13+dfsg-1ubuntu0.4_amd64.deb ...
Unpacking python3-libxml2:amd64 (2.9.13+dfsg-1ubuntu0.4) ...
Selecting previously unselected package python3-urllib3.
Preparing to unpack .../169-python3-urllib3_1.26.5-1~exp1ubuntu0.1_all.deb ...
Unpacking python3-urllib3 (1.26.5-1~exp1ubuntu0.1) ...
Selecting previously unselected package python3-requests.
Preparing to unpack .../170-python3-requests_2.25.1+dfsg-2ubuntu0.1_all.deb ...
Unpacking python3-requests (2.25.1+dfsg-2ubuntu0.1) ...
Selecting previously unselected package reiserfsprogs.
Preparing to unpack .../171-reiserfsprogs_1%3a3.6.27-4build4_amd64.deb ...
Unpacking reiserfsprogs (1:3.6.27-4build4) ...
Selecting previously unselected package rpm-common.
Preparing to unpack .../172-rpm-common_4.17.0+dfsg1-4build1_amd64.deb ...
Unpacking rpm-common (4.17.0+dfsg1-4build1) ...
Selecting previously unselected package swtpm.
Preparing to unpack .../173-swtpm_0.6.3-0ubuntu3.2_amd64.deb ...
Unpacking swtpm (0.6.3-0ubuntu3.2) ...
Selecting previously unselected package swtpm-tools.
Preparing to unpack .../174-swtpm-tools_0.6.3-0ubuntu3.2_amd64.deb ...
Unpacking swtpm-tools (0.6.3-0ubuntu3.2) ...
Selecting previously unselected package syslinux-common.
Preparing to unpack .../175-syslinux-common_3%3a6.04~git20190206.bf6db5b4+dfsg1-3ubuntu1_all.deb ...
Unpacking syslinux-common (3:6.04~git20190206.bf6db5b4+dfsg1-3ubuntu1) ...
Selecting previously unselected package libosinfo-1.0-0:amd64.
Preparing to unpack .../176-libosinfo-1.0-0_1.8.0-1_amd64.deb ...
Unpacking libosinfo-1.0-0:amd64 (1.8.0-1) ...
Selecting previously unselected package gir1.2-libosinfo-1.0:amd64.
Preparing to unpack .../177-gir1.2-libosinfo-1.0_1.8.0-1_amd64.deb ...
Unpacking gir1.2-libosinfo-1.0:amd64 (1.8.0-1) ...
Selecting previously unselected package libvirt-glib-1.0-0:amd64.
Preparing to unpack .../178-libvirt-glib-1.0-0_4.0.0-2_amd64.deb ...
Unpacking libvirt-glib-1.0-0:amd64 (4.0.0-2) ...
Selecting previously unselected package gir1.2-libvirt-glib-1.0:amd64.
Preparing to unpack .../179-gir1.2-libvirt-glib-1.0_4.0.0-2_amd64.deb ...
Unpacking gir1.2-libvirt-glib-1.0:amd64 (4.0.0-2) ...
Selecting previously unselected package xorriso.
Preparing to unpack .../180-xorriso_1.5.4-2_amd64.deb ...
Unpacking xorriso (1.5.4-2) ...
Selecting previously unselected package virtinst.
Preparing to unpack .../181-virtinst_1%3a4.0.0-1_all.deb ...
Unpacking virtinst (1:4.0.0-1) ...
Selecting previously unselected package virt-manager.
Preparing to unpack .../182-virt-manager_1%3a4.0.0-1_all.deb ...
Unpacking virt-manager (1:4.0.0-1) ...
Selecting previously unselected package libguestfs-tools.
Preparing to unpack .../183-libguestfs-tools_1%3a1.46.2-10ubuntu3_amd64.deb ...
Unpacking libguestfs-tools (1:1.46.2-10ubuntu3) ...
Selecting previously unselected package virt-p2v.
Preparing to unpack .../184-virt-p2v_1.42.0-4_amd64.deb ...
Unpacking virt-p2v (1.42.0-4) ...
Selecting previously unselected package virt-viewer.
Preparing to unpack .../185-virt-viewer_7.0-2build2_amd64.deb ...
Unpacking virt-viewer (7.0-2build2) ...
Selecting previously unselected package xfsprogs.
Preparing to unpack .../186-xfsprogs_5.13.0-1ubuntu2_amd64.deb ...
Unpacking xfsprogs (5.13.0-1ubuntu2) ...
Selecting previously unselected package libauthen-sasl-perl.
Preparing to unpack .../187-libauthen-sasl-perl_2.1600-1.1_all.deb ...
Unpacking libauthen-sasl-perl (2.1600-1.1) ...
Selecting previously unselected package libguestfs-hfsplus:amd64.
Preparing to unpack .../188-libguestfs-hfsplus_1%3a1.46.2-10ubuntu3_amd64.deb ...
Unpacking libguestfs-hfsplus:amd64 (1:1.46.2-10ubuntu3) ...
Selecting previously unselected package libguestfs-reiserfs:amd64.
Preparing to unpack .../189-libguestfs-reiserfs_1%3a1.46.2-10ubuntu3_amd64.deb ...
Unpacking libguestfs-reiserfs:amd64 (1:1.46.2-10ubuntu3) ...
Selecting previously unselected package libguestfs-xfs:amd64.
Preparing to unpack .../190-libguestfs-xfs_1%3a1.46.2-10ubuntu3_amd64.deb ...
Unpacking libguestfs-xfs:amd64 (1:1.46.2-10ubuntu3) ...
Selecting previously unselected package libnss-mymachines:amd64.
Preparing to unpack .../191-libnss-mymachines_249.11-0ubuntu3.12_amd64.deb ...
Unpacking libnss-mymachines:amd64 (249.11-0ubuntu3.12) ...
Setting up libconfig9:amd64 (1.5-0.4build1) ...
Setting up cryptsetup-bin (2:2.4.3-1ubuntu1.2) ...
Setting up libpaper1:amd64 (1.1.28build2) ...

Creating config file /etc/papersize with new version
Setting up libldm-1.0-0:amd64 (0.2.5-1) ...
Setting up libvirt-daemon-config-network (8.0.0-1ubuntu7.10) ...
Setting up zerofree (1.1.1-1build3) ...
Setting up gir1.2-gstreamer-1.0:amd64 (1.20.3-0ubuntu1) ...
Setting up debootstrap (1.0.126+nmu1ubuntu0.7) ...
Setting up gir1.2-freedesktop:amd64 (1.72.0-1) ...
Setting up python3-cairo:amd64 (1.20.1-3build1) ...
Setting up reiserfsprogs (1:3.6.27-4build4) ...
Setting up fonts-noto-mono (20201225-1build1) ...
Setting up libpangoxft-1.0-0:amd64 (1.50.6+ds-2ubuntu1) ...
Setting up libfont-afm-perl (1.20-3) ...
Setting up gir1.2-gdkpixbuf-2.0:amd64 (2.42.8+dfsg-1ubuntu0.3) ...
Setting up exfatprogs (1.1.3-1) ...
Setting up ncal (12.1.7+nmu3ubuntu2) ...
Setting up mtools (4.0.33-1+really4.0.32-1build1) ...
Setting up augeas-lenses (1.13.0-1) ...
Setting up attr (1:2.5.1-1build1) ...
Setting up gir1.2-atk-1.0:amd64 (2.36.0-3build1) ...
Setting up libclone-perl (0.45-1build3) ...
Setting up libvhdi1:amd64 (20210425-1build1) ...
Setting up python3-libvirt (8.0.0-1build1) ...
Setting up f2fs-tools (1.14.0-2build1) ...
Setting up libinih1:amd64 (53-1ubuntu3) ...
Setting up libhtml-tagset-perl (3.20-4) ...
Setting up libijs-0.35:amd64 (0.35-15build2) ...
Setting up libauthen-sasl-perl (2.1600-1.1) ...
Setting up btrfs-progs (5.16.2-1) ...
Setting up libdbusmenu-glib4:amd64 (16.04.1+18.10.20180917-0ubuntu8) ...
Setting up libjte2:amd64 (1.22-3build1) ...
Setting up liblwp-mediatypes-perl (6.04-1) ...
Setting up spice-client-glib-usb-acl-helper (0.39-3ubuntu1) ...
Setting up libtry-tiny-perl (0.31-1) ...
Setting up perl-openssl-defaults:amd64 (5build2) ...
Setting up syslinux-common (3:6.04~git20190206.bf6db5b4+dfsg1-3ubuntu1) ...
Setting up libencode-locale-perl (1.05-1.1) ...
Setting up libgovirt-common (0.3.8-1) ...
Setting up libpaper-utils (1.1.28build2) ...
Setting up libnetpbm10 (2:10.0-15.4) ...
Setting up fonts-urw-base35 (20200910-1) ...
Setting up libusbredirhost1:amd64 (0.11.0-2build1) ...
Setting up dnsmasq-base (2.90-0ubuntu0.22.04.1) ...
Setting up libfuse2:amd64 (2.9.9-5ubuntu3) ...
Setting up libayatana-ido3-0.4-0:amd64 (0.9.1-1) ...
Setting up gir1.2-harfbuzz-0.0:amd64 (2.7.4-1ubuntu3.1) ...
Setting up syslinux (3:6.04~git20190206.bf6db5b4+dfsg1-3ubuntu1) ...
Setting up libstring-shellquote-perl (1.04-1) ...
Setting up finalrd (9build1) ...
Created symlink /etc/systemd/system/sysinit.target.wants/finalrd.service → /lib/systemd/system/finalrd.service.
Setting up poppler-data (0.4.11-1) ...
Setting up libafflib0v5:amd64 (3.7.19-2build1) ...
Setting up dns-root-data (2023112702~ubuntu0.22.04.1) ...
Setting up libphodav-2.0-common (2.5-1) ...
Setting up python3-libxml2:amd64 (2.9.13+dfsg-1ubuntu0.4) ...
Setting up gdisk (1.0.8-4build1) ...
Setting up libklibc:amd64 (2.0.10-4ubuntu0.1) ...
Setting up libgvnc-1.0-0:amd64 (1.3.0-1ubuntu1) ...
Setting up gir1.2-pango-1.0:amd64 (1.50.6+ds-2ubuntu1) ...
Setting up python3-chardet (4.0.0-1) ...
Setting up libvirt-glib-1.0-data (4.0.0-2) ...
Setting up libdata-dump-perl (1.25-1) ...
Setting up python3-certifi (2020.6.20-1) ...
Setting up libjbig2dec0:amd64 (0.19-3build2) ...
Setting up libaugeas0:amd64 (1.13.0-1) ...
Setting up bsdmainutils (12.1.7+nmu3ubuntu2) ...
Setting up db5.3-util (5.3.28+dfsg1-0.8ubuntu3) ...
Setting up python3-idna (3.3-1ubuntu0.1) ...
Setting up libidn12:amd64 (1.38-4ubuntu1) ...
Setting up libio-html-perl (1.004-2) ...
Setting up xfsprogs (5.13.0-1ubuntu2) ...
Setting up lsscsi (0.31-1build2) ...
Setting up osinfo-db (0.20240523-0ubuntu0.22.04.1) ...
Setting up netpbm (2:10.0-15.4) ...
Setting up busybox-initramfs (1:1.30.1-7ubuntu3) ...
Setting up python3-urllib3 (1.26.5-1~exp1ubuntu0.1) ...
Setting up libfdisk1:amd64 (2.37.2-4ubuntu3.4) ...
Setting up scrub (2.6.1-1build2) ...
Setting up libtimedate-perl (2.3300-2) ...
Setting up libhfsp0 (1.0.4-16build2) ...
Setting up systemd-container (249.11-0ubuntu3.12) ...
Created symlink /etc/systemd/system/multi-user.target.wants/machines.target → /lib/systemd/system/machines.target.
Setting up libvirt-glib-1.0-0:amd64 (4.0.0-2) ...
Setting up extlinux (3:6.04~git20190206.bf6db5b4+dfsg1-3ubuntu1) ...
Setting up kpartx (0.8.8-1ubuntu1.22.04.4) ...
Setting up liblua5.3-0:amd64 (5.3.6-1build1) ...
Setting up lzop (1.04-2build2) ...
Setting up libxslt1.1:amd64 (1.1.34-4ubuntu0.22.04.1) ...
Setting up libintl-perl (1.26-3build2) ...
Setting up libewf2 (20140807-2ubuntu2) ...
Setting up libjson-glib-1.0-common (1.6.6-1build1) ...
Setting up fonts-droid-fallback (1:6.0.1r16-1.1build1) ...
Setting up libtpms0:amd64 (0.9.3-0ubuntu1.22.04.1) ...
Setting up libyara8:amd64 (4.1.3-1build1) ...
Setting up libburn4:amd64 (1.5.4-1) ...
Setting up libsoup-gnome2.4-1:amd64 (2.74.2-3) ...
Setting up libhivex0:amd64 (1.3.21-1ubuntu5) ...
Setting up libvirt-daemon-config-nwfilter (8.0.0-1ubuntu7.10) ...
Setting up klibc-utils (2.0.10-4ubuntu0.1) ...
No diversion 'diversion of /usr/share/initramfs-tools/hooks/klibc to /usr/share/initramfs-tools/hooks/klibc^i-t by klibc-utils', none removed.
Setting up libayatana-indicator3-7:amd64 (0.9.1-1) ...
Setting up python3-gi-cairo (3.42.1-0ubuntu1) ...
Setting up supermin (5.2.1-4ubuntu2) ...
Setting up libgtksourceview-4-common (4.8.3-1) ...
Setting up zstd (1.4.8+dfsg-3build1) ...
Setting up liburi-perl (5.10-1) ...
Setting up libonig5:amd64 (6.9.7.1-2build1) ...
Setting up libdate-manip-perl (6.86-1) ...
Setting up mdadm (4.2-0ubuntu2) ...
Generating mdadm.conf... done.
Created symlink /etc/systemd/system/mdmonitor.service.wants/mdcheck_continue.timer → /lib/systemd/system/mdcheck_continue.timer.
Created symlink /etc/systemd/system/mdmonitor.service.wants/mdcheck_start.timer → /lib/systemd/system/mdcheck_start.timer.
Created symlink /etc/systemd/system/mdmonitor.service.wants/mdmonitor-oneshot.timer → /lib/systemd/system/mdmonitor-oneshot.timer.
Setting up libsys-virt-perl (8.0.0-1build1) ...
Setting up libbfio1:amd64 (20170123-6) ...
Setting up librpmio9 (4.17.0+dfsg1-4build1) ...
Setting up libgtk-vnc-2.0-0:amd64 (1.3.0-1ubuntu1) ...
Setting up initramfs-tools-bin (0.140ubuntu13.4) ...
Setting up libnet-ssleay-perl:amd64 (1.92-1build2) ...
Setting up hfsplus (1.0.4-16build2) ...
Setting up libgs9-common (9.55.0~dfsg1-0ubuntu5.9) ...
Setting up libphodav-2.0-0:amd64 (2.5-1) ...
Setting up libisofs6:amd64 (1.5.4-1) ...
Setting up librpm9 (4.17.0+dfsg1-4build1) ...
Setting up librest-0.7-0:amd64 (0.8.1-1.1build2) ...
Setting up libhttp-date-perl (6.05-1) ...
Setting up libdbusmenu-gtk3-4:amd64 (16.04.1+18.10.20180917-0ubuntu8) ...
Setting up libfile-listing-perl (6.14-1) ...
Setting up libgs9:amd64 (9.55.0~dfsg1-0ubuntu5.9) ...
Setting up db-util (1:5.3.21~exp1ubuntu4) ...
Setting up libjq1:amd64 (1.6-2.1ubuntu3) ...
Setting up gir1.2-libvirt-glib-1.0:amd64 (4.0.0-2) ...
Setting up gir1.2-gtk-3.0:amd64 (3.24.33-1ubuntu2.2) ...
Setting up libnet-http-perl (6.22-1) ...
Setting up rpm-common (4.17.0+dfsg1-4build1) ...
Setting up libwin-hivex-perl (1.3.21-1ubuntu5) ...
Setting up ghostscript (9.55.0~dfsg1-0ubuntu5.9) ...
Setting up libintl-xs-perl (1.26-3build2) ...
Setting up fdisk (2.37.2-4ubuntu3.4) ...
Setting up libjson-glib-1.0-0:amd64 (1.6.6-1build1) ...
Setting up ldmtool (0.2.5-1) ...
Setting up libvmdk1:amd64 (20200926-2build1) ...
Setting up libgtksourceview-4-0:amd64 (4.8.3-1) ...
Setting up libosinfo-1.0-0:amd64 (1.8.0-1) ...
Setting up libnss-mymachines:amd64 (249.11-0ubuntu3.12) ...
First installation detected...
Checking NSS setup...
Setting up libayatana-appindicator3-1 (0.5.90-7ubuntu2) ...
Setting up python3-requests (2.25.1+dfsg-2ubuntu0.1) ...
Setting up swtpm (0.6.3-0ubuntu3.2) ...
Setting up gir1.2-gtk-vnc-2.0:amd64 (1.3.0-1ubuntu1) ...
Setting up libisoburn1:amd64 (1.5.4-2) ...
Setting up libvirt-daemon-system-systemd (8.0.0-1ubuntu7.10) ...
Setting up libgovirt2:amd64 (0.3.8-1) ...
Setting up libwww-robotrules-perl (6.02-1) ...
Setting up libhtml-parser-perl:amd64 (3.76-1build2) ...
Setting up jq (1.6-2.1ubuntu3) ...
Setting up gir1.2-vte-2.91:amd64 (0.68.0-1ubuntu0.1) ...
Setting up libvirt-daemon-system (8.0.0-1ubuntu7.10) ...
Adding user libvirt-qemu to group libvirt-qemu
Adding group `swtpm' (GID 120) ...
Done.
Warning: The home dir /var/lib/swtpm you specified can't be accessed: No such file or directory
Adding system user `swtpm' (UID 110) ...
Adding new user `swtpm' (UID 110) with group `swtpm' ...
Not creating home directory `/var/lib/swtpm'.
Enabling libvirt default network
Created symlink /etc/systemd/system/multi-user.target.wants/libvirtd.service → /lib/systemd/system/libvirtd.service.
Created symlink /etc/systemd/system/sockets.target.wants/virtlockd.socket → /lib/systemd/system/virtlockd.socket.
Created symlink /etc/systemd/system/sockets.target.wants/virtlogd.socket → /lib/systemd/system/virtlogd.socket.
Created symlink /etc/systemd/system/sockets.target.wants/libvirtd.socket → /lib/systemd/system/libvirtd.socket.
Created symlink /etc/systemd/system/sockets.target.wants/libvirtd-ro.socket → /lib/systemd/system/libvirtd-ro.socket.
Created symlink /etc/systemd/system/multi-user.target.wants/libvirt-guests.service → /lib/systemd/system/libvirt-guests.service.
virtlockd.service is a disabled or a static unit, not starting it.
virtlogd.service is a disabled or a static unit, not starting it.
Created symlink /etc/systemd/system/sockets.target.wants/libvirtd-admin.socket → /lib/systemd/system/libvirtd-admin.socket.
Created symlink /etc/systemd/system/sockets.target.wants/virtlockd-admin.socket → /lib/systemd/system/virtlockd-admin.socket.
Created symlink /etc/systemd/system/sockets.target.wants/virtlogd-admin.socket → /lib/systemd/system/virtlogd-admin.socket.
Setting up libvirt-daemon dnsmasq configuration.
Setting up libtsk19:amd64 (4.11.1+dfsg-1) ...
Setting up initramfs-tools-core (0.140ubuntu13.4) ...
Setting up xorriso (1.5.4-2) ...
Setting up gir1.2-libosinfo-1.0:amd64 (1.8.0-1) ...
Setting up libspice-client-glib-2.0-8:amd64 (0.39-3ubuntu1) ...
Setting up gir1.2-ayatanaappindicator3-0.1 (0.5.90-7ubuntu2) ...
Setting up libio-socket-ssl-perl (2.074-2) ...
Setting up libhttp-message-perl (6.36-1) ...
Setting up libhtml-form-perl (6.07-1) ...
Setting up mdevctl (0.81-1) ...
Setting up libhttp-negotiate-perl (6.01-1) ...
Setting up gir1.2-gtksource-4:amd64 (4.8.3-1) ...
Setting up virtinst (1:4.0.0-1) ...
Setting up libhttp-cookies-perl (6.10-1) ...
Setting up gir1.2-spiceclientglib-2.0:amd64 (0.39-3ubuntu1) ...
Setting up libhtml-tree-perl (5.07-2) ...
Setting up libhtml-format-perl (2.12-1.1) ...
Setting up swtpm-tools (0.6.3-0ubuntu3.2) ...
Setting up virt-manager (1:4.0.0-1) ...
Setting up libnet-smtp-ssl-perl (1.04-1) ...
Setting up libmailtools-perl (2.21-1) ...
Setting up libspice-client-gtk-3.0-5:amd64 (0.39-3ubuntu1) ...
Setting up gir1.2-spiceclientgtk-3.0:amd64 (0.39-3ubuntu1) ...
Setting up sleuthkit (4.11.1+dfsg-1) ...
Setting up virt-viewer (7.0-2build2) ...
Setting up libhttp-daemon-perl (6.13-1ubuntu0.1) ...
Setting up libwww-perl (6.61-1) ...
Setting up icoutils (0.32.3-4) ...
Setting up liblwp-protocol-https-perl (6.10-1) ...
Setting up libxml-parser-perl:amd64 (2.46-3build1) ...
Setting up libguestfs0:amd64 (1:1.46.2-10ubuntu3) ...
Setting up libxml-xpath-perl (1.44-1) ...
Setting up guestmount (1:1.46.2-10ubuntu3) ...
Setting up libguestfs-xfs:amd64 (1:1.46.2-10ubuntu3) ...
Setting up libguestfs-perl (1:1.46.2-10ubuntu3) ...
Setting up guestfs-tools (1.46.1-4ubuntu2) ...
Setting up libguestfs-hfsplus:amd64 (1:1.46.2-10ubuntu3) ...
Setting up guestfish (1:1.46.2-10ubuntu3) ...
Setting up libguestfs-reiserfs:amd64 (1:1.46.2-10ubuntu3) ...
Setting up libguestfs-tools (1:1.46.2-10ubuntu3) ...
Setting up virt-p2v (1.42.0-4) ...
Processing triggers for man-db (2.10.2-1) ...
Processing triggers for dbus (1.12.20-2ubuntu4.1) ...
Processing triggers for shared-mime-info (2.1-2) ...
Processing triggers for install-info (6.8-4build1) ...
Processing triggers for fontconfig (2.13.1-4.2ubuntu5) ...
Processing triggers for hicolor-icon-theme (0.17-2) ...
Processing triggers for libglib2.0-0:amd64 (2.72.4-0ubuntu2.3) ...
Processing triggers for libc-bin (2.35-0ubuntu3.8) ...
kushal@kus2023:/mnt/c/Users/kushal$ sudo systemctl enable --now libvirtd
kushal@kus2023:/mnt/c/Users/kushal$ sudo systemctl enable --now virtlogd
kushal@kus2023:/mnt/c/Users/kushal$ echo 1 | sudo tee /sys/module/kvm/parameters/ignore_msrs
1
kushal@kus2023:/mnt/c/Users/kushal$ sudo modprobe kvm
kushal@kus2023:/mnt/c/Users/kushal$ exit
logout
PS C:\Users\kushal> docker ps --all
CONTAINER ID   IMAGE     COMMAND   CREATED   STATUS    PORTS     NAMES
PS C:\Users\kushal> docker run -it \
docker: invalid reference format.
See 'docker run --help'.
PS C:\Users\kushal>     --device /dev/kvm \
ParserError:
Line |
   1 |      --device /dev/kvm \
     |        ~
     | Missing expression after unary operator '--'.
PS C:\Users\kushal>     -p 50922:10022 \
-p: The term '-p' is not recognized as a name of a cmdlet, function, script file, or executable program.
Check the spelling of the name, or if a path was included, verify that the path is correct and try again.
PS C:\Users\kushal>     -v /tmp/.X11-unix:/tmp/.X11-unix \
-v: The term '-v' is not recognized as a name of a cmdlet, function, script file, or executable program.
Check the spelling of the name, or if a path was included, verify that the path is correct and try again.
PS C:\Users\kushal>     -e "DISPLAY=${DISPLAY:-:0.0}" \
-e: The term '-e' is not recognized as a name of a cmdlet, function, script file, or executable program.
Check the spelling of the name, or if a path was included, verify that the path is correct and try again.
PS C:\Users\kushal>     sickcodes/docker-osx:latest
sickcodes/docker-osx:latest: The term 'sickcodes/docker-osx:latest' is not recognized as a name of a cmdlet, function, script file, or executable program.
Check the spelling of the name, or if a path was included, verify that the path is correct and try again.
PS C:\Users\kushal>
PS C:\Users\kushal> # docker build -t docker-osx .
PS C:\Users\kushal> docker run -it --device \\.\PhysicalDrive0 -p 50922:10022 -v C:\tmp\.X11-unix:/tmp/.X11-unix -e "DISPLAY=:0.0" sickcodes/docker-osx:latest
docker: \\.\PhysicalDrive0 is not an absolute path.
See 'docker run --help'.
PS C:\Users\kushal>
