PowerShell 7.4.5
PS C:\Users\kushal> ssh kusfedoravm
kushal@kusfedoravm's password:
Last login: Wed Aug 28 05:23:35 2024 from fe80::975c:f636:bfb:5026%eth0
kushal@kusfedoravm:~$ sudo echo "Current date and time: $(date)"; free -h; df -h; time ping -c 20 pcna.duckdns.org; time ping -c 20 kalimati.duckdns.org; time ping -c 20 colorado.duckdns.org; sudo echo "Current date and time: $(date)"; time sudo dnf offline-upgrade download -y && time sudo dnf offline-upgrade reboot;
[sudo] password for kushal:
Sorry, try again.
[sudo] password for kushal:
Current date and time: Sat Aug 31 05:59:56 AM EDT 2024
               total        used        free      shared  buff/cache   available
Mem:           7.7Gi       899Mi       5.5Gi        10Mi       1.7Gi       6.9Gi
Swap:          7.7Gi          0B       7.7Gi
Filesystem      Size  Used Avail Use% Mounted on
/dev/sda3        31G  4.4G   26G  15% /
devtmpfs        4.0M     0  4.0M   0% /dev
tmpfs           3.9G     0  3.9G   0% /dev/shm
efivarfs        128M  6.8K  128M   1% /sys/firmware/efi/efivars
tmpfs           1.6G  1.1M  1.6G   1% /run
tmpfs           3.9G  8.0K  3.9G   1% /tmp
/dev/sda3        31G  4.4G   26G  15% /home
/dev/sda2       974M  336M  571M  38% /boot
/dev/sda1       599M   20M  580M   4% /boot/efi
tmpfs           794M   88K  794M   1% /run/user/42
tmpfs           794M   72K  794M   1% /run/user/1000
PING pcna.duckdns.org (70.104.195.206) 56(84) bytes of data.
64 bytes from pool-70-104-195-206.nrflva.fios.verizon.net (70.104.195.206): icmp_seq=1 ttl=64 time=0.394 ms
64 bytes from pool-70-104-195-206.nrflva.fios.verizon.net (70.104.195.206): icmp_seq=2 ttl=64 time=1.03 ms
64 bytes from pool-70-104-195-206.nrflva.fios.verizon.net (70.104.195.206): icmp_seq=3 ttl=64 time=0.637 ms
64 bytes from pool-70-104-195-206.nrflva.fios.verizon.net (70.104.195.206): icmp_seq=4 ttl=64 time=0.503 ms
64 bytes from pool-70-104-195-206.nrflva.fios.verizon.net (70.104.195.206): icmp_seq=5 ttl=64 time=0.598 ms
64 bytes from pool-70-104-195-206.nrflva.fios.verizon.net (70.104.195.206): icmp_seq=6 ttl=64 time=1.14 ms
64 bytes from pool-70-104-195-206.nrflva.fios.verizon.net (70.104.195.206): icmp_seq=7 ttl=64 time=1.07 ms
64 bytes from pool-70-104-195-206.nrflva.fios.verizon.net (70.104.195.206): icmp_seq=8 ttl=64 time=0.365 ms
64 bytes from pool-70-104-195-206.nrflva.fios.verizon.net (70.104.195.206): icmp_seq=9 ttl=64 time=0.313 ms
64 bytes from pool-70-104-195-206.nrflva.fios.verizon.net (70.104.195.206): icmp_seq=10 ttl=64 time=0.610 ms
64 bytes from pool-70-104-195-206.nrflva.fios.verizon.net (70.104.195.206): icmp_seq=11 ttl=64 time=0.573 ms
64 bytes from pool-70-104-195-206.nrflva.fios.verizon.net (70.104.195.206): icmp_seq=12 ttl=64 time=0.511 ms
64 bytes from pool-70-104-195-206.nrflva.fios.verizon.net (70.104.195.206): icmp_seq=13 ttl=64 time=1.28 ms
64 bytes from pool-70-104-195-206.nrflva.fios.verizon.net (70.104.195.206): icmp_seq=14 ttl=64 time=0.674 ms
64 bytes from pool-70-104-195-206.nrflva.fios.verizon.net (70.104.195.206): icmp_seq=15 ttl=64 time=1.24 ms
64 bytes from pool-70-104-195-206.nrflva.fios.verizon.net (70.104.195.206): icmp_seq=16 ttl=64 time=1.94 ms
64 bytes from pool-70-104-195-206.nrflva.fios.verizon.net (70.104.195.206): icmp_seq=17 ttl=64 time=0.710 ms
64 bytes from pool-70-104-195-206.nrflva.fios.verizon.net (70.104.195.206): icmp_seq=18 ttl=64 time=1.02 ms
64 bytes from pool-70-104-195-206.nrflva.fios.verizon.net (70.104.195.206): icmp_seq=19 ttl=64 time=0.449 ms
64 bytes from pool-70-104-195-206.nrflva.fios.verizon.net (70.104.195.206): icmp_seq=20 ttl=64 time=1.54 ms

--- pcna.duckdns.org ping statistics ---
20 packets transmitted, 20 received, 0% packet loss, time 19290ms
rtt min/avg/max/mdev = 0.313/0.829/1.935/0.423 ms

real    0m19.330s
user    0m0.001s
sys     0m0.005s
PING kalimati.duckdns.org (70.104.195.206) 56(84) bytes of data.
64 bytes from pool-70-104-195-206.nrflva.fios.verizon.net (70.104.195.206): icmp_seq=1 ttl=64 time=0.485 ms
64 bytes from pool-70-104-195-206.nrflva.fios.verizon.net (70.104.195.206): icmp_seq=2 ttl=64 time=0.387 ms
64 bytes from pool-70-104-195-206.nrflva.fios.verizon.net (70.104.195.206): icmp_seq=3 ttl=64 time=0.358 ms
64 bytes from pool-70-104-195-206.nrflva.fios.verizon.net (70.104.195.206): icmp_seq=4 ttl=64 time=0.412 ms
64 bytes from pool-70-104-195-206.nrflva.fios.verizon.net (70.104.195.206): icmp_seq=5 ttl=64 time=0.463 ms
64 bytes from pool-70-104-195-206.nrflva.fios.verizon.net (70.104.195.206): icmp_seq=6 ttl=64 time=0.861 ms
64 bytes from pool-70-104-195-206.nrflva.fios.verizon.net (70.104.195.206): icmp_seq=7 ttl=64 time=0.400 ms
64 bytes from pool-70-104-195-206.nrflva.fios.verizon.net (70.104.195.206): icmp_seq=8 ttl=64 time=0.610 ms
64 bytes from pool-70-104-195-206.nrflva.fios.verizon.net (70.104.195.206): icmp_seq=9 ttl=64 time=0.307 ms
64 bytes from pool-70-104-195-206.nrflva.fios.verizon.net (70.104.195.206): icmp_seq=10 ttl=64 time=0.432 ms
64 bytes from pool-70-104-195-206.nrflva.fios.verizon.net (70.104.195.206): icmp_seq=11 ttl=64 time=0.365 ms
64 bytes from pool-70-104-195-206.nrflva.fios.verizon.net (70.104.195.206): icmp_seq=12 ttl=64 time=0.721 ms
64 bytes from pool-70-104-195-206.nrflva.fios.verizon.net (70.104.195.206): icmp_seq=13 ttl=64 time=0.667 ms
64 bytes from pool-70-104-195-206.nrflva.fios.verizon.net (70.104.195.206): icmp_seq=14 ttl=64 time=0.657 ms
64 bytes from pool-70-104-195-206.nrflva.fios.verizon.net (70.104.195.206): icmp_seq=15 ttl=64 time=0.432 ms
64 bytes from pool-70-104-195-206.nrflva.fios.verizon.net (70.104.195.206): icmp_seq=16 ttl=64 time=0.487 ms
64 bytes from pool-70-104-195-206.nrflva.fios.verizon.net (70.104.195.206): icmp_seq=17 ttl=64 time=0.687 ms
64 bytes from pool-70-104-195-206.nrflva.fios.verizon.net (70.104.195.206): icmp_seq=18 ttl=64 time=0.322 ms
64 bytes from pool-70-104-195-206.nrflva.fios.verizon.net (70.104.195.206): icmp_seq=19 ttl=64 time=0.585 ms
64 bytes from pool-70-104-195-206.nrflva.fios.verizon.net (70.104.195.206): icmp_seq=20 ttl=64 time=0.368 ms

--- kalimati.duckdns.org ping statistics ---
20 packets transmitted, 20 received, 0% packet loss, time 19488ms
rtt min/avg/max/mdev = 0.307/0.500/0.861/0.150 ms

real    0m22.526s
user    0m0.003s
sys     0m0.002s
PING colorado.duckdns.org (70.104.195.206) 56(84) bytes of data.
64 bytes from pool-70-104-195-206.nrflva.fios.verizon.net (70.104.195.206): icmp_seq=1 ttl=64 time=0.394 ms
64 bytes from pool-70-104-195-206.nrflva.fios.verizon.net (70.104.195.206): icmp_seq=2 ttl=64 time=0.567 ms
64 bytes from pool-70-104-195-206.nrflva.fios.verizon.net (70.104.195.206): icmp_seq=3 ttl=64 time=0.424 ms
64 bytes from pool-70-104-195-206.nrflva.fios.verizon.net (70.104.195.206): icmp_seq=4 ttl=64 time=0.359 ms
64 bytes from pool-70-104-195-206.nrflva.fios.verizon.net (70.104.195.206): icmp_seq=5 ttl=64 time=0.342 ms
64 bytes from pool-70-104-195-206.nrflva.fios.verizon.net (70.104.195.206): icmp_seq=6 ttl=64 time=0.502 ms
64 bytes from pool-70-104-195-206.nrflva.fios.verizon.net (70.104.195.206): icmp_seq=7 ttl=64 time=0.472 ms
64 bytes from pool-70-104-195-206.nrflva.fios.verizon.net (70.104.195.206): icmp_seq=8 ttl=64 time=0.389 ms
64 bytes from pool-70-104-195-206.nrflva.fios.verizon.net (70.104.195.206): icmp_seq=9 ttl=64 time=0.318 ms
64 bytes from pool-70-104-195-206.nrflva.fios.verizon.net (70.104.195.206): icmp_seq=10 ttl=64 time=0.491 ms
64 bytes from pool-70-104-195-206.nrflva.fios.verizon.net (70.104.195.206): icmp_seq=11 ttl=64 time=0.368 ms
64 bytes from pool-70-104-195-206.nrflva.fios.verizon.net (70.104.195.206): icmp_seq=12 ttl=64 time=0.382 ms
64 bytes from pool-70-104-195-206.nrflva.fios.verizon.net (70.104.195.206): icmp_seq=13 ttl=64 time=0.901 ms
64 bytes from pool-70-104-195-206.nrflva.fios.verizon.net (70.104.195.206): icmp_seq=14 ttl=64 time=0.986 ms
64 bytes from pool-70-104-195-206.nrflva.fios.verizon.net (70.104.195.206): icmp_seq=15 ttl=64 time=0.525 ms
64 bytes from pool-70-104-195-206.nrflva.fios.verizon.net (70.104.195.206): icmp_seq=16 ttl=64 time=0.356 ms
64 bytes from pool-70-104-195-206.nrflva.fios.verizon.net (70.104.195.206): icmp_seq=17 ttl=64 time=0.356 ms
64 bytes from pool-70-104-195-206.nrflva.fios.verizon.net (70.104.195.206): icmp_seq=18 ttl=64 time=0.467 ms
64 bytes from pool-70-104-195-206.nrflva.fios.verizon.net (70.104.195.206): icmp_seq=19 ttl=64 time=0.320 ms
64 bytes from pool-70-104-195-206.nrflva.fios.verizon.net (70.104.195.206): icmp_seq=20 ttl=64 time=0.436 ms

--- colorado.duckdns.org ping statistics ---
20 packets transmitted, 20 received, 0% packet loss, time 19420ms
rtt min/avg/max/mdev = 0.318/0.467/0.986/0.173 ms

real    0m19.456s
user    0m0.000s
sys     0m0.005s
Current date and time: Sat Aug 31 06:01:08 AM EDT 2024
Fedora 40 - x86_64                                                                                                                                                                                                                                      762 kB/s |  20 MB     00:26
Fedora 40 openh264 (From Cisco) - x86_64                                                                                                                                                                                                                4.7 kB/s | 1.4 kB     00:00
Fedora 40 - x86_64 - Updates                                                                                                                                                                                                                            9.5 MB/s | 9.8 MB     00:01
Last metadata expiration check: 0:00:01 ago on Sat 31 Aug 2024 06:01:40 AM EDT.
Dependencies resolved.
========================================================================================================================================================================================================================================================================================
 Package                                                                       Architecture                                                 Version                                                                 Repository                                                     Size
========================================================================================================================================================================================================================================================================================
Upgrading:
 bubblewrap                                                                    x86_64                                                       0.10.0-1.fc40                                                           updates                                                        63 k
 containers-common                                                             noarch                                                       5:0.60.1-1.fc40                                                         updates                                                        94 k
 containers-common-extra                                                       noarch                                                       5:0.60.1-1.fc40                                                         updates                                                       7.9 k
 gnome-bluetooth                                                               x86_64                                                       1:46.1-1.fc40                                                           updates                                                        44 k
 gnome-bluetooth-libs                                                          x86_64                                                       1:46.1-1.fc40                                                           updates                                                       287 k
 intel-vpl-gpu-rt                                                              x86_64                                                       24.2.5-1.fc40                                                           updates                                                       2.3 M
 less                                                                          x86_64                                                       643-6.fc40                                                              updates                                                       175 k
 libX11                                                                        x86_64                                                       1.8.10-2.fc40                                                           updates                                                       650 k
 libX11-common                                                                 noarch                                                       1.8.10-2.fc40                                                           updates                                                       176 k
 libX11-xcb                                                                    x86_64                                                       1.8.10-2.fc40                                                           updates                                                        12 k
 libdrm                                                                        x86_64                                                       2.4.123-1.fc40                                                          updates                                                       159 k
 libvpl                                                                        x86_64                                                       1:2.12.0-1.fc40                                                         updates                                                       156 k
 microcode_ctl                                                                 x86_64                                                       2:2.1-61.2.fc40                                                         updates                                                       6.8 M
 python3-boto3                                                                 noarch                                                       1.35.7-1.fc40                                                           updates                                                       387 k
 python3-botocore                                                              noarch                                                       1.35.7-1.fc40                                                           updates                                                       7.2 M
 xen-libs                                                                      x86_64                                                       4.18.2-5.fc40                                                           updates                                                       645 k
 xen-licenses                                                                  x86_64                                                       4.18.2-5.fc40                                                           updates                                                        52 k

Transaction Summary
========================================================================================================================================================================================================================================================================================
Upgrade  17 Packages

Total download size: 19 M
DNF will only download packages, install gpg keys, and check the transaction.
Downloading Packages:
(1/17): containers-common-extra-0.60.1-1.fc40.noarch.rpm                                                                                                                                                                                                 62 kB/s | 7.9 kB     00:00
(2/17): bubblewrap-0.10.0-1.fc40.x86_64.rpm                                                                                                                                                                                                             430 kB/s |  63 kB     00:00
(3/17): containers-common-0.60.1-1.fc40.noarch.rpm                                                                                                                                                                                                      610 kB/s |  94 kB     00:00
(4/17): gnome-bluetooth-46.1-1.fc40.x86_64.rpm                                                                                                                                                                                                          771 kB/s |  44 kB     00:00
(5/17): gnome-bluetooth-libs-46.1-1.fc40.x86_64.rpm                                                                                                                                                                                                     3.6 MB/s | 287 kB     00:00
(6/17): less-643-6.fc40.x86_64.rpm                                                                                                                                                                                                                      1.4 MB/s | 175 kB     00:00
(7/17): intel-vpl-gpu-rt-24.2.5-1.fc40.x86_64.rpm                                                                                                                                                                                                        14 MB/s | 2.3 MB     00:00
(8/17): libX11-1.8.10-2.fc40.x86_64.rpm                                                                                                                                                                                                                 5.9 MB/s | 650 kB     00:00
(9/17): libX11-xcb-1.8.10-2.fc40.x86_64.rpm                                                                                                                                                                                                             436 kB/s |  12 kB     00:00
(10/17): libdrm-2.4.123-1.fc40.x86_64.rpm                                                                                                                                                                                                               4.8 MB/s | 159 kB     00:00
(11/17): libvpl-2.12.0-1.fc40.x86_64.rpm                                                                                                                                                                                                                4.8 MB/s | 156 kB     00:00
(12/17): libX11-common-1.8.10-2.fc40.noarch.rpm                                                                                                                                                                                                         1.1 MB/s | 176 kB     00:00
(13/17): python3-boto3-1.35.7-1.fc40.noarch.rpm                                                                                                                                                                                                         1.7 MB/s | 387 kB     00:00
(14/17): xen-libs-4.18.2-5.fc40.x86_64.rpm                                                                                                                                                                                                              7.7 MB/s | 645 kB     00:00
(15/17): xen-licenses-4.18.2-5.fc40.x86_64.rpm                                                                                                                                                                                                          1.4 MB/s |  52 kB     00:00
(16/17): microcode_ctl-2.1-61.2.fc40.x86_64.rpm                                                                                                                                                                                                         9.3 MB/s | 6.8 MB     00:00
(17/17): python3-botocore-1.35.7-1.fc40.noarch.rpm                                                                                                                                                                                                      2.1 MB/s | 7.2 MB     00:03
----------------------------------------------------------------------------------------------------------------------------------------------------------------------------------------------------------------------------------------------------------------------------------------
Total                                                                                                                                                                                                                                                   4.8 MB/s |  19 MB     00:04
Running transaction check
Transaction check succeeded.
Running transaction test
Transaction test succeeded.
Complete!
Transaction saved to /var/lib/dnf/system-upgrade/system-upgrade-transaction.json.
Download complete! Use 'dnf offline-upgrade reboot' to start the upgrade.
To remove cached metadata and transaction use 'dnf offline-upgrade clean'
The downloaded packages were saved in cache until the next successful transaction.
You can remove cached packages by executing 'dnf clean packages'.

real    0m38.958s
user    0m0.014s
sys     0m0.016s

Broadcast message from root@kusfedoravm on pts/1 (Sat 2024-08-31 06:01:47 EDT):

The system will reboot now!

Connection to kusfedoravm closed by remote host.
Connection to kusfedoravm closed.
PS C:\Users\kushal> cd "C:\Users\kushal\src\mylogging\"; date; git add .; date; git commit --message "add all files" --message "from the terminal"; date; cd "C:\Users\kushal\src\myhtml\fromnepal"; date; yarn; date; yarn run build; date; git add .; date; git commit --message "build application" --message "from the terminal"; date; git pull --rebase origin main; date; git push origin main; date;

Saturday, August 31, 2024 6:02:21 AM
Saturday, August 31, 2024 6:02:22 AM
On branch main
nothing to commit, working tree clean
Saturday, August 31, 2024 6:02:22 AM
Saturday, August 31, 2024 6:02:22 AM
yarn install v1.22.21
[1/4] Resolving packages...
success Already up-to-date.
Done in 0.09s.
Saturday, August 31, 2024 6:02:22 AM
yarn run v1.22.21
$ tsc && vite build
vite v5.4.1 building for production...
✓ 5 modules transformed.
docs/index.html                 0.53 kB │ gzip: 0.32 kB
docs/assets/index-DYhv0y2B.css  4.60 kB │ gzip: 1.63 kB
docs/assets/index-DlmTeNAq.js   2.94 kB │ gzip: 1.31 kB
✓ built in 304ms
Done in 1.84s.
Saturday, August 31, 2024 6:02:24 AM
warning: in the working copy of 'docs/assets/index-DYhv0y2B.css', LF will be replaced by CRLF the next time Git touches it
warning: in the working copy of 'docs/assets/index-DlmTeNAq.js', LF will be replaced by CRLF the next time Git touches it
warning: in the working copy of 'docs/index.html', LF will be replaced by CRLF the next time Git touches it
Saturday, August 31, 2024 6:02:26 AM
[main a1054da] build application
 2 files changed, 90 insertions(+)
Saturday, August 31, 2024 6:02:26 AM
From github.com:fromnepal/fromnepal.github.io
 * branch            main       -> FETCH_HEAD
Current branch main is up to date.
Saturday, August 31, 2024 6:02:28 AM
Enumerating objects: 9, done.
Counting objects: 100% (9/9), done.
Delta compression using up to 16 threads
Compressing objects: 100% (5/5), done.
Writing objects: 100% (5/5), 652 bytes | 652.00 KiB/s, done.
Total 5 (delta 4), reused 0 (delta 0), pack-reused 0 (from 0)
remote: Resolving deltas: 100% (4/4), completed with 4 local objects.
To github.com:fromnepal/fromnepal.github.io.git
   5992b14..a1054da  main -> main
Saturday, August 31, 2024 6:02:29 AM

PS C:\Users\kushal\src\myhtml\fromnepal> cd "C:\Users\kushal\src\mylogging\"; date; git add .; date; git commit --message "add all files" --message "from the terminal"; date; cd "C:\Users\kushal\src\myhtml\fromnepal"; date; yarn; date; yarn run build; date; git add .; date; git commit --message "build application" --message "from the terminal"; date; git pull --rebase origin main; date; git push origin main; date;

Saturday, August 31, 2024 6:02:44 AM
Saturday, August 31, 2024 6:02:44 AM
On branch main
nothing to commit, working tree clean
Saturday, August 31, 2024 6:02:44 AM
Saturday, August 31, 2024 6:02:44 AM
yarn install v1.22.21
[1/4] Resolving packages...
success Already up-to-date.
Done in 0.06s.
Saturday, August 31, 2024 6:02:44 AM
yarn run v1.22.21
$ tsc && vite build
vite v5.4.1 building for production...
✓ 5 modules transformed.
docs/index.html                 0.53 kB │ gzip: 0.32 kB
docs/assets/index-DYhv0y2B.css  4.60 kB │ gzip: 1.63 kB
docs/assets/index-DlmTeNAq.js   2.94 kB │ gzip: 1.31 kB
✓ built in 179ms
Done in 0.93s.
Saturday, August 31, 2024 6:02:45 AM
warning: in the working copy of 'docs/assets/index-DYhv0y2B.css', LF will be replaced by CRLF the next time Git touches it
warning: in the working copy of 'docs/assets/index-DlmTeNAq.js', LF will be replaced by CRLF the next time Git touches it
warning: in the working copy of 'docs/index.html', LF will be replaced by CRLF the next time Git touches it
Saturday, August 31, 2024 6:02:46 AM
[main 64bd35c] build application
 2 files changed, 404 insertions(+), 14902 deletions(-)
Saturday, August 31, 2024 6:02:46 AM
From github.com:fromnepal/fromnepal.github.io
 * branch            main       -> FETCH_HEAD
Current branch main is up to date.
Saturday, August 31, 2024 6:02:47 AM
Enumerating objects: 9, done.
Counting objects: 100% (9/9), done.
Delta compression using up to 16 threads
Compressing objects: 100% (5/5), done.
Writing objects: 100% (5/5), 3.82 KiB | 3.82 MiB/s, done.
Total 5 (delta 3), reused 0 (delta 0), pack-reused 0 (from 0)
remote: Resolving deltas: 100% (3/3), completed with 3 local objects.
To github.com:fromnepal/fromnepal.github.io.git
   a1054da..64bd35c  main -> main
Saturday, August 31, 2024 6:02:47 AM

PS C:\Users\kushal\src\myhtml\fromnepal> cd "C:\Users\kushal\src\mylogging\"; date; git add .; date; git commit --message "add all files" --message "from the terminal"; date; cd "C:\Users\kushal\src\myhtml\fromnepal"; date; yarn; date; yarn run build; date; git add .; date; git commit --message "build application" --message "from the terminal"; date; git pull --rebase origin main; date; git push origin main; date;

Saturday, August 31, 2024 6:35:05 PM
Saturday, August 31, 2024 6:35:05 PM
On branch main
nothing to commit, working tree clean
Saturday, August 31, 2024 6:35:05 PM
Saturday, August 31, 2024 6:35:05 PM
yarn install v1.22.21
[1/4] Resolving packages...
success Already up-to-date.
Done in 0.08s.
Saturday, August 31, 2024 6:35:05 PM
yarn run v1.22.21
$ tsc && vite build
vite v5.4.1 building for production...
✓ 5 modules transformed.
docs/index.html                 0.53 kB │ gzip: 0.32 kB
docs/assets/index-DYhv0y2B.css  4.60 kB │ gzip: 1.63 kB
docs/assets/index-DlmTeNAq.js   2.94 kB │ gzip: 1.31 kB
✓ built in 215ms
Done in 1.69s.
Saturday, August 31, 2024 6:35:07 PM
warning: in the working copy of 'docs/assets/index-DYhv0y2B.css', LF will be replaced by CRLF the next time Git touches it
warning: in the working copy of 'docs/assets/index-DlmTeNAq.js', LF will be replaced by CRLF the next time Git touches it
warning: in the working copy of 'docs/index.html', LF will be replaced by CRLF the next time Git touches it
Saturday, August 31, 2024 6:35:08 PM
On branch main
Your branch is up to date with 'origin/main'.

nothing to commit, working tree clean
Saturday, August 31, 2024 6:35:08 PM
From github.com:fromnepal/fromnepal.github.io
 * branch            main       -> FETCH_HEAD
Already up to date.
Saturday, August 31, 2024 6:35:11 PM
Everything up-to-date
Saturday, August 31, 2024 6:35:11 PM

PS C:\Users\kushal\src\myhtml\fromnepal> cd "C:\Users\kushal\src\mylogging\"; date; git add .; date; git commit --message "add all files" --message "from the terminal"; date; cd "C:\Users\kushal\src\myhtml\fromnepal"; date; yarn; date; yarn run build; date; git add .; date; git commit --message "build application" --message "from the terminal"; date; git pull --rebase origin main; date; git push origin main; date;

Saturday, August 31, 2024 6:35:43 PM
Saturday, August 31, 2024 6:35:43 PM
On branch main
nothing to commit, working tree clean
Saturday, August 31, 2024 6:35:43 PM
Saturday, August 31, 2024 6:35:43 PM
yarn install v1.22.21
[1/4] Resolving packages...
success Already up-to-date.
Done in 0.06s.
Saturday, August 31, 2024 6:35:43 PM
yarn run v1.22.21
$ tsc && vite build
vite v5.4.1 building for production...
✓ 5 modules transformed.
docs/index.html                 0.53 kB │ gzip: 0.32 kB
docs/assets/index-DYhv0y2B.css  4.60 kB │ gzip: 1.63 kB
docs/assets/index-DlmTeNAq.js   2.94 kB │ gzip: 1.31 kB
✓ built in 183ms
Done in 0.94s.
Saturday, August 31, 2024 6:35:44 PM
warning: in the working copy of 'docs/assets/index-DYhv0y2B.css', LF will be replaced by CRLF the next time Git touches it
warning: in the working copy of 'docs/assets/index-DlmTeNAq.js', LF will be replaced by CRLF the next time Git touches it
warning: in the working copy of 'docs/index.html', LF will be replaced by CRLF the next time Git touches it
Saturday, August 31, 2024 6:35:45 PM
[main e136b9d] build application
 2 files changed, 1854 insertions(+), 460 deletions(-)
Saturday, August 31, 2024 6:35:45 PM
From github.com:fromnepal/fromnepal.github.io
 * branch            main       -> FETCH_HEAD
Current branch main is up to date.
Saturday, August 31, 2024 6:35:46 PM
Enumerating objects: 9, done.
Counting objects: 100% (9/9), done.
Delta compression using up to 16 threads
Compressing objects: 100% (5/5), done.
Writing objects: 100% (5/5), 3.04 KiB | 3.04 MiB/s, done.
Total 5 (delta 3), reused 0 (delta 0), pack-reused 0 (from 0)
remote: Resolving deltas: 100% (3/3), completed with 3 local objects.
To github.com:fromnepal/fromnepal.github.io.git
   64bd35c..e136b9d  main -> main
Saturday, August 31, 2024 6:35:46 PM

PS C:\Users\kushal\src\myhtml\fromnepal> ssh kusfedoravm
kushal@kusfedoravm's password:
Last login: Sat Aug 31 05:59:54 2024 from fe80::975c:f636:bfb:5026%eth0
kushal@kusfedoravm:~$ sudo echo "Current date and time: $(date)"; free -h; df -h; time ping -c 20 pcna.duckdns.org; time ping -c 20 kalimati.duckdns.org; time ping -c 20 colorado.duckdns.org; sudo echo "Current date and time: $(date)"; time sudo dnf offline-upgrade download -y && time sudo dnf offline-upgrade reboot;
[sudo] password for kushal:
Current date and time: Sat Aug 31 06:36:00 PM EDT 2024
               total        used        free      shared  buff/cache   available
Mem:           7.7Gi       871Mi       5.7Gi        10Mi       1.5Gi       6.9Gi
Swap:          7.7Gi          0B       7.7Gi
Filesystem      Size  Used Avail Use% Mounted on
/dev/sda3        31G  4.4G   26G  15% /
devtmpfs        4.0M     0  4.0M   0% /dev
tmpfs           3.9G     0  3.9G   0% /dev/shm
efivarfs        128M  6.8K  128M   1% /sys/firmware/efi/efivars
tmpfs           1.6G  1.1M  1.6G   1% /run
tmpfs           3.9G  8.0K  3.9G   1% /tmp
/dev/sda3        31G  4.4G   26G  15% /home
/dev/sda2       974M  336M  571M  38% /boot
/dev/sda1       599M   20M  580M   4% /boot/efi
tmpfs           794M   88K  794M   1% /run/user/42
tmpfs           794M   72K  794M   1% /run/user/1000
PING pcna.duckdns.org (70.104.195.206) 56(84) bytes of data.
64 bytes from pool-70-104-195-206.nrflva.fios.verizon.net (70.104.195.206): icmp_seq=1 ttl=64 time=0.585 ms
64 bytes from pool-70-104-195-206.nrflva.fios.verizon.net (70.104.195.206): icmp_seq=2 ttl=64 time=0.418 ms
64 bytes from pool-70-104-195-206.nrflva.fios.verizon.net (70.104.195.206): icmp_seq=3 ttl=64 time=0.521 ms
64 bytes from pool-70-104-195-206.nrflva.fios.verizon.net (70.104.195.206): icmp_seq=4 ttl=64 time=0.711 ms
64 bytes from pool-70-104-195-206.nrflva.fios.verizon.net (70.104.195.206): icmp_seq=5 ttl=64 time=0.537 ms
64 bytes from pool-70-104-195-206.nrflva.fios.verizon.net (70.104.195.206): icmp_seq=6 ttl=64 time=0.537 ms
64 bytes from pool-70-104-195-206.nrflva.fios.verizon.net (70.104.195.206): icmp_seq=7 ttl=64 time=0.519 ms
64 bytes from pool-70-104-195-206.nrflva.fios.verizon.net (70.104.195.206): icmp_seq=8 ttl=64 time=0.308 ms
64 bytes from pool-70-104-195-206.nrflva.fios.verizon.net (70.104.195.206): icmp_seq=9 ttl=64 time=0.391 ms
64 bytes from pool-70-104-195-206.nrflva.fios.verizon.net (70.104.195.206): icmp_seq=10 ttl=64 time=0.501 ms
64 bytes from pool-70-104-195-206.nrflva.fios.verizon.net (70.104.195.206): icmp_seq=11 ttl=64 time=0.444 ms
64 bytes from pool-70-104-195-206.nrflva.fios.verizon.net (70.104.195.206): icmp_seq=12 ttl=64 time=0.384 ms
64 bytes from pool-70-104-195-206.nrflva.fios.verizon.net (70.104.195.206): icmp_seq=13 ttl=64 time=0.751 ms
64 bytes from pool-70-104-195-206.nrflva.fios.verizon.net (70.104.195.206): icmp_seq=14 ttl=64 time=0.383 ms
64 bytes from pool-70-104-195-206.nrflva.fios.verizon.net (70.104.195.206): icmp_seq=15 ttl=64 time=0.427 ms
64 bytes from pool-70-104-195-206.nrflva.fios.verizon.net (70.104.195.206): icmp_seq=16 ttl=64 time=0.387 ms
64 bytes from pool-70-104-195-206.nrflva.fios.verizon.net (70.104.195.206): icmp_seq=17 ttl=64 time=0.460 ms
64 bytes from pool-70-104-195-206.nrflva.fios.verizon.net (70.104.195.206): icmp_seq=18 ttl=64 time=0.463 ms
64 bytes from pool-70-104-195-206.nrflva.fios.verizon.net (70.104.195.206): icmp_seq=19 ttl=64 time=0.504 ms
64 bytes from pool-70-104-195-206.nrflva.fios.verizon.net (70.104.195.206): icmp_seq=20 ttl=64 time=0.395 ms

--- pcna.duckdns.org ping statistics ---
20 packets transmitted, 20 received, 0% packet loss, time 19468ms
rtt min/avg/max/mdev = 0.308/0.481/0.751/0.107 ms

real    0m29.844s
user    0m0.000s
sys     0m0.006s
PING kalimati.duckdns.org (70.104.195.206) 56(84) bytes of data.
64 bytes from pool-70-104-195-206.nrflva.fios.verizon.net (70.104.195.206): icmp_seq=1 ttl=64 time=0.479 ms
64 bytes from pool-70-104-195-206.nrflva.fios.verizon.net (70.104.195.206): icmp_seq=2 ttl=64 time=0.445 ms
64 bytes from pool-70-104-195-206.nrflva.fios.verizon.net (70.104.195.206): icmp_seq=3 ttl=64 time=0.425 ms
64 bytes from pool-70-104-195-206.nrflva.fios.verizon.net (70.104.195.206): icmp_seq=4 ttl=64 time=0.336 ms
64 bytes from pool-70-104-195-206.nrflva.fios.verizon.net (70.104.195.206): icmp_seq=5 ttl=64 time=0.377 ms
64 bytes from pool-70-104-195-206.nrflva.fios.verizon.net (70.104.195.206): icmp_seq=6 ttl=64 time=0.294 ms
64 bytes from pool-70-104-195-206.nrflva.fios.verizon.net (70.104.195.206): icmp_seq=7 ttl=64 time=0.424 ms
64 bytes from pool-70-104-195-206.nrflva.fios.verizon.net (70.104.195.206): icmp_seq=8 ttl=64 time=0.421 ms
64 bytes from pool-70-104-195-206.nrflva.fios.verizon.net (70.104.195.206): icmp_seq=9 ttl=64 time=0.605 ms
64 bytes from pool-70-104-195-206.nrflva.fios.verizon.net (70.104.195.206): icmp_seq=10 ttl=64 time=0.412 ms
64 bytes from pool-70-104-195-206.nrflva.fios.verizon.net (70.104.195.206): icmp_seq=11 ttl=64 time=0.374 ms
64 bytes from pool-70-104-195-206.nrflva.fios.verizon.net (70.104.195.206): icmp_seq=12 ttl=64 time=0.379 ms
64 bytes from pool-70-104-195-206.nrflva.fios.verizon.net (70.104.195.206): icmp_seq=13 ttl=64 time=0.615 ms
64 bytes from pool-70-104-195-206.nrflva.fios.verizon.net (70.104.195.206): icmp_seq=14 ttl=64 time=0.409 ms
64 bytes from pool-70-104-195-206.nrflva.fios.verizon.net (70.104.195.206): icmp_seq=15 ttl=64 time=0.399 ms
64 bytes from pool-70-104-195-206.nrflva.fios.verizon.net (70.104.195.206): icmp_seq=16 ttl=64 time=0.535 ms
64 bytes from pool-70-104-195-206.nrflva.fios.verizon.net (70.104.195.206): icmp_seq=17 ttl=64 time=0.670 ms
64 bytes from pool-70-104-195-206.nrflva.fios.verizon.net (70.104.195.206): icmp_seq=18 ttl=64 time=0.594 ms
64 bytes from pool-70-104-195-206.nrflva.fios.verizon.net (70.104.195.206): icmp_seq=19 ttl=64 time=0.492 ms
64 bytes from pool-70-104-195-206.nrflva.fios.verizon.net (70.104.195.206): icmp_seq=20 ttl=64 time=0.554 ms

--- kalimati.duckdns.org ping statistics ---
20 packets transmitted, 20 received, 0% packet loss, time 19423ms
rtt min/avg/max/mdev = 0.294/0.461/0.670/0.099 ms

real    0m27.520s
user    0m0.000s
sys     0m0.006s
PING colorado.duckdns.org (70.104.195.206) 56(84) bytes of data.
64 bytes from pool-70-104-195-206.nrflva.fios.verizon.net (70.104.195.206): icmp_seq=1 ttl=64 time=0.389 ms
64 bytes from pool-70-104-195-206.nrflva.fios.verizon.net (70.104.195.206): icmp_seq=2 ttl=64 time=0.590 ms
64 bytes from pool-70-104-195-206.nrflva.fios.verizon.net (70.104.195.206): icmp_seq=3 ttl=64 time=0.387 ms
64 bytes from pool-70-104-195-206.nrflva.fios.verizon.net (70.104.195.206): icmp_seq=4 ttl=64 time=0.446 ms
64 bytes from pool-70-104-195-206.nrflva.fios.verizon.net (70.104.195.206): icmp_seq=5 ttl=64 time=0.465 ms
64 bytes from pool-70-104-195-206.nrflva.fios.verizon.net (70.104.195.206): icmp_seq=6 ttl=64 time=0.331 ms
64 bytes from pool-70-104-195-206.nrflva.fios.verizon.net (70.104.195.206): icmp_seq=7 ttl=64 time=0.317 ms
64 bytes from pool-70-104-195-206.nrflva.fios.verizon.net (70.104.195.206): icmp_seq=8 ttl=64 time=0.355 ms
64 bytes from pool-70-104-195-206.nrflva.fios.verizon.net (70.104.195.206): icmp_seq=9 ttl=64 time=0.308 ms
64 bytes from pool-70-104-195-206.nrflva.fios.verizon.net (70.104.195.206): icmp_seq=10 ttl=64 time=0.365 ms
64 bytes from pool-70-104-195-206.nrflva.fios.verizon.net (70.104.195.206): icmp_seq=11 ttl=64 time=0.336 ms
64 bytes from pool-70-104-195-206.nrflva.fios.verizon.net (70.104.195.206): icmp_seq=12 ttl=64 time=0.352 ms
64 bytes from pool-70-104-195-206.nrflva.fios.verizon.net (70.104.195.206): icmp_seq=13 ttl=64 time=0.634 ms
64 bytes from pool-70-104-195-206.nrflva.fios.verizon.net (70.104.195.206): icmp_seq=14 ttl=64 time=0.435 ms
64 bytes from pool-70-104-195-206.nrflva.fios.verizon.net (70.104.195.206): icmp_seq=15 ttl=64 time=0.469 ms
64 bytes from pool-70-104-195-206.nrflva.fios.verizon.net (70.104.195.206): icmp_seq=16 ttl=64 time=0.583 ms
64 bytes from pool-70-104-195-206.nrflva.fios.verizon.net (70.104.195.206): icmp_seq=17 ttl=64 time=0.504 ms
64 bytes from pool-70-104-195-206.nrflva.fios.verizon.net (70.104.195.206): icmp_seq=18 ttl=64 time=0.334 ms
64 bytes from pool-70-104-195-206.nrflva.fios.verizon.net (70.104.195.206): icmp_seq=19 ttl=64 time=0.752 ms
64 bytes from pool-70-104-195-206.nrflva.fios.verizon.net (70.104.195.206): icmp_seq=20 ttl=64 time=0.378 ms

--- colorado.duckdns.org ping statistics ---
20 packets transmitted, 20 received, 0% packet loss, time 19486ms
rtt min/avg/max/mdev = 0.308/0.436/0.752/0.118 ms

real    0m22.528s
user    0m0.000s
sys     0m0.005s
Current date and time: Sat Aug 31 06:37:24 PM EDT 2024
Fedora 40 - x86_64                                                                                                                                                                                                                                       17 MB/s |  20 MB     00:01
Fedora 40 openh264 (From Cisco) - x86_64                                                                                                                                                                                                                5.4 kB/s | 1.4 kB     00:00
Fedora 40 - x86_64 - Updates                                                                                                                                                                                                                             14 MB/s | 9.8 MB     00:00
Dependencies resolved.
Nothing to do.
Complete!
The system-upgrade transaction is empty, your system is already up-to-date.

real    0m8.676s
user    0m0.004s
sys     0m0.019s
Error: system is not ready for upgrade

real    0m0.180s
user    0m0.007s
sys     0m0.015s
kushal@kusfedoravm:~$ exit
logout
Connection to kusfedoravm closed.
PS C:\Users\kushal\src\myhtml\fromnepal> cd "C:\Users\kushal\src\mylogging\"; date; git add .; date; git commit --message "add all files" --message "from the terminal"; date; cd "C:\Users\kushal\src\myhtml\fromnepal"; date; yarn; date; yarn run build; date; git add .; date; git commit --message "build application" --message "from the terminal"; date; git pull --rebase origin main; date; git push origin main; date;

Saturday, August 31, 2024 6:38:11 PM
Saturday, August 31, 2024 6:38:11 PM
On branch main
nothing to commit, working tree clean
Saturday, August 31, 2024 6:38:11 PM
Saturday, August 31, 2024 6:38:11 PM
yarn install v1.22.21
[1/4] Resolving packages...
success Already up-to-date.
Done in 0.06s.
Saturday, August 31, 2024 6:38:11 PM
yarn run v1.22.21
$ tsc && vite build
vite v5.4.1 building for production...
✓ 5 modules transformed.
docs/index.html                 0.53 kB │ gzip: 0.32 kB
docs/assets/index-DYhv0y2B.css  4.60 kB │ gzip: 1.63 kB
docs/assets/index-DlmTeNAq.js   2.94 kB │ gzip: 1.31 kB
✓ built in 186ms
Done in 0.94s.
Saturday, August 31, 2024 6:38:12 PM
warning: in the working copy of 'docs/assets/index-DYhv0y2B.css', LF will be replaced by CRLF the next time Git touches it
warning: in the working copy of 'docs/assets/index-DlmTeNAq.js', LF will be replaced by CRLF the next time Git touches it
warning: in the working copy of 'docs/index.html', LF will be replaced by CRLF the next time Git touches it
Saturday, August 31, 2024 6:38:13 PM
On branch main
Your branch is up to date with 'origin/main'.

nothing to commit, working tree clean
Saturday, August 31, 2024 6:38:13 PM
From github.com:fromnepal/fromnepal.github.io
 * branch            main       -> FETCH_HEAD
Already up to date.
Saturday, August 31, 2024 6:38:14 PM
Everything up-to-date
Saturday, August 31, 2024 6:38:14 PM

PS C:\Users\kushal\src\myhtml\fromnepal> cd "C:\Users\kushal\src\mylogging\"; date; git add .; date; git commit --message "add all files" --message "from the terminal"; date; cd "C:\Users\kushal\src\myhtml\fromnepal"; date; yarn; date; yarn run build; date; git add .; date; git commit --message "build application" --message "from the terminal"; date; git pull --rebase origin main; date; git push origin main; date;

Saturday, August 31, 2024 6:38:26 PM
Saturday, August 31, 2024 6:38:26 PM
On branch main
nothing to commit, working tree clean
Saturday, August 31, 2024 6:38:26 PM
Saturday, August 31, 2024 6:38:26 PM
yarn install v1.22.21
[1/4] Resolving packages...
success Already up-to-date.
Done in 0.06s.
Saturday, August 31, 2024 6:38:27 PM
yarn run v1.22.21
$ tsc && vite build
vite v5.4.1 building for production...
✓ 5 modules transformed.
docs/index.html                 0.53 kB │ gzip: 0.32 kB
docs/assets/index-DYhv0y2B.css  4.60 kB │ gzip: 1.63 kB
docs/assets/index-DlmTeNAq.js   2.94 kB │ gzip: 1.31 kB
✓ built in 184ms
Done in 0.94s.
Saturday, August 31, 2024 6:38:28 PM
warning: in the working copy of 'docs/assets/index-DYhv0y2B.css', LF will be replaced by CRLF the next time Git touches it
warning: in the working copy of 'docs/assets/index-DlmTeNAq.js', LF will be replaced by CRLF the next time Git touches it
warning: in the working copy of 'docs/index.html', LF will be replaced by CRLF the next time Git touches it
Saturday, August 31, 2024 6:38:28 PM
[main db3303c] build application
 2 files changed, 110 insertions(+)
Saturday, August 31, 2024 6:38:28 PM
From github.com:fromnepal/fromnepal.github.io
 * branch            main       -> FETCH_HEAD
Current branch main is up to date.
Saturday, August 31, 2024 6:38:29 PM
Enumerating objects: 9, done.
Counting objects: 100% (9/9), done.
Delta compression using up to 16 threads
Compressing objects: 100% (5/5), done.
Writing objects: 100% (5/5), 648 bytes | 648.00 KiB/s, done.
Total 5 (delta 4), reused 0 (delta 0), pack-reused 0 (from 0)
remote: Resolving deltas: 100% (4/4), completed with 4 local objects.
To github.com:fromnepal/fromnepal.github.io.git
   e136b9d..db3303c  main -> main
Saturday, August 31, 2024 6:38:30 PM

PS C:\Users\kushal\src\myhtml\fromnepal> cd "C:\Users\kushal\src\mylogging\"; date; git add .; date; git commit --message "add all files" --message "from the terminal"; date; cd "C:\Users\kushal\src\myhtml\fromnepal"; date; yarn; date; yarn run build; date; git add .; date; git commit --message "build application" --message "from the terminal"; date; git pull --rebase origin main; date; git push origin main; date;

Saturday, August 31, 2024 8:19:17 PM
Saturday, August 31, 2024 8:19:17 PM
On branch main
nothing to commit, working tree clean
Saturday, August 31, 2024 8:19:17 PM
Saturday, August 31, 2024 8:19:17 PM
yarn install v1.22.21
[1/4] Resolving packages...
success Already up-to-date.
Done in 0.09s.
Saturday, August 31, 2024 8:19:18 PM
yarn run v1.22.21
$ tsc && vite build
vite v5.4.1 building for production...
✓ 5 modules transformed.
docs/index.html                 0.53 kB │ gzip: 0.32 kB
docs/assets/index-DYhv0y2B.css  4.60 kB │ gzip: 1.63 kB
docs/assets/index-DlmTeNAq.js   2.94 kB │ gzip: 1.31 kB
✓ built in 335ms
Done in 2.10s.
Saturday, August 31, 2024 8:19:20 PM
warning: in the working copy of 'docs/assets/index-DYhv0y2B.css', LF will be replaced by CRLF the next time Git touches it
warning: in the working copy of 'docs/assets/index-DlmTeNAq.js', LF will be replaced by CRLF the next time Git touches it
warning: in the working copy of 'docs/index.html', LF will be replaced by CRLF the next time Git touches it
Saturday, August 31, 2024 8:19:22 PM
[main bba6f20] build application
 8 files changed, 0 insertions(+), 0 deletions(-)
 create mode 100644 docs/notes/linkedin-comments.png
 create mode 100644 docs/notes/linkedin-headshot.png
 create mode 100644 docs/notes/linkedin-respect.png
 create mode 100644 docs/notes/tiffany-justice.png
 create mode 100644 public/notes/linkedin-comments.png
 create mode 100644 public/notes/linkedin-headshot.png
 create mode 100644 public/notes/linkedin-respect.png
 create mode 100644 public/notes/tiffany-justice.png
Saturday, August 31, 2024 8:19:23 PM
From github.com:fromnepal/fromnepal.github.io
 * branch            main       -> FETCH_HEAD
Current branch main is up to date.
Saturday, August 31, 2024 8:19:25 PM
Enumerating objects: 13, done.
Counting objects: 100% (13/13), done.
Delta compression using up to 16 threads
Compressing objects: 100% (9/9), done.
Writing objects: 100% (9/9), 21.14 MiB | 6.95 MiB/s, done.
Total 9 (delta 4), reused 0 (delta 0), pack-reused 0 (from 0)
remote: Resolving deltas: 100% (4/4), completed with 4 local objects.
To github.com:fromnepal/fromnepal.github.io.git
   db3303c..bba6f20  main -> main
Saturday, August 31, 2024 8:19:30 PM

PS C:\Users\kushal\src\myhtml\fromnepal> cd "C:\Users\kushal\src\mylogging\"; date; git add .; date; git commit --message "add all files" --message "from the terminal"; date; cd "C:\Users\kushal\src\myhtml\fromnepal"; date; yarn; date; yarn run build; date; git add .; date; git commit --message "build application" --message "from the terminal"; date; git pull --rebase origin main; date; git push origin main; date;

Saturday, August 31, 2024 8:19:54 PM
Saturday, August 31, 2024 8:19:54 PM
On branch main
nothing to commit, working tree clean
Saturday, August 31, 2024 8:19:54 PM
Saturday, August 31, 2024 8:19:54 PM
yarn install v1.22.21
[1/4] Resolving packages...
success Already up-to-date.
Done in 0.06s.
Saturday, August 31, 2024 8:19:54 PM
yarn run v1.22.21
$ tsc && vite build
vite v5.4.1 building for production...
✓ 5 modules transformed.
docs/index.html                 0.53 kB │ gzip: 0.32 kB
docs/assets/index-DYhv0y2B.css  4.60 kB │ gzip: 1.63 kB
docs/assets/index-DlmTeNAq.js   2.94 kB │ gzip: 1.31 kB
✓ built in 198ms
Done in 0.96s.
Saturday, August 31, 2024 8:19:55 PM
warning: in the working copy of 'docs/assets/index-DYhv0y2B.css', LF will be replaced by CRLF the next time Git touches it
warning: in the working copy of 'docs/assets/index-DlmTeNAq.js', LF will be replaced by CRLF the next time Git touches it
warning: in the working copy of 'docs/index.html', LF will be replaced by CRLF the next time Git touches it
Saturday, August 31, 2024 8:19:56 PM
[main 39ca8a2] build application
 2 files changed, 1236 insertions(+), 1952 deletions(-)
Saturday, August 31, 2024 8:19:56 PM
From github.com:fromnepal/fromnepal.github.io
 * branch            main       -> FETCH_HEAD
Current branch main is up to date.
Saturday, August 31, 2024 8:19:57 PM
Enumerating objects: 9, done.
Counting objects: 100% (9/9), done.
Delta compression using up to 16 threads
Compressing objects: 100% (5/5), done.
Writing objects: 100% (5/5), 5.17 KiB | 5.17 MiB/s, done.
Total 5 (delta 3), reused 0 (delta 0), pack-reused 0 (from 0)
remote: Resolving deltas: 100% (3/3), completed with 3 local objects.
To github.com:fromnepal/fromnepal.github.io.git
   bba6f20..39ca8a2  main -> main
Saturday, August 31, 2024 8:19:58 PM

PS C:\Users\kushal\src\myhtml\fromnepal> cd "C:\Users\kushal\src\mylogging\"; date; git add .; date; git commit --message "add all files" --message "from the terminal"; date; cd "C:\Users\kushal\src\myhtml\fromnepal"; date; yarn; date; yarn run build; date; git add .; date; git commit --message "build application" --message "from the terminal"; date; git pull --rebase origin main; date; git push origin main; date;
