PowerShell 7.4.5
PS C:\Users\kushal> cd "C:\Users\kushal\src\mylogging\"; date; git add .; date; git commit --message "add all files" --message "from the terminal"; date; $imageUrl = "https://cdn.star.nesdis.noaa.gov/GOES16/ABI/FD/GEOCOLOR/10848x10848.jpg"; $outputPath = "C:\Users\kushal\src\myhtml\fromnepal\public\notes\earth.jpeg"; date; Invoke-WebRequest -Uri $imageUrl -OutFile $outputPath; date; Write-Output "Image downloaded successfully to $outputPath"; date; cd "C:\Users\kushal\src\myhtml\fromnepal"; date; yarn; date; yarn run build; date; git add .; date; git status; date; git commit --message "build application" --message "from the terminal" --verbose; date; git pull --rebase origin main; date; git push origin main; date;

Friday, September 27, 2024 5:29:57 AM
Friday, September 27, 2024 5:29:57 AM
On branch main
nothing to commit, working tree clean
Friday, September 27, 2024 5:29:57 AM
Friday, September 27, 2024 5:29:57 AM
Friday, September 27, 2024 5:29:58 AM
Image downloaded successfully to C:\Users\kushal\src\myhtml\fromnepal\public\notes\earth.jpeg
Friday, September 27, 2024 5:29:58 AM
Friday, September 27, 2024 5:29:58 AM
yarn install v1.22.21
[1/4] Resolving packages...
success Already up-to-date.
Done in 0.07s.
Friday, September 27, 2024 5:29:58 AM
yarn run v1.22.21
$ tsc && vite build
vite v5.4.8 building for production...
✓ 5 modules transformed.
docs/index.html                 0.53 kB │ gzip: 0.32 kB
docs/assets/index-DYhv0y2B.css  4.60 kB │ gzip: 1.63 kB
docs/assets/index-DlmTeNAq.js   2.94 kB │ gzip: 1.31 kB
✓ built in 376ms
Done in 1.19s.
Friday, September 27, 2024 5:29:59 AM
warning: in the working copy of 'docs/assets/index-DYhv0y2B.css', LF will be replaced by CRLF the next time Git touches it
warning: in the working copy of 'docs/assets/index-DlmTeNAq.js', LF will be replaced by CRLF the next time Git touches it
warning: in the working copy of 'docs/index.html', LF will be replaced by CRLF the next time Git touches it
Friday, September 27, 2024 5:30:02 AM
On branch main
Your branch is up to date with 'origin/main'.

Changes to be committed:
  (use "git restore --staged <file>..." to unstage)
        modified:   docs/powershell.txt
        modified:   public/powershell.txt

Friday, September 27, 2024 5:30:02 AM
[main e4e2fbe] build application
 2 files changed, 230 insertions(+), 128 deletions(-)
Friday, September 27, 2024 5:30:02 AM
From github.com:fromnepal/fromnepal.github.io
 * branch            main       -> FETCH_HEAD
Current branch main is up to date.
Friday, September 27, 2024 5:30:03 AM
Enumerating objects: 9, done.
Counting objects: 100% (9/9), done.
Delta compression using up to 16 threads
Compressing objects: 100% (5/5), done.
Writing objects: 100% (5/5), 1.75 KiB | 1.75 MiB/s, done.
Total 5 (delta 3), reused 0 (delta 0), pack-reused 0 (from 0)
remote: Resolving deltas: 100% (3/3), completed with 3 local objects.
To github.com:fromnepal/fromnepal.github.io.git
   107067c..e4e2fbe  main -> main
Friday, September 27, 2024 5:30:04 AM

PS C:\Users\kushal\src\myhtml\fromnepal> cd "C:\Users\kushal\src\mylogging\"; date; git add .; date; git commit --message "add all files" --message "from the terminal"; date; $imageUrl = "https://cdn.star.nesdis.noaa.gov/GOES16/ABI/FD/GEOCOLOR/10848x10848.jpg"; $outputPath = "C:\Users\kushal\src\myhtml\fromnepal\public\notes\earth.jpeg"; date; Invoke-WebRequest -Uri $imageUrl -OutFile $outputPath; date; Write-Output "Image downloaded successfully to $outputPath"; date; cd "C:\Users\kushal\src\myhtml\fromnepal"; date; yarn; date; yarn run build; date; git add .; date; git status; date; git commit --message "build application" --message "from the terminal" --verbose; date; git pull --rebase origin main; date; git push origin main; date;

Friday, September 27, 2024 5:33:37 AM
Friday, September 27, 2024 5:33:37 AM
On branch main
nothing to commit, working tree clean
Friday, September 27, 2024 5:33:37 AM
Friday, September 27, 2024 5:33:37 AM
Friday, September 27, 2024 5:33:38 AM
Image downloaded successfully to C:\Users\kushal\src\myhtml\fromnepal\public\notes\earth.jpeg
Friday, September 27, 2024 5:33:38 AM
Friday, September 27, 2024 5:33:38 AM
yarn install v1.22.21
[1/4] Resolving packages...
success Already up-to-date.
Done in 0.07s.
Friday, September 27, 2024 5:33:38 AM
yarn run v1.22.21
$ tsc && vite build
vite v5.4.8 building for production...
✓ 5 modules transformed.
docs/index.html                 0.53 kB │ gzip: 0.32 kB
docs/assets/index-DYhv0y2B.css  4.60 kB │ gzip: 1.63 kB
docs/assets/index-DlmTeNAq.js   2.94 kB │ gzip: 1.31 kB
✓ built in 466ms
Done in 1.57s.
Friday, September 27, 2024 5:33:40 AM
warning: in the working copy of 'docs/assets/index-DYhv0y2B.css', LF will be replaced by CRLF the next time Git touches it
warning: in the working copy of 'docs/assets/index-DlmTeNAq.js', LF will be replaced by CRLF the next time Git touches it
warning: in the working copy of 'docs/index.html', LF will be replaced by CRLF the next time Git touches it
Friday, September 27, 2024 5:33:43 AM
On branch main
Your branch is up to date with 'origin/main'.

Changes to be committed:
  (use "git restore --staged <file>..." to unstage)
        modified:   docs/powershell.txt
        modified:   public/powershell.txt

Friday, September 27, 2024 5:33:43 AM
[main 1aad9ee] build application
 2 files changed, 248 insertions(+), 224 deletions(-)
Friday, September 27, 2024 5:33:43 AM
From github.com:fromnepal/fromnepal.github.io
 * branch            main       -> FETCH_HEAD
Current branch main is up to date.
Friday, September 27, 2024 5:33:43 AM
Enumerating objects: 9, done.
Counting objects: 100% (9/9), done.
Delta compression using up to 16 threads
Compressing objects: 100% (5/5), done.
Writing objects: 100% (5/5), 1.65 KiB | 1.65 MiB/s, done.
Total 5 (delta 3), reused 0 (delta 0), pack-reused 0 (from 0)
remote: Resolving deltas: 100% (3/3), completed with 3 local objects.
To github.com:fromnepal/fromnepal.github.io.git
   e4e2fbe..1aad9ee  main -> main
Friday, September 27, 2024 5:33:44 AM

PS C:\Users\kushal\src\myhtml\fromnepal> cd "C:\Users\kushal\src\mylogging\"; date; git add .; date; git commit --message "add all files" --message "from the terminal"; date; $imageUrl = "https://cdn.star.nesdis.noaa.gov/GOES16/ABI/FD/GEOCOLOR/10848x10848.jpg"; $outputPath = "C:\Users\kushal\src\myhtml\fromnepal\public\notes\earth.jpeg"; date; Invoke-WebRequest -Uri $imageUrl -OutFile $outputPath; date; Write-Output "Image downloaded successfully to $outputPath"; date; cd "C:\Users\kushal\src\myhtml\fromnepal"; date; yarn; date; yarn run build; date; git
 add .; date; git status; date; git commit --message "build application" --message "from the terminal" --verbose; date; git pull --rebase origin main; date; git push origin main; date;

Friday, September 27, 2024 7:32:55 PM
Friday, September 27, 2024 7:32:56 PM
On branch main
nothing to commit, working tree clean
Friday, September 27, 2024 7:32:56 PM
Friday, September 27, 2024 7:32:56 PM
Friday, September 27, 2024 7:32:59 PM
Image downloaded successfully to C:\Users\kushal\src\myhtml\fromnepal\public\notes\earth.jpeg
Friday, September 27, 2024 7:32:59 PM
Friday, September 27, 2024 7:32:59 PM
yarn install v1.22.21
[1/4] Resolving packages...
success Already up-to-date.
Done in 0.14s.
Friday, September 27, 2024 7:32:59 PM
yarn run v1.22.21
$ tsc && vite build
vite v5.4.8 building for production...
✓ 5 modules transformed.
docs/index.html                 0.53 kB │ gzip: 0.32 kB
docs/assets/index-DYhv0y2B.css  4.60 kB │ gzip: 1.63 kB
docs/assets/index-DlmTeNAq.js   2.94 kB │ gzip: 1.31 kB
✓ built in 616ms
Done in 2.30s.
Friday, September 27, 2024 7:33:02 PM
warning: in the working copy of 'docs/assets/index-DYhv0y2B.css', LF will be replaced by CRLF the next time Git touches it
warning: in the working copy of 'docs/assets/index-DlmTeNAq.js', LF will be replaced by CRLF the next time Git touches it
warning: in the working copy of 'docs/index.html', LF will be replaced by CRLF the next time Git touches it
Friday, September 27, 2024 7:33:06 PM
On branch main
Your branch is up to date with 'origin/main'.

Changes to be committed:
  (use "git restore --staged <file>..." to unstage)
        new file:   docs/notes/2024/09/27/galling.html
        new file:   docs/notes/2024/09/27/galling.txt
        modified:   docs/notes/earth.jpeg
        new file:   docs/notes/task-manager-ethernet.png
        modified:   docs/powershell.txt
        new file:   public/notes/2024/09/27/galling.html
        new file:   public/notes/2024/09/27/galling.txt
        modified:   public/notes/earth.jpeg
        new file:   public/notes/task-manager-ethernet.png
        modified:   public/powershell.txt

Friday, September 27, 2024 7:33:06 PM
[main bce9bbb] build application
 10 files changed, 752 insertions(+), 248 deletions(-)
 create mode 100644 docs/notes/2024/09/27/galling.html
 create mode 100644 docs/notes/2024/09/27/galling.txt
 create mode 100644 docs/notes/task-manager-ethernet.png
 create mode 100644 public/notes/2024/09/27/galling.html
 create mode 100644 public/notes/2024/09/27/galling.txt
 create mode 100644 public/notes/task-manager-ethernet.png
Friday, September 27, 2024 7:33:06 PM
From github.com:fromnepal/fromnepal.github.io
 * branch            main       -> FETCH_HEAD
Current branch main is up to date.
Friday, September 27, 2024 7:33:07 PM
Enumerating objects: 21, done.
Counting objects: 100% (21/21), done.
Delta compression using up to 16 threads
Compressing objects: 100% (13/13), done.
Writing objects: 100% (13/13), 11.19 MiB | 8.96 MiB/s, done.
Total 13 (delta 6), reused 0 (delta 0), pack-reused 0 (from 0)
remote: Resolving deltas: 100% (6/6), completed with 5 local objects.
To github.com:fromnepal/fromnepal.github.io.git
   1aad9ee..bce9bbb  main -> main
Friday, September 27, 2024 7:33:10 PM

PS C:\Users\kushal\src\myhtml\fromnepal> cd "C:\Users\kushal\src\mylogging\"; date; git add .; date; git commit --message "add all files" --message "from the terminal"; date; $imageUrl = "https://cdn.star.nesdis.noaa.gov/GOES16/ABI/FD/GEOCOLOR/10848x10848.jpg"; $outputPath = "C:\Users\kushal\src\myhtml\fromnepal\public\notes\earth.jpeg"; date; Invoke-WebRequest -Uri $imageUrl -OutFile $outputPath; date; Write-Output "Image downloaded successfully to $outputPath"; date; cd "C:\Users\kushal\src\myhtml\fromnepal"; date; yarn; date; yarn run build; date; git
 add .; date; git status; date; git commit --message "build application" --message "from the terminal" --verbose; date; git pull --rebase origin main; date; git push origin main; date;

Saturday, September 28, 2024 8:02:52 AM
Saturday, September 28, 2024 8:02:52 AM
On branch main
nothing to commit, working tree clean
Saturday, September 28, 2024 8:02:52 AM
Saturday, September 28, 2024 8:02:52 AM
Saturday, September 28, 2024 8:02:53 AM
Image downloaded successfully to C:\Users\kushal\src\myhtml\fromnepal\public\notes\earth.jpeg
Saturday, September 28, 2024 8:02:53 AM
Saturday, September 28, 2024 8:02:53 AM
yarn install v1.22.21
[1/4] Resolving packages...
success Already up-to-date.
Done in 0.10s.
Saturday, September 28, 2024 8:02:53 AM
yarn run v1.22.21
$ tsc && vite build
vite v5.4.8 building for production...
✓ 5 modules transformed.
docs/index.html                 0.53 kB │ gzip: 0.32 kB
docs/assets/index-DYhv0y2B.css  4.60 kB │ gzip: 1.63 kB
docs/assets/index-DlmTeNAq.js   2.94 kB │ gzip: 1.31 kB
✓ built in 788ms
Done in 2.64s.
Saturday, September 28, 2024 8:02:56 AM
warning: in the working copy of 'docs/assets/index-DYhv0y2B.css', LF will be replaced by CRLF the next time Git touches it
warning: in the working copy of 'docs/assets/index-DlmTeNAq.js', LF will be replaced by CRLF the next time Git touches it
warning: in the working copy of 'docs/index.html', LF will be replaced by CRLF the next time Git touches it
Saturday, September 28, 2024 8:03:00 AM
On branch main
Your branch is up to date with 'origin/main'.

Changes to be committed:
  (use "git restore --staged <file>..." to unstage)
        new file:   docs/notes/2024/09/28/fraud.txt
        modified:   docs/notes/earth.jpeg
        modified:   docs/powershell.txt
        new file:   public/notes/2024/09/28/fraud.txt
        modified:   public/notes/earth.jpeg
        modified:   public/powershell.txt

Saturday, September 28, 2024 8:03:00 AM
[main 4981e28] build application
 6 files changed, 794 insertions(+)
 create mode 100644 docs/notes/2024/09/28/fraud.txt
 create mode 100644 public/notes/2024/09/28/fraud.txt
Saturday, September 28, 2024 8:03:01 AM
From github.com:fromnepal/fromnepal.github.io
 * branch            main       -> FETCH_HEAD
Current branch main is up to date.
Saturday, September 28, 2024 8:03:01 AM
Enumerating objects: 19, done.
Counting objects: 100% (19/19), done.
Delta compression using up to 16 threads
Compressing objects: 100% (10/10), done.
Writing objects: 100% (11/11), 12.20 MiB | 5.95 MiB/s, done.
Total 11 (delta 6), reused 0 (delta 0), pack-reused 0 (from 0)
remote: Resolving deltas: 100% (6/6), completed with 6 local objects.
To github.com:fromnepal/fromnepal.github.io.git
   bce9bbb..4981e28  main -> main
Saturday, September 28, 2024 8:03:05 AM

PS C:\Users\kushal\src\myhtml\fromnepal> cd "C:\Users\kushal\src\myhtml\fromnepal\public\notes\"; .\download_video.ps1  -url "https://www.nytimes.com/video/us/elections/100000009720612/how-to-understand-election-polls.html?smid=url-share"

Saturday, September 28, 2024 8:07:14 AM

PSPath              : Microsoft.PowerShell.Core\FileSystem::C:\Temp\yt-dlp
PSParentPath        : Microsoft.PowerShell.Core\FileSystem::C:\Temp
PSChildName         : yt-dlp
PSDrive             : C
PSProvider          : Microsoft.PowerShell.Core\FileSystem
PSIsContainer       : True
Name                : yt-dlp
Parent              : C:\Temp
Root                : C:\
Exists              : True
FullName            : C:\Temp\yt-dlp
Extension           :
CreationTime        : 9/28/2024 8:07:14 AM
CreationTimeUtc     : 9/28/2024 12:07:14 PM
LastAccessTime      : 9/28/2024 8:07:14 AM
LastAccessTimeUtc   : 9/28/2024 12:07:14 PM
LastWriteTime       : 9/28/2024 8:07:14 AM
LastWriteTimeUtc    : 9/28/2024 12:07:14 PM
LinkTarget          :
UnixFileMode        : -1
Attributes          : Directory
Mode                : d----
ModeWithoutHardLink : d----
BaseName            : yt-dlp
ResolvedTarget      : C:\Temp\yt-dlp
Target              :
LinkType            :

Saturday, September 28, 2024 8:07:14 AM
[debug] Command-line config: ['--verbose', '--write-sub', '--sub-lang', 'en', '--restrict-filenames', '--add-metadata', '-f', 'bestvideo[ext=mp4]+bestaudio[ext=m4a]/mp4', '--sponsorblock-mark', 'all', '--sponsorblock-remove', 'all', '--merge-output-format', 'mp4', '-o', 'C:\\Temp\\yt-dlp\\%(title).50s.%(ext)s', 'https://www.nytimes.com/video/us/elections/100000009720612/how-to-understand-election-polls.html?smid=url-share']
[debug] Portable config "C:\Users\kushal\scoop\apps\yt-dlp\current\yt-dlp.conf": []
[debug] Encodings: locale cp1252, fs utf-8, pref cp1252, out utf-8, error utf-8, screen utf-8
[debug] yt-dlp version stable@2024.08.06 from yt-dlp/yt-dlp [4d9231208] (win_exe)
[debug] Python 3.8.10 (CPython AMD64 64bit) - Windows-10-10.0.22631-SP0 (OpenSSL 1.1.1k  25 Mar 2021)
[debug] exe versions: ffmpeg 7.0.2-full_build-www.gyan.dev (setts), ffprobe 7.0.2-full_build-www.gyan.dev
[debug] Optional libraries: Cryptodome-3.20.0, brotli-1.1.0, certifi-2024.07.04, curl_cffi-0.5.10, mutagen-1.47.0, requests-2.32.3, sqlite3-3.35.5, urllib3-2.2.2, websockets-12.0
[debug] Proxy map: {}
[debug] Request Handlers: urllib, requests, websockets, curl_cffi
[debug] Loaded 1830 extractors
[NYTimes] Extracting URL: https://www.nytimes.com/video/us/elections/100000009720612/how-to-understand-election-polls.html?smid=url-share
[NYTimes] 100000009720612: Downloading JSON from GraphQL API
[NYTimes] 100000009720612: Downloading m3u8 information
[NYTimes] 100000009720612: Downloading m3u8 information
[debug] Formats sorted by: hasvid, ie_pref, lang, quality, res, fps, hdr:12(7), vcodec:vp9.2(10), channels, acodec, size, br, asr, proto, vext, aext, hasaud, source, id
[SponsorBlock] SponsorBlock is not supported for NYTimes
[info] 100000009720612: Downloading 1 format(s): hlsfmp4-3573
[info] There are no subtitles for the requested languages
[debug] Invoking hlsnative downloader on "https://vp.nyt.com/video/hlsfmp4/2024/09/25/125173_1_27vid-understanding-polls_wg/index-f1-v1-a1.m3u8"
[hlsnative] Downloading m3u8 manifest
[hlsnative] Total fragments: 13
[download] Destination: C:\Temp\yt-dlp\How_to_Understand_Election_Polls.mp4
[debug] File locking is not supported. Proceeding without locking
[download] 100% of   46.69MiB in 00:00:02 at 20.27MiB/s
[debug] ffprobe command line: ffprobe -hide_banner -show_format -show_streams -print_format json file:C:\Temp\yt-dlp\How_to_Understand_Election_Polls.mp4
[ModifyChapters] SponsorBlock information is unavailable
[Metadata] Adding metadata to "C:\Temp\yt-dlp\How_to_Understand_Election_Polls.mp4"
[debug] ffmpeg command line: ffmpeg -y -loglevel repeat+info -i file:C:\Temp\yt-dlp\How_to_Understand_Election_Polls.mp4 -map 0 -dn -ignore_unknown -c copy -write_id3v1 1 -metadata "title=How to Understand Election Polls" -metadata "date=20240928" -metadata "description=A few rules of thumb can help you decipher all that political data." -metadata "synopsis=A few rules of thumb can help you decipher all that political data." -metadata "purl=https://www.nytimes.com/video/us/elections/100000009720612/how-to-understand-election-polls.html?smid=url-share" -metadata "comment=https://www.nytimes.com/video/us/elections/100000009720612/how-to-understand-election-polls.html?smid=url-share" -metadata "artist=Kaleigh Rogers, Karen Hanley and Laura Salaberry" -movflags +faststart file:C:\Temp\yt-dlp\How_to_Understand_Election_Polls.temp.mp4

Saturday, September 28, 2024 8:07:18 AM
Saturday, September 28, 2024 8:07:18 AM
Saturday, September 28, 2024 8:07:18 AM

LastWriteTime : 9/28/2024 8:07:18 AM
Length        : 48964101
Name          : How_to_Understand_Election_Polls.mp4


LastWriteTime : 9/28/2024 8:07:18 AM
Length        : 48964101
Name          : How_to_Understand_Election_Polls.mp4

Cleaned video name: HowtoUnderstandElectionPollsmp4
Cleaned video path: C:\Temp\yt-dlp\HowtoUnderstandElectionPollsmp4
Running ffmpeg without subtitles
ffmpeg -i "C:\Temp\yt-dlp\HowtoUnderstandElectionPollsmp4" -c:v libx264 -c:a aac -strict experimental -movflags +faststart "C:\Temp\yt-dlp\HowtoUnderstandElectionPollsmp4_reencoded.mp4"
ffmpeg version 7.0.2-full_build-www.gyan.dev Copyright (c) 2000-2024 the FFmpeg developers
  built with gcc 13.2.0 (Rev5, Built by MSYS2 project)
  configuration: --enable-gpl --enable-version3 --enable-static --disable-w32threads --disable-autodetect --enable-fontconfig --enable-iconv --enable-gnutls --enable-libxml2 --enable-gmp --enable-bzlib --enable-lzma --enable-libsnappy --enable-zlib --enable-librist --enable-libsrt --enable-libssh --enable-libzmq --enable-avisynth --enable-libbluray --enable-libcaca --enable-sdl2 --enable-libaribb24 --enable-libaribcaption --enable-libdav1d --enable-libdavs2 --enable-libuavs3d --enable-libxevd --enable-libzvbi --enable-librav1e --enable-libsvtav1 --enable-libwebp --enable-libx264 --enable-libx265 --enable-libxavs2 --enable-libxeve --enable-libxvid --enable-libaom --enable-libjxl --enable-libopenjpeg --enable-libvpx --enable-mediafoundation --enable-libass --enable-frei0r --enable-libfreetype --enable-libfribidi --enable-libharfbuzz --enable-liblensfun --enable-libvidstab --enable-libvmaf --enable-libzimg --enable-amf --enable-cuda-llvm --enable-cuvid --enable-dxva2 --enable-d3d11va --enable-d3d12va --enable-ffnvcodec --enable-libvpl --enable-nvdec --enable-nvenc --enable-vaapi --enable-libshaderc --enable-vulkan --enable-libplacebo --enable-opencl --enable-libcdio --enable-libgme --enable-libmodplug --enable-libopenmpt --enable-libopencore-amrwb --enable-libmp3lame --enable-libshine --enable-libtheora --enable-libtwolame --enable-libvo-amrwbenc --enable-libcodec2 --enable-libilbc --enable-libgsm --enable-libopencore-amrnb --enable-libopus --enable-libspeex --enable-libvorbis --enable-ladspa --enable-libbs2b --enable-libflite --enable-libmysofa --enable-librubberband --enable-libsoxr --enable-chromaprint
  libavutil      59.  8.100 / 59.  8.100
  libavcodec     61.  3.100 / 61.  3.100
  libavformat    61.  1.100 / 61.  1.100
  libavdevice    61.  1.100 / 61.  1.100
  libavfilter    10.  1.100 / 10.  1.100
  libswscale      8.  1.100 /  8.  1.100
  libswresample   5.  1.100 /  5.  1.100
  libpostproc    58.  1.100 / 58.  1.100
Input #0, mov,mp4,m4a,3gp,3g2,mj2, from 'C:\Temp\yt-dlp\HowtoUnderstandElectionPollsmp4':
  Metadata:
    major_brand     : isom
    minor_version   : 512
    compatible_brands: isomiso2avc1mp41
    title           : How to Understand Election Polls
    artist          : Kaleigh Rogers, Karen Hanley and Laura Salaberry
    date            : 20240928
    encoder         : Lavf61.1.100
    comment         : https://www.nytimes.com/video/us/elections/100000009720612/how-to-understand-election-polls.html?smid=url-share
    description     : A few rules of thumb can help you decipher all that political data.
    synopsis        : A few rules of thumb can help you decipher all that political data.
  Duration: 00:01:49.41, start: 0.000000, bitrate: 3580 kb/s
  Stream #0:0[0x1](eng): Video: h264 (High) (avc1 / 0x31637661), yuv420p(progressive), 608x1080 [SAR 1:1 DAR 76:135], 3448 kb/s, 29.97 fps, 29.97 tbr, 90k tbn (default)
      Metadata:
        handler_name    : VideoHandler
        vendor_id       : [0][0][0][0]
  Stream #0:1[0x2](eng): Audio: aac (LC) (mp4a / 0x6134706D), 48000 Hz, stereo, fltp, 125 kb/s (default)
      Metadata:
        handler_name    : SoundHandler
        vendor_id       : [0][0][0][0]
Stream mapping:
  Stream #0:0 -> #0:0 (h264 (native) -> h264 (libx264))
  Stream #0:1 -> #0:1 (aac (native) -> aac (native))
Press [q] to stop, [?] for help
[libx264 @ 000001a0d93feb80] using SAR=1/1
[libx264 @ 000001a0d93feb80] using cpu capabilities: MMX2 SSE2Fast SSSE3 SSE4.2 AVX FMA3 BMI2 AVX2
[libx264 @ 000001a0d93feb80] profile High, level 3.1, 4:2:0, 8-bit
[libx264 @ 000001a0d93feb80] 264 - core 164 r3191 4613ac3 - H.264/MPEG-4 AVC codec - Copyleft 2003-2024 - http://www.videolan.org/x264.html - options: cabac=1 ref=3 deblock=1:0:0 analyse=0x3:0x113 me=hex subme=7 psy=1 psy_rd=1.00:0.00 mixed_ref=1 me_range=16 chroma_me=1 trellis=1 8x8dct=1 cqm=0 deadzone=21,11 fast_pskip=1 chroma_qp_offset=-2 threads=24 lookahead_threads=4 sliced_threads=0 nr=0 decimate=1 interlaced=0 bluray_compat=0 constrained_intra=0 bframes=3 b_pyramid=2 b_adapt=1 b_bias=0 direct=1 weightb=1 open_gop=0 weightp=2 keyint=250 keyint_min=25 scenecut=40 intra_refresh=0 rc_lookahead=40 rc=crf mbtree=1 crf=23.0 qcomp=0.60 qpmin=0 qpmax=69 qpstep=4 ip_ratio=1.40 aq=1:1.00
Output #0, mp4, to 'C:\Temp\yt-dlp\HowtoUnderstandElectionPollsmp4_reencoded.mp4':
  Metadata:
    major_brand     : isom
    minor_version   : 512
    compatible_brands: isomiso2avc1mp41
    title           : How to Understand Election Polls
    artist          : Kaleigh Rogers, Karen Hanley and Laura Salaberry
    date            : 20240928
    synopsis        : A few rules of thumb can help you decipher all that political data.
    comment         : https://www.nytimes.com/video/us/elections/100000009720612/how-to-understand-election-polls.html?smid=url-share
    description     : A few rules of thumb can help you decipher all that political data.
    encoder         : Lavf61.1.100
  Stream #0:0(eng): Video: h264 (avc1 / 0x31637661), yuv420p(progressive), 608x1080 [SAR 1:1 DAR 76:135], q=2-31, 29.97 fps, 30k tbn (default)
      Metadata:
        handler_name    : VideoHandler
        vendor_id       : [0][0][0][0]
        encoder         : Lavc61.3.100 libx264
      Side data:
        cpb: bitrate max/min/avg: 0/0/0 buffer size: 0 vbv_delay: N/A
  Stream #0:1(eng): Audio: aac (LC) (mp4a / 0x6134706D), 48000 Hz, stereo, fltp, 128 kb/s (default)
      Metadata:
        handler_name    : SoundHandler
        vendor_id       : [0][0][0][0]
        encoder         : Lavc61.3.100 aac
[mp4 @ 000001a0d8bcebc0] Starting second pass: moving the moov atom to the beginning of the filespeed=17.9x
[out#0/mp4 @ 000001a0d8bca740] video:10502KiB audio:1729KiB subtitle:0KiB other streams:0KiB global headers:0KiB muxing overhead: 0.959411%
frame= 3279 fps=548 q=-1.0 Lsize=   12348KiB time=00:01:49.34 bitrate= 925.1kbits/s dup=2 drop=0 speed=18.3x
[libx264 @ 000001a0d93feb80] frame I:23    Avg QP:16.49  size: 41250
[libx264 @ 000001a0d93feb80] frame P:1083  Avg QP:21.26  size:  6648
[libx264 @ 000001a0d93feb80] frame B:2173  Avg QP:22.28  size:  1198
[libx264 @ 000001a0d93feb80] consecutive B-frames:  8.3%  8.1%  5.7% 78.0%
[libx264 @ 000001a0d93feb80] mb I  I16..4: 32.7% 56.2% 11.1%
[libx264 @ 000001a0d93feb80] mb P  I16..4:  1.9%  3.3%  0.7%  P16..4: 20.7%  7.8%  5.0%  0.0%  0.0%    skip:60.6%
[libx264 @ 000001a0d93feb80] mb B  I16..4:  0.2%  0.2%  0.0%  B16..8: 22.1%  1.4%  0.1%  direct: 0.7%  skip:75.2%  L0:46.7% L1:49.7% BI: 3.6%
[libx264 @ 000001a0d93feb80] 8x8 transform intra:54.7% inter:79.6%
[libx264 @ 000001a0d93feb80] coded y,uvDC,uvAC intra: 32.8% 28.0% 8.8% inter: 5.8% 4.0% 0.1%
[libx264 @ 000001a0d93feb80] i16 v,h,dc,p: 52% 39%  4%  5%
[libx264 @ 000001a0d93feb80] i8 v,h,dc,ddl,ddr,vr,hd,vl,hu: 23% 12% 40%  3%  5%  6%  4%  4%  4%
[libx264 @ 000001a0d93feb80] i4 v,h,dc,ddl,ddr,vr,hd,vl,hu: 31% 23% 16%  3%  6%  7%  6%  4%  4%
[libx264 @ 000001a0d93feb80] i8c dc,h,v,p: 76% 11% 11%  2%
[libx264 @ 000001a0d93feb80] Weighted P-Frames: Y:2.1% UV:0.6%
[libx264 @ 000001a0d93feb80] ref P L0: 61.5% 17.2% 13.2%  8.0%  0.0%
[libx264 @ 000001a0d93feb80] ref B L0: 83.4% 12.8%  3.8%
[libx264 @ 000001a0d93feb80] ref B L1: 95.3%  4.7%
[libx264 @ 000001a0d93feb80] kb/s:786.25
[aac @ 000001a0d92ba8c0] Qavg: 691.576
Saturday, September 28, 2024 8:07:24 AM
Saturday, September 28, 2024 8:07:26 AM
Saturday, September 28, 2024 8:07:26 AM

PS C:\Users\kushal\src\myhtml\fromnepal\public\notes> cd "C:\Users\kushal\src\mylogging\"; date; git add .; date; git commit --message "add all files" --message "from the terminal"; date; $imageUrl = "https://cdn.star.nesdis.noaa.gov/GOES16/ABI/FD/GEOCOLOR/10848x10848.jpg"; $outputPath = "C:\Users\kushal\src\myhtml\fromnepal\public\notes\earth.jpeg"; date; Invoke-WebRequest -Uri $imageUrl -OutFile $outputPath; date; Write-Output "Image downloaded successfully to $outputPath"; date; cd "C:\Users\kushal\src\myhtml\fromnepal"; date; yarn; date; yarn run build; date; git add .; date; git status; date; git commit --message "build application" --message "from the terminal" --verbose; date; git pull --rebase origin main; date; git push origin main; date;

Saturday, September 28, 2024 8:08:02 AM
Saturday, September 28, 2024 8:08:02 AM
On branch main
nothing to commit, working tree clean
Saturday, September 28, 2024 8:08:03 AM
Saturday, September 28, 2024 8:08:03 AM
Saturday, September 28, 2024 8:08:03 AM
Image downloaded successfully to C:\Users\kushal\src\myhtml\fromnepal\public\notes\earth.jpeg
Saturday, September 28, 2024 8:08:03 AM
Saturday, September 28, 2024 8:08:03 AM
yarn install v1.22.21
[1/4] Resolving packages...
success Already up-to-date.
Done in 0.07s.
Saturday, September 28, 2024 8:08:04 AM
yarn run v1.22.21
$ tsc && vite build
vite v5.4.8 building for production...
✓ 5 modules transformed.
docs/index.html                 0.53 kB │ gzip: 0.32 kB
docs/assets/index-DYhv0y2B.css  4.60 kB │ gzip: 1.63 kB
docs/assets/index-DlmTeNAq.js   2.94 kB │ gzip: 1.31 kB
✓ built in 544ms
Done in 1.43s.
Saturday, September 28, 2024 8:08:05 AM
warning: in the working copy of 'docs/assets/index-DYhv0y2B.css', LF will be replaced by CRLF the next time Git touches it
warning: in the working copy of 'docs/assets/index-DlmTeNAq.js', LF will be replaced by CRLF the next time Git touches it
warning: in the working copy of 'docs/index.html', LF will be replaced by CRLF the next time Git touches it
Saturday, September 28, 2024 8:08:08 AM
On branch main
Your branch is up to date with 'origin/main'.

Changes to be committed:
  (use "git restore --staged <file>..." to unstage)
        new file:   docs/notes/2024/09/28/polls-harris-trump-ohio-michigan-wisconsin.txt
        modified:   docs/powershell.txt
        new file:   public/notes/2024/09/28/polls-harris-trump-ohio-michigan-wisconsin.txt
        modified:   public/powershell.txt

Saturday, September 28, 2024 8:08:08 AM
[main 2567100] build application
 4 files changed, 662 insertions(+)
 create mode 100644 docs/notes/2024/09/28/polls-harris-trump-ohio-michigan-wisconsin.txt
 create mode 100644 public/notes/2024/09/28/polls-harris-trump-ohio-michigan-wisconsin.txt
Saturday, September 28, 2024 8:08:08 AM
From github.com:fromnepal/fromnepal.github.io
 * branch            main       -> FETCH_HEAD
Current branch main is up to date.
Saturday, September 28, 2024 8:08:09 AM
Enumerating objects: 18, done.
Counting objects: 100% (18/18), done.
Delta compression using up to 16 threads
Compressing objects: 100% (10/10), done.
Writing objects: 100% (10/10), 8.89 KiB | 4.45 MiB/s, done.
Total 10 (delta 5), reused 0 (delta 0), pack-reused 0 (from 0)
remote: Resolving deltas: 100% (5/5), completed with 5 local objects.
To github.com:fromnepal/fromnepal.github.io.git
   4981e28..2567100  main -> main
Saturday, September 28, 2024 8:08:10 AM

PS C:\Users\kushal\src\myhtml\fromnepal> cd "C:\Users\kushal\src\mylogging\"; date; git add .; date; git commit --message "add all files" --message "from the terminal"; date; $imageUrl = "https://cdn.star.nesdis.noaa.gov/GOES16/ABI/FD/GEOCOLOR/10848x10848.jpg"; $outputPath = "C:\Users\kushal\src\myhtml\fromnepal\public\notes\earth.jpeg"; date; Invoke-WebRequest -Uri $imageUrl -OutFile $outputPath; date; Write-Output "Image downloaded successfully to $outputPath"; date; cd "C:\Users\kushal\src\myhtml\fromnepal"; date; yarn; date; yarn run build; date; git
 add .; date; git status; date; git commit --message "build application" --message "from the terminal" --verbose; date; git pull --rebase origin main; date; git push origin main; date;

Saturday, September 28, 2024 8:13:17 AM
Saturday, September 28, 2024 8:13:17 AM
On branch main
nothing to commit, working tree clean
Saturday, September 28, 2024 8:13:17 AM
Saturday, September 28, 2024 8:13:17 AM
Saturday, September 28, 2024 8:13:18 AM
Image downloaded successfully to C:\Users\kushal\src\myhtml\fromnepal\public\notes\earth.jpeg
Saturday, September 28, 2024 8:13:18 AM
Saturday, September 28, 2024 8:13:18 AM
yarn install v1.22.21
[1/4] Resolving packages...
success Already up-to-date.
Done in 0.06s.
Saturday, September 28, 2024 8:13:18 AM
yarn run v1.22.21
$ tsc && vite build
vite v5.4.8 building for production...
✓ 5 modules transformed.
docs/index.html                 0.53 kB │ gzip: 0.32 kB
docs/assets/index-DYhv0y2B.css  4.60 kB │ gzip: 1.63 kB
docs/assets/index-DlmTeNAq.js   2.94 kB │ gzip: 1.31 kB
✓ built in 548ms
Done in 1.43s.
Saturday, September 28, 2024 8:13:19 AM
warning: in the working copy of 'docs/assets/index-DYhv0y2B.css', LF will be replaced by CRLF the next time Git touches it
warning: in the working copy of 'docs/assets/index-DlmTeNAq.js', LF will be replaced by CRLF the next time Git touches it
warning: in the working copy of 'docs/index.html', LF will be replaced by CRLF the next time Git touches it
Saturday, September 28, 2024 8:13:22 AM
On branch main
Your branch is up to date with 'origin/main'.

Changes to be committed:
  (use "git restore --staged <file>..." to unstage)
        new file:   docs/notes/2024/09/28/polls-harris-trump-ohio-michigan-wisconsin.html
        modified:   docs/notes/2024/09/28/polls-harris-trump-ohio-michigan-wisconsin.txt
        new file:   docs/notes/2024/09/28/sample.html
        modified:   docs/powershell.txt
        new file:   public/notes/2024/09/28/polls-harris-trump-ohio-michigan-wisconsin.html
        modified:   public/notes/2024/09/28/polls-harris-trump-ohio-michigan-wisconsin.txt
        new file:   public/notes/2024/09/28/sample.html
        modified:   public/powershell.txt

Saturday, September 28, 2024 8:13:22 AM
[main 7b09a08] build application
 8 files changed, 718 insertions(+), 192 deletions(-)
 create mode 100644 docs/notes/2024/09/28/polls-harris-trump-ohio-michigan-wisconsin.html
 create mode 100644 docs/notes/2024/09/28/sample.html
 create mode 100644 public/notes/2024/09/28/polls-harris-trump-ohio-michigan-wisconsin.html
 create mode 100644 public/notes/2024/09/28/sample.html
Saturday, September 28, 2024 8:13:22 AM
From github.com:fromnepal/fromnepal.github.io
 * branch            main       -> FETCH_HEAD
Current branch main is up to date.
Saturday, September 28, 2024 8:13:23 AM
Enumerating objects: 21, done.
Counting objects: 100% (21/21), done.
Delta compression using up to 16 threads
Compressing objects: 100% (12/12), done.
Writing objects: 100% (12/12), 6.65 KiB | 6.65 MiB/s, done.
Total 12 (delta 7), reused 0 (delta 0), pack-reused 0 (from 0)
remote: Resolving deltas: 100% (7/7), completed with 6 local objects.
To github.com:fromnepal/fromnepal.github.io.git
   2567100..7b09a08  main -> main
Saturday, September 28, 2024 8:13:24 AM

PS C:\Users\kushal\src\myhtml\fromnepal> cd "C:\Users\kushal\src\mylogging\"; date; git add .; date; git commit --message "add all files" --message "from the terminal"; date; $imageUrl = "https://cdn.star.nesdis.noaa.gov/GOES16/ABI/FD/GEOCOLOR/10848x10848.jpg"; $outputPath = "C:\Users\kushal\src\myhtml\fromnepal\public\notes\earth.jpeg"; date; Invoke-WebRequest -Uri $imageUrl -OutFile $outputPath; date; Write-Output "Image downloaded successfully to $outputPath"; date; cd "C:\Users\kushal\src\myhtml\fromnepal"; date; yarn; date; yarn run build; date; git
 add .; date; git status; date; git commit --message "build application" --message "from the terminal" --verbose; date; git pull --rebase origin main; date; git push origin main; date;

Saturday, September 28, 2024 8:21:02 AM
Saturday, September 28, 2024 8:21:02 AM
On branch main
nothing to commit, working tree clean
Saturday, September 28, 2024 8:21:03 AM
Saturday, September 28, 2024 8:21:03 AM
Saturday, September 28, 2024 8:21:07 AM
Image downloaded successfully to C:\Users\kushal\src\myhtml\fromnepal\public\notes\earth.jpeg
Saturday, September 28, 2024 8:21:07 AM
Saturday, September 28, 2024 8:21:07 AM
yarn install v1.22.21
[1/4] Resolving packages...
success Already up-to-date.
Done in 0.07s.
Saturday, September 28, 2024 8:21:07 AM
yarn run v1.22.21
$ tsc && vite build
vite v5.4.8 building for production...
✓ 5 modules transformed.
docs/index.html                 0.53 kB │ gzip: 0.32 kB
docs/assets/index-DYhv0y2B.css  4.60 kB │ gzip: 1.63 kB
docs/assets/index-DlmTeNAq.js   2.94 kB │ gzip: 1.31 kB
✓ built in 552ms
Done in 1.43s.
Saturday, September 28, 2024 8:21:09 AM
warning: in the working copy of 'docs/assets/index-DYhv0y2B.css', LF will be replaced by CRLF the next time Git touches it
warning: in the working copy of 'docs/assets/index-DlmTeNAq.js', LF will be replaced by CRLF the next time Git touches it
warning: in the working copy of 'docs/index.html', LF will be replaced by CRLF the next time Git touches it
Saturday, September 28, 2024 8:21:12 AM
On branch main
Your branch is up to date with 'origin/main'.

Changes to be committed:
  (use "git restore --staged <file>..." to unstage)
        modified:   docs/notes/2024/09/28/polls-harris-trump-ohio-michigan-wisconsin.txt
        modified:   docs/notes/earth.jpeg
        modified:   docs/powershell.txt
        modified:   public/notes/2024/09/28/polls-harris-trump-ohio-michigan-wisconsin.txt
        modified:   public/notes/earth.jpeg
        modified:   public/powershell.txt

Saturday, September 28, 2024 8:21:12 AM
[main af96497] build application
 6 files changed, 166 insertions(+), 2 deletions(-)
Saturday, September 28, 2024 8:21:12 AM
From github.com:fromnepal/fromnepal.github.io
 * branch            main       -> FETCH_HEAD
Current branch main is up to date.
Saturday, September 28, 2024 8:21:13 AM
Enumerating objects: 21, done.
Counting objects: 100% (21/21), done.
Delta compression using up to 16 threads
Compressing objects: 100% (11/11), done.
Writing objects: 100% (11/11), 12.31 MiB | 9.05 MiB/s, done.
Total 11 (delta 7), reused 0 (delta 0), pack-reused 0 (from 0)
remote: Resolving deltas: 100% (7/7), completed with 7 local objects.
To github.com:fromnepal/fromnepal.github.io.git
   7b09a08..af96497  main -> main
Saturday, September 28, 2024 8:21:16 AM

PS C:\Users\kushal\src\myhtml\fromnepal> cd "C:\Users\kushal\src\mylogging\"; date; git add .; date; git commit --message "add all files" --message "from the terminal"; date; $imageUrl = "https://cdn.star.nesdis.noaa.gov/GOES16/ABI/FD/GEOCOLOR/10848x10848.jpg"; $outputPath = "C:\Users\kushal\src\myhtml\fromnepal\public\notes\earth.jpeg"; date; Invoke-WebRequest -Uri $imageUrl -OutFile $outputPath; date; Write-Output "Image downloaded successfully to $outputPath"; date; cd "C:\Users\kushal\src\myhtml\fromnepal"; date; yarn; date; yarn run build; date; git
 add .; date; git status; date; git commit --message "build application" --message "from the terminal" --verbose; date; git pull --rebase origin main; date; git push origin main; date;

Saturday, September 28, 2024 4:55:25 PM
Saturday, September 28, 2024 4:55:25 PM
On branch main
nothing to commit, working tree clean
Saturday, September 28, 2024 4:55:25 PM
Saturday, September 28, 2024 4:55:25 PM
Saturday, September 28, 2024 4:55:28 PM
Image downloaded successfully to C:\Users\kushal\src\myhtml\fromnepal\public\notes\earth.jpeg
Saturday, September 28, 2024 4:55:28 PM
Saturday, September 28, 2024 4:55:28 PM
yarn install v1.22.21
[1/4] Resolving packages...
success Already up-to-date.
Done in 0.09s.
Saturday, September 28, 2024 4:55:28 PM
yarn run v1.22.21
$ tsc && vite build
vite v5.4.8 building for production...
✓ 5 modules transformed.
docs/index.html                 0.53 kB │ gzip: 0.32 kB
docs/assets/index-DYhv0y2B.css  4.60 kB │ gzip: 1.63 kB
docs/assets/index-DlmTeNAq.js   2.94 kB │ gzip: 1.31 kB
✓ built in 678ms
Done in 2.47s.
Saturday, September 28, 2024 4:55:31 PM
warning: in the working copy of 'docs/assets/index-DYhv0y2B.css', LF will be replaced by CRLF the next time Git touches it
warning: in the working copy of 'docs/assets/index-DlmTeNAq.js', LF will be replaced by CRLF the next time Git touches it
warning: in the working copy of 'docs/index.html', LF will be replaced by CRLF the next time Git touches it
Saturday, September 28, 2024 4:55:35 PM
On branch main
Your branch is up to date with 'origin/main'.

Changes to be committed:
  (use "git restore --staged <file>..." to unstage)
        modified:   docs/notes/2024/09/28/polls-harris-trump-ohio-michigan-wisconsin.html
        modified:   docs/notes/2024/09/28/polls-harris-trump-ohio-michigan-wisconsin.txt
        modified:   docs/notes/earth.jpeg
        modified:   docs/powershell.txt
        modified:   public/notes/2024/09/28/polls-harris-trump-ohio-michigan-wisconsin.html
        modified:   public/notes/2024/09/28/polls-harris-trump-ohio-michigan-wisconsin.txt
        modified:   public/notes/earth.jpeg
        modified:   public/powershell.txt

Saturday, September 28, 2024 4:55:36 PM
[main 815151b] build application
 8 files changed, 134 insertions(+), 4 deletions(-)
Saturday, September 28, 2024 4:55:36 PM
From github.com:fromnepal/fromnepal.github.io
 * branch            main       -> FETCH_HEAD
Current branch main is up to date.
Saturday, September 28, 2024 4:55:37 PM
Enumerating objects: 23, done.
Counting objects: 100% (23/23), done.
Delta compression using up to 16 threads
Compressing objects: 100% (12/12), done.
Writing objects: 100% (12/12), 14.01 MiB | 7.72 MiB/s, done.
Total 12 (delta 9), reused 0 (delta 0), pack-reused 0 (from 0)
remote: Resolving deltas: 100% (9/9), completed with 9 local objects.
To github.com:fromnepal/fromnepal.github.io.git
   af96497..815151b  main -> main
Saturday, September 28, 2024 4:55:40 PM

PS C:\Users\kushal\src\myhtml\fromnepal> cd "C:\Users\kushal\src\mylogging\"; date; git add .; date; git commit --message "add all files" --message "from the terminal"; date; $imageUrl = "https://cdn.star.nesdis.noaa.gov/GOES16/ABI/FD/GEOCOLOR/10848x10848.jpg"; $outputPath = "C:\Users\kushal\src\myhtml\fromnepal\public\notes\earth.jpeg"; date; Invoke-WebRequest -Uri $imageUrl -OutFile $outputPath; date; Write-Output "Image downloaded successfully to $outputPath"; date; cd "C:\Users\kushal\src\myhtml\fromnepal"; date; yarn; date; yarn run build; date; git
 add .; date; git status; date; git commit --message "build application" --message "from the terminal" --verbose; date; git pull --rebase origin main; date; git push origin main; date;

Saturday, September 28, 2024 5:44:03 PM
Saturday, September 28, 2024 5:44:04 PM
On branch main
nothing to commit, working tree clean
Saturday, September 28, 2024 5:44:04 PM
Saturday, September 28, 2024 5:44:04 PM
Saturday, September 28, 2024 5:44:08 PM
Image downloaded successfully to C:\Users\kushal\src\myhtml\fromnepal\public\notes\earth.jpeg
Saturday, September 28, 2024 5:44:08 PM
Saturday, September 28, 2024 5:44:08 PM
yarn install v1.22.21
[1/4] Resolving packages...
success Already up-to-date.
Done in 0.09s.
Saturday, September 28, 2024 5:44:08 PM
yarn run v1.22.21
$ tsc && vite build
vite v5.4.8 building for production...
✓ 5 modules transformed.
docs/index.html                 0.53 kB │ gzip: 0.32 kB
docs/assets/index-DYhv0y2B.css  4.60 kB │ gzip: 1.63 kB
docs/assets/index-DlmTeNAq.js   2.94 kB │ gzip: 1.31 kB
✓ built in 661ms
Done in 2.22s.
Saturday, September 28, 2024 5:44:11 PM
warning: in the working copy of 'docs/assets/index-DYhv0y2B.css', LF will be replaced by CRLF the next time Git touches it
warning: in the working copy of 'docs/assets/index-DlmTeNAq.js', LF will be replaced by CRLF the next time Git touches it
warning: in the working copy of 'docs/index.html', LF will be replaced by CRLF the next time Git touches it
Saturday, September 28, 2024 5:44:15 PM
On branch main
Your branch is up to date with 'origin/main'.

Changes to be committed:
  (use "git restore --staged <file>..." to unstage)
        new file:   docs/notes/2024/09/28/openai.txt
        modified:   docs/notes/earth.jpeg
        modified:   docs/powershell.txt
        new file:   public/notes/2024/09/28/openai.txt
        modified:   public/notes/earth.jpeg
        modified:   public/powershell.txt

Saturday, September 28, 2024 5:44:15 PM
[main 43b279d] build application
 6 files changed, 396 insertions(+)
 create mode 100644 docs/notes/2024/09/28/openai.txt
 create mode 100644 public/notes/2024/09/28/openai.txt
Saturday, September 28, 2024 5:44:15 PM
From github.com:fromnepal/fromnepal.github.io
 * branch            main       -> FETCH_HEAD
Current branch main is up to date.
Saturday, September 28, 2024 5:44:16 PM
Enumerating objects: 20, done.
Counting objects: 100% (20/20), done.
Delta compression using up to 16 threads
Compressing objects: 100% (11/11), done.
Writing objects: 100% (11/11), 12.94 MiB | 8.13 MiB/s, done.
Total 11 (delta 7), reused 0 (delta 0), pack-reused 0 (from 0)
remote: Resolving deltas: 100% (7/7), completed with 7 local objects.
To github.com:fromnepal/fromnepal.github.io.git
   815151b..43b279d  main -> main
Saturday, September 28, 2024 5:44:19 PM

PS C:\Users\kushal\src\myhtml\fromnepal> cd "C:\Users\kushal\src\mylogging\"; date; git add .; date; git commit --message "add all files" --message "from the terminal"; date; $imageUrl = "https://cdn.star.nesdis.noaa.gov/GOES16/ABI/FD/GEOCOLOR/10848x10848.jpg"; $outputPath = "C:\Users\kushal\src\myhtml\fromnepal\public\notes\earth.jpeg"; date; Invoke-WebRequest -Uri $imageUrl -OutFile $outputPath; date; Write-Output "Image downloaded successfully to $outputPath"; date; cd "C:\Users\kushal\src\myhtml\fromnepal"; date; yarn; date; yarn run build; date; git
 add .; date; git status; date; git commit --message "build application" --message "from the terminal" --verbose; date; git pull --rebase origin main; date; git push origin main; date;
