PowerShell 7.4.2

   A new PowerShell stable release is available: v7.4.3
   Upgrade now, or check out the release page at:
     https://aka.ms/PowerShell-Release?tag=v7.4.3

PS C:\Users\kushal> cd "C:\Users\kushal\src\myhtml\fromnepal"; date; yarn; date; yarn run build; date; git add .; date; git commit --message "build application" --message "from the terminal"; date; git pull --rebase origin main; date; git push origin main; date;

Thursday, July 11, 2024 4:21:20 AM
yarn install v1.22.21
[1/4] Resolving packages...
success Already up-to-date.
Done in 0.14s.
Thursday, July 11, 2024 4:21:20 AM
yarn run v1.22.21
$ tsc && vite build
vite v5.2.13 building for production...
✓ 5 modules transformed.
docs/index.html                 0.53 kB │ gzip: 0.32 kB
docs/assets/index-DYhv0y2B.css  4.60 kB │ gzip: 1.63 kB
docs/assets/index-BUJcqj8w.js   4.81 kB │ gzip: 2.11 kB
✓ built in 143ms
Done in 2.38s.
Thursday, July 11, 2024 4:21:23 AM
warning: in the working copy of 'docs/assets/index-BUJcqj8w.js', LF will be replaced by CRLF the next time Git touches it
warning: in the working copy of 'docs/assets/index-DYhv0y2B.css', LF will be replaced by CRLF the next time Git touches it
warning: in the working copy of 'docs/index.html', LF will be replaced by CRLF the next time Git touches it
Thursday, July 11, 2024 4:21:23 AM
On branch main
Your branch is up to date with 'origin/main'.

nothing to commit, working tree clean
Thursday, July 11, 2024 4:21:23 AM
From github.com:fromnepal/fromnepal.github.io
 * branch            main       -> FETCH_HEAD
Already up to date.
Thursday, July 11, 2024 4:21:24 AM
Everything up-to-date
Thursday, July 11, 2024 4:21:25 AM

PS C:\Users\kushal\src\myhtml\fromnepal> cd "C:\Users\kushal\AppData\Local\Firefox Developer Edition"; .\firefox.exe --start-debugger-server 6000 -new-tab about:debugging
PS C:\Users\kushal\AppData\Local\Firefox Developer Edition> cd "C:\Users\kushal\src\angular\angulareighteen\"; date; git fetch; date; git status; date; date; git add .; git commit --message "add all files" --message "update from terminal"; date; git pull --rebase origin master; date; git push origin master; date; yarn run ng update; date; yarn run ng build; date; yarn run ng test; date; yarn run ng update @angular/core @angular/cli @angular/cdk @angular/material; date; git add .; git commit --message "add all files" --message "update from terminal"; date; git pull --rebase origin master; date; git push origin master; date;

Thursday, July 11, 2024 4:21:44 AM
Thursday, July 11, 2024 4:21:45 AM
On branch master
Your branch is up to date with 'origin/master'.

nothing to commit, working tree clean
Thursday, July 11, 2024 4:21:45 AM
Thursday, July 11, 2024 4:21:45 AM
On branch master
Your branch is up to date with 'origin/master'.

nothing to commit, working tree clean
Thursday, July 11, 2024 4:21:45 AM
From github.com:angulareighteen/angulareighteen.github.io
 * branch            master     -> FETCH_HEAD
Already up to date.
Thursday, July 11, 2024 4:21:45 AM
Everything up-to-date
Thursday, July 11, 2024 4:21:46 AM
yarn run v1.22.21
$ ng update
Unknown error: Error [ERR_REQUIRE_ESM]: require() of ES Module C:\Users\kushal\src\angular\angulareighteen\node_modules\string-width\index.js from C:\Users\kushal\src\angular\angulareighteen\node_modules\cliui\build\index.cjs not supported.
Instead change the require of index.js in C:\Users\kushal\src\angular\angulareighteen\node_modules\cliui\build\index.cjs to a dynamic import() which is available in all CommonJS modules.
error Command failed with exit code 127.
info Visit https://yarnpkg.com/en/docs/cli/run for documentation about this command.
Thursday, July 11, 2024 4:21:49 AM
yarn run v1.22.21
$ ng build
Unknown error: Error [ERR_REQUIRE_ESM]: require() of ES Module C:\Users\kushal\src\angular\angulareighteen\node_modules\string-width\index.js from C:\Users\kushal\src\angular\angulareighteen\node_modules\cliui\build\index.cjs not supported.
Instead change the require of index.js in C:\Users\kushal\src\angular\angulareighteen\node_modules\cliui\build\index.cjs to a dynamic import() which is available in all CommonJS modules.
error Command failed with exit code 127.
info Visit https://yarnpkg.com/en/docs/cli/run for documentation about this command.
Thursday, July 11, 2024 4:21:50 AM
yarn run v1.22.21
$ ng test
Unknown error: Error [ERR_REQUIRE_ESM]: require() of ES Module C:\Users\kushal\src\angular\angulareighteen\node_modules\string-width\index.js from C:\Users\kushal\src\angular\angulareighteen\node_modules\cliui\build\index.cjs not supported.
Instead change the require of index.js in C:\Users\kushal\src\angular\angulareighteen\node_modules\cliui\build\index.cjs to a dynamic import() which is available in all CommonJS modules.
error Command failed with exit code 127.
info Visit https://yarnpkg.com/en/docs/cli/run for documentation about this command.
Thursday, July 11, 2024 4:21:50 AM
yarn run v1.22.21
$ ng update @angular/core @angular/cli @angular/cdk @angular/material
Unknown error: Error [ERR_REQUIRE_ESM]: require() of ES Module C:\Users\kushal\src\angular\angulareighteen\node_modules\string-width\index.js from C:\Users\kushal\src\angular\angulareighteen\node_modules\cliui\build\index.cjs not supported.
Instead change the require of index.js in C:\Users\kushal\src\angular\angulareighteen\node_modules\cliui\build\index.cjs to a dynamic import() which is available in all CommonJS modules.
error Command failed with exit code 127.
info Visit https://yarnpkg.com/en/docs/cli/run for documentation about this command.
Thursday, July 11, 2024 4:21:51 AM
On branch master
Your branch is up to date with 'origin/master'.

nothing to commit, working tree clean
Thursday, July 11, 2024 4:21:51 AM
From github.com:angulareighteen/angulareighteen.github.io
 * branch            master     -> FETCH_HEAD
Already up to date.
Thursday, July 11, 2024 4:21:51 AM
Everything up-to-date
Thursday, July 11, 2024 4:21:52 AM

PS C:\Users\kushal\src\angular\angulareighteen> date; git clean -dfx; date;

Thursday, July 11, 2024 4:23:06 AM
Removing .angular/
Removing node_modules/
Thursday, July 11, 2024 4:23:11 AM

PS C:\Users\kushal\src\angular\angulareighteen> cd "C:\Users\kushal\src\angular\angulareighteen\"; date; git fetch; date; git status; date; date; git add .; git commit --message "add all files" --message "update from terminal"; date; git pull --rebase origin master; date; git push origin master; date; yarn run ng update; date; yarn run ng build; date; yarn run ng test; date; yarn run ng update @angular/core @angular/cli @angular/cdk @angular/material; date; git add .; git commit --message "add all files" --message "update from terminal"; date; git pull --rebase origin master; date; git push origin master; date;

Thursday, July 11, 2024 4:23:15 AM
Thursday, July 11, 2024 4:23:16 AM
On branch master
Your branch is up to date with 'origin/master'.

nothing to commit, working tree clean
Thursday, July 11, 2024 4:23:16 AM
Thursday, July 11, 2024 4:23:16 AM
On branch master
Your branch is up to date with 'origin/master'.

nothing to commit, working tree clean
Thursday, July 11, 2024 4:23:16 AM
From github.com:angulareighteen/angulareighteen.github.io
 * branch            master     -> FETCH_HEAD
Already up to date.
Thursday, July 11, 2024 4:23:17 AM
Everything up-to-date
Thursday, July 11, 2024 4:23:17 AM
yarn run v1.22.21
$ ng update
Using package manager: yarn
Collecting installed dependencies...
Found 0 dependencies.
    We analyzed your package.json, there are some packages to update:

      Name                               Version                  Command to update
     --------------------------------------------------------------------------------
      @angular/cdk                       18.0.6 -> 18.1.0         ng update @angular/cdk
      @angular/material                  18.0.6 -> 18.1.0         ng update @angular/material

    There might be additional packages which don't provide 'ng update' capabilities that are outdated.
    You can update the additional packages by running the update command of your package manager.
Done in 6.67s.
Thursday, July 11, 2024 4:23:24 AM
yarn run v1.22.21
$ ng build
Node packages may not be installed. Try installing with 'yarn install'.
Error: Could not find the '@angular-devkit/build-angular:application' builder's node package.
error Command failed with exit code 1.
info Visit https://yarnpkg.com/en/docs/cli/run for documentation about this command.
Thursday, July 11, 2024 4:23:25 AM
yarn run v1.22.21
$ ng test
Node packages may not be installed. Try installing with 'yarn install'.
Error: Could not find the '@angular-devkit/build-angular:karma' builder's node package.
error Command failed with exit code 1.
info Visit https://yarnpkg.com/en/docs/cli/run for documentation about this command.
Thursday, July 11, 2024 4:23:25 AM
yarn run v1.22.21
$ ng update @angular/core @angular/cli @angular/cdk @angular/material
The installed Angular CLI version is outdated.
Installing a temporary Angular CLI versioned 18.1.0 to perform the update.
✔ Packages successfully installed.
Using package manager: yarn
Collecting installed dependencies...
Found 0 dependencies.
Package '@angular/core' is not a dependency.
error Command failed with exit code 1.
info Visit https://yarnpkg.com/en/docs/cli/run for documentation about this command.
Thursday, July 11, 2024 4:23:34 AM
On branch master
Your branch is up to date with 'origin/master'.

nothing to commit, working tree clean
Thursday, July 11, 2024 4:23:34 AM
From github.com:angulareighteen/angulareighteen.github.io
 * branch            master     -> FETCH_HEAD
Already up to date.
Thursday, July 11, 2024 4:23:35 AM
Everything up-to-date
Thursday, July 11, 2024 4:23:35 AM

PS C:\Users\kushal\src\angular\angulareighteen> yarn run ng update; date; yarn run ng build; date;
yarn run v1.22.21
$ ng update
Using package manager: yarn
Collecting installed dependencies...
Found 0 dependencies.
    We analyzed your package.json, there are some packages to update:

      Name                               Version                  Command to update
     --------------------------------------------------------------------------------
      @angular/cdk                       18.0.6 -> 18.1.0         ng update @angular/cdk
      @angular/material                  18.0.6 -> 18.1.0         ng update @angular/material

    There might be additional packages which don't provide 'ng update' capabilities that are outdated.
    You can update the additional packages by running the update command of your package manager.
Done in 1.35s.

Thursday, July 11, 2024 4:24:30 AM
yarn run v1.22.21
$ ng build
Node packages may not be installed. Try installing with 'yarn install'.
Error: Could not find the '@angular-devkit/build-angular:application' builder's node package.
error Command failed with exit code 1.
info Visit https://yarnpkg.com/en/docs/cli/run for documentation about this command.
Thursday, July 11, 2024 4:24:31 AM

PS C:\Users\kushal\src\angular\angulareighteen> date; scoop status; date; scoop bucket rm main; date; scoop bucket add main; date; scoop bucket rm extras; date; scoop bucket add extras; date; scoop status; date; scoop update; date; scoop update *; date; scoop cache show; date; scoop cache rm *; date; scoop status; date;

Thursday, July 11, 2024 4:29:17 AM
WARN  Scoop bucket(s) out of date. Run 'scoop update' to get the latest changes.
Thursday, July 11, 2024 4:29:18 AM
The main bucket was removed successfully.
Thursday, July 11, 2024 4:29:19 AM
Checking repo... OK
The main bucket was added successfully.
Thursday, July 11, 2024 4:29:24 AM
The extras bucket was removed successfully.
Thursday, July 11, 2024 4:29:25 AM
Checking repo... OK
The extras bucket was added successfully.
Thursday, July 11, 2024 4:29:33 AM
Scoop is up to date.

Name                 : podman
Installed Version    : 5.1.1
Latest Version       : 5.1.2
Missing Dependencies :
Info                 :

Thursday, July 11, 2024 4:29:34 AM
Updating Scoop...
Updating Buckets...
Scoop was updated successfully!
Thursday, July 11, 2024 4:29:42 AM
podman: 5.1.1 -> 5.1.2
Updating one outdated app:
Updating 'podman' (5.1.1 -> 5.1.2)
Downloading new version
podman-5.1.2-setup.exe (32.2 MB) [=====================================================================================================================================================================] 100%
Checking hash of podman-5.1.2-setup.exe ... ok.
Uninstalling 'podman' (5.1.1)
Removing shim 'podman.shim'.
Removing shim 'podman.exe'.
Unlinking ~\scoop\apps\podman\current
Installing 'podman' (5.1.2) [64bit] from 'main' bucket
Loading podman-5.1.2-setup.exe from cache
Running installer script...done.
Linking ~\scoop\apps\podman\current => ~\scoop\apps\podman\5.1.2
Creating shim for 'podman'.
'podman' (5.1.2) was installed successfully!
Thursday, July 11, 2024 4:29:47 AM

Name    : podman
Version : 5.1.2
Length  : 33766752

Total: 1 file, 32.2 MB
Thursday, July 11, 2024 4:29:47 AM
Removing podman#5.1.2#d4ab78f.exe...
Deleted: 1 file, 32.2 MB
Thursday, July 11, 2024 4:29:47 AM
Scoop is up to date.
Everything is ok!
Thursday, July 11, 2024 4:29:48 AM

PS C:\Users\kushal\src\angular\angulareighteen> date; yarn run ng new; date;

Thursday, July 11, 2024 4:30:16 AM
yarn run v1.22.21
error Couldn't find a package.json file in "C:\\Users\\kushal\\src\\angular\\angulareighteen"
info Visit https://yarnpkg.com/en/docs/cli/run for documentation about this command.
Thursday, July 11, 2024 4:30:17 AM

PS C:\Users\kushal\src\angular\angulareighteen> date; ng new; date;

Thursday, July 11, 2024 4:30:31 AM
? What name would you like to use for the new workspace and initial project? Angular Eighteen
? Which stylesheet format would you like to use? Sass (SCSS)     [ https://sass-lang.com/documentation/syntax#scss                ]
? Do you want to enable Server-Side Rendering (SSR) and Static Site Generation (SSG/Prerendering)? No
Schematic input does not validate against the Schema: {"projectRoot":"","name":"Angular Eighteen","prefix":"app","style":"scss","skipTests":false,"skipPackageJson":false,"skipInstall":true,"strict":true,"minimal":false,"standalone":true,"ssr":false}
Errors:

  Data path "/name" must match pattern "^(?:@[a-zA-Z0-9-*~][a-zA-Z0-9-*._~]*/)?[a-zA-Z0-9-~][a-zA-Z0-9-._~]*$".
Thursday, July 11, 2024 4:31:11 AM

PS C:\Users\kushal\src\angular\angulareighteen> date; ng new; date;

Thursday, July 11, 2024 4:31:20 AM
? What name would you like to use for the new workspace and initial project? AngularEighteen
? Which stylesheet format would you like to use? Sass (SCSS)     [ https://sass-lang.com/documentation/syntax#scss                ]
? Do you want to enable Server-Side Rendering (SSR) and Static Site Generation (SSG/Prerendering)? No
CREATE AngularEighteen/angular.json (2903 bytes)
CREATE AngularEighteen/package.json (1085 bytes)
CREATE AngularEighteen/README.md (1103 bytes)
CREATE AngularEighteen/tsconfig.json (1054 bytes)
CREATE AngularEighteen/.editorconfig (290 bytes)
CREATE AngularEighteen/.gitignore (629 bytes)
CREATE AngularEighteen/tsconfig.app.json (439 bytes)
CREATE AngularEighteen/tsconfig.spec.json (449 bytes)
CREATE AngularEighteen/.vscode/extensions.json (134 bytes)
CREATE AngularEighteen/.vscode/launch.json (490 bytes)
CREATE AngularEighteen/.vscode/tasks.json (980 bytes)
CREATE AngularEighteen/src/main.ts (256 bytes)
CREATE AngularEighteen/src/index.html (314 bytes)
CREATE AngularEighteen/src/styles.scss (81 bytes)
CREATE AngularEighteen/src/app/app.component.html (20239 bytes)
CREATE AngularEighteen/src/app/app.component.spec.ts (972 bytes)
CREATE AngularEighteen/src/app/app.component.ts (325 bytes)
CREATE AngularEighteen/src/app/app.component.scss (0 bytes)
CREATE AngularEighteen/src/app/app.config.ts (318 bytes)
CREATE AngularEighteen/src/app/app.routes.ts (80 bytes)
CREATE AngularEighteen/public/favicon.ico (15086 bytes)
⠸ Installing packages (npm)...
PS C:\Users\kushal\src\angular\angulareighteen> ng new AngularEighteen --directory ./ --packageManager yarn
Error: Unknown argument: packageManager
PS C:\Users\kushal\src\angular\angulareighteen> ng new AngularEighteen --directory ./ --package-manager yarn
? Which stylesheet format would you like to use? Sass (SCSS)     [ https://sass-lang.com/documentation/syntax#scss                ]
? Do you want to enable Server-Side Rendering (SSR) and Static Site Generation (SSG/Prerendering)? No
CREATE angular.json (2951 bytes)
CREATE package.json (1085 bytes)
CREATE README.md (1103 bytes)
CREATE tsconfig.json (1054 bytes)
CREATE .editorconfig (290 bytes)
CREATE .gitignore (629 bytes)
CREATE .vscode/extensions.json (134 bytes)
CREATE .vscode/launch.json (490 bytes)
CREATE .vscode/tasks.json (980 bytes)
CREATE src/app/app.component.html (20239 bytes)
CREATE src/app/app.component.spec.ts (972 bytes)
CREATE src/app/app.component.ts (325 bytes)
CREATE src/app/app.component.scss (0 bytes)
CREATE src/main.ts (256 bytes)
CREATE src/app/app.config.ts (318 bytes)
CREATE src/app/app.routes.ts (80 bytes)
CREATE tsconfig.app.json (439 bytes)
CREATE tsconfig.spec.json (449 bytes)
CREATE public/favicon.ico (15086 bytes)
CREATE src/index.html (314 bytes)
CREATE src/styles.scss (81 bytes)
✔ Packages installed successfully.
    Directory is already under version control. Skipping initialization of git.
PS C:\Users\kushal\src\angular\angulareighteen> yarn run ng update; date; yarn run ng build; date;
yarn run v1.22.21
$ ng update
Using package manager: yarn
Collecting installed dependencies...
Found 22 dependencies.
    We analyzed your package.json and everything seems to be in order. Good work!
Done in 7.01s.

Thursday, July 11, 2024 4:36:45 AM
yarn run v1.22.21
$ ng build
Initial chunk files   | Names         |  Raw size | Estimated transfer size
main-HLUBJGD7.js      | main          | 203.99 kB |                55.14 kB
polyfills-6EAL64PA.js | polyfills     |  34.23 kB |                11.13 kB
styles-5INURTSO.css   | styles        |   0 bytes |                 0 bytes

                      | Initial total | 238.22 kB |                66.27 kB

Output location: C:\Users\kushal\src\angular\angulareighteen\dist\angular-eighteen

Application bundle generation complete. [6.201 seconds]

Done in 9.53s.
Thursday, July 11, 2024 4:36:55 AM

PS C:\Users\kushal\src\angular\angulareighteen> yarn run ng generate config karma
yarn run v1.22.21
$ ng generate config karma
CREATE karma.conf.js (1364 bytes)
UPDATE angular.json (2996 bytes)
Done in 1.01s.
PS C:\Users\kushal\src\angular\angulareighteen> yarn add --dev karma-firefox-launcher
yarn add v1.22.21
[1/4] Resolving packages...
[2/4] Fetching packages...
warning Pattern ["wrap-ansi@^7.0.0"] is trying to unpack in the same destination "C:\\Users\\kushal\\AppData\\Local\\Yarn\\Cache\\v6\\npm-wrap-ansi-cjs-7.0.0-67e145cff510a6a6984bdf1152911d69d2eb9e43-integrity\\node_modules\\wrap-ansi-cjs" as pattern ["wrap-ansi-cjs@npm:wrap-ansi@^7.0.0"]. This could result in non-deterministic behavior, skipping.
[3/4] Linking dependencies...
[4/4] Building fresh packages...
success Saved lockfile.
success Saved 3 new dependencies.
info Direct dependencies
└─ karma-firefox-launcher@2.1.3
info All dependencies
├─ is-docker@2.2.1
├─ is-wsl@2.2.0
└─ karma-firefox-launcher@2.1.3
Done in 2.36s.
PS C:\Users\kushal\src\angular\angulareighteen> cd "C:\Users\kushal\src\angular\angulareighteen\"; date; git fetch; date; git status; date; date; git add .; git commit --message "add all files" --message "update from terminal"; date; git pull --rebase origin master; date; git push origin master; date; yarn run ng update; date; yarn run ng build; date; yarn run ng test; date; yarn run ng update @angular/core @angular/cli @angular/cdk @angular/material; date; git add .; git commit --message "add all files" --message "update from terminal"; date; git pull --rebase origin master; date; git push origin master; date;

Thursday, July 11, 2024 4:42:05 AM
Thursday, July 11, 2024 4:42:06 AM
On branch master
Your branch is ahead of 'origin/master' by 3 commits.
  (use "git push" to publish your local commits)

Changes not staged for commit:
  (use "git add <file>..." to update what will be committed)
  (use "git restore <file>..." to discard changes in working directory)
        modified:   karma.conf.js
        modified:   package.json
        modified:   yarn.lock

no changes added to commit (use "git add" and/or "git commit -a")
Thursday, July 11, 2024 4:42:06 AM
Thursday, July 11, 2024 4:42:06 AM
[master 06071fb] add all files
 3 files changed, 40 insertions(+), 4 deletions(-)
Thursday, July 11, 2024 4:42:06 AM
From github.com:angulareighteen/angulareighteen.github.io
 * branch            master     -> FETCH_HEAD
Current branch master is up to date.
Thursday, July 11, 2024 4:42:07 AM
Enumerating objects: 36, done.
Counting objects: 100% (36/36), done.
Delta compression using up to 16 threads
Compressing objects: 100% (22/22), done.
Writing objects: 100% (23/23), 11.11 KiB | 632.00 KiB/s, done.
Total 23 (delta 16), reused 0 (delta 0), pack-reused 0 (from 0)
remote: Resolving deltas: 100% (16/16), completed with 11 local objects.
remote:
remote: GitHub found 1 vulnerability on angulareighteen/angulareighteen.github.io's default branch (1 high). To find out more, visit:
remote:      https://github.com/angulareighteen/angulareighteen.github.io/security/dependabot/1
remote:
To github.com:angulareighteen/angulareighteen.github.io.git
   1d7210e..06071fb  master -> master
Thursday, July 11, 2024 4:42:08 AM
yarn run v1.22.21
$ ng update
Using package manager: yarn
Collecting installed dependencies...
Found 23 dependencies.
    We analyzed your package.json and everything seems to be in order. Good work!
Done in 1.26s.
Thursday, July 11, 2024 4:42:09 AM
yarn run v1.22.21
$ ng build
Initial chunk files   | Names         |  Raw size | Estimated transfer size
main-HLUBJGD7.js      | main          | 203.99 kB |                55.14 kB
polyfills-6EAL64PA.js | polyfills     |  34.23 kB |                11.13 kB
styles-5INURTSO.css   | styles        |   0 bytes |                 0 bytes

                      | Initial total | 238.22 kB |                66.27 kB

Output location: C:\Users\kushal\src\angular\angulareighteen\dist\angular-eighteen

Application bundle generation complete. [1.763 seconds]

Done in 2.49s.
Thursday, July 11, 2024 4:42:12 AM
yarn run v1.22.21
$ ng test
✔ Browser application bundle generation complete.
11 07 2024 04:42:31.979:INFO [karma-server]: Karma v6.4.3 server started at http://localhost:9876/
11 07 2024 04:42:31.981:INFO [launcher]: Launching browsers FirefoxHeadless with concurrency unlimited
11 07 2024 04:42:32.035:INFO [launcher]: Starting browser Firefox
11 07 2024 04:42:32.093:ERROR [launcher]: Cannot start Firefox


BROWSERBROWSERBROWSERBROWSER
  debug me @ 11484

*** You are running in headless mode.

11 07 2024 04:42:32.094:ERROR [launcher]: Firefox stdout:
11 07 2024 04:42:32.094:ERROR [launcher]: Firefox stderr:

BROWSERBROWSERBROWSERBROWSER
  debug me @ 11484

*** You are running in headless mode.

11 07 2024 04:42:32.096:INFO [launcher]: Trying to start Firefox again (1/2).
11 07 2024 04:42:33.082:INFO [Firefox 129.0 (Windows 10)]: Connected on socket _ndpNB4JTUriie0-AAAB with id 30561086
Firefox 129.0 (Windows 10): Executed 3 of 3 SUCCESS (0.083 secs / 0.077 secs)
TOTAL: 3 SUCCESS
Done in 21.95s.
Thursday, July 11, 2024 4:42:34 AM
yarn run v1.22.21
$ ng update @angular/core @angular/cli @angular/cdk @angular/material
Using package manager: yarn
Collecting installed dependencies...
Found 23 dependencies.
Package '@angular/cdk' is not a dependency.
error Command failed with exit code 1.
info Visit https://yarnpkg.com/en/docs/cli/run for documentation about this command.
Thursday, July 11, 2024 4:42:35 AM
On branch master
Your branch is up to date with 'origin/master'.

nothing to commit, working tree clean
Thursday, July 11, 2024 4:42:35 AM
From github.com:angulareighteen/angulareighteen.github.io
 * branch            master     -> FETCH_HEAD
Already up to date.
Thursday, July 11, 2024 4:42:36 AM
Everything up-to-date
Thursday, July 11, 2024 4:42:37 AM

PS C:\Users\kushal\src\angular\angulareighteen> date; yarn add ng add @angular/material; date;

Thursday, July 11, 2024 4:43:15 AM
yarn add v1.22.21
[1/4] Resolving packages...
[2/4] Fetching packages...
warning Pattern ["wrap-ansi@^7.0.0"] is trying to unpack in the same destination "C:\\Users\\kushal\\AppData\\Local\\Yarn\\Cache\\v6\\npm-wrap-ansi-cjs-7.0.0-67e145cff510a6a6984bdf1152911d69d2eb9e43-integrity\\node_modules\\wrap-ansi-cjs" as pattern ["wrap-ansi-cjs@npm:wrap-ansi@^7.0.0"]. This could result in non-deterministic behavior, skipping.
[3/4] Linking dependencies...
warning " > @angular/material@18.1.0" has unmet peer dependency "@angular/cdk@18.1.0".
[4/4] Building fresh packages...
success Saved lockfile.
success Saved 24 new dependencies.
info Direct dependencies
├─ @angular/material@18.1.0
├─ add@2.0.6
└─ ng@0.0.0
info All dependencies
├─ @angular/material@18.1.0
├─ @material/auto-init@15.0.0-canary.7f224ddd4.0
├─ @material/banner@15.0.0-canary.7f224ddd4.0
├─ @material/card@15.0.0-canary.7f224ddd4.0
├─ @material/chips@15.0.0-canary.7f224ddd4.0
├─ @material/circular-progress@15.0.0-canary.7f224ddd4.0
├─ @material/data-table@15.0.0-canary.7f224ddd4.0
├─ @material/dialog@15.0.0-canary.7f224ddd4.0
├─ @material/drawer@15.0.0-canary.7f224ddd4.0
├─ @material/fab@15.0.0-canary.7f224ddd4.0
├─ @material/form-field@15.0.0-canary.7f224ddd4.0
├─ @material/image-list@15.0.0-canary.7f224ddd4.0
├─ @material/layout-grid@15.0.0-canary.7f224ddd4.0
├─ @material/radio@15.0.0-canary.7f224ddd4.0
├─ @material/segmented-button@15.0.0-canary.7f224ddd4.0
├─ @material/slider@15.0.0-canary.7f224ddd4.0
├─ @material/snackbar@15.0.0-canary.7f224ddd4.0
├─ @material/switch@15.0.0-canary.7f224ddd4.0
├─ @material/tab-bar@15.0.0-canary.7f224ddd4.0
├─ @material/textfield@15.0.0-canary.7f224ddd4.0
├─ @material/tooltip@15.0.0-canary.7f224ddd4.0
├─ @material/top-app-bar@15.0.0-canary.7f224ddd4.0
├─ add@2.0.6
└─ ng@0.0.0
Done in 6.65s.
Thursday, July 11, 2024 4:43:22 AM

PS C:\Users\kushal\src\angular\angulareighteen> cd "C:\Users\kushal\src\angular\angulareighteen\"; date; git fetch; date; git status; date; date; git add .; git commit --message "add all files" --message "update from terminal"; date; git pull --rebase origin master; date; git push origin master; date; yarn run ng update; date; yarn run ng build; date; yarn run ng test; date; yarn run ng update @angular/core @angular/cli @angular/cdk @angular/material; date; git add .; git commit --message "add all files" --message "update from terminal"; date; git pull --rebase origin master; date; git push origin master; date;

Thursday, July 11, 2024 4:43:30 AM
Thursday, July 11, 2024 4:43:31 AM
On branch master
Your branch is up to date with 'origin/master'.

Changes not staged for commit:
  (use "git add <file>..." to update what will be committed)
  (use "git restore <file>..." to discard changes in working directory)
        modified:   package.json
        modified:   yarn.lock

no changes added to commit (use "git add" and/or "git commit -a")
Thursday, July 11, 2024 4:43:31 AM
Thursday, July 11, 2024 4:43:31 AM
[master c201c73] add all files
 2 files changed, 775 insertions(+)
Thursday, July 11, 2024 4:43:31 AM
From github.com:angulareighteen/angulareighteen.github.io
 * branch            master     -> FETCH_HEAD
Current branch master is up to date.
Thursday, July 11, 2024 4:43:32 AM
Enumerating objects: 7, done.
Counting objects: 100% (7/7), done.
Delta compression using up to 16 threads
Compressing objects: 100% (4/4), done.
Writing objects: 100% (4/4), 8.46 KiB | 722.00 KiB/s, done.
Total 4 (delta 3), reused 0 (delta 0), pack-reused 0 (from 0)
remote: Resolving deltas: 100% (3/3), completed with 3 local objects.
To github.com:angulareighteen/angulareighteen.github.io.git
   06071fb..c201c73  master -> master
Thursday, July 11, 2024 4:43:33 AM
yarn run v1.22.21
$ ng update
Using package manager: yarn
Collecting installed dependencies...
Found 26 dependencies.
    We analyzed your package.json and everything seems to be in order. Good work!
Done in 1.29s.
Thursday, July 11, 2024 4:43:34 AM
yarn run v1.22.21
$ ng build
Initial chunk files   | Names         |  Raw size | Estimated transfer size
main-HLUBJGD7.js      | main          | 203.99 kB |                55.14 kB
polyfills-6EAL64PA.js | polyfills     |  34.23 kB |                11.13 kB
styles-5INURTSO.css   | styles        |   0 bytes |                 0 bytes

                      | Initial total | 238.22 kB |                66.27 kB

Output location: C:\Users\kushal\src\angular\angulareighteen\dist\angular-eighteen

Application bundle generation complete. [1.710 seconds]

Done in 2.44s.
Thursday, July 11, 2024 4:43:37 AM
yarn run v1.22.21
$ ng test
✔ Browser application bundle generation complete.
11 07 2024 04:43:40.718:INFO [karma-server]: Karma v6.4.3 server started at http://localhost:9876/
11 07 2024 04:43:40.719:INFO [launcher]: Launching browsers FirefoxHeadless with concurrency unlimited
11 07 2024 04:43:40.725:INFO [launcher]: Starting browser Firefox
11 07 2024 04:43:41.572:INFO [Firefox 129.0 (Windows 10)]: Connected on socket QQ4WulXC41uPcVB7AAAB with id 67102783
Firefox 129.0 (Windows 10): Executed 3 of 3 SUCCESS (0.178 secs / 0.076 secs)
TOTAL: 3 SUCCESS
Done in 4.97s.
Thursday, July 11, 2024 4:43:42 AM
yarn run v1.22.21
$ ng update @angular/core @angular/cli @angular/cdk @angular/material
Using package manager: yarn
Collecting installed dependencies...
Found 26 dependencies.
Package '@angular/cdk' is not a dependency.
error Command failed with exit code 1.
info Visit https://yarnpkg.com/en/docs/cli/run for documentation about this command.
Thursday, July 11, 2024 4:43:43 AM
On branch master
Your branch is up to date with 'origin/master'.

nothing to commit, working tree clean
Thursday, July 11, 2024 4:43:43 AM
From github.com:angulareighteen/angulareighteen.github.io
 * branch            master     -> FETCH_HEAD
Already up to date.
Thursday, July 11, 2024 4:43:44 AM
Everything up-to-date
Thursday, July 11, 2024 4:43:44 AM

PS C:\Users\kushal\src\angular\angulareighteen> date; yarn; date;

Thursday, July 11, 2024 4:44:07 AM
yarn install v1.22.21
[1/4] Resolving packages...
success Already up-to-date.
Done in 0.24s.
Thursday, July 11, 2024 4:44:07 AM

PS C:\Users\kushal\src\angular\angulareighteen> date; yarn install; date;

Thursday, July 11, 2024 4:44:12 AM
yarn install v1.22.21
[1/4] Resolving packages...
success Already up-to-date.
Done in 0.24s.
Thursday, July 11, 2024 4:44:13 AM

PS C:\Users\kushal\src\angular\angulareighteen> cd "C:\Users\kushal\src\angular\angulareighteen\"; date; git fetch; date; git status; date; date; git add .; git commit --message "add all files" --message "update from terminal"; date; git pull --rebase origin master; date; git push origin master; date; yarn run ng update; date; yarn run ng build; date; yarn run ng test; date; yarn run ng update @angular/core @angular/cli @angular/cdk @angular/material; date; git add .; git commit --message "add all files" --message "update from terminal"; date; git pull --rebase origin master; date; git push origin master; date;

Thursday, July 11, 2024 4:44:16 AM
Thursday, July 11, 2024 4:44:17 AM
On branch master
Your branch is up to date with 'origin/master'.

nothing to commit, working tree clean
Thursday, July 11, 2024 4:44:17 AM
Thursday, July 11, 2024 4:44:17 AM
On branch master
Your branch is up to date with 'origin/master'.

nothing to commit, working tree clean
Thursday, July 11, 2024 4:44:17 AM
From github.com:angulareighteen/angulareighteen.github.io
 * branch            master     -> FETCH_HEAD
Already up to date.
Thursday, July 11, 2024 4:44:17 AM
Everything up-to-date
Thursday, July 11, 2024 4:44:18 AM
yarn run v1.22.21
$ ng update
Using package manager: yarn
Collecting installed dependencies...
Found 26 dependencies.
    We analyzed your package.json and everything seems to be in order. Good work!
Done in 1.35s.
Thursday, July 11, 2024 4:44:19 AM
yarn run v1.22.21
$ ng build
Initial chunk files   | Names         |  Raw size | Estimated transfer size
main-HLUBJGD7.js      | main          | 203.99 kB |                55.14 kB
polyfills-6EAL64PA.js | polyfills     |  34.23 kB |                11.13 kB
styles-5INURTSO.css   | styles        |   0 bytes |                 0 bytes

                      | Initial total | 238.22 kB |                66.27 kB

Output location: C:\Users\kushal\src\angular\angulareighteen\dist\angular-eighteen

Application bundle generation complete. [1.725 seconds]

Done in 2.44s.
Thursday, July 11, 2024 4:44:22 AM
yarn run v1.22.21
$ ng test
✔ Browser application bundle generation complete.
11 07 2024 04:44:25.635:INFO [karma-server]: Karma v6.4.3 server started at http://localhost:9876/
11 07 2024 04:44:25.636:INFO [launcher]: Launching browsers FirefoxHeadless with concurrency unlimited
11 07 2024 04:44:25.644:INFO [launcher]: Starting browser Firefox
11 07 2024 04:44:26.468:INFO [Firefox 129.0 (Windows 10)]: Connected on socket fIkX4TkHEoScX076AAAB with id 72026737
Firefox 129.0 (Windows 10): Executed 3 of 3 SUCCESS (0.081 secs / 0.06 secs)
TOTAL: 3 SUCCESS
Done in 4.48s.
Thursday, July 11, 2024 4:44:27 AM
yarn run v1.22.21
$ ng update @angular/core @angular/cli @angular/cdk @angular/material
Using package manager: yarn
Collecting installed dependencies...
Found 26 dependencies.
Package '@angular/cdk' is not a dependency.
error Command failed with exit code 1.
info Visit https://yarnpkg.com/en/docs/cli/run for documentation about this command.
Thursday, July 11, 2024 4:44:28 AM
On branch master
Your branch is up to date with 'origin/master'.

nothing to commit, working tree clean
Thursday, July 11, 2024 4:44:28 AM
From github.com:angulareighteen/angulareighteen.github.io
 * branch            master     -> FETCH_HEAD
Already up to date.
Thursday, July 11, 2024 4:44:28 AM
Everything up-to-date
Thursday, July 11, 2024 4:44:29 AM

PS C:\Users\kushal\src\angular\angulareighteen> cd "C:\Users\kushal\src\angular\angulareighteen\"; date; git fetch; date; git status; date; date; git add .; git commit --message "add all files" --message "update from terminal"; date; git pull --rebase origin master; date; git push origin master; date; yarn run ng update; date; yarn run ng build; date; yarn run ng test; date; yarn run ng update @angular/core @angular/cli @angular/material; date; git add .; git commit --message "add all files" --message "update from terminal"; date; git pull --rebase origin master; date; git push origin master; date;

Thursday, July 11, 2024 4:47:58 AM
Thursday, July 11, 2024 4:47:59 AM
On branch master
Your branch is up to date with 'origin/master'.

Changes not staged for commit:
  (use "git add <file>..." to update what will be committed)
  (use "git restore <file>..." to discard changes in working directory)
        modified:   angular.json

no changes added to commit (use "git add" and/or "git commit -a")
Thursday, July 11, 2024 4:47:59 AM
Thursday, July 11, 2024 4:47:59 AM
[master 2f0c6ca] add all files
 1 file changed, 4 insertions(+), 1 deletion(-)
Thursday, July 11, 2024 4:47:59 AM
From github.com:angulareighteen/angulareighteen.github.io
 * branch            master     -> FETCH_HEAD
Current branch master is up to date.
Thursday, July 11, 2024 4:47:59 AM
Enumerating objects: 5, done.
Counting objects: 100% (5/5), done.
Delta compression using up to 16 threads
Compressing objects: 100% (3/3), done.
Writing objects: 100% (3/3), 339 bytes | 339.00 KiB/s, done.
Total 3 (delta 2), reused 0 (delta 0), pack-reused 0 (from 0)
remote: Resolving deltas: 100% (2/2), completed with 2 local objects.
To github.com:angulareighteen/angulareighteen.github.io.git
   c201c73..2f0c6ca  master -> master
Thursday, July 11, 2024 4:48:01 AM
yarn run v1.22.21
$ ng update
Using package manager: yarn
Collecting installed dependencies...
Found 26 dependencies.
    We analyzed your package.json and everything seems to be in order. Good work!
Done in 1.27s.
Thursday, July 11, 2024 4:48:02 AM
yarn run v1.22.21
$ ng build
Initial chunk files   | Names         |  Raw size | Estimated transfer size
main-HLUBJGD7.js      | main          | 203.99 kB |                55.14 kB
polyfills-6EAL64PA.js | polyfills     |  34.23 kB |                11.13 kB
styles-5INURTSO.css   | styles        |   0 bytes |                 0 bytes

                      | Initial total | 238.22 kB |                66.27 kB

Output location: C:\Users\kushal\src\angular\angulareighteen\docs

Application bundle generation complete. [1.759 seconds]

Done in 2.48s.
Thursday, July 11, 2024 4:48:05 AM
yarn run v1.22.21
$ ng test
✔ Browser application bundle generation complete.
11 07 2024 04:48:08.209:INFO [karma-server]: Karma v6.4.3 server started at http://localhost:9876/
11 07 2024 04:48:08.212:INFO [launcher]: Launching browsers FirefoxHeadless with concurrency unlimited
11 07 2024 04:48:08.230:INFO [launcher]: Starting browser Firefox
11 07 2024 04:48:09.038:INFO [Firefox 129.0 (Windows 10)]: Connected on socket OPKileCeZGcC9Hr7AAAB with id 64264929
Firefox 129.0 (Windows 10): Executed 3 of 3 SUCCESS (0.075 secs / 0.067 secs)
TOTAL: 3 SUCCESS
Done in 4.48s.
Thursday, July 11, 2024 4:48:09 AM
yarn run v1.22.21
$ ng update @angular/core @angular/cli @angular/material
Error: Repository is not clean. Please commit or stash any changes before updating.
error Command failed with exit code 1.
info Visit https://yarnpkg.com/en/docs/cli/run for documentation about this command.
Thursday, July 11, 2024 4:48:10 AM
warning: in the working copy of 'docs/3rdpartylicenses.txt', LF will be replaced by CRLF the next time Git touches it
warning: in the working copy of 'docs/main-HLUBJGD7.js', LF will be replaced by CRLF the next time Git touches it
warning: in the working copy of 'docs/polyfills-6EAL64PA.js', LF will be replaced by CRLF the next time Git touches it
[master 91323e1] add all files
 6 files changed, 459 insertions(+)
 create mode 100644 docs/3rdpartylicenses.txt
 create mode 100644 docs/favicon.ico
 create mode 100644 docs/index.html
 create mode 100644 docs/main-HLUBJGD7.js
 create mode 100644 docs/polyfills-6EAL64PA.js
 create mode 100644 docs/styles-5INURTSO.css
Thursday, July 11, 2024 4:48:10 AM
From github.com:angulareighteen/angulareighteen.github.io
 * branch            master     -> FETCH_HEAD
Current branch master is up to date.
Thursday, July 11, 2024 4:48:11 AM
Enumerating objects: 10, done.
Counting objects: 100% (10/10), done.
Delta compression using up to 16 threads
Compressing objects: 100% (8/8), done.
Writing objects: 100% (9/9), 81.96 KiB | 2.56 MiB/s, done.
Total 9 (delta 1), reused 0 (delta 0), pack-reused 0 (from 0)
remote: Resolving deltas: 100% (1/1), completed with 1 local object.
To github.com:angulareighteen/angulareighteen.github.io.git
   2f0c6ca..91323e1  master -> master
Thursday, July 11, 2024 4:48:12 AM

PS C:\Users\kushal\src\angular\angulareighteen> cd "C:\Users\kushal\src\angular\angulareighteen\"; date; git fetch; date; git status; date; date; git add .; git commit --message "add all files" --message "update from terminal"; date; git pull --rebase origin master; date; git push origin master; date; yarn run ng update; date; yarn run ng build; date; yarn run ng test; date; yarn run ng update @angular/core @angular/cli @angular/material; date; git add .; git commit --message "add all files" --message "update from terminal"; date; git pull --rebase origin master; date; git push origin master; date;

Thursday, July 11, 2024 4:48:28 AM
Thursday, July 11, 2024 4:48:29 AM
On branch master
Your branch is up to date with 'origin/master'.

nothing to commit, working tree clean
Thursday, July 11, 2024 4:48:29 AM
Thursday, July 11, 2024 4:48:29 AM
On branch master
Your branch is up to date with 'origin/master'.

nothing to commit, working tree clean
Thursday, July 11, 2024 4:48:29 AM
From github.com:angulareighteen/angulareighteen.github.io
 * branch            master     -> FETCH_HEAD
Already up to date.
Thursday, July 11, 2024 4:48:30 AM
Everything up-to-date
Thursday, July 11, 2024 4:48:30 AM
yarn run v1.22.21
$ ng update
Using package manager: yarn
Collecting installed dependencies...
Found 26 dependencies.
    We analyzed your package.json and everything seems to be in order. Good work!
Done in 1.28s.
Thursday, July 11, 2024 4:48:32 AM
yarn run v1.22.21
$ ng build
Initial chunk files   | Names         |  Raw size | Estimated transfer size
main-HLUBJGD7.js      | main          | 203.99 kB |                55.14 kB
polyfills-6EAL64PA.js | polyfills     |  34.23 kB |                11.13 kB
styles-5INURTSO.css   | styles        |   0 bytes |                 0 bytes

                      | Initial total | 238.22 kB |                66.27 kB

Output location: C:\Users\kushal\src\angular\angulareighteen\docs

Application bundle generation complete. [1.734 seconds]

Done in 2.46s.
Thursday, July 11, 2024 4:48:34 AM
yarn run v1.22.21
$ ng test
✔ Browser application bundle generation complete.
11 07 2024 04:48:37.847:INFO [karma-server]: Karma v6.4.3 server started at http://localhost:9876/
11 07 2024 04:48:37.848:INFO [launcher]: Launching browsers FirefoxHeadless with concurrency unlimited
11 07 2024 04:48:37.861:INFO [launcher]: Starting browser Firefox
11 07 2024 04:48:38.686:INFO [Firefox 129.0 (Windows 10)]: Connected on socket Kpr0oRnwyKJNoOenAAAB with id 70587089
Firefox 129.0 (Windows 10): Executed 3 of 3 SUCCESS (0.064 secs / 0.06 secs)
TOTAL: 3 SUCCESS
Done in 4.48s.
Thursday, July 11, 2024 4:48:39 AM
yarn run v1.22.21
$ ng update @angular/core @angular/cli @angular/material
Using package manager: yarn
Collecting installed dependencies...
Found 26 dependencies.
Fetching dependency metadata from registry...
Package '@angular/core' is already up to date.
Package '@angular/cli' is already up to date.
Package '@angular/material' is already up to date.
Done in 1.40s.
Thursday, July 11, 2024 4:48:40 AM
On branch master
Your branch is up to date with 'origin/master'.

nothing to commit, working tree clean
Thursday, July 11, 2024 4:48:40 AM
From github.com:angulareighteen/angulareighteen.github.io
 * branch            master     -> FETCH_HEAD
Already up to date.
Thursday, July 11, 2024 4:48:41 AM
Everything up-to-date
Thursday, July 11, 2024 4:48:42 AM

PS C:\Users\kushal\src\angular\angulareighteen> cd "C:\Users\kushal\src\angular\angulareighteen\"; date; git fetch; date; git status; date; date; git add .; git commit --message "add all files" --message "update from terminal"; date; git pull --rebase origin master; date; git push origin master; date; yarn run ng update; date; yarn run ng build; date; date; git fetch; date; git status; date; date; git add .; git commit --message "add all files" --message "update from terminal"; date; git pull --rebase origin master; date; git push origin master; date; yarn run ng test; date; yarn run ng update @angular/core @angular/cli @angular/material; date; git add .; git commit --message "add all files" --message "update from terminal"; date; git pull --rebase origin master; date; git push origin master; date;

Thursday, July 11, 2024 4:49:05 AM
Thursday, July 11, 2024 4:49:06 AM
On branch master
Your branch is up to date with 'origin/master'.

nothing to commit, working tree clean
Thursday, July 11, 2024 4:49:06 AM
Thursday, July 11, 2024 4:49:06 AM
On branch master
Your branch is up to date with 'origin/master'.

nothing to commit, working tree clean
Thursday, July 11, 2024 4:49:06 AM
From github.com:angulareighteen/angulareighteen.github.io
 * branch            master     -> FETCH_HEAD
Already up to date.
Thursday, July 11, 2024 4:49:07 AM
Everything up-to-date
Thursday, July 11, 2024 4:49:07 AM
yarn run v1.22.21
$ ng update
Using package manager: yarn
Collecting installed dependencies...
Found 26 dependencies.
    We analyzed your package.json and everything seems to be in order. Good work!
Done in 1.25s.
Thursday, July 11, 2024 4:49:09 AM
yarn run v1.22.21
$ ng build
Initial chunk files   | Names         |  Raw size | Estimated transfer size
main-HLUBJGD7.js      | main          | 203.99 kB |                55.14 kB
polyfills-6EAL64PA.js | polyfills     |  34.23 kB |                11.13 kB
styles-5INURTSO.css   | styles        |   0 bytes |                 0 bytes

                      | Initial total | 238.22 kB |                66.27 kB

Output location: C:\Users\kushal\src\angular\angulareighteen\docs

Application bundle generation complete. [1.750 seconds]

Done in 2.46s.
Thursday, July 11, 2024 4:49:11 AM
Thursday, July 11, 2024 4:49:11 AM
Thursday, July 11, 2024 4:49:12 AM
On branch master
Your branch is up to date with 'origin/master'.

nothing to commit, working tree clean
Thursday, July 11, 2024 4:49:12 AM
Thursday, July 11, 2024 4:49:12 AM
On branch master
Your branch is up to date with 'origin/master'.

nothing to commit, working tree clean
Thursday, July 11, 2024 4:49:12 AM
From github.com:angulareighteen/angulareighteen.github.io
 * branch            master     -> FETCH_HEAD
Already up to date.
Thursday, July 11, 2024 4:49:13 AM
Everything up-to-date
Thursday, July 11, 2024 4:49:13 AM
yarn run v1.22.21
$ ng test
✔ Browser application bundle generation complete.
11 07 2024 04:49:16.807:INFO [karma-server]: Karma v6.4.3 server started at http://localhost:9876/
11 07 2024 04:49:16.809:INFO [launcher]: Launching browsers FirefoxHeadless with concurrency unlimited
11 07 2024 04:49:16.815:INFO [launcher]: Starting browser Firefox
11 07 2024 04:49:17.631:INFO [Firefox 129.0 (Windows 10)]: Connected on socket vfOdPhh-J4pjetRqAAAB with id 85217047
Firefox 129.0 (Windows 10): Executed 3 of 3 SUCCESS (0.047 secs / 0.058 secs)
TOTAL: 3 SUCCESS
Done in 4.45s.
Thursday, July 11, 2024 4:49:18 AM
yarn run v1.22.21
$ ng update @angular/core @angular/cli @angular/material
Using package manager: yarn
Collecting installed dependencies...
Found 26 dependencies.
Fetching dependency metadata from registry...
Package '@angular/core' is already up to date.
Package '@angular/cli' is already up to date.
Package '@angular/material' is already up to date.
Done in 1.32s.
Thursday, July 11, 2024 4:49:19 AM
On branch master
Your branch is up to date with 'origin/master'.

nothing to commit, working tree clean
Thursday, July 11, 2024 4:49:19 AM
From github.com:angulareighteen/angulareighteen.github.io
 * branch            master     -> FETCH_HEAD
Already up to date.
Thursday, July 11, 2024 4:49:20 AM
Everything up-to-date
Thursday, July 11, 2024 4:49:21 AM

PS C:\Users\kushal\src\angular\angulareighteen> date; scoop status; date; scoop bucket rm main; date; scoop bucket add main; date; scoop bucket rm extras; date; scoop bucket add extras; date; scoop status; date; scoop update; date; scoop update *; date; scoop cache show; date; scoop cache rm *; date; scoop status; date;

Thursday, July 11, 2024 5:13:47 AM
WARN  Scoop bucket(s) out of date. Run 'scoop update' to get the latest changes.
Thursday, July 11, 2024 5:13:48 AM
The main bucket was removed successfully.
Thursday, July 11, 2024 5:13:49 AM
Checking repo... OK
The main bucket was added successfully.
Thursday, July 11, 2024 5:13:55 AM
The extras bucket was removed successfully.
Thursday, July 11, 2024 5:13:55 AM
Checking repo... OK
The extras bucket was added successfully.
Thursday, July 11, 2024 5:14:03 AM
Scoop is up to date.
Everything is ok!
Thursday, July 11, 2024 5:14:05 AM
Updating Scoop...
Updating Buckets...
Scoop was updated successfully!
Thursday, July 11, 2024 5:14:07 AM
Latest versions for all apps are installed! For more information try 'scoop status'
Thursday, July 11, 2024 5:14:07 AM
Total: 0 files, 0 B
Thursday, July 11, 2024 5:14:07 AM
Deleted: 0 files, 0 B
Thursday, July 11, 2024 5:14:07 AM
Scoop is up to date.
Everything is ok!
Thursday, July 11, 2024 5:14:08 AM

PS C:\Users\kushal\src\angular\angulareighteen> cd "C:\Users\kushal\AppData\Local\Firefox Developer Edition"; .\firefox.exe --start-debugger-server 6000 -new-tab about:debugging
PS C:\Users\kushal\AppData\Local\Firefox Developer Edition> cd "\\TP-Share\G\shared\jellyfin\shows\downloaded"; date; pwd; date; yt-dlp.exe --restrict-filenames --add-metadata -i -o "%(title).100s.%(ext)s" "https://youtu.be/tK50z_gUpZI"; date;

Thursday, July 11, 2024 5:15:02 AM

Drive        :
Provider     : Microsoft.PowerShell.Core\FileSystem
ProviderPath : \\TP-Share\G\shared\jellyfin\shows\downloaded
Path         : Microsoft.PowerShell.Core\FileSystem::\\TP-Share\G\shared\jellyfin\shows\downloaded

Thursday, July 11, 2024 5:15:02 AM
[youtube] Extracting URL: https://youtu.be/tK50z_gUpZI
[youtube] tK50z_gUpZI: Downloading webpage
[youtube] tK50z_gUpZI: Downloading ios player API JSON
[youtube] tK50z_gUpZI: Downloading m3u8 information
[info] tK50z_gUpZI: Downloading 1 format(s): 137+140
[download] Destination: The_Evils_of_Non-native_Programming_-_Ep_7_-_Jeff_and_Casey_Show_2013.f137.mp4
[download] 100% of  423.34MiB in 00:00:33 at 12.79MiB/s
[download] Destination: The_Evils_of_Non-native_Programming_-_Ep_7_-_Jeff_and_Casey_Show_2013.f140.m4a
[download] 100% of   53.43MiB in 00:00:13 at 3.85MiB/s
[Merger] Merging formats into "The_Evils_of_Non-native_Programming_-_Ep_7_-_Jeff_and_Casey_Show_2013.mp4"
Deleting original file The_Evils_of_Non-native_Programming_-_Ep_7_-_Jeff_and_Casey_Show_2013.f137.mp4 (pass -k to keep)
Deleting original file The_Evils_of_Non-native_Programming_-_Ep_7_-_Jeff_and_Casey_Show_2013.f140.m4a (pass -k to keep)
[Metadata] Adding metadata to "The_Evils_of_Non-native_Programming_-_Ep_7_-_Jeff_and_Casey_Show_2013.mp4"
Thursday, July 11, 2024 5:18:18 AM

PS Microsoft.PowerShell.Core\FileSystem::\\TP-Share\G\shared\jellyfin\shows\downloaded> cd "C:\Users\kushal\src\angular\angulareighteen\"; date; git fetch; date; git status; date; date; git add .; git commit --message "add all files" --message "update from terminal"; date; git pull --rebase origin master; date; git push origin master; date; yarn run ng update; date; yarn run ng build; date; date; git fetch; date; git status; date; date; git add .; git commit --message "add all files" --message "update from terminal"; date; git pull --rebase origin master; date; git push origin master; date; yarn run ng test; date; yarn run ng update @angular/core @angular/cli @angular/material; date; git add .; git commit --message "add all files" --message "update from terminal"; date; git pull --rebase origin master; date; git push origin master; date;

Thursday, July 11, 2024 5:18:54 AM
Thursday, July 11, 2024 5:18:54 AM
On branch master
Your branch is up to date with 'origin/master'.

nothing to commit, working tree clean
Thursday, July 11, 2024 5:18:54 AM
Thursday, July 11, 2024 5:18:54 AM
On branch master
Your branch is up to date with 'origin/master'.

nothing to commit, working tree clean
Thursday, July 11, 2024 5:18:55 AM
From github.com:angulareighteen/angulareighteen.github.io
 * branch            master     -> FETCH_HEAD
Already up to date.
Thursday, July 11, 2024 5:18:55 AM
Everything up-to-date
Thursday, July 11, 2024 5:18:56 AM
yarn run v1.22.21
$ ng update
Using package manager: yarn
Collecting installed dependencies...
Found 26 dependencies.
    We analyzed your package.json and everything seems to be in order. Good work!
Done in 1.31s.
Thursday, July 11, 2024 5:18:57 AM
yarn run v1.22.21
$ ng build
Initial chunk files   | Names         |  Raw size | Estimated transfer size
main-HLUBJGD7.js      | main          | 203.99 kB |                55.14 kB
polyfills-6EAL64PA.js | polyfills     |  34.23 kB |                11.13 kB
styles-5INURTSO.css   | styles        |   0 bytes |                 0 bytes

                      | Initial total | 238.22 kB |                66.27 kB

Output location: C:\Users\kushal\src\angular\angulareighteen\docs

Application bundle generation complete. [1.752 seconds]

Done in 2.47s.
Thursday, July 11, 2024 5:19:00 AM
Thursday, July 11, 2024 5:19:00 AM
Thursday, July 11, 2024 5:19:00 AM
On branch master
Your branch is up to date with 'origin/master'.

nothing to commit, working tree clean
Thursday, July 11, 2024 5:19:00 AM
Thursday, July 11, 2024 5:19:00 AM
warning: in the working copy of 'docs/3rdpartylicenses.txt', LF will be replaced by CRLF the next time Git touches it
warning: in the working copy of 'docs/main-HLUBJGD7.js', LF will be replaced by CRLF the next time Git touches it
warning: in the working copy of 'docs/polyfills-6EAL64PA.js', LF will be replaced by CRLF the next time Git touches it
On branch master
Your branch is up to date with 'origin/master'.

nothing to commit, working tree clean
Thursday, July 11, 2024 5:19:00 AM
From github.com:angulareighteen/angulareighteen.github.io
 * branch            master     -> FETCH_HEAD
Already up to date.
Thursday, July 11, 2024 5:19:01 AM
Everything up-to-date
Thursday, July 11, 2024 5:19:02 AM
yarn run v1.22.21
$ ng test
✔ Browser application bundle generation complete.
11 07 2024 05:19:05.176:INFO [karma-server]: Karma v6.4.3 server started at http://localhost:9876/
11 07 2024 05:19:05.178:INFO [launcher]: Launching browsers FirefoxHeadless with concurrency unlimited
11 07 2024 05:19:05.197:INFO [launcher]: Starting browser Firefox
11 07 2024 05:19:06.029:INFO [Firefox 129.0 (Windows 10)]: Connected on socket rBg-IMB_HdKXyVUTAAAB with id 37860093
Firefox 129.0 (Windows 10): Executed 3 of 3 SUCCESS (0.07 secs / 0.063 secs)
TOTAL: 3 SUCCESS
Done in 4.47s.
Thursday, July 11, 2024 5:19:06 AM
yarn run v1.22.21
$ ng update @angular/core @angular/cli @angular/material
Using package manager: yarn
Collecting installed dependencies...
Found 26 dependencies.
Fetching dependency metadata from registry...
Package '@angular/core' is already up to date.
Package '@angular/cli' is already up to date.
Package '@angular/material' is already up to date.
Done in 1.29s.
Thursday, July 11, 2024 5:19:08 AM
On branch master
Your branch is up to date with 'origin/master'.

nothing to commit, working tree clean
Thursday, July 11, 2024 5:19:08 AM
From github.com:angulareighteen/angulareighteen.github.io
 * branch            master     -> FETCH_HEAD
Already up to date.
Thursday, July 11, 2024 5:19:08 AM
Everything up-to-date
Thursday, July 11, 2024 5:19:09 AM

PS C:\Users\kushal\src\angular\angulareighteen> date; C:\src\omnibus.ps1; date;

Thursday, July 11, 2024 5:19:37 AM
Thursday, July 11, 2024 5:19:37 AM
home: 127.0.0.1
PS C:\src\ping> cd "C:\Users\kushal\src\myhtml\fromnepal"; date; yarn; date; yarn run build; date; git add .; date; git commit --message "build application" --message "from the terminal"; date; git pull --rebase origin main; date; git push origin main; date;