PowerShell 7.4.2
PS C:\Users\kushal> ssh 192.168.0.207
kushal@192.168.0.207's password:

1 device has a firmware upgrade available.
Run `fwupdmgr get-upgrades` for more information.

Activate the web console with: systemctl enable --now cockpit.socket

Last login: Wed Jun 12 07:19:52 2024 from 192.168.0.9
kushal@dotnet202306:~$ time sudo echo "hello"; date; time sudo dnf offline-upgrade download -y && time sudo dnf offline-upgrade reboot
[sudo] password for kushal:
hello

real    0m3.820s
user    0m0.076s
sys     0m0.069s
Thu Jun 13 11:14:17 AM CDT 2024
Fedora 40 - x86_64                                                                                                                                                                                                                                       22 kB/s |  29 kB     00:01
Fedora 40 openh264 (From Cisco) - x86_64                                                                                                                                                                                                                3.4 kB/s | 989  B     00:00
Fedora 40 - x86_64 - Updates                                                                                                                                                                                                                            134 kB/s |  22 kB     00:00
Fedora 40 - x86_64 - Updates                                                                                                                                                                                                                            2.6 MB/s | 3.4 MB     00:01
Dependencies resolved.
========================================================================================================================================================================================================================================================================================
 Package                                                                        Architecture                                                  Version                                                              Repository                                                      Size
========================================================================================================================================================================================================================================================================================
Upgrading:
 appstream-data                                                                 noarch                                                        40-8.fc40                                                            updates                                                         15 M
 fontconfig                                                                     x86_64                                                        2.15.0-6.fc40                                                        updates                                                        270 k
 jose                                                                           x86_64                                                        14-1.fc40                                                            updates                                                         66 k
 libgcc                                                                         x86_64                                                        14.1.1-5.fc40                                                        updates                                                        130 k
 libgomp                                                                        x86_64                                                        14.1.1-5.fc40                                                        updates                                                        350 k
 libjose                                                                        x86_64                                                        14-1.fc40                                                            updates                                                         64 k
 libstdc++                                                                      x86_64                                                        14.1.1-5.fc40                                                        updates                                                        882 k
 selinux-policy                                                                 noarch                                                        40.22-1.fc40                                                         updates                                                         58 k
 selinux-policy-targeted                                                        noarch                                                        40.22-1.fc40                                                         updates                                                        6.9 M
 zlib-ng-compat                                                                 x86_64                                                        2.1.6-5.fc40                                                         updates                                                         77 k

Transaction Summary
========================================================================================================================================================================================================================================================================================
Upgrade  10 Packages

Total download size: 23 M
DNF will only download packages, install gpg keys, and check the transaction.
Downloading Packages:
(1/10): jose-14-1.fc40.x86_64.rpm                                                                                                                                                                                                                        53 kB/s |  66 kB     00:01
(2/10): libgcc-14.1.1-5.fc40.x86_64.rpm                                                                                                                                                                                                                 922 kB/s | 130 kB     00:00
(3/10): fontconfig-2.15.0-6.fc40.x86_64.rpm                                                                                                                                                                                                             193 kB/s | 270 kB     00:01
(4/10): libjose-14-1.fc40.x86_64.rpm                                                                                                                                                                                                                    227 kB/s |  64 kB     00:00
(5/10): libstdc++-14.1.1-5.fc40.x86_64.rpm                                                                                                                                                                                                              1.8 MB/s | 882 kB     00:00
(6/10): selinux-policy-40.22-1.fc40.noarch.rpm                                                                                                                                                                                                          587 kB/s |  58 kB     00:00
(7/10): appstream-data-40-8.fc40.noarch.rpm                                                                                                                                                                                                             4.8 MB/s |  15 MB     00:03
(8/10): libgomp-14.1.1-5.fc40.x86_64.rpm                                                                                                                                                                                                                209 kB/s | 350 kB     00:01
(9/10): zlib-ng-compat-2.1.6-5.fc40.x86_64.rpm                                                                                                                                                                                                          1.3 MB/s |  77 kB     00:00
(10/10): selinux-policy-targeted-40.22-1.fc40.noarch.rpm                                                                                                                                                                                                2.9 MB/s | 6.9 MB     00:02
----------------------------------------------------------------------------------------------------------------------------------------------------------------------------------------------------------------------------------------------------------------------------------------
Total                                                                                                                                                                                                                                                   4.8 MB/s |  23 MB     00:04
Running transaction check
Transaction check succeeded.
Running transaction test
Transaction test succeeded.
Complete!
Transaction saved to /var/lib/dnf/system-upgrade/system-upgrade-transaction.json.
Download complete! Use 'dnf offline-upgrade reboot' to start the upgrade.
To remove cached metadata and transaction use 'dnf offline-upgrade clean'
The downloaded packages were saved in cache until the next successful transaction.
You can remove cached packages by executing 'dnf clean packages'.

real    0m15.369s
user    0m0.012s
sys     0m0.020s

Broadcast message from root@dotnet202306 on pts/1 (Thu 2024-06-13 11:14:32 CDT):

The system will reboot now!

Connection to 192.168.0.207 closed by remote host.
Connection to 192.168.0.207 closed.
PS C:\Users\kushal> ssh 192.168.0.203
kushal@192.168.0.203's password:

1 device has a firmware upgrade available.
Run `fwupdmgr get-upgrades` for more information.

Web console: https://fedora202305a:9090/ or https://192.168.0.203:9090/

Last login: Fri Jun  7 10:17:51 2024 from 192.168.0.9
kushal@fedora202305a:~$ time sudo echo "hello"; time sudo dnf offline-upgrade download -y && time sudo dnf offline-upgrade reboot
[sudo] password for kushal:
hello

real    0m3.358s
user    0m0.083s
sys     0m0.068s
Fedora 40 - x86_64                                                                                                                                                                                                                                      179 kB/s |  29 kB     00:00
Fedora 40 openh264 (From Cisco) - x86_64                                                                                                                                                                                                                7.9 kB/s | 989  B     00:00
Fedora 40 - x86_64 - Updates                                                                                                                                                                                                                            141 kB/s |  22 kB     00:00
Fedora 40 - x86_64 - Updates                                                                                                                                                                                                                            1.5 MB/s | 3.4 MB     00:02
Dependencies resolved.
========================================================================================================================================================================================================================================================================================
 Package                                                                 Architecture                                                    Version                                                                 Repository                                                        Size
========================================================================================================================================================================================================================================================================================
Upgrading:
 zlib-ng-compat                                                          x86_64                                                          2.1.6-5.fc40                                                            updates                                                           77 k

Transaction Summary
========================================================================================================================================================================================================================================================================================
Upgrade  1 Package

Total download size: 77 k
DNF will only download packages, install gpg keys, and check the transaction.
Downloading Packages:
zlib-ng-compat-2.1.6-5.fc40.x86_64.rpm                                                                                                                                                                                                                  177 kB/s |  77 kB     00:00
----------------------------------------------------------------------------------------------------------------------------------------------------------------------------------------------------------------------------------------------------------------------------------------
Total                                                                                                                                                                                                                                                   134 kB/s |  77 kB     00:00
Running transaction check
Transaction check succeeded.
Running transaction test
Transaction test succeeded.
Complete!
Transaction saved to /var/lib/dnf/system-upgrade/system-upgrade-transaction.json.
Download complete! Use 'dnf offline-upgrade reboot' to start the upgrade.
To remove cached metadata and transaction use 'dnf offline-upgrade clean'
The downloaded packages were saved in cache until the next successful transaction.
You can remove cached packages by executing 'dnf clean packages'.

real    0m9.802s
user    0m0.009s
sys     0m0.020s

Broadcast message from root@fedora202305a on pts/1 (Thu 2024-06-13 11:15:08 CDT):

The system will reboot now!


real    0m0.389s
user    0m0.009s
sys     0m0.018s
kushal@fedora202305a:~$ Connection to 192.168.0.203 closed by remote host.
Connection to 192.168.0.203 closed.
PS C:\Users\kushal> ssh 192.168.0.205
The authenticity of host '192.168.0.205 (192.168.0.205)' can't be established.
ECDSA key fingerprint is SHA256:luhYioraZw1v1mlGpnLbKwma0mzDdGHxqL69vG4LxzY.
This key is not known by any other names
Are you sure you want to continue connecting (yes/no/[fingerprint])? yes
Warning: Permanently added '192.168.0.205' (ECDSA) to the list of known hosts.
kushal@192.168.0.205's password:
Permission denied, please try again.
kushal@192.168.0.205's password:
Permission denied, please try again.
kushal@192.168.0.205's password:
kushal@192.168.0.205: Permission denied (publickey,password).
PS C:\Users\kushal> ssh 192.168.0.204
ssh: connect to host 192.168.0.204 port 22: Connection refused
PS C:\Users\kushal> ssh 192.168.0.201

1 device has a firmware upgrade available.
Run `fwupdmgr get-upgrades` for more information.

Web console: https://fedora202305:9090/ or https://192.168.0.201:9090/

Last login: Fri Jun  7 10:17:56 2024 from 192.168.0.9
kushal@fedora202305:~$ time sudo echo "hello"; time sudo dnf offline-upgrade download -y && time dnf offline-upgrade reboot
[sudo] password for kushal:
hello

real    0m4.390s
user    0m0.081s
sys     0m0.078s
Fedora 40 - x86_64                                                                                                                                                                                                                                      223 kB/s |  29 kB     00:00
Fedora 40 openh264 (From Cisco) - x86_64                                                                                                                                                                                                                5.9 kB/s | 989  B     00:00
Fedora 40 - x86_64 - Updates                                                                                                                                                                                                                            156 kB/s |  22 kB     00:00
Fedora 40 - x86_64 - Updates                                                                                                                                                                                                                            3.0 MB/s | 3.4 MB     00:01
Tailscale stable                                                                                                                                                                                                                                        4.1 kB/s | 832  B     00:00
Tailscale stable                                                                                                                                                                                                                                         36 kB/s | 9.9 kB     00:00
Dependencies resolved.
========================================================================================================================================================================================================================================================================================
 Package                                                                     Architecture                                               Version                                                              Repository                                                            Size
========================================================================================================================================================================================================================================================================================
Upgrading:
 appstream-data                                                              noarch                                                     40-8.fc40                                                            updates                                                               15 M
 jose                                                                        x86_64                                                     14-1.fc40                                                            updates                                                               66 k
 libgcc                                                                      x86_64                                                     14.1.1-5.fc40                                                        updates                                                              130 k
 libgomp                                                                     x86_64                                                     14.1.1-5.fc40                                                        updates                                                              350 k
 libjose                                                                     x86_64                                                     14-1.fc40                                                            updates                                                               64 k
 libstdc++                                                                   x86_64                                                     14.1.1-5.fc40                                                        updates                                                              882 k
 selinux-policy                                                              noarch                                                     40.22-1.fc40                                                         updates                                                               58 k
 selinux-policy-targeted                                                     noarch                                                     40.22-1.fc40                                                         updates                                                              6.9 M
 tailscale                                                                   x86_64                                                     1.68.0-1                                                             tailscale-stable                                                      27 M
 zlib-ng-compat                                                              x86_64                                                     2.1.6-5.fc40                                                         updates                                                               77 k

Transaction Summary
========================================================================================================================================================================================================================================================================================
Upgrade  10 Packages

Total download size: 50 M
DNF will only download packages, install gpg keys, and check the transaction.
Downloading Packages:
(1/10): jose-14-1.fc40.x86_64.rpm                                                                                                                                                                                                                       176 kB/s |  66 kB     00:00
(2/10): libgcc-14.1.1-5.fc40.x86_64.rpm                                                                                                                                                                                                                 304 kB/s | 130 kB     00:00
(3/10): libjose-14-1.fc40.x86_64.rpm                                                                                                                                                                                                                    706 kB/s |  64 kB     00:00
(4/10): libgomp-14.1.1-5.fc40.x86_64.rpm                                                                                                                                                                                                                1.3 MB/s | 350 kB     00:00
(5/10): selinux-policy-40.22-1.fc40.noarch.rpm                                                                                                                                                                                                          213 kB/s |  58 kB     00:00
(6/10): libstdc++-14.1.1-5.fc40.x86_64.rpm                                                                                                                                                                                                              1.2 MB/s | 882 kB     00:00
(7/10): zlib-ng-compat-2.1.6-5.fc40.x86_64.rpm                                                                                                                                                                                                          602 kB/s |  77 kB     00:00
(8/10): appstream-data-40-8.fc40.noarch.rpm                                                                                                                                                                                                             6.0 MB/s |  15 MB     00:02
(9/10): selinux-policy-targeted-40.22-1.fc40.noarch.rpm                                                                                                                                                                                                 2.7 MB/s | 6.9 MB     00:02
(10/10): tailscale_1.68.0_x86_64.rpm                                                                                                                                                                                                                    3.2 MB/s |  27 MB     00:08
----------------------------------------------------------------------------------------------------------------------------------------------------------------------------------------------------------------------------------------------------------------------------------------
Total                                                                                                                                                                                                                                                   4.9 MB/s |  50 MB     00:10
Running transaction check
Transaction check succeeded.
Running transaction test
Transaction test succeeded.
Complete!
Transaction saved to /var/lib/dnf/system-upgrade/system-upgrade-transaction.json.
Download complete! Use 'dnf offline-upgrade reboot' to start the upgrade.
To remove cached metadata and transaction use 'dnf offline-upgrade clean'
The downloaded packages were saved in cache until the next successful transaction.
You can remove cached packages by executing 'dnf clean packages'.

real    0m22.457s
user    0m0.013s
sys     0m0.018s
Failed to store expired repos cache: [Errno 13] Permission denied: '/var/lib/dnf/system-upgrade/expired_repos.json'
Error: This command has to be run with superuser privileges (under the root user on most systems).

real    0m0.361s
user    0m0.286s
sys     0m0.061s
kushal@fedora202305:~$ time sudo echo "hello"; time sudo dnf offline-upgrade download -y && time sudo dnf offline-upgrade reboot
hello

real    0m0.038s
user    0m0.008s
sys     0m0.019s
Fedora 40 - x86_64                                                                                                                                                                                                                                       94 kB/s |  29 kB     00:00
Fedora 40 openh264 (From Cisco) - x86_64                                                                                                                                                                                                                3.2 kB/s | 989  B     00:00
Fedora 40 - x86_64 - Updates                                                                                                                                                                                                                             94 kB/s |  22 kB     00:00
Tailscale stable                                                                                                                                                                                                                                        5.4 kB/s | 832  B     00:00
Dependencies resolved.
========================================================================================================================================================================================================================================================================================
 Package                                                                     Architecture                                               Version                                                              Repository                                                            Size
========================================================================================================================================================================================================================================================================================
Upgrading:
 appstream-data                                                              noarch                                                     40-8.fc40                                                            updates                                                               15 M
 jose                                                                        x86_64                                                     14-1.fc40                                                            updates                                                               66 k
 libgcc                                                                      x86_64                                                     14.1.1-5.fc40                                                        updates                                                              130 k
 libgomp                                                                     x86_64                                                     14.1.1-5.fc40                                                        updates                                                              350 k
 libjose                                                                     x86_64                                                     14-1.fc40                                                            updates                                                               64 k
 libstdc++                                                                   x86_64                                                     14.1.1-5.fc40                                                        updates                                                              882 k
 selinux-policy                                                              noarch                                                     40.22-1.fc40                                                         updates                                                               58 k
 selinux-policy-targeted                                                     noarch                                                     40.22-1.fc40                                                         updates                                                              6.9 M
 tailscale                                                                   x86_64                                                     1.68.0-1                                                             tailscale-stable                                                      27 M
 zlib-ng-compat                                                              x86_64                                                     2.1.6-5.fc40                                                         updates                                                               77 k

Transaction Summary
========================================================================================================================================================================================================================================================================================
Upgrade  10 Packages

Total size: 50 M
DNF will only download packages, install gpg keys, and check the transaction.
Downloading Packages:
[SKIPPED] appstream-data-40-8.fc40.noarch.rpm: Already downloaded
[SKIPPED] jose-14-1.fc40.x86_64.rpm: Already downloaded
[SKIPPED] libgcc-14.1.1-5.fc40.x86_64.rpm: Already downloaded
[SKIPPED] libgomp-14.1.1-5.fc40.x86_64.rpm: Already downloaded
[SKIPPED] libjose-14-1.fc40.x86_64.rpm: Already downloaded
[SKIPPED] libstdc++-14.1.1-5.fc40.x86_64.rpm: Already downloaded
[SKIPPED] selinux-policy-40.22-1.fc40.noarch.rpm: Already downloaded
[SKIPPED] selinux-policy-targeted-40.22-1.fc40.noarch.rpm: Already downloaded
[SKIPPED] zlib-ng-compat-2.1.6-5.fc40.x86_64.rpm: Already downloaded
[SKIPPED] tailscale_1.68.0_x86_64.rpm: Already downloaded
Running transaction check
Transaction check succeeded.
Running transaction test
Transaction test succeeded.
Complete!
Transaction saved to /var/lib/dnf/system-upgrade/system-upgrade-transaction.json.
Download complete! Use 'dnf offline-upgrade reboot' to start the upgrade.
To remove cached metadata and transaction use 'dnf offline-upgrade clean'
The downloaded packages were saved in cache until the next successful transaction.
You can remove cached packages by executing 'dnf clean packages'.

real    0m5.434s
user    0m0.011s
sys     0m0.015s

Broadcast message from root@fedora202305 on pts/1 (Thu 2024-06-13 11:16:39 CDT):

The system will reboot now!


realConnection to 192.168.0.201 closed by remote host.
Connection to 192.168.0.201 closed.
PS C:\Users\kushal> ssh 192.168.0.207
kushal@192.168.0.207's password:
Web console: https://dotnet202306:9090/ or https://192.168.0.207:9090/

Last login: Thu Jun 13 11:13:57 2024 from 192.168.0.9
kushal@dotnet202306:~$ time sudo echo "hello"; date; time sudo dnf offline-upgrade download -y && time sudo dnf offline-upgrade reboot
[sudo] password for kushal:
hello

real    0m3.510s
user    0m0.092s
sys     0m0.061s
Thu Jun 13 11:16:55 AM CDT 2024
Fedora 40 - x86_64                                                                                                                                                                                                                                      4.7 MB/s |  20 MB     00:04
Fedora 40 openh264 (From Cisco) - x86_64                                                                                                                                                                                                                2.2 kB/s | 1.4 kB     00:00
Fedora 40 - x86_64 - Updates                                                                                                                                                                                                                            3.5 MB/s | 7.2 MB     00:02
Dependencies resolved.
Nothing to do.
Complete!
The system-upgrade transaction is empty, your system is already up-to-date.

real    0m23.374s
user    0m0.009s
sys     0m0.020s
Error: system is not ready for upgrade

real    0m0.392s
user    0m0.009s
sys     0m0.018s
kushal@dotnet202306:~$
