PowerShell 7.4.2

   A new PowerShell stable release is available: v7.4.3
   Upgrade now, or check out the release page at:
     https://aka.ms/PowerShell-Release?tag=v7.4.3

PS C:\Users\kushal>
PS C:\Users\kushal> cd "C:\Users\kushal\src\myhtml\fromnepal"; date; yarn; date; yarn run build; date; git add .; date; git commit --message "build application" --message "from the terminal"; date; git pull --rebase origin main; date; git push origin main; date;

Wednesday, July 10, 2024 8:27:19 AM
yarn install v1.22.21
[1/4] Resolving packages...
success Already up-to-date.
Done in 0.09s.
Wednesday, July 10, 2024 8:27:20 AM
yarn run v1.22.21
$ tsc && vite build
vite v5.2.13 building for production...
✓ 5 modules transformed.
docs/index.html                 0.53 kB │ gzip: 0.32 kB
docs/assets/index-DYhv0y2B.css  4.60 kB │ gzip: 1.63 kB
docs/assets/index-BUJcqj8w.js   4.81 kB │ gzip: 2.11 kB
✓ built in 139ms
Done in 2.10s.
Wednesday, July 10, 2024 8:27:22 AM
warning: in the working copy of 'docs/assets/index-BUJcqj8w.js', LF will be replaced by CRLF the next time Git touches it
warning: in the working copy of 'docs/assets/index-DYhv0y2B.css', LF will be replaced by CRLF the next time Git touches it
warning: in the working copy of 'docs/index.html', LF will be replaced by CRLF the next time Git touches it
Wednesday, July 10, 2024 8:27:22 AM
[main ccb435d] build application
 2 files changed, 80 insertions(+)
Wednesday, July 10, 2024 8:27:23 AM
From github.com:fromnepal/fromnepal.github.io
 * branch            main       -> FETCH_HEAD
Current branch main is up to date.
Wednesday, July 10, 2024 8:27:24 AM
Enumerating objects: 9, done.
Counting objects: 100% (9/9), done.
Delta compression using up to 16 threads
Compressing objects: 100% (5/5), done.
Writing objects: 100% (5/5), 848 bytes | 848.00 KiB/s, done.
Total 5 (delta 4), reused 0 (delta 0), pack-reused 0 (from 0)
remote: Resolving deltas: 100% (4/4), completed with 3 local objects.
To github.com:fromnepal/fromnepal.github.io.git
   0fe0440..ccb435d  main -> main
Wednesday, July 10, 2024 8:27:25 AM

PS C:\Users\kushal\src\myhtml\fromnepal> cd "C:\Users\kushal\src\myhtml\fromnepal"; date; yarn; date; yarn run build; date; git add .; date; git commit --message "build application" --message "from the terminal"; date; git pull --rebase origin main; date; git push origin main; date;

Wednesday, July 10, 2024 8:27:33 AM
yarn install v1.22.21
[1/4] Resolving packages...
success Already up-to-date.
Done in 0.06s.
Wednesday, July 10, 2024 8:27:33 AM
yarn run v1.22.21
$ tsc && vite build
vite v5.2.13 building for production...
✓ 5 modules transformed.
docs/index.html                 0.53 kB │ gzip: 0.32 kB
docs/assets/index-DYhv0y2B.css  4.60 kB │ gzip: 1.63 kB
docs/assets/index-BUJcqj8w.js   4.81 kB │ gzip: 2.11 kB
✓ built in 98ms
Done in 0.79s.
Wednesday, July 10, 2024 8:27:34 AM
warning: in the working copy of 'docs/assets/index-BUJcqj8w.js', LF will be replaced by CRLF the next time Git touches it
warning: in the working copy of 'docs/assets/index-DYhv0y2B.css', LF will be replaced by CRLF the next time Git touches it
warning: in the working copy of 'docs/index.html', LF will be replaced by CRLF the next time Git touches it
Wednesday, July 10, 2024 8:27:34 AM
[main 4cc42a9] build application
 2 files changed, 32 insertions(+), 218 deletions(-)
Wednesday, July 10, 2024 8:27:34 AM
From github.com:fromnepal/fromnepal.github.io
 * branch            main       -> FETCH_HEAD
Current branch main is up to date.
Wednesday, July 10, 2024 8:27:35 AM
Enumerating objects: 9, done.
Counting objects: 100% (9/9), done.
Delta compression using up to 16 threads
Compressing objects: 100% (5/5), done.
Writing objects: 100% (5/5), 652 bytes | 652.00 KiB/s, done.
Total 5 (delta 4), reused 0 (delta 0), pack-reused 0 (from 0)
remote: Resolving deltas: 100% (4/4), completed with 3 local objects.
To github.com:fromnepal/fromnepal.github.io.git
   ccb435d..4cc42a9  main -> main
Wednesday, July 10, 2024 8:27:36 AM

PS C:\Users\kushal\src\myhtml\fromnepal> date; scoop status; date; scoop bucket rm main; date; scoop bucket add main; date; scoop bucket rm extras; date; scoop bucket add extras; date; scoop status; date; scoop update; date; scoop update *; date; scoop cache show; date; scoop cache rm *; date; scoop status; date;

Wednesday, July 10, 2024 8:27:50 AM
WARN  Scoop bucket(s) out of date. Run 'scoop update' to get the latest changes.
Wednesday, July 10, 2024 8:27:51 AM
The main bucket was removed successfully.
Wednesday, July 10, 2024 8:27:52 AM
Checking repo... OK
The main bucket was added successfully.
Wednesday, July 10, 2024 8:27:57 AM
The extras bucket was removed successfully.
Wednesday, July 10, 2024 8:27:58 AM
Checking repo... OK
The extras bucket was added successfully.
Wednesday, July 10, 2024 8:28:05 AM
Scoop is up to date.
Everything is ok!
Wednesday, July 10, 2024 8:28:06 AM
Updating Scoop...
Updating Buckets...
Scoop was updated successfully!
Wednesday, July 10, 2024 8:28:15 AM
Latest versions for all apps are installed! For more information try 'scoop status'
Wednesday, July 10, 2024 8:28:16 AM
Total: 0 files, 0 B
Wednesday, July 10, 2024 8:28:16 AM
Deleted: 0 files, 0 B
Wednesday, July 10, 2024 8:28:16 AM
Scoop is up to date.
Everything is ok!
Wednesday, July 10, 2024 8:28:17 AM

PS C:\Users\kushal\src\myhtml\fromnepal> cd "C:\Users\kushal\AppData\Local\Firefox Developer Edition>"; .\firefox.exe --start-debugger-server 6000 -new-tab about:debugging
Set-Location: Cannot find path 'C:\Users\kushal\AppData\Local\Firefox Developer Edition>' because it does not exist.
.\firefox.exe: The term '.\firefox.exe' is not recognized as a name of a cmdlet, function, script file, or executable program.
Check the spelling of the name, or if a path was included, verify that the path is correct and try again.
PS C:\Users\kushal\src\myhtml\fromnepal>
PS C:\Users\kushal\src\myhtml\fromnepal> cd "C:\Users\kushal\AppData\Local\Firefox Developer Edition"; .\firefox.exe --start-debugger-server 6000 -new-tab about:debugging
PS C:\Users\kushal\AppData\Local\Firefox Developer Edition> cd "C:\Users\kushal\AppData\Local\Firefox Developer Edition"; .\firefox.exe --start-debugger-server 6000 -new-tab about:debugging
PS C:\Users\kushal\AppData\Local\Firefox Developer Edition> cd "C:\Users\kushal\AppData\Local\Firefox Developer Edition"; .\firefox.exe --start-debugger-server 6000 -new-tab about:debugging
PS C:\Users\kushal\AppData\Local\Firefox Developer Edition> date; scoop status; date; scoop bucket rm main; date; scoop bucket add main; date; scoop bucket rm extras; date; scoop bucket add extras; date; scoop status; date; scoop update; date; scoop update *; date; scoop cache show; date; scoop cache rm *; date; scoop status; date;

Wednesday, July 10, 2024 8:29:30 AM
Scoop is up to date.
Everything is ok!
Wednesday, July 10, 2024 8:29:31 AM
The main bucket was removed successfully.
Wednesday, July 10, 2024 8:29:31 AM
Checking repo... OK
The main bucket was added successfully.
Wednesday, July 10, 2024 8:29:36 AM
The extras bucket was removed successfully.
Wednesday, July 10, 2024 8:29:37 AM
Checking repo... OK
The extras bucket was added successfully.
Wednesday, July 10, 2024 8:29:44 AM
Scoop is up to date.
Everything is ok!
Wednesday, July 10, 2024 8:29:45 AM
Updating Scoop...
Updating Buckets...
Scoop was updated successfully!
Wednesday, July 10, 2024 8:29:54 AM
Latest versions for all apps are installed! For more information try 'scoop status'
Wednesday, July 10, 2024 8:29:54 AM
Total: 0 files, 0 B
Wednesday, July 10, 2024 8:29:54 AM
Deleted: 0 files, 0 B
Wednesday, July 10, 2024 8:29:54 AM
Scoop is up to date.
Everything is ok!
Wednesday, July 10, 2024 8:29:55 AM

PS C:\Users\kushal\AppData\Local\Firefox Developer Edition> cd "C:\Users\kushal\src\angular\angulareighteen\"; date; git fetch; date; git status; date; yarn run ng update; date; yarn run ng build; date; yarn run ng test; date; yarn run ng update @angular/core @angular/cli @angular/cdk @angular/material; date; git add .; git commit --message "add all files" --message "update from terminal"; date; git pull --rebase origin master; date; git push origin master; date;

Wednesday, July 10, 2024 9:14:04 AM
Wednesday, July 10, 2024 9:14:05 AM
On branch master
Your branch is up to date with 'origin/master'.

nothing to commit, working tree clean
Wednesday, July 10, 2024 9:14:05 AM
yarn run v1.22.21
$ ng update
Using package manager: yarn
Collecting installed dependencies...
Found 27 dependencies.
    We analyzed your package.json, there are some packages to update:

      Name                               Version                  Command to update
     --------------------------------------------------------------------------------
      @angular/core                      18.0.6 -> 18.1.0         ng update @angular/core

    There might be additional packages which don't provide 'ng update' capabilities that are outdated.
    You can update the additional packages by running the update command of your package manager.
Done in 8.18s.
Wednesday, July 10, 2024 9:14:14 AM
yarn run v1.22.21
$ ng build
Initial chunk files   | Names         |  Raw size | Estimated transfer size
chunk-QLAIBUM3.js     | -             | 109.56 kB |                32.34 kB
main-WBRM4I3D.js      | main          |  98.60 kB |                25.01 kB
styles-MEIM3CW7.css   | styles        |  70.07 kB |                 7.06 kB
polyfills-6EAL64PA.js | polyfills     |  34.23 kB |                11.13 kB

                      | Initial total | 312.46 kB |                75.54 kB

Lazy chunk files      | Names         |  Raw size | Estimated transfer size
chunk-2EQ7MZOR.js     | browser       |  67.21 kB |                17.47 kB

Output location: C:\Users\kushal\src\angular\angulareighteen\docs

Application bundle generation complete. [6.683 seconds]

Done in 9.56s.
Wednesday, July 10, 2024 9:14:24 AM
yarn run v1.22.21
$ ng test
✔ Browser application bundle generation complete.
10 07 2024 09:14:44.300:INFO [karma-server]: Karma v6.4.3 server started at http://localhost:9876/
10 07 2024 09:14:44.302:INFO [launcher]: Launching browsers FirefoxHeadless with concurrency unlimited
10 07 2024 09:14:44.357:INFO [launcher]: Starting browser Firefox
10 07 2024 09:14:45.441:INFO [Firefox 129.0 (Windows 10)]: Connected on socket TNRb7zozcwbAkRNTAAAB with id 15723045
Firefox 129.0 (Windows 10): Executed 3 of 3 SUCCESS (0.07 secs / 0.061 secs)
TOTAL: 3 SUCCESS
Done in 22.42s.
Wednesday, July 10, 2024 9:14:46 AM
yarn run v1.22.21
$ ng update @angular/core @angular/cli @angular/cdk @angular/material
Error: Repository is not clean. Please commit or stash any changes before updating.
error Command failed with exit code 1.
info Visit https://yarnpkg.com/en/docs/cli/run for documentation about this command.
Wednesday, July 10, 2024 9:14:47 AM
warning: in the working copy of 'docs/index.html', LF will be replaced by CRLF the next time Git touches it
warning: in the working copy of 'docs/chunk-2EQ7MZOR.js', LF will be replaced by CRLF the next time Git touches it
warning: in the working copy of 'docs/chunk-QLAIBUM3.js', LF will be replaced by CRLF the next time Git touches it
warning: in the working copy of 'docs/main-WBRM4I3D.js', LF will be replaced by CRLF the next time Git touches it
warning: in the working copy of 'docs/styles-MEIM3CW7.css', LF will be replaced by CRLF the next time Git touches it
[master a4cd475] add all files
 7 files changed, 176 insertions(+), 176 deletions(-)
 rename docs/{chunk-6447YNYI.js => chunk-2EQ7MZOR.js} (99%)
 rename docs/{chunk-66MZYDBQ.js => chunk-QLAIBUM3.js} (81%)
 delete mode 100644 docs/main-T2GDPJTR.js
 create mode 100644 docs/main-WBRM4I3D.js
 create mode 100644 docs/styles-MEIM3CW7.css
 delete mode 100644 docs/styles-UVTELNMH.css
Wednesday, July 10, 2024 9:14:47 AM
From github.com:angulareighteen/angulareighteen.github.io
 * branch            master     -> FETCH_HEAD
Current branch master is up to date.
Wednesday, July 10, 2024 9:14:48 AM
Enumerating objects: 11, done.
Counting objects: 100% (11/11), done.
Delta compression using up to 16 threads
Compressing objects: 100% (8/8), done.
Writing objects: 100% (8/8), 90.95 KiB | 3.03 MiB/s, done.
Total 8 (delta 2), reused 0 (delta 0), pack-reused 0 (from 0)
remote: Resolving deltas: 100% (2/2), completed with 2 local objects.
remote:
remote: GitHub found 2 vulnerabilities on angulareighteen/angulareighteen.github.io's default branch (1 high, 1 low). To find out more, visit:
remote:      https://github.com/angulareighteen/angulareighteen.github.io/security/dependabot
remote:
To github.com:angulareighteen/angulareighteen.github.io.git
   812433f..a4cd475  master -> master
Wednesday, July 10, 2024 9:14:49 AM

PS C:\Users\kushal\src\angular\angulareighteen> cd "C:\Users\kushal\src\angular\angulareighteen\"; date; git fetch; date; git status; date; date; git add .; git commit --message "add all files" --message "update from terminal"; date; git pull --rebase origin master; date; git push origin master; date; yarn run ng update; date; yarn run ng build; date; yarn run ng test; date; yarn run ng update @angular/core @angular/cli @angular/cdk @angular/material; date; git add .; git commit --message "add all files" --message "update from terminal"; date; git pull --rebase origin master; date; git push origin master; date;

Wednesday, July 10, 2024 9:16:02 AM
Wednesday, July 10, 2024 9:16:03 AM
On branch master
Your branch is up to date with 'origin/master'.

nothing to commit, working tree clean
Wednesday, July 10, 2024 9:16:03 AM
Wednesday, July 10, 2024 9:16:03 AM
On branch master
Your branch is up to date with 'origin/master'.

nothing to commit, working tree clean
Wednesday, July 10, 2024 9:16:03 AM
From github.com:angulareighteen/angulareighteen.github.io
 * branch            master     -> FETCH_HEAD
Already up to date.
Wednesday, July 10, 2024 9:16:04 AM
Everything up-to-date
Wednesday, July 10, 2024 9:16:04 AM
yarn run v1.22.21
$ ng update
Using package manager: yarn
Collecting installed dependencies...
Found 27 dependencies.
    We analyzed your package.json, there are some packages to update:

      Name                               Version                  Command to update
     --------------------------------------------------------------------------------
      @angular/core                      18.0.6 -> 18.1.0         ng update @angular/core

    There might be additional packages which don't provide 'ng update' capabilities that are outdated.
    You can update the additional packages by running the update command of your package manager.
Done in 1.34s.
Wednesday, July 10, 2024 9:16:06 AM
yarn run v1.22.21
$ ng build
Initial chunk files   | Names         |  Raw size | Estimated transfer size
chunk-QLAIBUM3.js     | -             | 109.56 kB |                32.34 kB
main-WBRM4I3D.js      | main          |  98.60 kB |                25.01 kB
styles-MEIM3CW7.css   | styles        |  70.07 kB |                 7.06 kB
polyfills-6EAL64PA.js | polyfills     |  34.23 kB |                11.13 kB

                      | Initial total | 312.46 kB |                75.54 kB

Lazy chunk files      | Names         |  Raw size | Estimated transfer size
chunk-2EQ7MZOR.js     | browser       |  67.21 kB |                17.47 kB

Output location: C:\Users\kushal\src\angular\angulareighteen\docs

Application bundle generation complete. [1.747 seconds]

Done in 2.46s.
Wednesday, July 10, 2024 9:16:08 AM
yarn run v1.22.21
$ ng test
✔ Browser application bundle generation complete.
10 07 2024 09:16:11.865:INFO [karma-server]: Karma v6.4.3 server started at http://localhost:9876/
10 07 2024 09:16:11.866:INFO [launcher]: Launching browsers FirefoxHeadless with concurrency unlimited
10 07 2024 09:16:11.873:INFO [launcher]: Starting browser Firefox
10 07 2024 09:16:12.656:INFO [Firefox 129.0 (Windows 10)]: Connected on socket bRYd6Y3Nbec9IKbuAAAB with id 17492846
Firefox 129.0 (Windows 10): Executed 3 of 3 SUCCESS (0.001 secs / 0.057 secs)
TOTAL: 3 SUCCESS
Done in 4.49s.
Wednesday, July 10, 2024 9:16:13 AM
yarn run v1.22.21
$ ng update @angular/core @angular/cli @angular/cdk @angular/material
Using package manager: yarn
Collecting installed dependencies...
Found 27 dependencies.
Fetching dependency metadata from registry...
Package '@angular/cli' is already up to date.
Package '@angular/cdk' is already up to date.
Package '@angular/material' is already up to date.
    Updating package.json with dependency @angular/compiler-cli @ "18.1.0" (was "18.0.6")...
    Updating package.json with dependency @angular/animations @ "18.1.0" (was "18.0.6")...
    Updating package.json with dependency @angular/common @ "18.1.0" (was "18.0.6")...
    Updating package.json with dependency @angular/compiler @ "18.1.0" (was "18.0.6")...
    Updating package.json with dependency @angular/core @ "18.1.0" (was "18.0.6")...
    Updating package.json with dependency @angular/forms @ "18.1.0" (was "18.0.6")...
    Updating package.json with dependency @angular/platform-browser @ "18.1.0" (was "18.0.6")...
    Updating package.json with dependency @angular/platform-browser-dynamic @ "18.1.0" (was "18.0.6")...
    Updating package.json with dependency @angular/router @ "18.1.0" (was "18.0.6")...
UPDATE package.json (1238 bytes)
✔ Packages successfully installed.
** Executing migrations of package '@angular/core' **

> Updates calls to afterRender with an explicit phase to the new API.
  Migration completed (No changes made).

Done in 23.61s.
Wednesday, July 10, 2024 9:16:37 AM
warning: in the working copy of 'package.json', LF will be replaced by CRLF the next time Git touches it
[master 107dae7] add all files
 2 files changed, 45 insertions(+), 45 deletions(-)
Wednesday, July 10, 2024 9:16:37 AM
From github.com:angulareighteen/angulareighteen.github.io
 * branch            master     -> FETCH_HEAD
Current branch master is up to date.
Wednesday, July 10, 2024 9:16:37 AM
Enumerating objects: 7, done.
Counting objects: 100% (7/7), done.
Delta compression using up to 16 threads
Compressing objects: 100% (4/4), done.
Writing objects: 100% (4/4), 1.59 KiB | 541.00 KiB/s, done.
Total 4 (delta 3), reused 0 (delta 0), pack-reused 0 (from 0)
remote: Resolving deltas: 100% (3/3), completed with 3 local objects.
remote:
remote: GitHub found 2 vulnerabilities on angulareighteen/angulareighteen.github.io's default branch (1 high, 1 low). To find out more, visit:
remote:      https://github.com/angulareighteen/angulareighteen.github.io/security/dependabot
remote:
To github.com:angulareighteen/angulareighteen.github.io.git
   a4cd475..107dae7  master -> master
Wednesday, July 10, 2024 9:16:38 AM

PS C:\Users\kushal\src\angular\angulareighteen> yarn why ws
yarn why v1.22.21
[1/4] Why do we have the module "ws"...?
[2/4] Initialising dependency graph...
[3/4] Finding dependency...
[4/4] Calculating file sizes...
=> Found "ws@8.11.0"
info Has been hoisted to "ws"
info Reasons this module exists
   - Hoisted from "karma#socket.io#engine.io#ws"
   - Hoisted from "karma#socket.io#socket.io-adapter#ws"
info Disk size without dependencies: "176KB"
info Disk size with unique dependencies: "176KB"
info Disk size with transitive dependencies: "176KB"
info Number of shared dependencies: 0
=> Found "webpack-dev-server#ws@8.17.0"
info This module exists because "@angular-devkit#build-angular#webpack-dev-server" depends on it.
info Disk size without dependencies: "176KB"
info Disk size with unique dependencies: "176KB"
info Disk size with transitive dependencies: "176KB"
info Number of shared dependencies: 0
Done in 0.28s.
PS C:\Users\kushal\src\angular\angulareighteen> yarn add --dev ws
yarn add v1.22.21
[1/4] Resolving packages...
[2/4] Fetching packages...
warning Pattern ["wrap-ansi@^7.0.0"] is trying to unpack in the same destination "C:\\Users\\kushal\\AppData\\Local\\Yarn\\Cache\\v6\\npm-wrap-ansi-cjs-7.0.0-67e145cff510a6a6984bdf1152911d69d2eb9e43-integrity\\node_modules\\wrap-ansi-cjs" as pattern ["wrap-ansi-cjs@npm:wrap-ansi@^7.0.0"]. This could result in non-deterministic behavior, skipping.
[3/4] Linking dependencies...
[4/4] Building fresh packages...
success Saved lockfile.
success Saved 1 new dependency.
info Direct dependencies
└─ ws@8.18.0
info All dependencies
└─ ws@8.18.0
Done in 2.40s.
PS C:\Users\kushal\src\angular\angulareighteen> cd "C:\Users\kushal\src\angular\angulareighteen\"; date; git fetch; date; git status; date; date; git add .; git commit --message "add all files" --message "update from terminal"; date; git pull --rebase origin master; date; git push origin master; date; yarn run ng update; date; yarn run ng build; date; yarn run ng test; date; yarn run ng update @angular/core @angular/cli @angular/cdk @angular/material; date; git add .; git commit --message "add all files" --message "update from terminal"; date; git pull --rebase origin master; date; git push origin master; date;

Wednesday, July 10, 2024 9:18:41 AM
Wednesday, July 10, 2024 9:18:42 AM
On branch master
Your branch is up to date with 'origin/master'.

Changes not staged for commit:
  (use "git add <file>..." to update what will be committed)
  (use "git restore <file>..." to discard changes in working directory)
        modified:   package.json
        modified:   yarn.lock

no changes added to commit (use "git add" and/or "git commit -a")
Wednesday, July 10, 2024 9:18:42 AM
Wednesday, July 10, 2024 9:18:42 AM
warning: in the working copy of 'package.json', LF will be replaced by CRLF the next time Git touches it
[master 68d8559] add all files
 2 files changed, 8 insertions(+), 2 deletions(-)
Wednesday, July 10, 2024 9:18:42 AM
From github.com:angulareighteen/angulareighteen.github.io
 * branch            master     -> FETCH_HEAD
Current branch master is up to date.
Wednesday, July 10, 2024 9:18:43 AM
Enumerating objects: 7, done.
Counting objects: 100% (7/7), done.
Delta compression using up to 16 threads
Compressing objects: 100% (4/4), done.
Writing objects: 100% (4/4), 581 bytes | 581.00 KiB/s, done.
Total 4 (delta 3), reused 0 (delta 0), pack-reused 0 (from 0)
remote: Resolving deltas: 100% (3/3), completed with 3 local objects.
remote:
remote: GitHub found 2 vulnerabilities on angulareighteen/angulareighteen.github.io's default branch (1 high, 1 low). To find out more, visit:
remote:      https://github.com/angulareighteen/angulareighteen.github.io/security/dependabot
remote:
To github.com:angulareighteen/angulareighteen.github.io.git
   107dae7..68d8559  master -> master
Wednesday, July 10, 2024 9:18:44 AM
yarn run v1.22.21
$ ng update
Using package manager: yarn
Collecting installed dependencies...
Found 28 dependencies.
    We analyzed your package.json and everything seems to be in order. Good work!
Done in 7.62s.
Wednesday, July 10, 2024 9:18:52 AM
yarn run v1.22.21
$ ng build
Initial chunk files   | Names         |  Raw size | Estimated transfer size
chunk-BU4DCMLU.js     | -             | 109.68 kB |                32.36 kB
main-VG3DU74O.js      | main          |  98.85 kB |                25.04 kB
styles-MEIM3CW7.css   | styles        |  70.07 kB |                 7.06 kB
polyfills-6EAL64PA.js | polyfills     |  34.23 kB |                11.13 kB

                      | Initial total | 312.84 kB |                75.58 kB

Lazy chunk files      | Names         |  Raw size | Estimated transfer size
chunk-CSHOYBAZ.js     | browser       |  67.21 kB |                17.45 kB

Output location: C:\Users\kushal\src\angular\angulareighteen\docs

Application bundle generation complete. [4.879 seconds]

Done in 7.63s.
Wednesday, July 10, 2024 9:18:59 AM
yarn run v1.22.21
$ ng test
✔ Browser application bundle generation complete.
10 07 2024 09:19:19.252:INFO [karma-server]: Karma v6.4.3 server started at http://localhost:9876/
10 07 2024 09:19:19.254:INFO [launcher]: Launching browsers FirefoxHeadless with concurrency unlimited
10 07 2024 09:19:19.311:INFO [launcher]: Starting browser Firefox
10 07 2024 09:19:20.178:INFO [Firefox 129.0 (Windows 10)]: Connected on socket pTQipjgncN3L2PRBAAAB with id 74712064
Firefox 129.0 (Windows 10): Executed 3 of 3 SUCCESS (0.105 secs / 0.091 secs)
TOTAL: 3 SUCCESS
Done in 21.45s.
Wednesday, July 10, 2024 9:19:21 AM
yarn run v1.22.21
$ ng update @angular/core @angular/cli @angular/cdk @angular/material
Error: Repository is not clean. Please commit or stash any changes before updating.
error Command failed with exit code 1.
info Visit https://yarnpkg.com/en/docs/cli/run for documentation about this command.
Wednesday, July 10, 2024 9:19:22 AM
warning: in the working copy of 'docs/index.html', LF will be replaced by CRLF the next time Git touches it
warning: in the working copy of 'docs/chunk-BU4DCMLU.js', LF will be replaced by CRLF the next time Git touches it
warning: in the working copy of 'docs/chunk-CSHOYBAZ.js', LF will be replaced by CRLF the next time Git touches it
warning: in the working copy of 'docs/main-VG3DU74O.js', LF will be replaced by CRLF the next time Git touches it
[master 61d872f] add all files
 5 files changed, 174 insertions(+), 174 deletions(-)
 rename docs/{chunk-QLAIBUM3.js => chunk-BU4DCMLU.js} (59%)
 rename docs/{chunk-2EQ7MZOR.js => chunk-CSHOYBAZ.js} (99%)
 create mode 100644 docs/main-VG3DU74O.js
 delete mode 100644 docs/main-WBRM4I3D.js
Wednesday, July 10, 2024 9:19:22 AM
From github.com:angulareighteen/angulareighteen.github.io
 * branch            master     -> FETCH_HEAD
Current branch master is up to date.
Wednesday, July 10, 2024 9:19:22 AM
Enumerating objects: 10, done.
Counting objects: 100% (10/10), done.
Delta compression using up to 16 threads
Compressing objects: 100% (7/7), done.
Writing objects: 100% (7/7), 82.48 KiB | 3.44 MiB/s, done.
Total 7 (delta 2), reused 0 (delta 0), pack-reused 0 (from 0)
remote: Resolving deltas: 100% (2/2), completed with 2 local objects.
remote:
remote: GitHub found 2 vulnerabilities on angulareighteen/angulareighteen.github.io's default branch (1 high, 1 low). To find out more, visit:
remote:      https://github.com/angulareighteen/angulareighteen.github.io/security/dependabot
remote:
To github.com:angulareighteen/angulareighteen.github.io.git
   68d8559..61d872f  master -> master
Wednesday, July 10, 2024 9:19:24 AM

PS C:\Users\kushal\src\angular\angulareighteen> yarn why undici
yarn why v1.22.21
[1/4] Why do we have the module "undici"...?
[2/4] Initialising dependency graph...
[3/4] Finding dependency...
[4/4] Calculating file sizes...
=> Found "undici@6.18.0"
info Reasons this module exists
   - "@angular-devkit#build-angular" depends on it
   - Hoisted from "@angular-devkit#build-angular#undici"
   - Hoisted from "@angular-devkit#build-angular#@angular#build#undici"
info Disk size without dependencies: "1.48MB"
info Disk size with unique dependencies: "1.48MB"
info Disk size with transitive dependencies: "1.48MB"
info Number of shared dependencies: 0
Done in 0.28s.
PS C:\Users\kushal\src\angular\angulareighteen> yarn add --dev undici
yarn add v1.22.21
[1/4] Resolving packages...
[2/4] Fetching packages...
warning Pattern ["wrap-ansi@^7.0.0"] is trying to unpack in the same destination "C:\\Users\\kushal\\AppData\\Local\\Yarn\\Cache\\v6\\npm-wrap-ansi-cjs-7.0.0-67e145cff510a6a6984bdf1152911d69d2eb9e43-integrity\\node_modules\\wrap-ansi-cjs" as pattern ["wrap-ansi-cjs@npm:wrap-ansi@^7.0.0"]. This could result in non-deterministic behavior, skipping.
[3/4] Linking dependencies...
[4/4] Building fresh packages...
success Saved lockfile.
success Saved 1 new dependency.
info Direct dependencies
└─ undici@6.19.2
info All dependencies
└─ undici@6.19.2
Done in 2.75s.
PS C:\Users\kushal\src\angular\angulareighteen> cd "C:\Users\kushal\src\angular\angulareighteen\"; date; git fetch; date; git status; date; date; git add .; git commit --message "add all files" --message "update from terminal"; date; git pull --rebase origin master; date; git push origin master; date; yarn run ng update; date; yarn run ng build; date; yarn run ng test; date; yarn run ng update @angular/core @angular/cli @angular/cdk @angular/material; date; git add .; git commit --message "add all files" --message "update from terminal"; date; git pull --rebase origin master; date; git push origin master; date;

Wednesday, July 10, 2024 9:26:52 AM
Wednesday, July 10, 2024 9:26:52 AM
On branch master
Your branch is up to date with 'origin/master'.

Changes not staged for commit:
  (use "git add <file>..." to update what will be committed)
  (use "git restore <file>..." to discard changes in working directory)
        modified:   package.json
        modified:   yarn.lock

no changes added to commit (use "git add" and/or "git commit -a")
Wednesday, July 10, 2024 9:26:53 AM
Wednesday, July 10, 2024 9:26:53 AM
warning: in the working copy of 'package.json', LF will be replaced by CRLF the next time Git touches it
[master 3005d35] add all files
 2 files changed, 6 insertions(+)
Wednesday, July 10, 2024 9:26:53 AM
From github.com:angulareighteen/angulareighteen.github.io
 * branch            master     -> FETCH_HEAD
Current branch master is up to date.
Wednesday, July 10, 2024 9:26:53 AM
Enumerating objects: 7, done.
Counting objects: 100% (7/7), done.
Delta compression using up to 16 threads
Compressing objects: 100% (4/4), done.
Writing objects: 100% (4/4), 576 bytes | 576.00 KiB/s, done.
Total 4 (delta 3), reused 0 (delta 0), pack-reused 0 (from 0)
remote: Resolving deltas: 100% (3/3), completed with 3 local objects.
remote:
remote: GitHub found 2 vulnerabilities on angulareighteen/angulareighteen.github.io's default branch (1 high, 1 low). To find out more, visit:
remote:      https://github.com/angulareighteen/angulareighteen.github.io/security/dependabot
remote:
To github.com:angulareighteen/angulareighteen.github.io.git
   61d872f..3005d35  master -> master
Wednesday, July 10, 2024 9:26:54 AM
yarn run v1.22.21
$ ng update
Using package manager: yarn
Collecting installed dependencies...
Found 29 dependencies.
    We analyzed your package.json and everything seems to be in order. Good work!
Done in 1.44s.
Wednesday, July 10, 2024 9:26:56 AM
yarn run v1.22.21
$ ng build
Initial chunk files   | Names         |  Raw size | Estimated transfer size
chunk-BU4DCMLU.js     | -             | 109.68 kB |                32.36 kB
main-VG3DU74O.js      | main          |  98.85 kB |                25.04 kB
styles-MEIM3CW7.css   | styles        |  70.07 kB |                 7.06 kB
polyfills-6EAL64PA.js | polyfills     |  34.23 kB |                11.13 kB

                      | Initial total | 312.84 kB |                75.58 kB

Lazy chunk files      | Names         |  Raw size | Estimated transfer size
chunk-CSHOYBAZ.js     | browser       |  67.21 kB |                17.45 kB

Output location: C:\Users\kushal\src\angular\angulareighteen\docs

Application bundle generation complete. [1.839 seconds]

Done in 2.55s.
Wednesday, July 10, 2024 9:26:58 AM
yarn run v1.22.21
$ ng test
✔ Browser application bundle generation complete.
10 07 2024 09:27:02.522:INFO [karma-server]: Karma v6.4.3 server started at http://localhost:9876/
10 07 2024 09:27:02.523:INFO [launcher]: Launching browsers FirefoxHeadless with concurrency unlimited
10 07 2024 09:27:02.529:INFO [launcher]: Starting browser Firefox
10 07 2024 09:27:03.343:INFO [Firefox 129.0 (Windows 10)]: Connected on socket Ftwae6_ntzCLHrflAAAB with id 79766074
Firefox 129.0 (Windows 10): Executed 3 of 3 SUCCESS (0.091 secs / 0.081 secs)
TOTAL: 3 SUCCESS
Done in 4.96s.
Wednesday, July 10, 2024 9:27:04 AM
yarn run v1.22.21
$ ng update @angular/core @angular/cli @angular/cdk @angular/material
Using package manager: yarn
Collecting installed dependencies...
Found 29 dependencies.
Fetching dependency metadata from registry...
Package '@angular/core' is already up to date.
Package '@angular/cli' is already up to date.
Package '@angular/cdk' is already up to date.
Package '@angular/material' is already up to date.
Done in 2.22s.
Wednesday, July 10, 2024 9:27:06 AM
On branch master
Your branch is up to date with 'origin/master'.

nothing to commit, working tree clean
Wednesday, July 10, 2024 9:27:06 AM
From github.com:angulareighteen/angulareighteen.github.io
 * branch            master     -> FETCH_HEAD
Already up to date.
Wednesday, July 10, 2024 9:27:07 AM
Everything up-to-date
Wednesday, July 10, 2024 9:27:07 AM

PS C:\Users\kushal\src\angular\angulareighteen> cd "C:\Users\kushal\src\myhtml\fromnepal"; date; yarn; date; yarn run build; date; git add .; date; git commit --message "build application" --message "from the terminal"; date; git pull --rebase origin main; date; git push origin main; date;
