PowerShell 7.4.3

   A new PowerShell stable release is available: v7.4.4
   Upgrade now, or check out the release page at:
     https://aka.ms/PowerShell-Release?tag=v7.4.4

Loading personal and system profiles took 513ms.
PS C:\Users\kushal>
PS C:\Users\kushal> cd "C:\Users\kushal\src\myhtml\fromnepal"; date; yarn; date; yarn run build; date; git add .; date; git commit --message "build application" --message "from the terminal"; date; git pull --rebase origin main; date; git push origin main; date;

Friday, July 26, 2024 4:50:26 PM
yarn install v1.22.21
[1/4] Resolving packages...
success Already up-to-date.
Done in 0.14s.
Friday, July 26, 2024 4:50:46 PM
yarn run v1.22.21
$ tsc && vite build
vite v5.2.13 building for production...
‚úì 5 modules transformed.
docs/index.html                 0.53 kB ‚îÇ gzip: 0.32 kB
docs/assets/index-DYhv0y2B.css  4.60 kB ‚îÇ gzip: 1.63 kB
docs/assets/index-BUJcqj8w.js   4.81 kB ‚îÇ gzip: 2.11 kB
‚úì built in 152ms
Done in 2.55s.
Friday, July 26, 2024 4:50:49 PM
warning: in the working copy of 'docs/assets/index-BUJcqj8w.js', LF will be replaced by CRLF the next time Git touches it
warning: in the working copy of 'docs/assets/index-DYhv0y2B.css', LF will be replaced by CRLF the next time Git touches it
warning: in the working copy of 'docs/index.html', LF will be replaced by CRLF the next time Git touches it
Friday, July 26, 2024 4:50:49 PM
[main 872d42f] build application
 2 files changed, 80 insertions(+)
Friday, July 26, 2024 4:50:49 PM
From github.com:fromnepal/fromnepal.github.io
 * branch            main       -> FETCH_HEAD
Current branch main is up to date.
Friday, July 26, 2024 4:50:51 PM
Enumerating objects: 9, done.
Counting objects: 100% (9/9), done.
Delta compression using up to 16 threads
Compressing objects: 100% (5/5), done.
Writing objects: 100% (5/5), 639 bytes | 639.00 KiB/s, done.
Total 5 (delta 4), reused 0 (delta 0), pack-reused 0 (from 0)
remote: Resolving deltas: 100% (4/4), completed with 3 local objects.
To github.com:fromnepal/fromnepal.github.io.git
   14de525..872d42f  main -> main
Friday, July 26, 2024 4:50:51 PM

PS C:\Users\kushal\src\myhtml\fromnepal>
PS C:\Users\kushal\src\myhtml\fromnepal>
PS C:\Users\kushal\src\myhtml\fromnepal> cd "\\TP-Share\G\shared\jellyfin\shows\downloaded"; date; pwd; date; yt-dlp.exe --verbose --restrict-filenames --add-metadata -i "https://youtu.be/TT6O6NhZWg0"; date;

Saturday, July 27, 2024 10:26:18 AM

Drive        :
Provider     : Microsoft.PowerShell.Core\FileSystem
ProviderPath : \\TP-Share\G\shared\jellyfin\shows\downloaded
Path         : Microsoft.PowerShell.Core\FileSystem::\\TP-Share\G\shared\jellyfin\shows\downloaded

Saturday, July 27, 2024 10:26:18 AM
[debug] Command-line config: ['--verbose', '--restrict-filenames', '--add-metadata', '-i', 'https://youtu.be/TT6O6NhZWg0']
[debug] Portable config "C:\Users\kushal\scoop\apps\yt-dlp\current\yt-dlp.conf": []
[debug] Encodings: locale cp1252, fs utf-8, pref cp1252, out utf-8, error utf-8, screen utf-8
[debug] yt-dlp version stable@2024.07.16 from yt-dlp/yt-dlp [89a161e8c] (win_exe)
[debug] Python 3.8.10 (CPython AMD64 64bit) - Windows-10-10.0.22631-SP0 (OpenSSL 1.1.1k  25 Mar 2021)
[debug] exe versions: ffmpeg 7.0.1-full_build-www.gyan.dev (setts), ffprobe 7.0.1-full_build-www.gyan.dev
[debug] Optional libraries: Cryptodome-3.20.0, brotli-1.1.0, certifi-2024.07.04, curl_cffi-0.5.10, mutagen-1.47.0, requests-2.32.3, sqlite3-3.35.5, urllib3-2.2.2, websockets-12.0
[debug] Proxy map: {}
[debug] Request Handlers: urllib, requests, websockets, curl_cffi
[debug] Loaded 1829 extractors
[youtube] Extracting URL: https://youtu.be/TT6O6NhZWg0
[youtube] TT6O6NhZWg0: Downloading webpage
[youtube] TT6O6NhZWg0: Downloading ios player API JSON
[youtube] TT6O6NhZWg0: Downloading player 1f8742dc
WARNING: [youtube] TT6O6NhZWg0: nsig extraction failed: Some formats may be missing
         n = FVeqRBn_1DY-VodA6 ; player = https://www.youtube.com/s/player/1f8742dc/player_ias.vflset/en_US/base.js
[debug] [youtube] Unable to extract nsig function code (caused by RegexNotFoundError('Unable to extract \x1b[0;94mInitial JS player n function name\x1b[0m; please report this issue on  https://github.com/yt-dlp/yt-dlp/issues?q= , filling out the appropriate issue template. Confirm you are on the latest version using  yt-dlp -U')); please report this issue on  https://github.com/yt-dlp/yt-dlp/issues?q= , filling out the appropriate issue template. Confirm you are on the latest version using  yt-dlp -U
WARNING: [youtube] TT6O6NhZWg0: nsig extraction failed: Some formats may be missing
         n = L-dH8_Me70LaFwL2A ; player = https://www.youtube.com/s/player/1f8742dc/player_ias.vflset/en_US/base.js
[youtube] TT6O6NhZWg0: Downloading m3u8 information
[debug] Sort order given by extractor: quality, res, fps, hdr:12, source, vcodec:vp9.2, channels, acodec, lang, proto
[debug] Formats sorted by: hasvid, ie_pref, quality, res, fps, hdr:12(7), source, vcodec:vp9.2(10), channels, acodec, lang, proto, size, br, asr, vext, aext, hasaud, id
[debug] Default format spec: bestvideo*+bestaudio/best
[info] TT6O6NhZWg0: Downloading 1 format(s): 617+140
[debug] Invoking hlsnative downloader on "https://manifest.googlevideo.com/api/manifest/hls_playlist/expire/1722111978/ei/igOlZvOfMa-FkucPp_iy2A8/ip/70.104.195.206/id/4d3e8ee8d8595a0d/itag/617/source/youtube/requiressl/yes/ratebypass/yes/pfa/1/wft/1/sgovp/clen%3D10819136%3Bdur%3D53.200%3Bgir%3Dyes%3Bitag%3D303%3Blmt%3D1716242471001959/rqh/1/hls_chunk_host/rr2---sn-8xgp1vo-gpjl.googlevideo.com/xpc/EgVo2aDSNQ%3D%3D/mh/v7/mm/31,29/mn/sn-8xgp1vo-gpjl,sn-8xgp1vo-p5qee/ms/au,rdu/mv/m/mvi/2/pl/20/initcwndbps/1125000/vprv/1/playlist_type/DVR/dover/13/txp/630A224/mt/1722089840/fvip/7/short_key/1/keepalive/yes/sparams/expire,ei,ip,id,itag,source,requiressl,ratebypass,pfa,wft,sgovp,rqh,xpc,vprv,playlist_type/sig/AJfQdSswRQIhAJ0R89fFKhZKz76o2366LuUCB1j-dlNPJtfC4GOJL6rnAiAvN2wtIpQyhOdALbtyOYEjW8Imem-kE8do05ZtsY_Aog%3D%3D/lsparams/hls_chunk_host,mh,mm,mn,ms,mv,mvi,pl,initcwndbps/lsig/AGtxev0wRAIgTCcPHQ0Q6IWagSgcz8LTNa3VGZyXdPEK11pCvo1MWJYCIGKn5Tbjbu1n37VI3v-rwDb-hoZklp2JwvoiCsjCxPSp/playlist/index.m3u8"
[hlsnative] Downloading m3u8 manifest
[hlsnative] Total fragments: 12
[download] Destination: Cops_Say_They_Have_a_Warrant_Here_s_What_to_Do_lawyerreacts-[TT6O6NhZWg0].f617.mp4
[debug] File locking is not supported. Proceeding without locking
[download] 100% of   10.33MiB in 00:00:04 at 2.55MiB/s
[debug] Invoking http downloader on "https://rr2---sn-8xgp1vo-gpjl.googlevideo.com/videoplayback?expire=1722111978&ei=igOlZvOfMa-FkucPp_iy2A8&ip=70.104.195.206&id=o-AEVtcMX_wrcueoW0OkkB88iYCuBMCG2nk8yA4Tp4KFDR&itag=140&source=youtube&requiressl=yes&xpc=EgVo2aDSNQ%3D%3D&mh=v7&mm=31%2C29&mn=sn-8xgp1vo-gpjl%2Csn-8xgp1vo-p5qee&ms=au%2Crdu&mv=m&mvi=2&pl=20&initcwndbps=1125000&vprv=1&svpuc=1&mime=audio%2Fmp4&rqh=1&gir=yes&clen=862568&dur=53.243&lmt=1716242456540051&mt=1722089840&fvip=7&keepalive=yes&c=IOS&txp=6308224&sparams=expire%2Cei%2Cip%2Cid%2Citag%2Csource%2Crequiressl%2Cxpc%2Cvprv%2Csvpuc%2Cmime%2Crqh%2Cgir%2Cclen%2Cdur%2Clmt&sig=AJfQdSswRQIgWMCe6NG-B9S1F87BSz3ZSuB76LLH6_Qqt3rpKruqL70CIQD9fKkKMghSdDYZZy5CmAUquA7v-jyp--cfCUkeRGUvVg%3D%3D&lsparams=mh%2Cmm%2Cmn%2Cms%2Cmv%2Cmvi%2Cpl%2Cinitcwndbps&lsig=AGtxev0wRAIgTwYusYqq5DWO8lxz0c3ceQqiyYO66PgDiwJbVN10bNICIAZQkdahenPCfp4hBdRGo8yA-aisoLgvAA8QDtOf2wKu"
[download] Destination: Cops_Say_They_Have_a_Warrant_Here_s_What_to_Do_lawyerreacts-[TT6O6NhZWg0].f140.m4a
[download] 100% of  842.35KiB in 00:00:00 at 2.47MiB/s
[Merger] Merging formats into "Cops_Say_They_Have_a_Warrant_Here_s_What_to_Do_lawyerreacts-[TT6O6NhZWg0].mp4"
[debug] ffmpeg command line: ffmpeg -y -loglevel repeat+info -i "file:Cops_Say_They_Have_a_Warrant_Here_s_What_to_Do_lawyerreacts-[TT6O6NhZWg0].f617.mp4" -i "file:Cops_Say_They_Have_a_Warrant_Here_s_What_to_Do_lawyerreacts-[TT6O6NhZWg0].f140.m4a" -c copy -map 0:v:0 -map 1:a:0 -movflags +faststart "file:Cops_Say_They_Have_a_Warrant_Here_s_What_to_Do_lawyerreacts-[TT6O6NhZWg0].temp.mp4"
Deleting original file Cops_Say_They_Have_a_Warrant_Here_s_What_to_Do_lawyerreacts-[TT6O6NhZWg0].f617.mp4 (pass -k to keep)
Deleting original file Cops_Say_They_Have_a_Warrant_Here_s_What_to_Do_lawyerreacts-[TT6O6NhZWg0].f140.m4a (pass -k to keep)
[Metadata] Adding metadata to "Cops_Say_They_Have_a_Warrant_Here_s_What_to_Do_lawyerreacts-[TT6O6NhZWg0].mp4"
[debug] ffmpeg command line: ffmpeg -y -loglevel repeat+info -i "file:Cops_Say_They_Have_a_Warrant_Here_s_What_to_Do_lawyerreacts-[TT6O6NhZWg0].mp4" -map 0 -dn -ignore_unknown -c copy -write_id3v1 1 -metadata"title=Cops Say They Have a Warrant? Here's What to Do üëÆ‚Äç‚ôÇÔ∏èüè° #lawyerreacts" -metadata "date=20240120" -metadata "description=What happens if the cops come to your door claiming to have a search warrant? First, ask for a copy of the search warrant. Sometimes, cops are sneaky and lie about having a search warrant, so make sure they actually have it.

Second, tell the supervisor that you do not consent to any search of a person, place, or item that's not included in the warrant. This can help incriminating items be thrown out as evidence if they were foundduring an illegal search.

Lastly, invoke your Fifth Amendment right to remain silent. Do not answer any questions. Just stand there and respectfully remain silent." -metadata "synopsis=What happens if the cops come to your door claiming to have a search warrant? First, ask for a copy of the search warrant. Sometimes, cops are sneaky and lie about having a search warrant, so make sure they actually have it.

Second, tell the supervisor that you do not consent to any search of a person, place, or item that's not included in the warrant. This can help incriminating items be thrown out as evidence if they were foundduring an illegal search.

Lastly, invoke your Fifth Amendment right to remain silent. Do not answer any questions. Just stand there and respectfully remain silent." -metadata "purl=https://www.youtube.com/watch?v=TT6O6NhZWg0" -metadata "comment=https://www.youtube.com/watch?v=TT6O6NhZWg0" -metadata "artist=Hampton Law" -metadata:s:1 "language=eng" -movflags +faststart "file:Cops_Say_They_Have_a_Warrant_Here_s_What_to_Do_lawyerreacts-[TT6O6NhZWg0].temp.mp4"
Saturday, July 27, 2024 10:26:34 AM

PS Microsoft.PowerShell.Core\FileSystem::\\TP-Share\G\shared\jellyfin\shows\downloaded> cd "C:\Users\kushal\src\myhtml\fromnepal"; date; yarn; date; yarn run build; date; git add .; date; git commit --message"build application" --message "from the terminal"; date; git pull --rebase origin main; date; git push origin main; date;

Saturday, July 27, 2024 10:26:43 AM
yarn install v1.22.21
[1/4] Resolving packages...
success Already up-to-date.
Done in 0.10s.
Saturday, July 27, 2024 10:26:44 AM
yarn run v1.22.21
$ tsc && vite build
vite v5.2.13 building for production...
‚úì 5 modules transformed.
docs/index.html                 0.53 kB ‚îÇ gzip: 0.32 kB
docs/assets/index-DYhv0y2B.css  4.60 kB ‚îÇ gzip: 1.63 kB
docs/assets/index-BUJcqj8w.js   4.81 kB ‚îÇ gzip: 2.11 kB
‚úì built in 158ms
Done in 2.13s.
Saturday, July 27, 2024 10:26:46 AM
warning: in the working copy of 'docs/assets/index-BUJcqj8w.js', LF will be replaced by CRLF the next time Git touches it
warning: in the working copy of 'docs/assets/index-DYhv0y2B.css', LF will be replaced by CRLF the next time Git touches it
warning: in the working copy of 'docs/index.html', LF will be replaced by CRLF the next time Git touches it
Saturday, July 27, 2024 10:26:46 AM
On branch main
Your branch is up to date with 'origin/main'.

nothing to commit, working tree clean
Saturday, July 27, 2024 10:26:46 AM
From github.com:fromnepal/fromnepal.github.io
 * branch            main       -> FETCH_HEAD
Already up to date.
Saturday, July 27, 2024 10:26:48 AM
Everything up-to-date
Saturday, July 27, 2024 10:26:48 AM

PS C:\Users\kushal\src\myhtml\fromnepal> cd "C:\Users\kushal\src\myhtml\fromnepal"; date; yarn; date; yarn run build; date; git add .; date; git commit --message "build application" --message "from the terminal"; date; git pull --rebase origin main; date; git push origin main; date;

Saturday, July 27, 2024 10:26:55 AM
yarn install v1.22.21
[1/4] Resolving packages...
success Already up-to-date.
Done in 0.06s.
Saturday, July 27, 2024 10:26:55 AM
yarn run v1.22.21
$ tsc && vite build
vite v5.2.13 building for production...
‚úì 5 modules transformed.
docs/index.html                 0.53 kB ‚îÇ gzip: 0.32 kB
docs/assets/index-DYhv0y2B.css  4.60 kB ‚îÇ gzip: 1.63 kB
docs/assets/index-BUJcqj8w.js   4.81 kB ‚îÇ gzip: 2.11 kB
‚úì built in 106ms
Done in 0.81s.
Saturday, July 27, 2024 10:26:56 AM
warning: in the working copy of 'docs/assets/index-BUJcqj8w.js', LF will be replaced by CRLF the next time Git touches it
warning: in the working copy of 'docs/assets/index-DYhv0y2B.css', LF will be replaced by CRLF the next time Git touches it
warning: in the working copy of 'docs/index.html', LF will be replaced by CRLF the next time Git touches it
Saturday, July 27, 2024 10:26:56 AM
[main 211e846] build application
 2 files changed, 128 insertions(+), 180 deletions(-)
Saturday, July 27, 2024 10:26:56 AM
From github.com:fromnepal/fromnepal.github.io
 * branch            main       -> FETCH_HEAD
Current branch main is up to date.
Saturday, July 27, 2024 10:26:57 AM
Enumerating objects: 9, done.
Counting objects: 100% (9/9), done.
Delta compression using up to 16 threads
Compressing objects: 100% (5/5), done.
Writing objects: 100% (5/5), 4.58 KiB | 4.58 MiB/s, done.
Total 5 (delta 3), reused 0 (delta 0), pack-reused 0 (from 0)
remote: Resolving deltas: 100% (3/3), completed with 2 local objects.
To github.com:fromnepal/fromnepal.github.io.git
   872d42f..211e846  main -> main
Saturday, July 27, 2024 10:26:58 AM

PS C:\Users\kushal\src\myhtml\fromnepal> cd "C:\Users\kushal\src\myhtml\fromnepal"; date; yarn; date; yarn run build; date; git add .; date; git commit --message "build application" --message "from the terminal"; date; git pull --rebase origin main; date; git push origin main; date;

Saturday, July 27, 2024 10:27:17 AM
yarn install v1.22.21
[1/4] Resolving packages...
success Already up-to-date.
Done in 0.10s.
Saturday, July 27, 2024 10:27:18 AM
yarn run v1.22.21
$ tsc && vite build
vite v5.2.13 building for production...
‚úì 5 modules transformed.
docs/index.html                 0.53 kB ‚îÇ gzip: 0.32 kB
docs/assets/index-DYhv0y2B.css  4.60 kB ‚îÇ gzip: 1.63 kB
docs/assets/index-BUJcqj8w.js   4.81 kB ‚îÇ gzip: 2.11 kB
‚úì built in 115ms
Done in 1.04s.
Saturday, July 27, 2024 10:27:19 AM
warning: in the working copy of 'docs/assets/index-BUJcqj8w.js', LF will be replaced by CRLF the next time Git touches it
warning: in the working copy of 'docs/assets/index-DYhv0y2B.css', LF will be replaced by CRLF the next time Git touches it
warning: in the working copy of 'docs/index.html', LF will be replaced by CRLF the next time Git touches it
Saturday, July 27, 2024 10:27:19 AM
[main fd70ce2] build application
 2 files changed, 756 insertions(+), 258 deletions(-)
Saturday, July 27, 2024 10:27:19 AM
From github.com:fromnepal/fromnepal.github.io
 * branch            main       -> FETCH_HEAD
Current branch main is up to date.
Saturday, July 27, 2024 10:27:20 AM
Enumerating objects: 9, done.
Counting objects: 100% (9/9), done.
Delta compression using up to 16 threads
Compressing objects: 100% (5/5), done.
Writing objects: 100% (5/5), 5.70 KiB | 5.70 MiB/s, done.
Total 5 (delta 3), reused 0 (delta 0), pack-reused 0 (from 0)
remote: Resolving deltas: 100% (3/3), completed with 2 local objects.
To github.com:fromnepal/fromnepal.github.io.git
   211e846..fd70ce2  main -> main
Saturday, July 27, 2024 10:27:21 AM

PS C:\Users\kushal\src\myhtml\fromnepal>
PS C:\Users\kushal\src\myhtml\fromnepal> cd "C:\Users\kushal\src\myhtml\fromnepal"; date; yarn; date; yarn run build; date; git add .; date; git commit --message "build application" --message "from the terminal"; date; git pull --rebase origin main; date; git push origin main; date;

Saturday, July 27, 2024 1:34:55 PM
yarn install v1.22.21
[1/4] Resolving packages...
success Already up-to-date.
Done in 0.08s.
Saturday, July 27, 2024 1:34:55 PM
yarn run v1.22.21
$ tsc && vite build
vite v5.2.13 building for production...
‚úì 5 modules transformed.
docs/index.html                 0.53 kB ‚îÇ gzip: 0.32 kB
docs/assets/index-DYhv0y2B.css  4.60 kB ‚îÇ gzip: 1.63 kB
docs/assets/index-BUJcqj8w.js   4.81 kB ‚îÇ gzip: 2.11 kB
‚úì built in 158ms
Done in 2.26s.
Saturday, July 27, 2024 1:34:58 PM
warning: in the working copy of 'docs/assets/index-BUJcqj8w.js', LF will be replaced by CRLF the next time Git touches it
warning: in the working copy of 'docs/assets/index-DYhv0y2B.css', LF will be replaced by CRLF the next time Git touches it
warning: in the working copy of 'docs/index.html', LF will be replaced by CRLF the next time Git touches it
Saturday, July 27, 2024 1:34:58 PM
On branch main
Your branch is up to date with 'origin/main'.

nothing to commit, working tree clean
Saturday, July 27, 2024 1:34:58 PM
From github.com:fromnepal/fromnepal.github.io
 * branch            main       -> FETCH_HEAD
Already up to date.
Saturday, July 27, 2024 1:34:59 PM
Everything up-to-date
Saturday, July 27, 2024 1:34:59 PM

PS C:\Users\kushal\src\myhtml\fromnepal> cd "C:\Users\kushal\src\myhtml\fromnepal"; date; yarn; date; yarn run build; date; git add .; date; git commit --message "build application" --message "from the terminal"; date; git pull --rebase origin main; date; git push origin main; date;

Saturday, July 27, 2024 1:35:10 PM
yarn install v1.22.21
[1/4] Resolving packages...
success Already up-to-date.
Done in 0.06s.
Saturday, July 27, 2024 1:35:10 PM
yarn run v1.22.21
$ tsc && vite build
vite v5.2.13 building for production...
‚úì 5 modules transformed.
docs/index.html                 0.53 kB ‚îÇ gzip: 0.32 kB
docs/assets/index-DYhv0y2B.css  4.60 kB ‚îÇ gzip: 1.63 kB
docs/assets/index-BUJcqj8w.js   4.81 kB ‚îÇ gzip: 2.11 kB
‚úì built in 108ms
Done in 0.80s.
Saturday, July 27, 2024 1:35:11 PM
warning: in the working copy of 'docs/assets/index-BUJcqj8w.js', LF will be replaced by CRLF the next time Git touches it
warning: in the working copy of 'docs/assets/index-DYhv0y2B.css', LF will be replaced by CRLF the next time Git touches it
warning: in the working copy of 'docs/index.html', LF will be replaced by CRLF the next time Git touches it
Saturday, July 27, 2024 1:35:11 PM
[main 365abc6] build application
 2 files changed, 106 insertions(+)
Saturday, July 27, 2024 1:35:11 PM
From github.com:fromnepal/fromnepal.github.io
 * branch            main       -> FETCH_HEAD
Current branch main is up to date.
Saturday, July 27, 2024 1:35:12 PM
Enumerating objects: 9, done.
Counting objects: 100% (9/9), done.
Delta compression using up to 16 threads
Compressing objects: 100% (5/5), done.
Writing objects: 100% (5/5), 1.91 KiB | 1.91 MiB/s, done.
Total 5 (delta 4), reused 0 (delta 0), pack-reused 0 (from 0)
remote: Resolving deltas: 100% (4/4), completed with 3 local objects.
To github.com:fromnepal/fromnepal.github.io.git
   fd70ce2..365abc6  main -> main
Saturday, July 27, 2024 1:35:12 PM

PS C:\Users\kushal\src\myhtml\fromnepal> cd "C:\Users\kushal\src\myhtml\fromnepal"; date; yarn; date; yarn run build; date; git add .; date; git commit --message "build application" --message "from the terminal"; date; git pull --rebase origin main; date; git push origin main; date;

Saturday, July 27, 2024 1:41:51 PM
yarn install v1.22.21
[1/4] Resolving packages...
success Already up-to-date.
Done in 0.07s.
Saturday, July 27, 2024 1:41:51 PM
yarn run v1.22.21
$ tsc && vite build
vite v5.2.13 building for production...
‚úì 5 modules transformed.
docs/index.html                 0.53 kB ‚îÇ gzip: 0.32 kB
docs/assets/index-DYhv0y2B.css  4.60 kB ‚îÇ gzip: 1.63 kB
docs/assets/index-BUJcqj8w.js   4.81 kB ‚îÇ gzip: 2.11 kB
‚úì built in 130ms
Done in 1.03s.
Saturday, July 27, 2024 1:41:52 PM
warning: in the working copy of 'docs/assets/index-BUJcqj8w.js', LF will be replaced by CRLF the next time Git touches it
warning: in the working copy of 'docs/assets/index-DYhv0y2B.css', LF will be replaced by CRLF the next time Git touches it
warning: in the working copy of 'docs/index.html', LF will be replaced by CRLF the next time Git touches it
Saturday, July 27, 2024 1:41:52 PM
[main 750f613] build application
 2 files changed, 1024 insertions(+)
Saturday, July 27, 2024 1:41:52 PM
From github.com:fromnepal/fromnepal.github.io
 * branch            main       -> FETCH_HEAD
Current branch main is up to date.
Saturday, July 27, 2024 1:41:53 PM
Enumerating objects: 9, done.
Counting objects: 100% (9/9), done.
Delta compression using up to 16 threads
Compressing objects: 100% (5/5), done.
Writing objects: 100% (5/5), 12.16 KiB | 1.35 MiB/s, done.
Total 5 (delta 3), reused 0 (delta 0), pack-reused 0 (from 0)
remote: Resolving deltas: 100% (3/3), completed with 2 local objects.
To github.com:fromnepal/fromnepal.github.io.git
   365abc6..750f613  main -> main
Saturday, July 27, 2024 1:41:54 PM

PS C:\Users\kushal\src\myhtml\fromnepal> cd "C:\Users\kushal\src\myhtml\fromnepal"; date; yarn; date; yarn run build; date; git add .; date; git commit --message "build application" --message "from the terminal"; date; git pull --rebase origin main; date; git push origin main; date;

Saturday, July 27, 2024 1:42:40 PM
yarn install v1.22.21
[1/4] Resolving packages...
success Already up-to-date.
Done in 0.07s.
Saturday, July 27, 2024 1:42:41 PM
yarn run v1.22.21
$ tsc && vite build
vite v5.2.13 building for production...
‚úì 5 modules transformed.
docs/index.html                 0.53 kB ‚îÇ gzip: 0.32 kB
docs/assets/index-DYhv0y2B.css  4.60 kB ‚îÇ gzip: 1.63 kB
docs/assets/index-BUJcqj8w.js   4.81 kB ‚îÇ gzip: 2.11 kB
‚úì built in 116ms
Done in 0.81s.
Saturday, July 27, 2024 1:42:42 PM
warning: in the working copy of 'docs/assets/index-BUJcqj8w.js', LF will be replaced by CRLF the next time Git touches it
warning: in the working copy of 'docs/assets/index-DYhv0y2B.css', LF will be replaced by CRLF the next time Git touches it
warning: in the working copy of 'docs/index.html', LF will be replaced by CRLF the next time Git touches it
Saturday, July 27, 2024 1:42:42 PM
[main 3d8460c] build application
 2 files changed, 360 insertions(+)
Saturday, July 27, 2024 1:42:42 PM
From github.com:fromnepal/fromnepal.github.io
 * branch            main       -> FETCH_HEAD
Current branch main is up to date.
Saturday, July 27, 2024 1:42:42 PM
Enumerating objects: 9, done.
Counting objects: 100% (9/9), done.
Delta compression using up to 16 threads
Compressing objects: 100% (5/5), done.
Writing objects: 100% (5/5), 2.69 KiB | 2.69 MiB/s, done.
Total 5 (delta 4), reused 0 (delta 0), pack-reused 0 (from 0)
remote: Resolving deltas: 100% (4/4), completed with 3 local objects.
To github.com:fromnepal/fromnepal.github.io.git
   750f613..3d8460c  main -> main
Saturday, July 27, 2024 1:42:43 PM

PS C:\Users\kushal\src\myhtml\fromnepal> cd "C:\Users\kushal\src\myhtml\fromnepal"; date; yarn; date; yarn run build; date; git add .; date; git commit --message "build application" --message "from the terminal"; date; git pull --rebase origin main; date; git push origin main; date;

Saturday, July 27, 2024 1:43:10 PM
yarn install v1.22.21
[1/4] Resolving packages...
success Already up-to-date.
Done in 0.07s.
Saturday, July 27, 2024 1:43:10 PM
yarn run v1.22.21
$ tsc && vite build
vite v5.2.13 building for production...
‚úì 5 modules transformed.
docs/index.html                 0.53 kB ‚îÇ gzip: 0.32 kB
docs/assets/index-DYhv0y2B.css  4.60 kB ‚îÇ gzip: 1.63 kB
docs/assets/index-BUJcqj8w.js   4.81 kB ‚îÇ gzip: 2.11 kB
‚úì built in 119ms
Done in 0.91s.
Saturday, July 27, 2024 1:43:11 PM
warning: in the working copy of 'docs/assets/index-BUJcqj8w.js', LF will be replaced by CRLF the next time Git touches it
warning: in the working copy of 'docs/assets/index-DYhv0y2B.css', LF will be replaced by CRLF the next time Git touches it
warning: in the working copy of 'docs/index.html', LF will be replaced by CRLF the next time Git touches it
Saturday, July 27, 2024 1:43:11 PM
[main a17bbc2] build application
 2 files changed, 48 insertions(+)
Saturday, July 27, 2024 1:43:12 PM
From github.com:fromnepal/fromnepal.github.io
 * branch            main       -> FETCH_HEAD
Current branch main is up to date.
Saturday, July 27, 2024 1:43:12 PM
Enumerating objects: 9, done.
Counting objects: 100% (9/9), done.
Delta compression using up to 16 threads
Compressing objects: 100% (5/5), done.
Writing objects: 100% (5/5), 832 bytes | 832.00 KiB/s, done.
Total 5 (delta 4), reused 0 (delta 0), pack-reused 0 (from 0)
remote: Resolving deltas: 100% (4/4), completed with 3 local objects.
To github.com:fromnepal/fromnepal.github.io.git
   3d8460c..a17bbc2  main -> main
Saturday, July 27, 2024 1:43:13 PM

PS C:\Users\kushal\src\myhtml\fromnepal> cd "C:\Users\kushal\src\angular\angulareighteen\"; date; git fetch; date; git status; date; date; git add .; git commit --message "add all files" --message "update from terminal"; date; git pull --rebase origin master; date; git push origin master; date; yarn; date; yarn run ng update; date; yarn run ng build; date; date; git fetch; date; git status; date; date; git add .; git commit --message "add all files" --message "update from terminal"; date; git pull --rebase origin master; date; git push origin master; date; yarn run ng test; date; yarn run ng update @angular/core @angular/cli @angular/material; date; git add .; git commit --message "add all files" --message "update from terminal"; date; git pull --rebase origin master; date; git push origin master; date; echo y | npx update-browserslist-db@latest; date; git fetch; date; git status; date; date; git add .; git commit --message "add all files" --message "update from terminal"; date; git pull --rebase origin master; date; git push origin master; date; git remote show origin; date;

Saturday, July 27, 2024 2:13:59 PM
Saturday, July 27, 2024 2:14:00 PM
On branch master
Your branch is up to date with 'origin/master'.

nothing to commit, working tree clean
Saturday, July 27, 2024 2:14:00 PM
Saturday, July 27, 2024 2:14:00 PM
On branch master
Your branch is up to date with 'origin/master'.

nothing to commit, working tree clean
Saturday, July 27, 2024 2:14:00 PM
From github.com:angulareighteen/angulareighteen.github.io
 * branch            master     -> FETCH_HEAD
Already up to date.
Saturday, July 27, 2024 2:14:01 PM
Everything up-to-date
Saturday, July 27, 2024 2:14:02 PM
yarn install v1.22.21
[1/4] Resolving packages...
success Already up-to-date.
Done in 0.34s.
Saturday, July 27, 2024 2:14:02 PM
yarn run v1.22.21
$ ng update
Using package manager: yarn
Collecting installed dependencies...
Found 26 dependencies.
    We analyzed your package.json, there are some packages to update:

      Name                               Version                  Command to update
     --------------------------------------------------------------------------------
      @angular/cli                       18.1.1 -> 18.1.2         ng update @angular/cli
      @angular/core                      18.1.1 -> 18.1.2         ng update @angular/core
      @angular/material                  18.1.1 -> 18.1.2         ng update @angular/material

    There might be additional packages which don't provide 'ng update' capabilities that are outdated.
    You can update the additional packages by running the update command of your package manager.
Done in 10.40s.
Saturday, July 27, 2024 2:14:13 PM
yarn run v1.22.21
$ ng build
Initial chunk files   | Names         |  Raw size | Estimated transfer size
main-Y7IMM5N2.js      | main          | 203.99 kB |                55.17 kB
polyfills-SCHOHYNV.js | polyfills     |  34.52 kB |                11.29 kB
styles-5INURTSO.css   | styles        |   0 bytes |                 0 bytes

                      | Initial total | 238.51 kB |                66.47 kB

Output location: C:\Users\kushal\src\angular\angulareighteen\docs

Application bundle generation complete. [5.895 seconds]

Done in 9.80s.
Saturday, July 27, 2024 2:14:23 PM
Saturday, July 27, 2024 2:14:23 PM
Saturday, July 27, 2024 2:14:24 PM
On branch master
Your branch is up to date with 'origin/master'.

nothing to commit, working tree clean
Saturday, July 27, 2024 2:14:24 PM
Saturday, July 27, 2024 2:14:24 PM
On branch master
Your branch is up to date with 'origin/master'.

nothing to commit, working tree clean
Saturday, July 27, 2024 2:14:24 PM
From github.com:angulareighteen/angulareighteen.github.io
 * branch            master     -> FETCH_HEAD
Already up to date.
Saturday, July 27, 2024 2:14:24 PM
Everything up-to-date
Saturday, July 27, 2024 2:14:25 PM
yarn run v1.22.21
$ ng test
‚úî Browser application bundle generation complete.
27 07 2024 14:14:40.192:INFO [karma-server]: Karma v6.4.3 server started at http://localhost:9876/
27 07 2024 14:14:40.194:INFO [launcher]: Launching browsers FirefoxHeadless with concurrency unlimited
27 07 2024 14:14:40.262:INFO [launcher]: Starting browser Firefox
27 07 2024 14:14:41.495:INFO [Firefox 129.0 (Windows 10)]: Connected on socket E1oY4n1Exy5nMnKNAAAB with id 7468063
Firefox 129.0 (Windows 10): Executed 3 of 3 SUCCESS (0.106 secs / 0.098 secs)
TOTAL: 3 SUCCESS
Done in 16.86s.
Saturday, July 27, 2024 2:14:42 PM
yarn run v1.22.21
$ ng update @angular/core @angular/cli @angular/material
The installed Angular CLI version is outdated.
Installing a temporary Angular CLI versioned 18.1.2 to perform the update.
Using package manager: yarn
Collecting installed dependencies...
Found 26 dependencies.
Fetching dependency metadata from registry...
                  Package "@angular/material" has a missing peer dependency of "@angular/cdk" @ "18.1.2".
    Updating package.json with dependency @angular-devkit/build-angular @ "18.1.2" (was "18.1.1")...
    Updating package.json with dependency @angular/cli @ "18.1.2" (was "18.1.1")...
    Updating package.json with dependency @angular/compiler-cli @ "18.1.2" (was "18.1.1")...
    Updating package.json with dependency @angular/animations @ "18.1.2" (was "18.1.1")...
    Updating package.json with dependency @angular/common @ "18.1.2" (was "18.1.1")...
    Updating package.json with dependency @angular/compiler @ "18.1.2" (was "18.1.1")...
    Updating package.json with dependency @angular/core @ "18.1.2" (was "18.1.1")...
    Updating package.json with dependency @angular/forms @ "18.1.2" (was "18.1.1")...
    Updating package.json with dependency @angular/material @ "18.1.2" (was "18.1.1")...
    Updating package.json with dependency @angular/platform-browser @ "18.1.2" (was "18.1.1")...
    Updating package.json with dependency @angular/platform-browser-dynamic @ "18.1.2" (was "18.1.1")...
    Updating package.json with dependency @angular/router @ "18.1.2" (was "18.1.1")...
UPDATE package.json (1164 bytes)
‚úî Cleaning node modules directory
‚úî Installing packages
An unhandled exception occurred: Cannot find module '@angular/cdk/schematics'
Require stack:
- C:\Users\kushal\src\angular\angulareighteen\node_modules\@angular\material\schematics\ng-update\index_bundled.js
See "C:\Users\kushal\AppData\Local\Temp\ng-z5CnDw\angular-errors.log" for further details.
error Command failed with exit code 127.
info Visit https://yarnpkg.com/en/docs/cli/run for documentation about this command.
Saturday, July 27, 2024 2:15:26 PM
warning: in the working copy of 'package.json', LF will be replaced by CRLF the next time Git touches it
[master f98b649] add all files
 2 files changed, 107 insertions(+), 861 deletions(-)
Saturday, July 27, 2024 2:15:27 PM
From github.com:angulareighteen/angulareighteen.github.io
 * branch            master     -> FETCH_HEAD
Current branch master is up to date.
Saturday, July 27, 2024 2:15:27 PM
Enumerating objects: 7, done.
Counting objects: 100% (7/7), done.
Delta compression using up to 16 threads
Compressing objects: 100% (4/4), done.
Writing objects: 100% (4/4), 2.99 KiB | 1021.00 KiB/s, done.
Total 4 (delta 3), reused 0 (delta 0), pack-reused 0 (from 0)
remote: Resolving deltas: 100% (3/3), completed with 3 local objects.
To github.com:angulareighteen/angulareighteen.github.io.git
   8133a79..f98b649  master -> master
Saturday, July 27, 2024 2:15:28 PM
Latest version:     1.0.30001643
Installed version:  none
Removing old caniuse-lite from lock file
Installing new caniuse-lite version
$ yarn add -W caniuse-lite
warning Pattern ["string-width-cjs@npm:string-width@^4.2.0"] is trying to unpack in the same destination "C:\\Users\\kushal\\AppData\\Local\\Yarn\\Cache\\v6\\npm-string-width-cjs-4.2.3-269c7117d27b05ad2e536830a8ec895ef9c6d010-integrity\\node_modules\\string-width-cjs" as pattern ["string-width@^4.1.0"]. This could result in non-deterministic behavior, skipping.
warning Pattern ["string-width@^4.2.3"] is trying to unpack in the same destination "C:\\Users\\kushal\\AppData\\Local\\Yarn\\Cache\\v6\\npm-string-width-cjs-4.2.3-269c7117d27b05ad2e536830a8ec895ef9c6d010-integrity\\node_modules\\string-width-cjs" as pattern ["string-width@^4.1.0"]. This could result in non-deterministic behavior, skipping.
warning Pattern ["string-width@^4.2.0"] is trying to unpack in the same destination "C:\\Users\\kushal\\AppData\\Local\\Yarn\\Cache\\v6\\npm-string-width-cjs-4.2.3-269c7117d27b05ad2e536830a8ec895ef9c6d010-integrity\\node_modules\\string-width-cjs" as pattern ["string-width@^4.1.0"]. This could result in non-deterministic behavior, skipping.
warning Pattern ["wrap-ansi@^7.0.0"] is trying to unpack in the same destination "C:\\Users\\kushal\\AppData\\Local\\Yarn\\Cache\\v6\\npm-wrap-ansi-cjs-7.0.0-67e145cff510a6a6984bdf1152911d69d2eb9e43-integrity\\node_modules\\wrap-ansi-cjs" as pattern ["wrap-ansi-cjs@npm:wrap-ansi@^7.0.0"]. This could result in non-deterministic behavior, skipping.
warning Pattern ["caniuse-lite@^1.0.30001643"] is trying to unpack in the same destination "C:\\Users\\kushal\\AppData\\Local\\Yarn\\Cache\\v6\\npm-caniuse-lite-1.0.30001643-9c004caef315de9452ab970c3da71085f8241dbd-integrity\\node_modules\\caniuse-lite" as pattern ["caniuse-lite@^1.0.30001599","caniuse-lite@^1.0.30001640"]. This could result in non-deterministic behavior, skipping.
warning " > @angular/material@18.1.2" has unmet peer dependency "@angular/cdk@18.1.2".
Cleaning package.json dependencies from caniuse-lite
$ yarn remove -W caniuse-lite
warning Pattern ["string-width-cjs@npm:string-width@^4.2.0"] is trying to unpack in the same destination "C:\\Users\\kushal\\AppData\\Local\\Yarn\\Cache\\v6\\npm-string-width-cjs-4.2.3-269c7117d27b05ad2e536830a8ec895ef9c6d010-integrity\\node_modules\\string-width-cjs" as pattern ["string-width@^4.1.0"]. This could result in non-deterministic behavior, skipping.
warning Pattern ["string-width@^4.2.3"] is trying to unpack in the same destination "C:\\Users\\kushal\\AppData\\Local\\Yarn\\Cache\\v6\\npm-string-width-cjs-4.2.3-269c7117d27b05ad2e536830a8ec895ef9c6d010-integrity\\node_modules\\string-width-cjs" as pattern ["string-width@^4.1.0"]. This could result in non-deterministic behavior, skipping.
warning Pattern ["string-width@^4.2.0"] is trying to unpack in the same destination "C:\\Users\\kushal\\AppData\\Local\\Yarn\\Cache\\v6\\npm-string-width-cjs-4.2.3-269c7117d27b05ad2e536830a8ec895ef9c6d010-integrity\\node_modules\\string-width-cjs" as pattern ["string-width@^4.1.0"]. This could result in non-deterministic behavior, skipping.
warning Pattern ["wrap-ansi@^7.0.0"] is trying to unpack in the same destination "C:\\Users\\kushal\\AppData\\Local\\Yarn\\Cache\\v6\\npm-wrap-ansi-cjs-7.0.0-67e145cff510a6a6984bdf1152911d69d2eb9e43-integrity\\node_modules\\wrap-ansi-cjs" as pattern ["wrap-ansi-cjs@npm:wrap-ansi@^7.0.0"]. This could result in non-deterministic behavior, skipping.
warning " > @angular/material@18.1.2" has unmet peer dependency "@angular/cdk@18.1.2".
caniuse-lite has been successfully updated

No target browser changes
npm notice
npm notice New minor version of npm available! 10.7.0 -> 10.8.2
npm notice Changelog: https://github.com/npm/cli/releases/tag/v10.8.2
npm notice To update run: npm install -g npm@10.8.2
npm notice
Saturday, July 27, 2024 2:15:45 PM
Saturday, July 27, 2024 2:15:45 PM
On branch master
Your branch is up to date with 'origin/master'.

nothing to commit, working tree clean
Saturday, July 27, 2024 2:15:45 PM
Saturday, July 27, 2024 2:15:45 PM
On branch master
Your branch is up to date with 'origin/master'.

nothing to commit, working tree clean
Saturday, July 27, 2024 2:15:46 PM
From github.com:angulareighteen/angulareighteen.github.io
 * branch            master     -> FETCH_HEAD
Already up to date.
Saturday, July 27, 2024 2:15:46 PM
Everything up-to-date
Saturday, July 27, 2024 2:15:47 PM
* remote origin
  Fetch URL: git@github.com:angulareighteen/angulareighteen.github.io.git
  Push  URL: git@github.com:angulareighteen/angulareighteen.github.io.git
  HEAD branch: master
  Remote branch:
    master tracked
  Local branch configured for 'git pull':
    master merges with remote master
  Local ref configured for 'git push':
    master pushes to master (up to date)
Saturday, July 27, 2024 2:15:47 PM

PS C:\Users\kushal\src\angular\angulareighteen> cd "C:\Users\kushal\src\myhtml\fromnepal"; date; yarn; date; yarn run build; date; git add .; date; git commit --message "build application" --message "from theterminal"; date; git pull --rebase origin main; date; git push origin main; date;

Saturday, July 27, 2024 2:34:30 PM
yarn install v1.22.21
[1/4] Resolving packages...
success Already up-to-date.
Done in 0.09s.
Saturday, July 27, 2024 2:34:31 PM
yarn run v1.22.21
$ tsc && vite build
vite v5.2.13 building for production...
‚úì 5 modules transformed.
docs/index.html                 0.53 kB ‚îÇ gzip: 0.32 kB
docs/assets/index-DYhv0y2B.css  4.60 kB ‚îÇ gzip: 1.63 kB
docs/assets/index-BUJcqj8w.js   4.81 kB ‚îÇ gzip: 2.11 kB
‚úì built in 164ms
Done in 2.39s.
Saturday, July 27, 2024 2:34:33 PM
warning: in the working copy of 'docs/assets/index-BUJcqj8w.js', LF will be replaced by CRLF the next time Git touches it
warning: in the working copy of 'docs/assets/index-DYhv0y2B.css', LF will be replaced by CRLF the next time Git touches it
warning: in the working copy of 'docs/index.html', LF will be replaced by CRLF the next time Git touches it
Saturday, July 27, 2024 2:34:33 PM
[main d6b201f] build application
 2 files changed, 180 insertions(+)
Saturday, July 27, 2024 2:34:33 PM
From github.com:fromnepal/fromnepal.github.io
 * branch            main       -> FETCH_HEAD
Current branch main is up to date.
Saturday, July 27, 2024 2:34:35 PM
Enumerating objects: 9, done.
Counting objects: 100% (9/9), done.
Delta compression using up to 16 threads
Compressing objects: 100% (5/5), done.
Writing objects: 100% (5/5), 1.35 KiB | 1.35 MiB/s, done.
Total 5 (delta 4), reused 0 (delta 0), pack-reused 0 (from 0)
remote: Resolving deltas: 100% (4/4), completed with 3 local objects.
To github.com:fromnepal/fromnepal.github.io.git
   a17bbc2..d6b201f  main -> main
Saturday, July 27, 2024 2:34:36 PM

PS C:\Users\kushal\src\myhtml\fromnepal> cd "C:\Users\kushal\src\myhtml\fromnepal"; date; yarn; date; yarn run build; date; git add .; date; git commit --message "build application" --message "from the terminal"; date; git pull --rebase origin main; date; git push origin main; date;

Saturday, July 27, 2024 2:42:39 PM
yarn install v1.22.21
[1/4] Resolving packages...
success Already up-to-date.
Done in 0.07s.
Saturday, July 27, 2024 2:42:39 PM
yarn run v1.22.21
$ tsc && vite build
vite v5.2.13 building for production...
‚úì 5 modules transformed.
docs/index.html                 0.53 kB ‚îÇ gzip: 0.32 kB
docs/assets/index-DYhv0y2B.css  4.60 kB ‚îÇ gzip: 1.63 kB
docs/assets/index-BUJcqj8w.js   4.81 kB ‚îÇ gzip: 2.11 kB
‚úì built in 142ms
Done in 1.07s.
Saturday, July 27, 2024 2:42:41 PM
warning: in the working copy of 'docs/assets/index-BUJcqj8w.js', LF will be replaced by CRLF the next time Git touches it
warning: in the working copy of 'docs/assets/index-DYhv0y2B.css', LF will be replaced by CRLF the next time Git touches it
warning: in the working copy of 'docs/index.html', LF will be replaced by CRLF the next time Git touches it
Saturday, July 27, 2024 2:42:41 PM
[main 95cd6d4] build application
 2 files changed, 596 insertions(+), 2396 deletions(-)
Saturday, July 27, 2024 2:42:41 PM
From github.com:fromnepal/fromnepal.github.io
 * branch            main       -> FETCH_HEAD
Current branch main is up to date.
Saturday, July 27, 2024 2:42:42 PM
Enumerating objects: 9, done.
Counting objects: 100% (9/9), done.
Delta compression using up to 16 threads
Compressing objects: 100% (5/5), done.
Writing objects: 100% (5/5), 3.65 KiB | 3.65 MiB/s, done.
Total 5 (delta 4), reused 0 (delta 0), pack-reused 0 (from 0)
remote: Resolving deltas: 100% (4/4), completed with 3 local objects.
To github.com:fromnepal/fromnepal.github.io.git
   d6b201f..95cd6d4  main -> main
Saturday, July 27, 2024 2:42:42 PM

PS C:\Users\kushal\src\myhtml\fromnepal> cd "C:\Users\kushal\src\myhtml\fromnepal"; date; yarn; date; yarn run build; date; git add .; date; git commit --message "build application" --message "from the terminal"; date; git pull --rebase origin main; date; git push origin main; date;

Saturday, July 27, 2024 6:14:34 PM
yarn install v1.22.21
[1/4] Resolving packages...
success Already up-to-date.
Done in 0.15s.
Saturday, July 27, 2024 6:14:35 PM
yarn run v1.22.21
$ tsc && vite build
vite v5.2.13 building for production...
‚úì 5 modules transformed.
docs/index.html                 0.53 kB ‚îÇ gzip: 0.32 kB
docs/assets/index-DYhv0y2B.css  4.60 kB ‚îÇ gzip: 1.63 kB
docs/assets/index-BUJcqj8w.js   4.81 kB ‚îÇ gzip: 2.11 kB
‚úì built in 167ms
Done in 2.76s.
Saturday, July 27, 2024 6:14:37 PM
warning: in the working copy of 'docs/assets/index-BUJcqj8w.js', LF will be replaced by CRLF the next time Git touches it
warning: in the working copy of 'docs/assets/index-DYhv0y2B.css', LF will be replaced by CRLF the next time Git touches it
warning: in the working copy of 'docs/index.html', LF will be replaced by CRLF the next time Git touches it
Saturday, July 27, 2024 6:14:38 PM
On branch main
Your branch is up to date with 'origin/main'.

nothing to commit, working tree clean
Saturday, July 27, 2024 6:14:38 PM
From github.com:fromnepal/fromnepal.github.io
 * branch            main       -> FETCH_HEAD
Already up to date.
Saturday, July 27, 2024 6:14:39 PM
Everything up-to-date
Saturday, July 27, 2024 6:14:40 PM

PS C:\Users\kushal\src\myhtml\fromnepal> cd "C:\Users\kushal\src\myhtml\fromnepal"; date; yarn; date; yarn run build; date; git add .; date; git commit --message "build application" --message "from the terminal"; date; git pull --rebase origin main; date; git push origin main; date;

Sunday, July 28, 2024 11:04:17 AM
yarn install v1.22.21
[1/4] Resolving packages...
success Already up-to-date.
Done in 0.08s.
Sunday, July 28, 2024 11:04:18 AM
yarn run v1.22.21
$ tsc && vite build
vite v5.2.13 building for production...
‚úì 5 modules transformed.
docs/index.html                 0.53 kB ‚îÇ gzip: 0.32 kB
docs/assets/index-DYhv0y2B.css  4.60 kB ‚îÇ gzip: 1.63 kB
docs/assets/index-BUJcqj8w.js   4.81 kB ‚îÇ gzip: 2.11 kB
‚úì built in 160ms
Done in 2.69s.
Sunday, July 28, 2024 11:04:21 AM
warning: in the working copy of 'docs/assets/index-BUJcqj8w.js', LF will be replaced by CRLF the next time Git touches it
warning: in the working copy of 'docs/assets/index-DYhv0y2B.css', LF will be replaced by CRLF the next time Git touches it
warning: in the working copy of 'docs/index.html', LF will be replaced by CRLF the next time Git touches it
Sunday, July 28, 2024 11:04:21 AM
On branch main
Your branch is up to date with 'origin/main'.

nothing to commit, working tree clean
Sunday, July 28, 2024 11:04:21 AM
From github.com:fromnepal/fromnepal.github.io
 * branch            main       -> FETCH_HEAD
Already up to date.
Sunday, July 28, 2024 11:04:22 AM
Everything up-to-date
Sunday, July 28, 2024 11:04:23 AM

PS C:\Users\kushal\src\myhtml\fromnepal> cd "C:\Users\kushal\src\myhtml\fromnepal"; date; yarn; date; yarn run build; date; git add .; date; git commit --message "build application" --message "from the terminal"; date; git pull --rebase origin main; date; git push origin main; date;

Sunday, July 28, 2024 11:04:38 AM
yarn install v1.22.21
[1/4] Resolving packages...
success Already up-to-date.
Done in 0.07s.
Sunday, July 28, 2024 11:04:39 AM
yarn run v1.22.21
$ tsc && vite build
vite v5.2.13 building for production...
‚úì 5 modules transformed.
docs/index.html                 0.53 kB ‚îÇ gzip: 0.32 kB
docs/assets/index-DYhv0y2B.css  4.60 kB ‚îÇ gzip: 1.63 kB
docs/assets/index-BUJcqj8w.js   4.81 kB ‚îÇ gzip: 2.11 kB
‚úì built in 116ms
Done in 0.87s.
Sunday, July 28, 2024 11:04:40 AM
warning: in the working copy of 'docs/assets/index-BUJcqj8w.js', LF will be replaced by CRLF the next time Git touches it
warning: in the working copy of 'docs/assets/index-DYhv0y2B.css', LF will be replaced by CRLF the next time Git touches it
warning: in the working copy of 'docs/index.html', LF will be replaced by CRLF the next time Git touches it
Sunday, July 28, 2024 11:04:40 AM
On branch main
Your branch is up to date with 'origin/main'.

nothing to commit, working tree clean
Sunday, July 28, 2024 11:04:40 AM
From github.com:fromnepal/fromnepal.github.io
 * branch            main       -> FETCH_HEAD
Already up to date.
Sunday, July 28, 2024 11:04:40 AM
Everything up-to-date
Sunday, July 28, 2024 11:04:41 AM

PS C:\Users\kushal\src\myhtml\fromnepal> cd "C:\Users\kushal\src\myhtml\fromnepal"; date; yarn; date; yarn run build; date; git add .; date; git commit --message "build application" --message "from the terminal"; date; git pull --rebase origin main; date; git push origin main; date;

Sunday, July 28, 2024 11:04:49 AM
yarn install v1.22.21
[1/4] Resolving packages...
success Already up-to-date.
Done in 0.07s.
Sunday, July 28, 2024 11:04:49 AM
yarn run v1.22.21
$ tsc && vite build
vite v5.2.13 building for production...
‚úì 5 modules transformed.
docs/index.html                 0.53 kB ‚îÇ gzip: 0.32 kB
docs/assets/index-DYhv0y2B.css  4.60 kB ‚îÇ gzip: 1.63 kB
docs/assets/index-BUJcqj8w.js   4.81 kB ‚îÇ gzip: 2.11 kB
‚úì built in 112ms
Done in 0.91s.
Sunday, July 28, 2024 11:04:50 AM
warning: in the working copy of 'docs/assets/index-BUJcqj8w.js', LF will be replaced by CRLF the next time Git touches it
warning: in the working copy of 'docs/assets/index-DYhv0y2B.css', LF will be replaced by CRLF the next time Git touches it
warning: in the working copy of 'docs/index.html', LF will be replaced by CRLF the next time Git touches it
Sunday, July 28, 2024 11:04:50 AM
[main 06f0ae5] build application
 2 files changed, 1578 insertions(+), 692 deletions(-)
Sunday, July 28, 2024 11:04:50 AM
From github.com:fromnepal/fromnepal.github.io
 * branch            main       -> FETCH_HEAD
Current branch main is up to date.
Sunday, July 28, 2024 11:04:51 AM
Enumerating objects: 9, done.
Counting objects: 100% (9/9), done.
Delta compression using up to 16 threads
Compressing objects: 100% (5/5), done.
Writing objects: 100% (5/5), 7.90 KiB | 7.90 MiB/s, done.
Total 5 (delta 3), reused 0 (delta 0), pack-reused 0 (from 0)
remote: Resolving deltas: 100% (3/3), completed with 2 local objects.
To github.com:fromnepal/fromnepal.github.io.git
   95cd6d4..06f0ae5  main -> main
Sunday, July 28, 2024 11:04:52 AM

PS C:\Users\kushal\src\myhtml\fromnepal> cd "C:\Users\kushal\src\myhtml\fromnepal"; date; yarn; date; yarn run build; date; git add .; date; git commit --message "build application" --message "from the terminal"; date; git pull --rebase origin main; date; git push origin main; date;
