PowerShell 7.4.2

   A new PowerShell stable release is available: v7.4.3
   Upgrade now, or check out the release page at:
     https://aka.ms/PowerShell-Release?tag=v7.4.3

PS C:\Users\kushal> cd "C:\Users\kushal\src\myhtml\fromnepal"; date; yarn; date; yarn run build; date; git add .; date; git commit --message "build application" --message "from the terminal"; date; git pull --rebase origin main; date; git push origin main; date;

Wednesday, July 10, 2024 1:45:21 PM
yarn install v1.22.21
[1/4] Resolving packages...
success Already up-to-date.
Done in 0.06s.
Wednesday, July 10, 2024 1:45:21 PM
yarn run v1.22.21
$ tsc && vite build
vite v5.2.13 building for production...
✓ 5 modules transformed.
docs/index.html                 0.53 kB │ gzip: 0.32 kB
docs/assets/index-DYhv0y2B.css  4.60 kB │ gzip: 1.63 kB
docs/assets/index-BUJcqj8w.js   4.81 kB │ gzip: 2.11 kB
✓ built in 118ms
Done in 1.19s.
Wednesday, July 10, 2024 1:45:23 PM
warning: in the working copy of 'docs/assets/index-BUJcqj8w.js', LF will be replaced by CRLF the next time Git touches it
warning: in the working copy of 'docs/assets/index-DYhv0y2B.css', LF will be replaced by CRLF the next time Git touches it
warning: in the working copy of 'docs/index.html', LF will be replaced by CRLF the next time Git touches it
Wednesday, July 10, 2024 1:45:23 PM
On branch main
Your branch is up to date with 'origin/main'.

nothing to commit, working tree clean
Wednesday, July 10, 2024 1:45:23 PM
From github.com:fromnepal/fromnepal.github.io
 * branch            main       -> FETCH_HEAD
Already up to date.
Wednesday, July 10, 2024 1:45:23 PM
Everything up-to-date
Wednesday, July 10, 2024 1:45:24 PM

PS C:\Users\kushal\src\myhtml\fromnepal> cd "C:\Users\kushal\src\myhtml\fromnepal"; date; yarn; date; yarn run build; date; git add .; date; git commit --message "build application" --message "from the terminal"; date; git pull --rebase origin main; date; git push origin main; date;

Wednesday, July 10, 2024 1:45:32 PM
yarn install v1.22.21
[1/4] Resolving packages...
success Already up-to-date.
Done in 0.07s.
Wednesday, July 10, 2024 1:45:33 PM
yarn run v1.22.21
$ tsc && vite build
vite v5.2.13 building for production...
✓ 5 modules transformed.
docs/index.html                 0.53 kB │ gzip: 0.32 kB
docs/assets/index-DYhv0y2B.css  4.60 kB │ gzip: 1.63 kB
docs/assets/index-BUJcqj8w.js   4.81 kB │ gzip: 2.11 kB
✓ built in 99ms
Done in 0.79s.
Wednesday, July 10, 2024 1:45:34 PM
warning: in the working copy of 'docs/assets/index-BUJcqj8w.js', LF will be replaced by CRLF the next time Git touches it
warning: in the working copy of 'docs/assets/index-DYhv0y2B.css', LF will be replaced by CRLF the next time Git touches it
warning: in the working copy of 'docs/index.html', LF will be replaced by CRLF the next time Git touches it
Wednesday, July 10, 2024 1:45:34 PM
[main 136e640] build application
 2 files changed, 1464 insertions(+), 420 deletions(-)
Wednesday, July 10, 2024 1:45:34 PM
From github.com:fromnepal/fromnepal.github.io
 * branch            main       -> FETCH_HEAD
Current branch main is up to date.
Wednesday, July 10, 2024 1:45:34 PM
Enumerating objects: 9, done.
Counting objects: 100% (9/9), done.
Delta compression using up to 16 threads
Compressing objects: 100% (5/5), done.
Writing objects: 100% (5/5), 9.24 KiB | 727.00 KiB/s, done.
Total 5 (delta 3), reused 0 (delta 0), pack-reused 0 (from 0)
remote: Resolving deltas: 100% (3/3), completed with 2 local objects.
To github.com:fromnepal/fromnepal.github.io.git
   cfa4b11..136e640  main -> main
Wednesday, July 10, 2024 1:45:36 PM

PS C:\Users\kushal\src\myhtml\fromnepal> cd "C:\Users\kushal\src\myhtml\fromnepal"; date; yarn; date; yarn run build; date; git add .; date; git commit --message "build application" --message "from the terminal"; date; git pull --rebase origin main; date; git push origin main; date;

Wednesday, July 10, 2024 1:46:03 PM
yarn install v1.22.21
[1/4] Resolving packages...
success Already up-to-date.
Done in 0.06s.
Wednesday, July 10, 2024 1:46:03 PM
yarn run v1.22.21
$ tsc && vite build
vite v5.2.13 building for production...
✓ 5 modules transformed.
docs/index.html                 0.53 kB │ gzip: 0.32 kB
docs/assets/index-DYhv0y2B.css  4.60 kB │ gzip: 1.63 kB
docs/assets/index-BUJcqj8w.js   4.81 kB │ gzip: 2.11 kB
✓ built in 98ms
Done in 0.79s.
Wednesday, July 10, 2024 1:46:04 PM
warning: in the working copy of 'docs/assets/index-BUJcqj8w.js', LF will be replaced by CRLF the next time Git touches it
warning: in the working copy of 'docs/assets/index-DYhv0y2B.css', LF will be replaced by CRLF the next time Git touches it
warning: in the working copy of 'docs/index.html', LF will be replaced by CRLF the next time Git touches it
Wednesday, July 10, 2024 1:46:04 PM
[main 93551d8] build application
 2 files changed, 80 insertions(+)
Wednesday, July 10, 2024 1:46:04 PM
From github.com:fromnepal/fromnepal.github.io
 * branch            main       -> FETCH_HEAD
Current branch main is up to date.
Wednesday, July 10, 2024 1:46:05 PM
Enumerating objects: 9, done.
Counting objects: 100% (9/9), done.
Delta compression using up to 16 threads
Compressing objects: 100% (5/5), done.
Writing objects: 100% (5/5), 1.09 KiB | 1.09 MiB/s, done.
Total 5 (delta 4), reused 0 (delta 0), pack-reused 0 (from 0)
remote: Resolving deltas: 100% (4/4), completed with 3 local objects.
To github.com:fromnepal/fromnepal.github.io.git
   136e640..93551d8  main -> main
Wednesday, July 10, 2024 1:46:06 PM

PS C:\Users\kushal\src\myhtml\fromnepal> cd "C:\Users\kushal\src\myhtml\fromnepal"; date; yarn; date; yarn run build; date; git add .; date; git commit --message "build application" --message "from the terminal"; date; git pull --rebase origin main; date; git push origin main; date;

Wednesday, July 10, 2024 1:55:09 PM
yarn install v1.22.21
[1/4] Resolving packages...
success Already up-to-date.
Done in 0.07s.
Wednesday, July 10, 2024 1:55:10 PM
yarn run v1.22.21
$ tsc && vite build
vite v5.2.13 building for production...
✓ 5 modules transformed.
docs/index.html                 0.53 kB │ gzip: 0.32 kB
docs/assets/index-DYhv0y2B.css  4.60 kB │ gzip: 1.63 kB
docs/assets/index-BUJcqj8w.js   4.81 kB │ gzip: 2.11 kB
✓ built in 129ms
Done in 1.04s.
Wednesday, July 10, 2024 1:55:11 PM
warning: in the working copy of 'docs/assets/index-BUJcqj8w.js', LF will be replaced by CRLF the next time Git touches it
warning: in the working copy of 'docs/assets/index-DYhv0y2B.css', LF will be replaced by CRLF the next time Git touches it
warning: in the working copy of 'docs/index.html', LF will be replaced by CRLF the next time Git touches it
Wednesday, July 10, 2024 1:55:11 PM
[main e6c0d71] build application
 2 files changed, 334 insertions(+)
Wednesday, July 10, 2024 1:55:11 PM
From github.com:fromnepal/fromnepal.github.io
 * branch            main       -> FETCH_HEAD
Current branch main is up to date.
Wednesday, July 10, 2024 1:55:12 PM
Enumerating objects: 9, done.
Counting objects: 100% (9/9), done.
Delta compression using up to 16 threads
Compressing objects: 100% (5/5), done.
Writing objects: 100% (5/5), 2.29 KiB | 2.29 MiB/s, done.
Total 5 (delta 4), reused 0 (delta 0), pack-reused 0 (from 0)
remote: Resolving deltas: 100% (4/4), completed with 3 local objects.
To github.com:fromnepal/fromnepal.github.io.git
   93551d8..e6c0d71  main -> main
Wednesday, July 10, 2024 1:55:13 PM

PS C:\Users\kushal\src\myhtml\fromnepal> cd "C:\Users\kushal\src\myhtml\fromnepal"; date; yarn; date; yarn run build; date; git add .; date; git commit --message "build application" --message "from the terminal"; date; git pull --rebase origin main; date; git push origin main; date;

Wednesday, July 10, 2024 1:59:34 PM
yarn install v1.22.21
[1/4] Resolving packages...
success Already up-to-date.
Done in 0.07s.
Wednesday, July 10, 2024 1:59:34 PM
yarn run v1.22.21
$ tsc && vite build
vite v5.2.13 building for production...
✓ 5 modules transformed.
docs/index.html                 0.53 kB │ gzip: 0.32 kB
docs/assets/index-DYhv0y2B.css  4.60 kB │ gzip: 1.63 kB
docs/assets/index-BUJcqj8w.js   4.81 kB │ gzip: 2.11 kB
✓ built in 123ms
Done in 1.05s.
Wednesday, July 10, 2024 1:59:35 PM
warning: in the working copy of 'docs/assets/index-BUJcqj8w.js', LF will be replaced by CRLF the next time Git touches it
warning: in the working copy of 'docs/assets/index-DYhv0y2B.css', LF will be replaced by CRLF the next time Git touches it
warning: in the working copy of 'docs/index.html', LF will be replaced by CRLF the next time Git touches it
Wednesday, July 10, 2024 1:59:35 PM
[main 374a046] build application
 2 files changed, 16 insertions(+)
Wednesday, July 10, 2024 1:59:35 PM
From github.com:fromnepal/fromnepal.github.io
 * branch            main       -> FETCH_HEAD
Current branch main is up to date.
Wednesday, July 10, 2024 1:59:36 PM
Enumerating objects: 9, done.
Counting objects: 100% (9/9), done.
Delta compression using up to 16 threads
Compressing objects: 100% (5/5), done.
Writing objects: 100% (5/5), 900 bytes | 900.00 KiB/s, done.
Total 5 (delta 4), reused 0 (delta 0), pack-reused 0 (from 0)
remote: Resolving deltas: 100% (4/4), completed with 3 local objects.
To github.com:fromnepal/fromnepal.github.io.git
   e6c0d71..374a046  main -> main
Wednesday, July 10, 2024 1:59:37 PM

PS C:\Users\kushal\src\myhtml\fromnepal> cd "C:\Users\kushal\src\myhtml\fromnepal"; date; yarn; date; yarn run build; date; git add .; date; git commit --message "build application" --message "from the terminal"; date; git pull --rebase origin main; date; git push origin main; date;

Wednesday, July 10, 2024 2:19:08 PM
yarn install v1.22.21
[1/4] Resolving packages...
success Already up-to-date.
Done in 0.06s.
Wednesday, July 10, 2024 2:19:08 PM
yarn run v1.22.21
$ tsc && vite build
vite v5.2.13 building for production...
✓ 5 modules transformed.
docs/index.html                 0.53 kB │ gzip: 0.32 kB
docs/assets/index-DYhv0y2B.css  4.60 kB │ gzip: 1.63 kB
docs/assets/index-BUJcqj8w.js   4.81 kB │ gzip: 2.11 kB
✓ built in 120ms
Done in 1.11s.
Wednesday, July 10, 2024 2:19:09 PM
warning: in the working copy of 'docs/assets/index-BUJcqj8w.js', LF will be replaced by CRLF the next time Git touches it
warning: in the working copy of 'docs/assets/index-DYhv0y2B.css', LF will be replaced by CRLF the next time Git touches it
warning: in the working copy of 'docs/index.html', LF will be replaced by CRLF the next time Git touches it
Wednesday, July 10, 2024 2:19:09 PM
On branch main
Your branch is up to date with 'origin/main'.

nothing to commit, working tree clean
Wednesday, July 10, 2024 2:19:09 PM
From github.com:fromnepal/fromnepal.github.io
 * branch            main       -> FETCH_HEAD
Already up to date.
Wednesday, July 10, 2024 2:19:10 PM
Everything up-to-date
Wednesday, July 10, 2024 2:19:10 PM

PS C:\Users\kushal\src\myhtml\fromnepal>
PS C:\Users\kushal\src\myhtml\fromnepal> cd "C:\Users\kushal\src\myhtml\fromnepal"; date; yarn; date; yarn run build; date; git add .; date; git commit --message "build application" --message "from the terminal"; date; git pull --rebase origin main; date; git push origin main; date;

Wednesday, July 10, 2024 2:19:47 PM
yarn install v1.22.21
[1/4] Resolving packages...
success Already up-to-date.
Done in 0.07s.
Wednesday, July 10, 2024 2:19:48 PM
yarn run v1.22.21
$ tsc && vite build
vite v5.2.13 building for production...
✓ 5 modules transformed.
docs/index.html                 0.53 kB │ gzip: 0.32 kB
docs/assets/index-DYhv0y2B.css  4.60 kB │ gzip: 1.63 kB
docs/assets/index-BUJcqj8w.js   4.81 kB │ gzip: 2.11 kB
✓ built in 100ms
Done in 0.80s.
Wednesday, July 10, 2024 2:19:49 PM
warning: in the working copy of 'docs/assets/index-BUJcqj8w.js', LF will be replaced by CRLF the next time Git touches it
warning: in the working copy of 'docs/assets/index-DYhv0y2B.css', LF will be replaced by CRLF the next time Git touches it
warning: in the working copy of 'docs/index.html', LF will be replaced by CRLF the next time Git touches it
Wednesday, July 10, 2024 2:19:49 PM
On branch main
Your branch is up to date with 'origin/main'.

nothing to commit, working tree clean
Wednesday, July 10, 2024 2:19:49 PM
From github.com:fromnepal/fromnepal.github.io
 * branch            main       -> FETCH_HEAD
Already up to date.
Wednesday, July 10, 2024 2:19:49 PM
Everything up-to-date
Wednesday, July 10, 2024 2:19:50 PM

PS C:\Users\kushal\src\myhtml\fromnepal> cd "C:\Users\kushal\src\myhtml\fromnepal"; date; yarn; date; yarn run build; date; git add .; date; git commit --message "build application" --message "from the terminal"; date; git pull --rebase origin main; date; git push origin main; date;

Wednesday, July 10, 2024 2:20:18 PM
yarn install v1.22.21
[1/4] Resolving packages...
success Already up-to-date.
Done in 0.07s.
Wednesday, July 10, 2024 2:20:18 PM
yarn run v1.22.21
$ tsc && vite build
vite v5.2.13 building for production...
✓ 5 modules transformed.
docs/index.html                 0.53 kB │ gzip: 0.32 kB
docs/assets/index-DYhv0y2B.css  4.60 kB │ gzip: 1.63 kB
docs/assets/index-BUJcqj8w.js   4.81 kB │ gzip: 2.11 kB
✓ built in 100ms
Done in 0.80s.
Wednesday, July 10, 2024 2:20:19 PM
warning: in the working copy of 'docs/assets/index-BUJcqj8w.js', LF will be replaced by CRLF the next time Git touches it
warning: in the working copy of 'docs/assets/index-DYhv0y2B.css', LF will be replaced by CRLF the next time Git touches it
warning: in the working copy of 'docs/index.html', LF will be replaced by CRLF the next time Git touches it
Wednesday, July 10, 2024 2:20:19 PM
On branch main
Your branch is up to date with 'origin/main'.

nothing to commit, working tree clean
Wednesday, July 10, 2024 2:20:19 PM
From github.com:fromnepal/fromnepal.github.io
 * branch            main       -> FETCH_HEAD
Already up to date.
Wednesday, July 10, 2024 2:20:20 PM
Everything up-to-date
Wednesday, July 10, 2024 2:20:20 PM

PS C:\Users\kushal\src\myhtml\fromnepal> cd "\\TP-Share\G\shared\jellyfin\shows\downloaded"; date; pwd; date; yt-dlp.exe --restrict-filenames --add-metadata -i -o "%(title).100s.%(ext)s" "https://www.youtube.com/watch?v=U_A3_XSnbAs"; date;

Wednesday, July 10, 2024 2:24:26 PM

Drive        :
Provider     : Microsoft.PowerShell.Core\FileSystem
ProviderPath : \\TP-Share\G\shared\jellyfin\shows\downloaded
Path         : Microsoft.PowerShell.Core\FileSystem::\\TP-Share\G\shared\jellyfin\shows\downloaded

Wednesday, July 10, 2024 2:24:26 PM
[youtube] Extracting URL: https://www.youtube.com/watch?v=U_A3_XSnbAs
[youtube] U_A3_XSnbAs: Downloading webpage
[youtube] U_A3_XSnbAs: Downloading ios player API JSON
[youtube] U_A3_XSnbAs: Downloading m3u8 information
[info] U_A3_XSnbAs: Downloading 1 format(s): 303+251
[download] Destination: Are_Minions_Full_of_Piss.f303.webm
[download]  12.1% of   81.92MiB at   11.19MiB/s ETA 00:06ERROR: unable to download video data: HTTP Error 403: Forbidden
Wednesday, July 10, 2024 2:24:31 PM

PS Microsoft.PowerShell.Core\FileSystem::\\TP-Share\G\shared\jellyfin\shows\downloaded>
PS Microsoft.PowerShell.Core\FileSystem::\\TP-Share\G\shared\jellyfin\shows\downloaded>
PS Microsoft.PowerShell.Core\FileSystem::\\TP-Share\G\shared\jellyfin\shows\downloaded> cd "\\TP-Share\G\shared\jellyfin\shows\downloaded"; date; pwd; date; yt-dlp.exe --restrict-filenames --add-metadata -i -o
 "%(title).100s.%(ext)s" "https://www.youtube.com/watch?v=U_A3_XSnbAs"; date;

Wednesday, July 10, 2024 2:25:50 PM

Drive        :
Provider     : Microsoft.PowerShell.Core\FileSystem
ProviderPath : \\TP-Share\G\shared\jellyfin\shows\downloaded
Path         : Microsoft.PowerShell.Core\FileSystem::\\TP-Share\G\shared\jellyfin\shows\downloaded

Wednesday, July 10, 2024 2:25:50 PM
[youtube] Extracting URL: https://www.youtube.com/watch?v=U_A3_XSnbAs
[youtube] U_A3_XSnbAs: Downloading webpage
[youtube] U_A3_XSnbAs: Downloading ios player API JSON
[youtube] U_A3_XSnbAs: Downloading m3u8 information
[info] U_A3_XSnbAs: Downloading 1 format(s): 303+251
[download] Resuming download at byte 10389118
[download] Destination: Are_Minions_Full_of_Piss.f303.webm
[download] 100% of   81.92MiB in 00:00:05 at 15.38MiB/s
[download] Destination: Are_Minions_Full_of_Piss.f251.webm
[download] 100% of    3.93MiB in 00:00:00 at 12.19MiB/s
[Merger] Merging formats into "Are_Minions_Full_of_Piss.webm"
Deleting original file Are_Minions_Full_of_Piss.f303.webm (pass -k to keep)
Deleting original file Are_Minions_Full_of_Piss.f251.webm (pass -k to keep)
[Metadata] Adding metadata to "Are_Minions_Full_of_Piss.webm"
Wednesday, July 10, 2024 2:26:19 PM

PS Microsoft.PowerShell.Core\FileSystem::\\TP-Share\G\shared\jellyfin\shows\downloaded> cd "\\TP-Share\G\shared\jellyfin\shows\downloaded"; date; pwd; date; yt-dlp.exe --restrict-filenames --add-metadata -i -o "%(title).100s.%(ext)s" "https://www.youtube.com/watch?v=if2oBPTL7b4"; date;

Wednesday, July 10, 2024 2:27:21 PM

Drive        :
Provider     : Microsoft.PowerShell.Core\FileSystem
ProviderPath : \\TP-Share\G\shared\jellyfin\shows\downloaded
Path         : Microsoft.PowerShell.Core\FileSystem::\\TP-Share\G\shared\jellyfin\shows\downloaded

Wednesday, July 10, 2024 2:27:21 PM
[youtube] Extracting URL: https://www.youtube.com/watch?v=if2oBPTL7b4
[youtube] if2oBPTL7b4: Downloading webpage
[youtube] if2oBPTL7b4: Downloading ios player API JSON
[youtube] if2oBPTL7b4: Downloading m3u8 information
[info] if2oBPTL7b4: Downloading 1 format(s): 313+251
[download] Destination: I_Opened_An_Under_5_000_Car_Dealership.f313.webm
[download] 100% of    1.60GiB in 00:01:47 at 15.23MiB/s
[download] Destination: I_Opened_An_Under_5_000_Car_Dealership.f251.webm
[download] 100% of   15.96MiB in 00:00:01 at 12.62MiB/s
[Merger] Merging formats into "I_Opened_An_Under_5_000_Car_Dealership.webm"
Deleting original file I_Opened_An_Under_5_000_Car_Dealership.f251.webm (pass -k to keep)
Deleting original file I_Opened_An_Under_5_000_Car_Dealership.f313.webm (pass -k to keep)
[Metadata] Adding metadata to "I_Opened_An_Under_5_000_Car_Dealership.webm"
Wednesday, July 10, 2024 2:35:04 PM

PS Microsoft.PowerShell.Core\FileSystem::\\TP-Share\G\shared\jellyfin\shows\downloaded> cd "C:\Users\kushal\src\myhtml\fromnepal"; date; yarn; date; yarn run build; date; git add .; date; git commit --message"build application" --message "from the terminal"; date; git pull --rebase origin main; date; git push origin main; date;

Wednesday, July 10, 2024 2:51:31 PM
yarn install v1.22.21
[1/4] Resolving packages...
success Already up-to-date.
Done in 0.07s.
Wednesday, July 10, 2024 2:51:31 PM
yarn run v1.22.21
$ tsc && vite build
vite v5.2.13 building for production...
✓ 5 modules transformed.
docs/index.html                 0.53 kB │ gzip: 0.32 kB
docs/assets/index-DYhv0y2B.css  4.60 kB │ gzip: 1.63 kB
docs/assets/index-BUJcqj8w.js   4.81 kB │ gzip: 2.11 kB
✓ built in 119ms
Done in 1.06s.
Wednesday, July 10, 2024 2:51:32 PM
warning: in the working copy of 'docs/assets/index-BUJcqj8w.js', LF will be replaced by CRLF the next time Git touches it
warning: in the working copy of 'docs/assets/index-DYhv0y2B.css', LF will be replaced by CRLF the next time Git touches it
warning: in the working copy of 'docs/index.html', LF will be replaced by CRLF the next time Git touches it
Wednesday, July 10, 2024 2:51:32 PM
[main f74d2a1] build application
 2 files changed, 104 insertions(+)
Wednesday, July 10, 2024 2:51:32 PM
From github.com:fromnepal/fromnepal.github.io
 * branch            main       -> FETCH_HEAD
Current branch main is up to date.
Wednesday, July 10, 2024 2:51:33 PM
Enumerating objects: 9, done.
Counting objects: 100% (9/9), done.
Delta compression using up to 16 threads
Compressing objects: 100% (5/5), done.
Writing objects: 100% (5/5), 2.20 KiB | 2.20 MiB/s, done.
Total 5 (delta 4), reused 0 (delta 0), pack-reused 0 (from 0)
remote: Resolving deltas: 100% (4/4), completed with 3 local objects.
To github.com:fromnepal/fromnepal.github.io.git
   374a046..f74d2a1  main -> main
Wednesday, July 10, 2024 2:51:34 PM

PS C:\Users\kushal\src\myhtml\fromnepal> cd "C:\Users\kushal\src\myhtml\fromnepal"; date; yarn; date; yarn run build; date; git add .; date; git commit --message "build application" --message "from the terminal"; date; git pull --rebase origin main; date; git push origin main; date;
