PowerShell 7.4.4
Loading personal and system profiles took 548ms.
PS C:\Users\kushal> cd "C:\Users\kushal\src\mylogging\"; date; git add .; date; git commit --message "add all files" --message "from the terminal"; date; cd "C:\Users\kushal\src\myhtml\fromnepal"; date; yarn;date; yarn run build; date; git add .; date; git commit --message "build application" --message "from the terminal"; date; git pull --rebase origin main; date; git push origin main; date;

Wednesday, August 14, 2024 7:21:53 PM
Wednesday, August 14, 2024 7:21:53 PM
On branch main
nothing to commit, working tree clean
Wednesday, August 14, 2024 7:21:53 PM
Wednesday, August 14, 2024 7:21:53 PM
yarn install v1.22.21
[1/4] Resolving packages...
success Already up-to-date.
Done in 0.10s.
Wednesday, August 14, 2024 7:21:54 PM
yarn run v1.22.21
$ tsc && vite build
vite v5.2.13 building for production...
✓ 5 modules transformed.
docs/index.html                 0.53 kB │ gzip: 0.32 kB
docs/assets/index-DYhv0y2B.css  4.60 kB │ gzip: 1.63 kB
docs/assets/index-BUJcqj8w.js   4.81 kB │ gzip: 2.11 kB
✓ built in 202ms
Done in 2.76s.
Wednesday, August 14, 2024 7:21:57 PM
warning: in the working copy of 'docs/assets/index-BUJcqj8w.js', LF will be replaced by CRLF the next time Git touches it
warning: in the working copy of 'docs/assets/index-DYhv0y2B.css', LF will be replaced by CRLF the next time Git touches it
warning: in the working copy of 'docs/index.html', LF will be replaced by CRLF the next time Git touches it
Wednesday, August 14, 2024 7:21:57 PM
On branch main
Your branch is up to date with 'origin/main'.

nothing to commit, working tree clean
Wednesday, August 14, 2024 7:21:57 PM
git@github.com: Permission denied (publickey).
fatal: Could not read from remote repository.

Please make sure you have the correct access rights
and the repository exists.
Wednesday, August 14, 2024 7:22:00 PM
git@github.com: Permission denied (publickey).
fatal: Could not read from remote repository.

Please make sure you have the correct access rights
and the repository exists.
Wednesday, August 14, 2024 7:22:03 PM

PS C:\Users\kushal\src\myhtml\fromnepal> git remote show origin
git@github.com: Permission denied (publickey).
fatal: Could not read from remote repository.

Please make sure you have the correct access rights
and the repository exists.
PS C:\Users\kushal\src\myhtml\fromnepal> cd "C:\Users\kushal\src\mylogging\"; date; git add .; date; git commit --message "add all files" --message "from the terminal"; date; cd "C:\Users\kushal\src\myhtml\fromnepal"; date; yarn; date; yarn run build; date; git add .; date; git commit --message "build application" --message "from the terminal"; date; git pull --rebase origin main; date; git push origin main; date;

Thursday, August 15, 2024 6:58:15 AM
Thursday, August 15, 2024 6:58:15 AM
On branch main
nothing to commit, working tree clean
Thursday, August 15, 2024 6:58:15 AM
Thursday, August 15, 2024 6:58:15 AM
yarn install v1.22.21
[1/4] Resolving packages...
success Already up-to-date.
Done in 0.13s.
Thursday, August 15, 2024 6:58:16 AM
yarn run v1.22.21
$ tsc && vite build
vite v5.2.13 building for production...
✓ 5 modules transformed.
docs/index.html                 0.53 kB │ gzip: 0.32 kB
docs/assets/index-DYhv0y2B.css  4.60 kB │ gzip: 1.63 kB
docs/assets/index-BUJcqj8w.js   4.81 kB │ gzip: 2.11 kB
✓ built in 166ms
Done in 2.22s.
Thursday, August 15, 2024 6:58:18 AM
warning: in the working copy of 'docs/assets/index-BUJcqj8w.js', LF will be replaced by CRLF the next time Git touches it
warning: in the working copy of 'docs/assets/index-DYhv0y2B.css', LF will be replaced by CRLF the next time Git touches it
warning: in the working copy of 'docs/index.html', LF will be replaced by CRLF the next time Git touches it
Thursday, August 15, 2024 6:58:19 AM
On branch main
Your branch is up to date with 'origin/main'.

nothing to commit, working tree clean
Thursday, August 15, 2024 6:58:19 AM
From github.com:fromnepal/fromnepal.github.io
 * branch            main       -> FETCH_HEAD
Already up to date.
Thursday, August 15, 2024 6:58:20 AM
Everything up-to-date
Thursday, August 15, 2024 6:58:21 AM

PS C:\Users\kushal\src\myhtml\fromnepal> cd "C:\Users\kushal\src\mylogging\"; date; git add .; date; git commit --message "add all files" --message "from the terminal"; date; cd "C:\Users\kushal\src\myhtml\fromnepal"; date; yarn; date; yarn run build; date; git add .; date; git commit --message "build application" --message "from the terminal"; date; git pull --rebase origin main; date; git push origin main; date;

Thursday, August 15, 2024 6:58:32 AM
Thursday, August 15, 2024 6:58:32 AM
On branch main
nothing to commit, working tree clean
Thursday, August 15, 2024 6:58:32 AM
Thursday, August 15, 2024 6:58:32 AM
yarn install v1.22.21
[1/4] Resolving packages...
success Already up-to-date.
Done in 0.09s.
Thursday, August 15, 2024 6:58:32 AM
yarn run v1.22.21
$ tsc && vite build
vite v5.2.13 building for production...
✓ 5 modules transformed.
docs/index.html                 0.53 kB │ gzip: 0.32 kB
docs/assets/index-DYhv0y2B.css  4.60 kB │ gzip: 1.63 kB
docs/assets/index-BUJcqj8w.js   4.81 kB │ gzip: 2.11 kB
✓ built in 166ms
Done in 1.00s.
Thursday, August 15, 2024 6:58:33 AM
warning: in the working copy of 'docs/assets/index-BUJcqj8w.js', LF will be replaced by CRLF the next time Git touches it
warning: in the working copy of 'docs/assets/index-DYhv0y2B.css', LF will be replaced by CRLF the next time Git touches it
warning: in the working copy of 'docs/index.html', LF will be replaced by CRLF the next time Git touches it
Thursday, August 15, 2024 6:58:34 AM
[main c549d6e] build application
 2 files changed, 170 insertions(+), 118 deletions(-)
Thursday, August 15, 2024 6:58:34 AM
From github.com:fromnepal/fromnepal.github.io
 * branch            main       -> FETCH_HEAD
Current branch main is up to date.
Thursday, August 15, 2024 6:58:35 AM
Enumerating objects: 9, done.
Counting objects: 100% (9/9), done.
Delta compression using up to 16 threads
Compressing objects: 100% (5/5), done.
Writing objects: 100% (5/5), 1.32 KiB | 1.32 MiB/s, done.
Total 5 (delta 3), reused 0 (delta 0), pack-reused 0 (from 0)
remote: Resolving deltas: 100% (3/3), completed with 3 local objects.
To github.com:fromnepal/fromnepal.github.io.git
   6d8d40e..c549d6e  main -> main
Thursday, August 15, 2024 6:58:35 AM

PS C:\Users\kushal\src\myhtml\fromnepal> cd "C:\Users\kushal\src\mylogging\"; date; git add .; date; git commit --message "add all files" --message "from the terminal"; date; cd "C:\Users\kushal\src\myhtml\fromnepal"; date; yarn; date; yarn run build; date; git add .; date; git commit --message "build application" --message "from the terminal"; date; git pull --rebase origin main; date; git push origin main; date;

Thursday, August 15, 2024 7:09:02 AM
Thursday, August 15, 2024 7:09:02 AM
On branch main
nothing to commit, working tree clean
Thursday, August 15, 2024 7:09:02 AM
Thursday, August 15, 2024 7:09:02 AM
yarn install v1.22.21
[1/4] Resolving packages...
success Already up-to-date.
Done in 0.07s.
Thursday, August 15, 2024 7:09:03 AM
yarn run v1.22.21
$ tsc && vite build
vite v5.2.13 building for production...
✓ 5 modules transformed.
docs/index.html                 0.53 kB │ gzip: 0.32 kB
docs/assets/index-DYhv0y2B.css  4.60 kB │ gzip: 1.63 kB
docs/assets/index-BUJcqj8w.js   4.81 kB │ gzip: 2.11 kB
✓ built in 169ms
Done in 1.02s.
Thursday, August 15, 2024 7:09:04 AM
warning: in the working copy of 'docs/assets/index-BUJcqj8w.js', LF will be replaced by CRLF the next time Git touches it
warning: in the working copy of 'docs/assets/index-DYhv0y2B.css', LF will be replaced by CRLF the next time Git touches it
warning: in the working copy of 'docs/index.html', LF will be replaced by CRLF the next time Git touches it
Thursday, August 15, 2024 7:09:04 AM
[main bf8dbcf] build application
 2 files changed, 118 insertions(+)
 create mode 100644 docs/notes/2024/08/15/gurman.txt
 create mode 100644 public/notes/2024/08/15/gurman.txt
Thursday, August 15, 2024 7:09:04 AM
From github.com:fromnepal/fromnepal.github.io
 * branch            main       -> FETCH_HEAD
Current branch main is up to date.
Thursday, August 15, 2024 7:09:05 AM
Enumerating objects: 15, done.
Counting objects: 100% (15/15), done.
Delta compression using up to 16 threads
Compressing objects: 100% (7/7), done.
Writing objects: 100% (9/9), 3.68 KiB | 3.68 MiB/s, done.
Total 9 (delta 4), reused 0 (delta 0), pack-reused 0 (from 0)
remote: Resolving deltas: 100% (4/4), completed with 4 local objects.
To github.com:fromnepal/fromnepal.github.io.git
   c549d6e..bf8dbcf  main -> main
Thursday, August 15, 2024 7:09:06 AM

PS C:\Users\kushal\src\myhtml\fromnepal> cd "C:\Users\kushal\src\mylogging\"; date; git add .; date; git commit --message "add all files" --message "from the terminal"; date; cd "C:\Users\kushal\src\myhtml\fromnepal"; date; yarn; date; yarn run build; date; git add .; date; git commit --message "build application" --message "from the terminal"; date; git pull --rebase origin main; date; git push origin main; date;

Thursday, August 15, 2024 7:09:39 AM
Thursday, August 15, 2024 7:09:39 AM
On branch main
nothing to commit, working tree clean
Thursday, August 15, 2024 7:09:39 AM
Thursday, August 15, 2024 7:09:39 AM
yarn install v1.22.21
[1/4] Resolving packages...
success Already up-to-date.
Done in 0.06s.
Thursday, August 15, 2024 7:09:39 AM
yarn run v1.22.21
$ tsc && vite build
vite v5.2.13 building for production...
✓ 5 modules transformed.
docs/index.html                 0.53 kB │ gzip: 0.32 kB
docs/assets/index-DYhv0y2B.css  4.60 kB │ gzip: 1.63 kB
docs/assets/index-BUJcqj8w.js   4.81 kB │ gzip: 2.11 kB
✓ built in 131ms
Done in 0.80s.
Thursday, August 15, 2024 7:09:40 AM
warning: in the working copy of 'docs/assets/index-BUJcqj8w.js', LF will be replaced by CRLF the next time Git touches it
warning: in the working copy of 'docs/assets/index-DYhv0y2B.css', LF will be replaced by CRLF the next time Git touches it
warning: in the working copy of 'docs/index.html', LF will be replaced by CRLF the next time Git touches it
Thursday, August 15, 2024 7:09:41 AM
[main 47df130] build application
 2 files changed, 0 insertions(+), 0 deletions(-)
 create mode 100644 docs/notes/2024/08/15/ukraine-incursion.txt
 create mode 100644 public/notes/2024/08/15/ukraine-incursion.txt
Thursday, August 15, 2024 7:09:41 AM
From github.com:fromnepal/fromnepal.github.io
 * branch            main       -> FETCH_HEAD
Current branch main is up to date.
Thursday, August 15, 2024 7:09:42 AM
Enumerating objects: 16, done.
Counting objects: 100% (16/16), done.
Delta compression using up to 16 threads
Compressing objects: 100% (7/7), done.
Writing objects: 100% (9/9), 685 bytes | 685.00 KiB/s, done.
Total 9 (delta 4), reused 0 (delta 0), pack-reused 0 (from 0)
remote: Resolving deltas: 100% (4/4), completed with 4 local objects.
To github.com:fromnepal/fromnepal.github.io.git
   bf8dbcf..47df130  main -> main
Thursday, August 15, 2024 7:09:42 AM

PS C:\Users\kushal\src\myhtml\fromnepal> cd "C:\Users\kushal\src\mylogging\"; date; git add .; date; git commit --message "add all files" --message "from the terminal"; date; cd "C:\Users\kushal\src\myhtml\fromnepal"; date; yarn; date; yarn run build; date; git add .; date; git commit --message "build application" --message "from the terminal"; date; git pull --rebase origin main; date; git push origin main; date;

Thursday, August 15, 2024 7:10:05 AM
Thursday, August 15, 2024 7:10:05 AM
On branch main
nothing to commit, working tree clean
Thursday, August 15, 2024 7:10:05 AM
Thursday, August 15, 2024 7:10:05 AM
yarn install v1.22.21
[1/4] Resolving packages...
success Already up-to-date.
Done in 0.06s.
Thursday, August 15, 2024 7:10:05 AM
yarn run v1.22.21
$ tsc && vite build
vite v5.2.13 building for production...
✓ 5 modules transformed.
docs/index.html                 0.53 kB │ gzip: 0.32 kB
docs/assets/index-DYhv0y2B.css  4.60 kB │ gzip: 1.63 kB
docs/assets/index-BUJcqj8w.js   4.81 kB │ gzip: 2.11 kB
✓ built in 131ms
Done in 0.81s.
Thursday, August 15, 2024 7:10:06 AM
warning: in the working copy of 'docs/assets/index-BUJcqj8w.js', LF will be replaced by CRLF the next time Git touches it
warning: in the working copy of 'docs/assets/index-DYhv0y2B.css', LF will be replaced by CRLF the next time Git touches it
warning: in the working copy of 'docs/index.html', LF will be replaced by CRLF the next time Git touches it
Thursday, August 15, 2024 7:10:06 AM
[main d21971b] build application
 2 files changed, 32 insertions(+)
Thursday, August 15, 2024 7:10:06 AM
From github.com:fromnepal/fromnepal.github.io
 * branch            main       -> FETCH_HEAD
Current branch main is up to date.
Thursday, August 15, 2024 7:10:07 AM
Enumerating objects: 17, done.
Counting objects: 100% (17/17), done.
Delta compression using up to 16 threads
Compressing objects: 100% (8/8), done.
Writing objects: 100% (9/9), 1.39 KiB | 1.39 MiB/s, done.
Total 9 (delta 4), reused 0 (delta 0), pack-reused 0 (from 0)
remote: Resolving deltas: 100% (4/4), completed with 4 local objects.
To github.com:fromnepal/fromnepal.github.io.git
   47df130..d21971b  main -> main
Thursday, August 15, 2024 7:10:08 AM

PS C:\Users\kushal\src\myhtml\fromnepal> cd "C:\Users\kushal\src\mylogging\"; date; git add .; date; git commit --message "add all files" --message "from the terminal"; date; cd "C:\Users\kushal\src\myhtml\fromnepal"; date; yarn; date; yarn run build; date; git add .; date; git commit --message "build application" --message "from the terminal"; date; git pull --rebase origin main; date; git push origin main; date;

Thursday, August 15, 2024 7:10:51 AM
Thursday, August 15, 2024 7:10:51 AM
On branch main
nothing to commit, working tree clean
Thursday, August 15, 2024 7:10:51 AM
Thursday, August 15, 2024 7:10:51 AM
yarn install v1.22.21
[1/4] Resolving packages...
success Already up-to-date.
Done in 0.06s.
Thursday, August 15, 2024 7:10:51 AM
yarn run v1.22.21
$ tsc && vite build
vite v5.2.13 building for production...
✓ 5 modules transformed.
docs/index.html                 0.53 kB │ gzip: 0.32 kB
docs/assets/index-DYhv0y2B.css  4.60 kB │ gzip: 1.63 kB
docs/assets/index-BUJcqj8w.js   4.81 kB │ gzip: 2.11 kB
✓ built in 131ms
Done in 0.82s.
Thursday, August 15, 2024 7:10:52 AM
warning: in the working copy of 'docs/assets/index-BUJcqj8w.js', LF will be replaced by CRLF the next time Git touches it
warning: in the working copy of 'docs/assets/index-DYhv0y2B.css', LF will be replaced by CRLF the next time Git touches it
warning: in the working copy of 'docs/index.html', LF will be replaced by CRLF the next time Git touches it
Thursday, August 15, 2024 7:10:53 AM
[main cb3abfd] build application
 2 files changed, 56 insertions(+), 12 deletions(-)
Thursday, August 15, 2024 7:10:53 AM
From github.com:fromnepal/fromnepal.github.io
 * branch            main       -> FETCH_HEAD
Current branch main is up to date.
Thursday, August 15, 2024 7:10:54 AM
Enumerating objects: 17, done.
Counting objects: 100% (17/17), done.
Delta compression using up to 16 threads
Compressing objects: 100% (8/8), done.
Writing objects: 100% (9/9), 4.54 KiB | 4.54 MiB/s, done.
Total 9 (delta 4), reused 0 (delta 0), pack-reused 0 (from 0)
remote: Resolving deltas: 100% (4/4), completed with 4 local objects.
To github.com:fromnepal/fromnepal.github.io.git
   d21971b..cb3abfd  main -> main
Thursday, August 15, 2024 7:10:55 AM

PS C:\Users\kushal\src\myhtml\fromnepal> cd "C:\Users\kushal\src\mylogging\"; date; git add .; date; git commit --message "add all files" --message "from the terminal"; date; cd "C:\Users\kushal\src\myhtml\fromnepal"; date; yarn; date; yarn run build; date; git add .; date; git commit --message "build application" --message "from the terminal"; date; git pull --rebase origin main; date; git push origin main; date;

Thursday, August 15, 2024 7:11:09 AM
Thursday, August 15, 2024 7:11:09 AM
On branch main
nothing to commit, working tree clean
Thursday, August 15, 2024 7:11:09 AM
Thursday, August 15, 2024 7:11:09 AM
yarn install v1.22.21
[1/4] Resolving packages...
success Already up-to-date.
Done in 0.06s.
Thursday, August 15, 2024 7:11:09 AM
yarn run v1.22.21
$ tsc && vite build
vite v5.2.13 building for production...
✓ 5 modules transformed.
docs/index.html                 0.53 kB │ gzip: 0.32 kB
docs/assets/index-DYhv0y2B.css  4.60 kB │ gzip: 1.63 kB
docs/assets/index-BUJcqj8w.js   4.81 kB │ gzip: 2.11 kB
✓ built in 132ms
Done in 0.81s.
Thursday, August 15, 2024 7:11:10 AM
warning: in the working copy of 'docs/assets/index-BUJcqj8w.js', LF will be replaced by CRLF the next time Git touches it
warning: in the working copy of 'docs/assets/index-DYhv0y2B.css', LF will be replaced by CRLF the next time Git touches it
warning: in the working copy of 'docs/index.html', LF will be replaced by CRLF the next time Git touches it
Thursday, August 15, 2024 7:11:11 AM
[main 9bf3088] build application
 2 files changed, 34 insertions(+)
Thursday, August 15, 2024 7:11:11 AM
From github.com:fromnepal/fromnepal.github.io
 * branch            main       -> FETCH_HEAD
Current branch main is up to date.
Thursday, August 15, 2024 7:11:11 AM
Enumerating objects: 17, done.
Counting objects: 100% (17/17), done.
Delta compression using up to 16 threads
Compressing objects: 100% (8/8), done.
Writing objects: 100% (9/9), 1.52 KiB | 1.52 MiB/s, done.
Total 9 (delta 5), reused 0 (delta 0), pack-reused 0 (from 0)
remote: Resolving deltas: 100% (5/5), completed with 5 local objects.
To github.com:fromnepal/fromnepal.github.io.git
   cb3abfd..9bf3088  main -> main
Thursday, August 15, 2024 7:11:12 AM

PS C:\Users\kushal\src\myhtml\fromnepal> cd "C:\Users\kushal\src\mylogging\"; date; git add .; date; git commit --message "add all files" --message "from the terminal"; date; cd "C:\Users\kushal\src\myhtml\fromnepal"; date; yarn; date; yarn run build; date; git add .; date; git commit --message "build application" --message "from the terminal"; date; git pull --rebase origin main; date; git push origin main; date;

Thursday, August 15, 2024 7:18:40 AM
Thursday, August 15, 2024 7:18:40 AM
On branch main
nothing to commit, working tree clean
Thursday, August 15, 2024 7:18:40 AM
Thursday, August 15, 2024 7:18:40 AM
yarn install v1.22.21
[1/4] Resolving packages...
success Already up-to-date.
Done in 0.07s.
Thursday, August 15, 2024 7:18:40 AM
yarn run v1.22.21
$ tsc && vite build
vite v5.2.13 building for production...
✓ 5 modules transformed.
docs/index.html                 0.53 kB │ gzip: 0.32 kB
docs/assets/index-DYhv0y2B.css  4.60 kB │ gzip: 1.63 kB
docs/assets/index-BUJcqj8w.js   4.81 kB │ gzip: 2.11 kB
✓ built in 170ms
Done in 0.92s.
Thursday, August 15, 2024 7:18:41 AM
warning: in the working copy of 'docs/assets/index-BUJcqj8w.js', LF will be replaced by CRLF the next time Git touches it
warning: in the working copy of 'docs/assets/index-DYhv0y2B.css', LF will be replaced by CRLF the next time Git touches it
warning: in the working copy of 'docs/index.html', LF will be replaced by CRLF the next time Git touches it
Thursday, August 15, 2024 7:18:42 AM
[main 2c5101c] build application
 14 files changed, 292 insertions(+)
 create mode 100644 docs/notes/2024/08/15/abortion.txt
 create mode 100644 docs/notes/2024/08/15/earthquake.txt
 create mode 100644 docs/notes/2024/08/15/foxconn.txt
 create mode 100644 docs/notes/2024/08/15/medicare-negotiation-drug.txt
 create mode 100644 docs/notes/2024/08/15/middle-east.txt
 create mode 100644 docs/notes/2024/08/15/typhoon.txt
 create mode 100644 docs/notes/2024/08/15/wing-thief.txt
 create mode 100644 public/notes/2024/08/15/abortion.txt
 create mode 100644 public/notes/2024/08/15/earthquake.txt
 create mode 100644 public/notes/2024/08/15/foxconn.txt
 create mode 100644 public/notes/2024/08/15/medicare-negotiation-drug.txt
 create mode 100644 public/notes/2024/08/15/middle-east.txt
 create mode 100644 public/notes/2024/08/15/typhoon.txt
 create mode 100644 public/notes/2024/08/15/wing-thief.txt
Thursday, August 15, 2024 7:18:42 AM
From github.com:fromnepal/fromnepal.github.io
 * branch            main       -> FETCH_HEAD
Current branch main is up to date.
Thursday, August 15, 2024 7:18:43 AM
Enumerating objects: 22, done.
Counting objects: 100% (22/22), done.
Delta compression using up to 16 threads
Compressing objects: 100% (14/14), done.
Writing objects: 100% (15/15), 8.63 KiB | 884.00 KiB/s, done.
Total 15 (delta 4), reused 0 (delta 0), pack-reused 0 (from 0)
remote: Resolving deltas: 100% (4/4), completed with 4 local objects.
To github.com:fromnepal/fromnepal.github.io.git
   9bf3088..2c5101c  main -> main
Thursday, August 15, 2024 7:18:43 AM

PS C:\Users\kushal\src\myhtml\fromnepal> cd "C:\Users\kushal\src\mylogging\"; date; git add .; date; git commit --message "add all files" --message "from the terminal"; date; cd "C:\Users\kushal\src\myhtml\fromnepal"; date; yarn; date; yarn run build; date; git add .; date; git commit --message "build application" --message "from the terminal"; date; git pull --rebase origin main; date; git push origin main; date;

Thursday, August 15, 2024 7:25:51 AM
Thursday, August 15, 2024 7:25:51 AM
On branch main
nothing to commit, working tree clean
Thursday, August 15, 2024 7:25:51 AM
Thursday, August 15, 2024 7:25:51 AM
yarn install v1.22.21
[1/4] Resolving packages...
success Already up-to-date.
Done in 0.06s.
Thursday, August 15, 2024 7:25:51 AM
yarn run v1.22.21
$ tsc && vite build
vite v5.2.13 building for production...
✓ 5 modules transformed.
docs/index.html                 0.53 kB │ gzip: 0.32 kB
docs/assets/index-DYhv0y2B.css  4.60 kB │ gzip: 1.63 kB
docs/assets/index-BUJcqj8w.js   4.81 kB │ gzip: 2.11 kB
✓ built in 133ms
Done in 0.80s.
Thursday, August 15, 2024 7:25:52 AM
warning: in the working copy of 'docs/assets/index-BUJcqj8w.js', LF will be replaced by CRLF the next time Git touches it
warning: in the working copy of 'docs/assets/index-DYhv0y2B.css', LF will be replaced by CRLF the next time Git touches it
warning: in the working copy of 'docs/index.html', LF will be replaced by CRLF the next time Git touches it
Thursday, August 15, 2024 7:25:52 AM
[main c3a0826] build application
 14 files changed, 896 insertions(+), 78 deletions(-)
Thursday, August 15, 2024 7:25:52 AM
From github.com:fromnepal/fromnepal.github.io
 * branch            main       -> FETCH_HEAD
Current branch main is up to date.
Thursday, August 15, 2024 7:25:53 AM
Enumerating objects: 29, done.
Counting objects: 100% (29/29), done.
Delta compression using up to 16 threads
Compressing objects: 100% (14/14), done.
Writing objects: 100% (15/15), 15.95 KiB | 1.99 MiB/s, done.
Total 15 (delta 5), reused 0 (delta 0), pack-reused 0 (from 0)
remote: Resolving deltas: 100% (5/5), completed with 5 local objects.
To github.com:fromnepal/fromnepal.github.io.git
   2c5101c..c3a0826  main -> main
Thursday, August 15, 2024 7:25:54 AM

PS C:\Users\kushal\src\myhtml\fromnepal> cd "C:\Users\kushal\src\mylogging\"; date; git add .; date; git commit --message "add all files" --message "from the terminal"; date; cd "C:\Users\kushal\src\myhtml\fromnepal"; date; yarn; date; yarn run build; date; git add .; date; git commit --message "build application" --message "from the terminal"; date; git pull --rebase origin main; date; git push origin main; date;

Thursday, August 15, 2024 7:26:48 AM
Thursday, August 15, 2024 7:26:48 AM
On branch main
nothing to commit, working tree clean
Thursday, August 15, 2024 7:26:48 AM
Thursday, August 15, 2024 7:26:48 AM
yarn install v1.22.21
[1/4] Resolving packages...
success Already up-to-date.
Done in 0.06s.
Thursday, August 15, 2024 7:26:48 AM
yarn run v1.22.21
$ tsc && vite build
vite v5.2.13 building for production...
✓ 5 modules transformed.
docs/index.html                 0.53 kB │ gzip: 0.32 kB
docs/assets/index-DYhv0y2B.css  4.60 kB │ gzip: 1.63 kB
docs/assets/index-BUJcqj8w.js   4.81 kB │ gzip: 2.11 kB
✓ built in 139ms
Done in 0.85s.
Thursday, August 15, 2024 7:26:49 AM
warning: in the working copy of 'docs/assets/index-BUJcqj8w.js', LF will be replaced by CRLF the next time Git touches it
warning: in the working copy of 'docs/assets/index-DYhv0y2B.css', LF will be replaced by CRLF the next time Git touches it
warning: in the working copy of 'docs/index.html', LF will be replaced by CRLF the next time Git touches it
Thursday, August 15, 2024 7:26:49 AM
[main 200fdd9] build application
 2 files changed, 90 insertions(+)
Thursday, August 15, 2024 7:26:50 AM
From github.com:fromnepal/fromnepal.github.io
 * branch            main       -> FETCH_HEAD
Current branch main is up to date.
Thursday, August 15, 2024 7:26:50 AM
Enumerating objects: 9, done.
Counting objects: 100% (9/9), done.
Delta compression using up to 16 threads
Compressing objects: 100% (5/5), done.
Writing objects: 100% (5/5), 670 bytes | 670.00 KiB/s, done.
Total 5 (delta 4), reused 0 (delta 0), pack-reused 0 (from 0)
remote: Resolving deltas: 100% (4/4), completed with 4 local objects.
To github.com:fromnepal/fromnepal.github.io.git
   c3a0826..200fdd9  main -> main
Thursday, August 15, 2024 7:26:51 AM

PS C:\Users\kushal\src\myhtml\fromnepal> cd "C:\Users\kushal\src\mylogging\"; date; git add .; date; git commit --message "add all files" --message "from the terminal"; date; cd "C:\Users\kushal\src\myhtml\fromnepal"; date; yarn; date; yarn run build; date; git add .; date; git commit --message "build application" --message "from the terminal"; date; git pull --rebase origin main; date; git push origin main; date;

Thursday, August 15, 2024 7:29:07 AM
Thursday, August 15, 2024 7:29:07 AM
On branch main
nothing to commit, working tree clean
Thursday, August 15, 2024 7:29:07 AM
Thursday, August 15, 2024 7:29:07 AM
yarn install v1.22.21
[1/4] Resolving packages...
success Already up-to-date.
Done in 0.07s.
Thursday, August 15, 2024 7:29:07 AM
yarn run v1.22.21
$ tsc && vite build
vite v5.2.13 building for production...
✓ 5 modules transformed.
docs/index.html                 0.53 kB │ gzip: 0.32 kB
docs/assets/index-DYhv0y2B.css  4.60 kB │ gzip: 1.63 kB
docs/assets/index-BUJcqj8w.js   4.81 kB │ gzip: 2.11 kB
✓ built in 143ms
Done in 0.86s.
Thursday, August 15, 2024 7:29:08 AM
warning: in the working copy of 'docs/assets/index-BUJcqj8w.js', LF will be replaced by CRLF the next time Git touches it
warning: in the working copy of 'docs/assets/index-DYhv0y2B.css', LF will be replaced by CRLF the next time Git touches it
warning: in the working copy of 'docs/index.html', LF will be replaced by CRLF the next time Git touches it
Thursday, August 15, 2024 7:29:09 AM
On branch main
Your branch is up to date with 'origin/main'.

nothing to commit, working tree clean
Thursday, August 15, 2024 7:29:09 AM
From github.com:fromnepal/fromnepal.github.io
 * branch            main       -> FETCH_HEAD
Already up to date.
Thursday, August 15, 2024 7:29:09 AM
Everything up-to-date
Thursday, August 15, 2024 7:29:10 AM

PS C:\Users\kushal\src\myhtml\fromnepal> cd "C:\Users\kushal\src\mylogging\"; date; git add .; date; git commit --message "add all files" --message "from the terminal"; date; cd "C:\Users\kushal\src\myhtml\fromnepal"; date; yarn; date; yarn run build; date; git add .; date; git commit --message "build application" --message "from the terminal"; date; git pull --rebase origin main; date; git push origin main; date;

Thursday, August 15, 2024 7:29:18 AM
Thursday, August 15, 2024 7:29:18 AM
On branch main
nothing to commit, working tree clean
Thursday, August 15, 2024 7:29:18 AM
Thursday, August 15, 2024 7:29:18 AM
yarn install v1.22.21
[1/4] Resolving packages...
success Already up-to-date.
Done in 0.06s.
Thursday, August 15, 2024 7:29:18 AM
yarn run v1.22.21
$ tsc && vite build
vite v5.2.13 building for production...
✓ 5 modules transformed.
docs/index.html                 0.53 kB │ gzip: 0.32 kB
docs/assets/index-DYhv0y2B.css  4.60 kB │ gzip: 1.63 kB
docs/assets/index-BUJcqj8w.js   4.81 kB │ gzip: 2.11 kB
✓ built in 135ms
Done in 0.81s.
Thursday, August 15, 2024 7:29:19 AM
warning: in the working copy of 'docs/assets/index-BUJcqj8w.js', LF will be replaced by CRLF the next time Git touches it
warning: in the working copy of 'docs/assets/index-DYhv0y2B.css', LF will be replaced by CRLF the next time Git touches it
warning: in the working copy of 'docs/index.html', LF will be replaced by CRLF the next time Git touches it
Thursday, August 15, 2024 7:29:20 AM
[main 7efed63] build application
 2 files changed, 20 insertions(+), 934 deletions(-)
Thursday, August 15, 2024 7:29:20 AM
From github.com:fromnepal/fromnepal.github.io
 * branch            main       -> FETCH_HEAD
Current branch main is up to date.
Thursday, August 15, 2024 7:29:20 AM
Enumerating objects: 9, done.
Counting objects: 100% (9/9), done.
Delta compression using up to 16 threads
Compressing objects: 100% (5/5), done.
Writing objects: 100% (5/5), 870 bytes | 870.00 KiB/s, done.
Total 5 (delta 3), reused 0 (delta 0), pack-reused 0 (from 0)
remote: Resolving deltas: 100% (3/3), completed with 3 local objects.
To github.com:fromnepal/fromnepal.github.io.git
   200fdd9..7efed63  main -> main
Thursday, August 15, 2024 7:29:21 AM

PS C:\Users\kushal\src\myhtml\fromnepal> cd "C:\Users\kushal\src\mylogging\"; date; git add .; date; git commit --message "add all files" --message "from the terminal"; date; cd "C:\Users\kushal\src\myhtml\fromnepal"; date; yarn; date; yarn run build; date; git add .; date; git commit --message "build application" --message "from the terminal"; date; git pull --rebase origin main; date; git push origin main; date;

Thursday, August 15, 2024 7:44:22 AM
Thursday, August 15, 2024 7:44:22 AM
On branch main
nothing to commit, working tree clean
Thursday, August 15, 2024 7:44:22 AM
Thursday, August 15, 2024 7:44:22 AM
yarn install v1.22.21
[1/4] Resolving packages...
success Already up-to-date.
Done in 0.06s.
Thursday, August 15, 2024 7:44:22 AM
yarn run v1.22.21
$ tsc && vite build
vite v5.2.13 building for production...
✓ 5 modules transformed.
docs/index.html                 0.53 kB │ gzip: 0.32 kB
docs/assets/index-DYhv0y2B.css  4.60 kB │ gzip: 1.63 kB
docs/assets/index-BUJcqj8w.js   4.81 kB │ gzip: 2.11 kB
✓ built in 172ms
Done in 1.31s.
Thursday, August 15, 2024 7:44:24 AM
warning: in the working copy of 'docs/assets/index-BUJcqj8w.js', LF will be replaced by CRLF the next time Git touches it
warning: in the working copy of 'docs/assets/index-DYhv0y2B.css', LF will be replaced by CRLF the next time Git touches it
warning: in the working copy of 'docs/index.html', LF will be replaced by CRLF the next time Git touches it
Thursday, August 15, 2024 7:44:24 AM
[main 03e538e] build application
 4 files changed, 1188 insertions(+)
 create mode 100644 docs/notes/2024/08/15/new-towns.txt
 create mode 100644 public/notes/2024/08/15/new-towns.txt
Thursday, August 15, 2024 7:44:24 AM
From github.com:fromnepal/fromnepal.github.io
 * branch            main       -> FETCH_HEAD
Current branch main is up to date.
Thursday, August 15, 2024 7:44:25 AM
Enumerating objects: 18, done.
Counting objects: 100% (18/18), done.
Delta compression using up to 16 threads
Compressing objects: 100% (9/9), done.
Writing objects: 100% (10/10), 12.31 KiB | 6.16 MiB/s, done.
Total 10 (delta 5), reused 0 (delta 0), pack-reused 0 (from 0)
remote: Resolving deltas: 100% (5/5), completed with 5 local objects.
To github.com:fromnepal/fromnepal.github.io.git
   7efed63..03e538e  main -> main
Thursday, August 15, 2024 7:44:26 AM

PS C:\Users\kushal\src\myhtml\fromnepal> cd "C:\Users\kushal\src\mylogging\"; date; git add .; date; git commit --message "add all files" --message "from the terminal"; date; cd "C:\Users\kushal\src\myhtml\fromnepal"; date; yarn; date; yarn run build; date; git add .; date; git commit --message "build application" --message "from the terminal"; date; git pull --rebase origin main; date; git push origin main; date;

Thursday, August 15, 2024 7:45:39 AM
Thursday, August 15, 2024 7:45:39 AM
On branch main
nothing to commit, working tree clean
Thursday, August 15, 2024 7:45:39 AM
Thursday, August 15, 2024 7:45:39 AM
yarn install v1.22.21
[1/4] Resolving packages...
success Already up-to-date.
Done in 0.06s.
Thursday, August 15, 2024 7:45:40 AM
yarn run v1.22.21
$ tsc && vite build
vite v5.2.13 building for production...
✓ 5 modules transformed.
docs/index.html                 0.53 kB │ gzip: 0.32 kB
docs/assets/index-DYhv0y2B.css  4.60 kB │ gzip: 1.63 kB
docs/assets/index-BUJcqj8w.js   4.81 kB │ gzip: 2.11 kB
✓ built in 133ms
Done in 0.81s.
Thursday, August 15, 2024 7:45:41 AM
warning: in the working copy of 'docs/assets/index-BUJcqj8w.js', LF will be replaced by CRLF the next time Git touches it
warning: in the working copy of 'docs/assets/index-DYhv0y2B.css', LF will be replaced by CRLF the next time Git touches it
warning: in the working copy of 'docs/index.html', LF will be replaced by CRLF the next time Git touches it
Thursday, August 15, 2024 7:45:41 AM
[main b92200c] build application
 2 files changed, 80 insertions(+), 12 deletions(-)
Thursday, August 15, 2024 7:45:41 AM
From github.com:fromnepal/fromnepal.github.io
 * branch            main       -> FETCH_HEAD
Current branch main is up to date.
Thursday, August 15, 2024 7:45:42 AM
Enumerating objects: 17, done.
Counting objects: 100% (17/17), done.
Delta compression using up to 16 threads
Compressing objects: 100% (8/8), done.
Writing objects: 100% (9/9), 5.35 KiB | 5.35 MiB/s, done.
Total 9 (delta 5), reused 0 (delta 0), pack-reused 0 (from 0)
remote: Resolving deltas: 100% (5/5), completed with 5 local objects.
To github.com:fromnepal/fromnepal.github.io.git
   03e538e..b92200c  main -> main
Thursday, August 15, 2024 7:45:43 AM

PS C:\Users\kushal\src\myhtml\fromnepal> cd "C:\Users\kushal\src\angular\angulareighteen\"; date; git fetch; date; git status; date; date; git add .; git commit --message "add all files" --message "update from terminal"; date; git pull --rebase origin master; date; git push origin master; date; yarn; date; yarn run ng update; date; yarn run ng build; date; date; git fetch; date; git status; date; date; git add .; git commit --message "add all files" --message "update from terminal"; date; git pull --rebase origin master; date; git push origin master; date; yarn run ng test; date; yarn run ng update @angular/core @angular/cli @angular/material; date; git add .; git commit --message "add all files" --message "update from terminal"; date; git pull --rebase origin master; date; git push origin master; date; echo y | npx update-browserslist-db@latest; date; git fetch; date; git status; date; date; git add .; git commit --message "add all files" --message "update from terminal"; date; git pull --rebase origin master; date; git push origin master; date; git remote show origin; date;

Thursday, August 15, 2024 7:47:32 AM
Thursday, August 15, 2024 7:47:33 AM
On branch master
Your branch is up to date with 'origin/master'.

nothing to commit, working tree clean
Thursday, August 15, 2024 7:47:33 AM
Thursday, August 15, 2024 7:47:33 AM
On branch master
Your branch is up to date with 'origin/master'.

nothing to commit, working tree clean
Thursday, August 15, 2024 7:47:33 AM
From github.com:angulareighteen/angulareighteen.github.io
 * branch            master     -> FETCH_HEAD
Already up to date.
Thursday, August 15, 2024 7:47:33 AM
Everything up-to-date
Thursday, August 15, 2024 7:47:34 AM
yarn install v1.22.21
[1/4] Resolving packages...
success Already up-to-date.
Done in 0.24s.
Thursday, August 15, 2024 7:47:34 AM
yarn run v1.22.21
$ ng update
Unknown error: Error [ERR_REQUIRE_ESM]: require() of ES Module C:\Users\kushal\src\angular\angulareighteen\node_modules\string-width\index.js from C:\Users\kushal\src\angular\angulareighteen\node_modules\cliui\build\index.cjs not supported.
Instead change the require of index.js in C:\Users\kushal\src\angular\angulareighteen\node_modules\cliui\build\index.cjs to a dynamic import() which is available in all CommonJS modules.
error Command failed with exit code 127.
info Visit https://yarnpkg.com/en/docs/cli/run for documentation about this command.
Thursday, August 15, 2024 7:47:38 AM
yarn run v1.22.21
$ ng build
Unknown error: Error [ERR_REQUIRE_ESM]: require() of ES Module C:\Users\kushal\src\angular\angulareighteen\node_modules\string-width\index.js from C:\Users\kushal\src\angular\angulareighteen\node_modules\cliui\build\index.cjs not supported.
Instead change the require of index.js in C:\Users\kushal\src\angular\angulareighteen\node_modules\cliui\build\index.cjs to a dynamic import() which is available in all CommonJS modules.
error Command failed with exit code 127.
info Visit https://yarnpkg.com/en/docs/cli/run for documentation about this command.
Thursday, August 15, 2024 7:47:39 AM
Thursday, August 15, 2024 7:47:39 AM
Thursday, August 15, 2024 7:47:39 AM
On branch master
Your branch is up to date with 'origin/master'.

nothing to commit, working tree clean
Thursday, August 15, 2024 7:47:39 AM
Thursday, August 15, 2024 7:47:39 AM
On branch master
Your branch is up to date with 'origin/master'.

nothing to commit, working tree clean
Thursday, August 15, 2024 7:47:39 AM
From github.com:angulareighteen/angulareighteen.github.io
 * branch            master     -> FETCH_HEAD
Already up to date.
Thursday, August 15, 2024 7:47:40 AM
Everything up-to-date
Thursday, August 15, 2024 7:47:41 AM
yarn run v1.22.21
$ ng test
Unknown error: Error [ERR_REQUIRE_ESM]: require() of ES Module C:\Users\kushal\src\angular\angulareighteen\node_modules\string-width\index.js from C:\Users\kushal\src\angular\angulareighteen\node_modules\cliui\build\index.cjs not supported.
Instead change the require of index.js in C:\Users\kushal\src\angular\angulareighteen\node_modules\cliui\build\index.cjs to a dynamic import() which is available in all CommonJS modules.
error Command failed with exit code 127.
info Visit https://yarnpkg.com/en/docs/cli/run for documentation about this command.
Thursday, August 15, 2024 7:47:41 AM
yarn run v1.22.21
$ ng update @angular/core @angular/cli @angular/material
Unknown error: Error [ERR_REQUIRE_ESM]: require() of ES Module C:\Users\kushal\src\angular\angulareighteen\node_modules\string-width\index.js from C:\Users\kushal\src\angular\angulareighteen\node_modules\cliui\build\index.cjs not supported.
Instead change the require of index.js in C:\Users\kushal\src\angular\angulareighteen\node_modules\cliui\build\index.cjs to a dynamic import() which is available in all CommonJS modules.
error Command failed with exit code 127.
info Visit https://yarnpkg.com/en/docs/cli/run for documentation about this command.
Thursday, August 15, 2024 7:47:42 AM
On branch master
Your branch is up to date with 'origin/master'.

nothing to commit, working tree clean
Thursday, August 15, 2024 7:47:42 AM
From github.com:angulareighteen/angulareighteen.github.io
 * branch            master     -> FETCH_HEAD
Already up to date.
Thursday, August 15, 2024 7:47:42 AM
Everything up-to-date
Thursday, August 15, 2024 7:47:43 AM
Latest version:     1.0.30001651
Installed version:  none
Removing old caniuse-lite from lock file
Installing new caniuse-lite version
$ yarn add -W caniuse-lite
warning Pattern ["string-width-cjs@npm:string-width@^4.2.0"] is trying to unpack in the same destination "C:\\Users\\kushal\\AppData\\Local\\Yarn\\Cache\\v6\\npm-string-width-cjs-4.2.3-269c7117d27b05ad2e536830a8ec895ef9c6d010-integrity\\node_modules\\string-width-cjs" as pattern ["string-width@^4.1.0"]. This could result in non-deterministic behavior, skipping.
warning Pattern ["string-width@^4.2.3"] is trying to unpack in the same destination "C:\\Users\\kushal\\AppData\\Local\\Yarn\\Cache\\v6\\npm-string-width-cjs-4.2.3-269c7117d27b05ad2e536830a8ec895ef9c6d010-integrity\\node_modules\\string-width-cjs" as pattern ["string-width@^4.1.0"]. This could result in non-deterministic behavior, skipping.
warning Pattern ["string-width@^4.2.0"] is trying to unpack in the same destination "C:\\Users\\kushal\\AppData\\Local\\Yarn\\Cache\\v6\\npm-string-width-cjs-4.2.3-269c7117d27b05ad2e536830a8ec895ef9c6d010-integrity\\node_modules\\string-width-cjs" as pattern ["string-width@^4.1.0"]. This could result in non-deterministic behavior, skipping.
warning Pattern ["wrap-ansi@^7.0.0"] is trying to unpack in the same destination "C:\\Users\\kushal\\AppData\\Local\\Yarn\\Cache\\v6\\npm-wrap-ansi-cjs-7.0.0-67e145cff510a6a6984bdf1152911d69d2eb9e43-integrity\\node_modules\\wrap-ansi-cjs" as pattern ["wrap-ansi-cjs@npm:wrap-ansi@^7.0.0"]. This could result in non-deterministic behavior, skipping.
Cleaning package.json dependencies from caniuse-lite
$ yarn remove -W caniuse-lite
warning Pattern ["string-width-cjs@npm:string-width@^4.2.0"] is trying to unpack in the same destination "C:\\Users\\kushal\\AppData\\Local\\Yarn\\Cache\\v6\\npm-string-width-cjs-4.2.3-269c7117d27b05ad2e536830a8ec895ef9c6d010-integrity\\node_modules\\string-width-cjs" as pattern ["string-width@^4.1.0"]. This could result in non-deterministic behavior, skipping.
warning Pattern ["string-width@^4.2.3"] is trying to unpack in the same destination "C:\\Users\\kushal\\AppData\\Local\\Yarn\\Cache\\v6\\npm-string-width-cjs-4.2.3-269c7117d27b05ad2e536830a8ec895ef9c6d010-integrity\\node_modules\\string-width-cjs" as pattern ["string-width@^4.1.0"]. This could result in non-deterministic behavior, skipping.
warning Pattern ["string-width@^4.2.0"] is trying to unpack in the same destination "C:\\Users\\kushal\\AppData\\Local\\Yarn\\Cache\\v6\\npm-string-width-cjs-4.2.3-269c7117d27b05ad2e536830a8ec895ef9c6d010-integrity\\node_modules\\string-width-cjs" as pattern ["string-width@^4.1.0"]. This could result in non-deterministic behavior, skipping.
warning Pattern ["wrap-ansi@^7.0.0"] is trying to unpack in the same destination "C:\\Users\\kushal\\AppData\\Local\\Yarn\\Cache\\v6\\npm-wrap-ansi-cjs-7.0.0-67e145cff510a6a6984bdf1152911d69d2eb9e43-integrity\\node_modules\\wrap-ansi-cjs" as pattern ["wrap-ansi-cjs@npm:wrap-ansi@^7.0.0"]. This could result in non-deterministic behavior, skipping.
caniuse-lite has been successfully updated

No target browser changes
npm notice
npm notice New patch version of npm available! 10.8.1 -> 10.8.2
npm notice Changelog: https://github.com/npm/cli/releases/tag/v10.8.2
npm notice To update run: npm install -g npm@10.8.2
npm notice
Thursday, August 15, 2024 7:48:01 AM
Thursday, August 15, 2024 7:48:01 AM
On branch master
Your branch is up to date with 'origin/master'.

nothing to commit, working tree clean
Thursday, August 15, 2024 7:48:01 AM
Thursday, August 15, 2024 7:48:01 AM
On branch master
Your branch is up to date with 'origin/master'.

nothing to commit, working tree clean
Thursday, August 15, 2024 7:48:01 AM
From github.com:angulareighteen/angulareighteen.github.io
 * branch            master     -> FETCH_HEAD
Already up to date.
Thursday, August 15, 2024 7:48:02 AM
Everything up-to-date
Thursday, August 15, 2024 7:48:03 AM
* remote origin
  Fetch URL: git@github.com:angulareighteen/angulareighteen.github.io.git
  Push  URL: git@github.com:angulareighteen/angulareighteen.github.io.git
  HEAD branch: master
  Remote branch:
    master tracked
  Local branch configured for 'git pull':
    master merges with remote master
  Local ref configured for 'git push':
    master pushes to master (up to date)
Thursday, August 15, 2024 7:48:03 AM

PS C:\Users\kushal\src\angular\angulareighteen>
PS C:\Users\kushal\src\angular\angulareighteen> cd "C:\Users\kushal\src\mylogging\"; date; git add .; date; git commit --message "add all files" --message "from the terminal"; date; cd "C:\Users\kushal\src\myhtml\fromnepal"; date; yarn; date; yarn run build; date; git add .; date; git commit --message "build application" --message "from the terminal"; date; git pull --rebase origin main; date; git push origin main; date;

Thursday, August 15, 2024 7:51:06 AM
Thursday, August 15, 2024 7:51:06 AM
On branch main
nothing to commit, working tree clean
Thursday, August 15, 2024 7:51:06 AM
Thursday, August 15, 2024 7:51:06 AM
yarn install v1.22.21
[1/4] Resolving packages...
success Already up-to-date.
Done in 0.07s.
Thursday, August 15, 2024 7:51:07 AM
yarn run v1.22.21
$ tsc && vite build
vite v5.2.13 building for production...
✓ 5 modules transformed.
docs/index.html                 0.53 kB │ gzip: 0.32 kB
docs/assets/index-DYhv0y2B.css  4.60 kB │ gzip: 1.63 kB
docs/assets/index-BUJcqj8w.js   4.81 kB │ gzip: 2.11 kB
✓ built in 192ms
Done in 0.97s.
Thursday, August 15, 2024 7:51:08 AM
warning: in the working copy of 'docs/assets/index-BUJcqj8w.js', LF will be replaced by CRLF the next time Git touches it
warning: in the working copy of 'docs/assets/index-DYhv0y2B.css', LF will be replaced by CRLF the next time Git touches it
warning: in the working copy of 'docs/index.html', LF will be replaced by CRLF the next time Git touches it
Thursday, August 15, 2024 7:51:08 AM
On branch main
Your branch is up to date with 'origin/main'.

nothing to commit, working tree clean
Thursday, August 15, 2024 7:51:08 AM
From github.com:fromnepal/fromnepal.github.io
 * branch            main       -> FETCH_HEAD
Already up to date.
Thursday, August 15, 2024 7:51:09 AM
Everything up-to-date
Thursday, August 15, 2024 7:51:10 AM

PS C:\Users\kushal\src\myhtml\fromnepal> cd "C:\Users\kushal\src\mylogging\"; date; git add .; date; git commit --message "add all files" --message "from the terminal"; date; cd "C:\Users\kushal\src\myhtml\fromnepal"; date; yarn; date; yarn run build; date; git add .; date; git commit --message "build application" --message "from the terminal"; date; git pull --rebase origin main; date; git push origin main; date;

Thursday, August 15, 2024 7:52:42 AM
Thursday, August 15, 2024 7:52:42 AM
On branch main
nothing to commit, working tree clean
Thursday, August 15, 2024 7:52:42 AM
Thursday, August 15, 2024 7:52:42 AM
yarn install v1.22.21
[1/4] Resolving packages...
success Already up-to-date.
Done in 0.06s.
Thursday, August 15, 2024 7:52:42 AM
yarn run v1.22.21
$ tsc && vite build
vite v5.2.13 building for production...
✓ 5 modules transformed.
docs/index.html                 0.53 kB │ gzip: 0.32 kB
docs/assets/index-DYhv0y2B.css  4.60 kB │ gzip: 1.63 kB
docs/assets/index-BUJcqj8w.js   4.81 kB │ gzip: 2.11 kB
✓ built in 135ms
Done in 0.81s.
Thursday, August 15, 2024 7:52:43 AM
warning: in the working copy of 'docs/assets/index-BUJcqj8w.js', LF will be replaced by CRLF the next time Git touches it
warning: in the working copy of 'docs/assets/index-DYhv0y2B.css', LF will be replaced by CRLF the next time Git touches it
warning: in the working copy of 'docs/index.html', LF will be replaced by CRLF the next time Git touches it
Thursday, August 15, 2024 7:52:44 AM
[main 3dd4847] build application
 2 files changed, 546 insertions(+), 2 deletions(-)
Thursday, August 15, 2024 7:52:44 AM
From github.com:fromnepal/fromnepal.github.io
 * branch            main       -> FETCH_HEAD
Current branch main is up to date.
Thursday, August 15, 2024 7:52:57 AM
Enumerating objects: 9, done.
Counting objects: 100% (9/9), done.
Delta compression using up to 16 threads
Compressing objects: 100% (5/5), done.
Writing objects: 100% (5/5), 4.20 KiB | 4.21 MiB/s, done.
Total 5 (delta 4), reused 0 (delta 0), pack-reused 0 (from 0)
remote: Resolving deltas: 100% (4/4), completed with 4 local objects.
To github.com:fromnepal/fromnepal.github.io.git
   b92200c..3dd4847  main -> main
Thursday, August 15, 2024 7:52:57 AM

PS C:\Users\kushal\src\myhtml\fromnepal> ssh 192.168.0.102
The authenticity of host '192.168.0.102 (192.168.0.102)' can't be established.
ED25519 key fingerprint is SHA256:WWWgiZqICGTf4flYFEivt5Ge0Mtx7I8iDepbPb2nMCQ.
This host key is known by the following other names/addresses:
    C:\Users\kushal/.ssh/known_hosts:35: colorado
    C:\Users\kushal/.ssh/known_hosts:54: 192.168.0.233
Are you sure you want to continue connecting (yes/no/[fingerprint])? yes
Warning: Permanently added '192.168.0.102' (ED25519) to the list of known hosts.
Linux colorado 6.1.0-21-amd64 #1 SMP PREEMPT_DYNAMIC Debian 6.1.90-1 (2024-05-03) x86_64

The programs included with the Debian GNU/Linux system are free software;
the exact distribution terms for each program are described in the
individual files in /usr/share/doc/*/copyright.

Debian GNU/Linux comes with ABSOLUTELY NO WARRANTY, to the extent
permitted by applicable law.
Last login: Sat Jun 15 11:15:39 2024 from fe80::491f:b4:4fc2:2551%enp3s0
kushal@colorado:~$ btop
kushal@colorado:~$ kushal@colorado:~$ ls
Desktop  Documents  Downloads  duckdns  Music  Pictures  Public  source  Templates  test.txt  Videos
kushal@colorado:~$ cd source/
kushal@colorado:~/source$ ls
docker-wyze-bridge
kushal@colorado:~/source$ docker ps
CONTAINER ID   IMAGE                    COMMAND                  CREATED        STATUS                   PORTS                                       NAMES
79664f33b7d8   louislam/uptime-kuma:1   "/usr/bin/dumb-init …"   6 months ago   Up 6 minutes (healthy)   0.0.0.0:3001->3001/tcp, :::3001->3001/tcp   uptime-kuma
kushal@colorado:~/source$ exit
logout
Connection to 192.168.0.102 closed.
PS C:\Users\kushal\src\myhtml\fromnepal> cd "C:\Users\kushal\src\mylogging\"; date; git add .; date; git commit --message "add all files" --message "from the terminal"; date; cd "C:\Users\kushal\src\myhtml\fromnepal"; date; yarn; date; yarn run build; date; git add .; date; git commit --message "build application" --message "from the terminal"; date; git pull --rebase origin main; date; git push origin main; date;

Thursday, August 15, 2024 7:59:19 AM
Thursday, August 15, 2024 7:59:19 AM
On branch main
nothing to commit, working tree clean
Thursday, August 15, 2024 7:59:19 AM
Thursday, August 15, 2024 7:59:19 AM
yarn install v1.22.21
[1/4] Resolving packages...
success Already up-to-date.
Done in 0.07s.
Thursday, August 15, 2024 7:59:19 AM
yarn run v1.22.21
$ tsc && vite build
vite v5.2.13 building for production...
✓ 5 modules transformed.
docs/index.html                 0.53 kB │ gzip: 0.32 kB
docs/assets/index-DYhv0y2B.css  4.60 kB │ gzip: 1.63 kB
docs/assets/index-BUJcqj8w.js   4.81 kB │ gzip: 2.11 kB
✓ built in 187ms
Done in 1.44s.
Thursday, August 15, 2024 7:59:21 AM
warning: in the working copy of 'docs/assets/index-BUJcqj8w.js', LF will be replaced by CRLF the next time Git touches it
warning: in the working copy of 'docs/assets/index-DYhv0y2B.css', LF will be replaced by CRLF the next time Git touches it
warning: in the working copy of 'docs/index.html', LF will be replaced by CRLF the next time Git touches it
Thursday, August 15, 2024 7:59:22 AM
[main d444086] build application
 2 files changed, 6 insertions(+), 2 deletions(-)
Thursday, August 15, 2024 7:59:22 AM
From github.com:fromnepal/fromnepal.github.io
 * branch            main       -> FETCH_HEAD
Current branch main is up to date.
Thursday, August 15, 2024 7:59:22 AM
Enumerating objects: 9, done.
Counting objects: 100% (9/9), done.
Delta compression using up to 16 threads
Compressing objects: 100% (5/5), done.
Writing objects: 100% (5/5), 694 bytes | 694.00 KiB/s, done.
Total 5 (delta 4), reused 0 (delta 0), pack-reused 0 (from 0)
remote: Resolving deltas: 100% (4/4), completed with 4 local objects.
To github.com:fromnepal/fromnepal.github.io.git
   3dd4847..d444086  main -> main
Thursday, August 15, 2024 7:59:23 AM

PS C:\Users\kushal\src\myhtml\fromnepal> cd "C:\Users\kushal\src\mylogging\"; date; git add .; date; git commit --message "add all files" --message "from the terminal"; date; cd "C:\Users\kushal\src\myhtml\fromnepal"; date; yarn; date; yarn run build; date; git add .; date; git commit --message "build application" --message "from the terminal"; date; git pull --rebase origin main; date; git push origin main; date;

Thursday, August 15, 2024 7:59:30 AM
Thursday, August 15, 2024 7:59:30 AM
On branch main
nothing to commit, working tree clean
Thursday, August 15, 2024 7:59:30 AM
Thursday, August 15, 2024 7:59:30 AM
yarn install v1.22.21
[1/4] Resolving packages...
success Already up-to-date.
Done in 0.06s.
Thursday, August 15, 2024 7:59:31 AM
yarn run v1.22.21
$ tsc && vite build
vite v5.2.13 building for production...
✓ 5 modules transformed.
docs/index.html                 0.53 kB │ gzip: 0.32 kB
docs/assets/index-DYhv0y2B.css  4.60 kB │ gzip: 1.63 kB
docs/assets/index-BUJcqj8w.js   4.81 kB │ gzip: 2.11 kB
✓ built in 138ms
Done in 0.81s.
Thursday, August 15, 2024 7:59:32 AM
warning: in the working copy of 'docs/assets/index-BUJcqj8w.js', LF will be replaced by CRLF the next time Git touches it
warning: in the working copy of 'docs/assets/index-DYhv0y2B.css', LF will be replaced by CRLF the next time Git touches it
warning: in the working copy of 'docs/index.html', LF will be replaced by CRLF the next time Git touches it
Thursday, August 15, 2024 7:59:32 AM
[main f2487b7] build application
 2 files changed, 1954 insertions(+), 1702 deletions(-)
Thursday, August 15, 2024 7:59:32 AM
From github.com:fromnepal/fromnepal.github.io
 * branch            main       -> FETCH_HEAD
Current branch main is up to date.
Thursday, August 15, 2024 7:59:33 AM
Enumerating objects: 9, done.
Counting objects: 100% (9/9), done.
Delta compression using up to 16 threads
Compressing objects: 100% (5/5), done.
Writing objects: 100% (5/5), 5.34 KiB | 5.34 MiB/s, done.
Total 5 (delta 3), reused 0 (delta 0), pack-reused 0 (from 0)
remote: Resolving deltas: 100% (3/3), completed with 3 local objects.
To github.com:fromnepal/fromnepal.github.io.git
   d444086..f2487b7  main -> main
Thursday, August 15, 2024 7:59:36 AM

PS C:\Users\kushal\src\myhtml\fromnepal> ssh 192.168.0.102
Linux colorado 6.1.0-21-amd64 #1 SMP PREEMPT_DYNAMIC Debian 6.1.90-1 (2024-05-03) x86_64

The programs included with the Debian GNU/Linux system are free software;
the exact distribution terms for each program are described in the
individual files in /usr/share/doc/*/copyright.

Debian GNU/Linux comes with ABSOLUTELY NO WARRANTY, to the extent
permitted by applicable law.
Last login: Thu Aug 15 07:57:50 2024 from 192.168.0.100
kushal@colorado:~$ nvm --version
-bash: nvm: command not found
kushal@colorado:~$ curl -o- https://raw.githubusercontent.com/nvm-sh/nvm/v0.40.0/install.sh | bash
  % Total    % Received % Xferd  Average Speed   Time    Time     Time  Current
                                 Dload  Upload   Total   Spent    Left  Speed
100 16555  100 16555    0     0  87155      0 --:--:-- --:--:-- --:--:-- 87592
=> Downloading nvm from git to '/home/kushal/.nvm'
=> Cloning into '/home/kushal/.nvm'...
remote: Enumerating objects: 375, done.
remote: Counting objects: 100% (375/375), done.
remote: Compressing objects: 100% (319/319), done.
remote: Total 375 (delta 46), reused 175 (delta 29), pack-reused 0 (from 0)
Receiving objects: 100% (375/375), 379.25 KiB | 4.51 MiB/s, done.
Resolving deltas: 100% (46/46), done.
* (HEAD detached at FETCH_HEAD)
  master
=> Compressing and cleaning up git repository

=> Appending nvm source string to /home/kushal/.bashrc
=> Appending bash_completion source string to /home/kushal/.bashrc
=> Close and reopen your terminal to start using nvm or run the following to use it now:

export NVM_DIR="$HOME/.nvm"
[ -s "$NVM_DIR/nvm.sh" ] && \. "$NVM_DIR/nvm.sh"  # This loads nvm
[ -s "$NVM_DIR/bash_completion" ] && \. "$NVM_DIR/bash_completion"  # This loads nvm bash_completion
kushal@colorado:~$ sudo su -
[sudo] password for kushal:
root@colorado:~# apt update; apt upgrade -y; apt autoremove -y;
Get:1 http://security.debian.org/debian-security bookworm-security InRelease [48.0 kB]
Get:2 http://deb.debian.org/debian bookworm InRelease [151 kB]
Get:3 http://deb.debian.org/debian bookworm-updates InRelease [55.4 kB]
Get:4 http://security.debian.org/debian-security bookworm-security/main Sources [105 kB]
Get:5 http://security.debian.org/debian-security bookworm-security/main amd64 Packages [170 kB]
Get:6 http://security.debian.org/debian-security bookworm-security/main Translation-en [103 kB]
Get:7 http://deb.debian.org/debian bookworm/non-free-firmware Sources [6,456 B]
Get:8 http://deb.debian.org/debian bookworm/main Sources [9,485 kB]
Get:9 http://deb.debian.org/debian bookworm/main amd64 Packages [8,788 kB]
Get:10 http://deb.debian.org/debian bookworm/main Translation-en [6,109 kB]
Get:11 http://deb.debian.org/debian bookworm/non-free-firmware amd64 Packages [6,216 B]
Fetched 25.0 MB in 5s (5,384 kB/s)
Reading package lists... Done
Building dependency tree... Done
Reading state information... Done
94 packages can be upgraded. Run 'apt list --upgradable' to see them.
N: Repository 'http://deb.debian.org/debian bookworm InRelease' changed its 'Version' value from '12.5' to '12.6'
Reading package lists... Done
Building dependency tree... Done
Reading state information... Done
Calculating upgrade... Done
The following NEW packages will be installed:
  linux-image-6.1.0-23-amd64
The following packages will be upgraded:
  apache2-bin base-files bash bind9-dnsutils bind9-host bind9-libs bluez bluez-obexd bubblewrap curl distro-info-data dns-root-data firefox-esr fonts-opensymbol gir1.2-gdkpixbuf-2.0 intel-microcode
  krb5-locales libavcodec59 libavfilter8 libavformat59 libavutil57 libbluetooth3 libcjson1 libcurl3-gnutls libcurl4 libflatpak0 libfreetype6 libgdk-pixbuf-2.0-0 libgdk-pixbuf2.0-bin libgdk-pixbuf2.0-common
  libglib2.0-0 libglib2.0-bin libglib2.0-data libgnutls30 libgssapi-krb5-2 libk5crypto3 libkrb5-3 libkrb5support0 libltdl7 libndp0 libnss-myhostname libnss-systemd libpam-systemd libpostproc56 libpython3.11
  libpython3.11-minimal libpython3.11-stdlib libreoffice-base-core libreoffice-calc libreoffice-common libreoffice-core libreoffice-draw libreoffice-gnome libreoffice-gtk3 libreoffice-help-common
  libreoffice-help-en-us libreoffice-impress libreoffice-math libreoffice-style-colibre libreoffice-style-elementary libreoffice-writer libseccomp2 libssl3 libswresample4 libswscale6 libsystemd-shared
  libsystemd0 libudev1 libuno-cppu3 libuno-cppuhelpergcc3-3 libuno-purpenvhelpergcc3-3 libuno-sal3 libuno-salhelpergcc3-3 libvpx7 linux-image-amd64 nano openssh-client openssh-server openssh-sftp-server
  openssl python3-idna python3-software-properties python3-uno python3.11 python3.11-minimal software-properties-common software-properties-gtk systemd systemd-sysv systemd-timesyncd udev uno-libs-private
  ure wpasupplicant
94 upgraded, 1 newly installed, 0 to remove and 0 not upgraded.
Need to get 289 MB of archives.
After this operation, 410 MB of additional disk space will be used.
Get:1 http://security.debian.org/debian-security bookworm-security/main amd64 libgssapi-krb5-2 amd64 1.20.1-2+deb12u2 [135 kB]
Get:2 http://deb.debian.org/debian bookworm/main amd64 base-files amd64 12.4+deb12u6 [70.8 kB]
Get:3 http://deb.debian.org/debian bookworm/main amd64 bash amd64 5.2.15-2+b7 [1,490 kB]
Get:4 http://security.debian.org/debian-security bookworm-security/main amd64 libkrb5-3 amd64 1.20.1-2+deb12u2 [332 kB]
Get:5 http://security.debian.org/debian-security bookworm-security/main amd64 libkrb5support0 amd64 1.20.1-2+deb12u2 [32.6 kB]
Get:6 http://security.debian.org/debian-security bookworm-security/main amd64 libk5crypto3 amd64 1.20.1-2+deb12u2 [78.7 kB]
Get:7 http://security.debian.org/debian-security bookworm-security/main amd64 openssh-sftp-server amd64 1:9.2p1-2+deb12u3 [65.8 kB]
Get:8 http://security.debian.org/debian-security bookworm-security/main amd64 openssh-server amd64 1:9.2p1-2+deb12u3 [456 kB]
Get:9 http://deb.debian.org/debian bookworm/main amd64 libnss-systemd amd64 252.26-1~deb12u2 [163 kB]
Get:10 http://security.debian.org/debian-security bookworm-security/main amd64 openssh-client amd64 1:9.2p1-2+deb12u3 [991 kB]
Get:11 http://deb.debian.org/debian bookworm/main amd64 libseccomp2 amd64 2.5.4-1+deb12u1 [46.8 kB]
Get:12 http://deb.debian.org/debian bookworm/main amd64 libssl3 amd64 3.0.13-1~deb12u1 [2,022 kB]
Get:13 http://deb.debian.org/debian bookworm/main amd64 systemd-timesyncd amd64 252.26-1~deb12u2 [63.4 kB]
Get:14 http://deb.debian.org/debian bookworm/main amd64 libpam-systemd amd64 252.26-1~deb12u2 [225 kB]
Get:15 http://security.debian.org/debian-security bookworm-security/main amd64 bind9-host amd64 1:9.18.28-1~deb12u2 [307 kB]
Get:16 http://deb.debian.org/debian bookworm/main amd64 systemd amd64 252.26-1~deb12u2 [3,035 kB]
Get:17 http://security.debian.org/debian-security bookworm-security/main amd64 bind9-dnsutils amd64 1:9.18.28-1~deb12u2 [407 kB]
Get:18 http://security.debian.org/debian-security bookworm-security/main amd64 bind9-libs amd64 1:9.18.28-1~deb12u2 [1,427 kB]
Get:19 http://deb.debian.org/debian bookworm/main amd64 libsystemd-shared amd64 252.26-1~deb12u2 [1,692 kB]
Get:20 http://security.debian.org/debian-security bookworm-security/main amd64 krb5-locales all 1.20.1-2+deb12u2 [62.8 kB]
Get:21 http://security.debian.org/debian-security bookworm-security/main amd64 apache2-bin amd64 2.4.61-1~deb12u1 [1,384 kB]
Get:22 http://deb.debian.org/debian bookworm/main amd64 systemd-sysv amd64 252.26-1~deb12u2 [42.3 kB]
Get:23 http://deb.debian.org/debian bookworm/main amd64 libsystemd0 amd64 252.26-1~deb12u2 [332 kB]
Get:24 http://deb.debian.org/debian bookworm/main amd64 libglib2.0-data all 2.74.6-2+deb12u3 [1,209 kB]
Get:25 http://deb.debian.org/debian bookworm/main amd64 libglib2.0-bin amd64 2.74.6-2+deb12u3 [110 kB]
Get:26 http://deb.debian.org/debian bookworm/main amd64 libglib2.0-0 amd64 2.74.6-2+deb12u3 [1,400 kB]
Get:27 http://security.debian.org/debian-security bookworm-security/main amd64 bubblewrap amd64 0.8.0-2+deb12u1 [47.3 kB]
Get:28 http://security.debian.org/debian-security bookworm-security/main amd64 libvpx7 amd64 1.12.0-1+deb12u3 [1,003 kB]
Get:29 http://deb.debian.org/debian bookworm/main amd64 bluez amd64 5.66-1+deb12u2 [1,155 kB]
Get:30 http://security.debian.org/debian-security bookworm-security/main amd64 firefox-esr amd64 115.14.0esr-1~deb12u1 [63.2 MB]
Get:31 http://deb.debian.org/debian bookworm/main amd64 udev amd64 252.26-1~deb12u2 [1,682 kB]
Get:32 http://deb.debian.org/debian bookworm/main amd64 libudev1 amd64 252.26-1~deb12u2 [108 kB]
Get:33 http://deb.debian.org/debian bookworm/main amd64 libpython3.11 amd64 3.11.2-6+deb12u2 [1,987 kB]
Get:34 http://deb.debian.org/debian bookworm/main amd64 python3.11 amd64 3.11.2-6+deb12u2 [573 kB]
Get:35 http://deb.debian.org/debian bookworm/main amd64 libpython3.11-stdlib amd64 3.11.2-6+deb12u2 [1,799 kB]
Get:36 http://deb.debian.org/debian bookworm/main amd64 python3.11-minimal amd64 3.11.2-6+deb12u2 [2,067 kB]
Get:37 http://deb.debian.org/debian bookworm/main amd64 libpython3.11-minimal amd64 3.11.2-6+deb12u2 [814 kB]
Get:38 http://deb.debian.org/debian bookworm/main amd64 libgnutls30 amd64 3.7.9-2+deb12u3 [1,405 kB]
Get:39 http://deb.debian.org/debian bookworm/main amd64 nano amd64 7.2-1+deb12u1 [690 kB]
Get:40 http://deb.debian.org/debian bookworm/non-free-firmware amd64 intel-microcode amd64 3.20240514.1~deb12u1 [6,915 kB]
Get:41 http://deb.debian.org/debian bookworm/main amd64 curl amd64 7.88.1-10+deb12u6 [314 kB]
Get:42 http://deb.debian.org/debian bookworm/main amd64 libcurl4 amd64 7.88.1-10+deb12u6 [390 kB]
Get:43 http://deb.debian.org/debian bookworm/main amd64 bluez-obexd amd64 5.66-1+deb12u2 [236 kB]
Get:44 http://deb.debian.org/debian bookworm/main amd64 distro-info-data all 0.58+deb12u2 [6,204 B]
Get:45 http://deb.debian.org/debian bookworm/main amd64 dns-root-data all 2024041801~deb12u1 [4,356 B]
Get:46 http://deb.debian.org/debian bookworm/main amd64 libfreetype6 amd64 2.12.1+dfsg-5+deb12u3 [398 kB]
Get:47 http://deb.debian.org/debian bookworm/main amd64 libgdk-pixbuf2.0-common all 2.42.10+dfsg-1+deb12u1 [306 kB]
Get:48 http://deb.debian.org/debian bookworm/main amd64 libgdk-pixbuf-2.0-0 amd64 2.42.10+dfsg-1+deb12u1 [139 kB]
Get:49 http://deb.debian.org/debian bookworm/main amd64 gir1.2-gdkpixbuf-2.0 amd64 2.42.10+dfsg-1+deb12u1 [13.4 kB]
Get:50 http://deb.debian.org/debian bookworm/main amd64 libbluetooth3 amd64 5.66-1+deb12u2 [107 kB]
Get:51 http://deb.debian.org/debian bookworm/main amd64 libcjson1 amd64 1.7.15-1+deb12u1 [22.8 kB]
Get:52 http://deb.debian.org/debian bookworm/main amd64 libcurl3-gnutls amd64 7.88.1-10+deb12u6 [385 kB]
Get:53 http://deb.debian.org/debian bookworm/main amd64 libgdk-pixbuf2.0-bin amd64 2.42.10+dfsg-1+deb12u1 [17.7 kB]
Get:54 http://deb.debian.org/debian bookworm/main amd64 libltdl7 amd64 2.4.7-7~deb12u1 [393 kB]
Get:55 http://deb.debian.org/debian bookworm/main amd64 libndp0 amd64 1.8-1+deb12u1 [12.0 kB]
Get:56 http://deb.debian.org/debian bookworm/main amd64 libnss-myhostname amd64 252.26-1~deb12u2 [84.6 kB]
Get:57 http://deb.debian.org/debian bookworm/main amd64 openssl amd64 3.0.13-1~deb12u1 [1,418 kB]
Get:58 http://deb.debian.org/debian bookworm/main amd64 python3-idna all 3.3-1+deb12u1 [41.0 kB]
Get:59 http://deb.debian.org/debian bookworm/main amd64 software-properties-common all 0.99.30-4.1~deb12u1 [62.1 kB]
Get:60 http://deb.debian.org/debian bookworm/main amd64 software-properties-gtk all 0.99.30-4.1~deb12u1 [65.6 kB]
Get:61 http://deb.debian.org/debian bookworm/main amd64 python3-software-properties all 0.99.30-4.1~deb12u1 [32.9 kB]
Get:62 http://security.debian.org/debian-security bookworm-security/main amd64 fonts-opensymbol all 4:102.12+LibO7.4.7-1+deb12u4 [114 kB]
Get:63 http://security.debian.org/debian-security bookworm-security/main amd64 libswscale6 amd64 7:5.1.6-0+deb12u1 [217 kB]
Get:64 http://security.debian.org/debian-security bookworm-security/main amd64 libavfilter8 amd64 7:5.1.6-0+deb12u1 [3,706 kB]
Get:65 http://security.debian.org/debian-security bookworm-security/main amd64 libavformat59 amd64 7:5.1.6-0+deb12u1 [1,104 kB]
Get:66 http://security.debian.org/debian-security bookworm-security/main amd64 libavcodec59 amd64 7:5.1.6-0+deb12u1 [5,222 kB]
Get:67 http://security.debian.org/debian-security bookworm-security/main amd64 libavutil57 amd64 7:5.1.6-0+deb12u1 [365 kB]
Get:68 http://security.debian.org/debian-security bookworm-security/main amd64 libpostproc56 amd64 7:5.1.6-0+deb12u1 [95.9 kB]
Get:69 http://security.debian.org/debian-security bookworm-security/main amd64 libswresample4 amd64 7:5.1.6-0+deb12u1 [99.3 kB]
Get:70 http://security.debian.org/debian-security bookworm-security/main amd64 libflatpak0 amd64 1.14.10-1~deb12u1 [363 kB]
Get:71 http://security.debian.org/debian-security bookworm-security/main amd64 libuno-sal3 amd64 4:7.4.7-1+deb12u4 [196 kB]
Get:72 http://security.debian.org/debian-security bookworm-security/main amd64 libuno-salhelpergcc3-3 amd64 4:7.4.7-1+deb12u4 [37.9 kB]
Get:73 http://security.debian.org/debian-security bookworm-security/main amd64 libuno-cppu3 amd64 4:7.4.7-1+deb12u4 [101 kB]
Get:74 http://security.debian.org/debian-security bookworm-security/main amd64 libuno-cppuhelpergcc3-3 amd64 4:7.4.7-1+deb12u4 [297 kB]
Get:75 http://security.debian.org/debian-security bookworm-security/main amd64 ure amd64 4:7.4.7-1+deb12u4 [1,226 kB]
Get:76 http://security.debian.org/debian-security bookworm-security/main amd64 uno-libs-private amd64 4:7.4.7-1+deb12u4 [227 kB]
Get:77 http://security.debian.org/debian-security bookworm-security/main amd64 libuno-purpenvhelpergcc3-3 amd64 4:7.4.7-1+deb12u4 [37.0 kB]
Get:78 http://security.debian.org/debian-security bookworm-security/main amd64 libreoffice-calc amd64 4:7.4.7-1+deb12u4 [7,413 kB]
Get:79 http://security.debian.org/debian-security bookworm-security/main amd64 libreoffice-impress amd64 4:7.4.7-1+deb12u4 [1,117 kB]
Get:80 http://security.debian.org/debian-security bookworm-security/main amd64 libreoffice-draw amd64 4:7.4.7-1+deb12u4 [2,705 kB]
Get:81 http://security.debian.org/debian-security bookworm-security/main amd64 libreoffice-math amd64 4:7.4.7-1+deb12u4 [540 kB]
Get:82 http://security.debian.org/debian-security bookworm-security/main amd64 libreoffice-help-en-us all 4:7.4.7-1+deb12u4 [1,753 kB]
Get:83 http://security.debian.org/debian-security bookworm-security/main amd64 libreoffice-help-common all 4:7.4.7-1+deb12u4 [3,742 kB]
Get:84 http://security.debian.org/debian-security bookworm-security/main amd64 libreoffice-common all 4:7.4.7-1+deb12u4 [24.5 MB]
Get:85 http://security.debian.org/debian-security bookworm-security/main amd64 libreoffice-gnome amd64 4:7.4.7-1+deb12u4 [87.1 kB]
Get:86 http://security.debian.org/debian-security bookworm-security/main amd64 libreoffice-gtk3 amd64 4:7.4.7-1+deb12u4 [478 kB]
Get:87 http://security.debian.org/debian-security bookworm-security/main amd64 libreoffice-base-core amd64 4:7.4.7-1+deb12u4 [798 kB]
Get:88 http://security.debian.org/debian-security bookworm-security/main amd64 python3-uno amd64 4:7.4.7-1+deb12u4 [158 kB]
Get:89 http://security.debian.org/debian-security bookworm-security/main amd64 libreoffice-writer amd64 4:7.4.7-1+deb12u4 [9,262 kB]
Get:90 http://security.debian.org/debian-security bookworm-security/main amd64 libreoffice-core amd64 4:7.4.7-1+deb12u4 [32.6 MB]
Get:91 http://security.debian.org/debian-security bookworm-security/main amd64 libreoffice-style-colibre all 4:7.4.7-1+deb12u4 [7,173 kB]
Get:92 http://security.debian.org/debian-security bookworm-security/main amd64 libreoffice-style-elementary all 4:7.4.7-1+deb12u4 [8,100 kB]
Get:93 http://security.debian.org/debian-security bookworm-security/main amd64 linux-image-6.1.0-23-amd64 amd64 6.1.99-1 [68.8 MB]
Get:94 http://security.debian.org/debian-security bookworm-security/main amd64 linux-image-amd64 amd64 6.1.99-1 [1,484 B]
Get:95 http://security.debian.org/debian-security bookworm-security/main amd64 wpasupplicant amd64 2:2.10-12+deb12u2 [1,419 kB]
Fetched 289 MB in 27s (10.8 MB/s)
apt-listchanges: Reading changelogs...
Extracting templates from packages: 100%
Preconfiguring packages ...
(Reading database ... 157070 files and directories currently installed.)
Preparing to unpack .../base-files_12.4+deb12u6_amd64.deb ...
Unpacking base-files (12.4+deb12u6) over (12.4+deb12u5) ...
Setting up base-files (12.4+deb12u6) ...
Installing new version of config file /etc/debian_version ...
(Reading database ... 157070 files and directories currently installed.)
Preparing to unpack .../bash_5.2.15-2+b7_amd64.deb ...
Unpacking bash (5.2.15-2+b7) over (5.2.15-2+b2) ...
Setting up bash (5.2.15-2+b7) ...
update-alternatives: using /usr/share/man/man7/bash-builtins.7.gz to provide /usr/share/man/man7/builtins.7.gz (builtins.7.gz) in auto mode
(Reading database ... 157070 files and directories currently installed.)
Preparing to unpack .../libnss-systemd_252.26-1~deb12u2_amd64.deb ...
Unpacking libnss-systemd:amd64 (252.26-1~deb12u2) over (252.22-1~deb12u1) ...
Preparing to unpack .../libseccomp2_2.5.4-1+deb12u1_amd64.deb ...
Unpacking libseccomp2:amd64 (2.5.4-1+deb12u1) over (2.5.4-1+b3) ...
Setting up libseccomp2:amd64 (2.5.4-1+deb12u1) ...
(Reading database ... 157069 files and directories currently installed.)
Preparing to unpack .../libssl3_3.0.13-1~deb12u1_amd64.deb ...
Unpacking libssl3:amd64 (3.0.13-1~deb12u1) over (3.0.11-1~deb12u2) ...
Preparing to unpack .../systemd-timesyncd_252.26-1~deb12u2_amd64.deb ...
Unpacking systemd-timesyncd (252.26-1~deb12u2) over (252.22-1~deb12u1) ...
Preparing to unpack .../libpam-systemd_252.26-1~deb12u2_amd64.deb ...
Unpacking libpam-systemd:amd64 (252.26-1~deb12u2) over (252.22-1~deb12u1) ...
Setting up libssl3:amd64 (3.0.13-1~deb12u1) ...
(Reading database ... 157069 files and directories currently installed.)
Preparing to unpack .../systemd_252.26-1~deb12u2_amd64.deb ...
Unpacking systemd (252.26-1~deb12u2) over (252.22-1~deb12u1) ...
Preparing to unpack .../libsystemd-shared_252.26-1~deb12u2_amd64.deb ...
Unpacking libsystemd-shared:amd64 (252.26-1~deb12u2) over (252.22-1~deb12u1) ...
Preparing to unpack .../libsystemd0_252.26-1~deb12u2_amd64.deb ...
Unpacking libsystemd0:amd64 (252.26-1~deb12u2) over (252.22-1~deb12u1) ...
Setting up libsystemd0:amd64 (252.26-1~deb12u2) ...
Setting up libsystemd-shared:amd64 (252.26-1~deb12u2) ...
Setting up systemd (252.26-1~deb12u2) ...
(Reading database ... 157069 files and directories currently installed.)
Preparing to unpack .../0-systemd-sysv_252.26-1~deb12u2_amd64.deb ...
Unpacking systemd-sysv (252.26-1~deb12u2) over (252.22-1~deb12u1) ...
Preparing to unpack .../1-libglib2.0-data_2.74.6-2+deb12u3_all.deb ...
Unpacking libglib2.0-data (2.74.6-2+deb12u3) over (2.74.6-2+deb12u2) ...
Preparing to unpack .../2-libglib2.0-bin_2.74.6-2+deb12u3_amd64.deb ...
Unpacking libglib2.0-bin (2.74.6-2+deb12u3) over (2.74.6-2+deb12u2) ...
Preparing to unpack .../3-libglib2.0-0_2.74.6-2+deb12u3_amd64.deb ...
Unpacking libglib2.0-0:amd64 (2.74.6-2+deb12u3) over (2.74.6-2+deb12u2) ...
Preparing to unpack .../4-bluez_5.66-1+deb12u2_amd64.deb ...
Unpacking bluez (5.66-1+deb12u2) over (5.66-1+deb12u1) ...
Preparing to unpack .../5-udev_252.26-1~deb12u2_amd64.deb ...
Unpacking udev (252.26-1~deb12u2) over (252.22-1~deb12u1) ...
Preparing to unpack .../6-libudev1_252.26-1~deb12u2_amd64.deb ...
Unpacking libudev1:amd64 (252.26-1~deb12u2) over (252.22-1~deb12u1) ...
Setting up libudev1:amd64 (252.26-1~deb12u2) ...
(Reading database ... 157069 files and directories currently installed.)
Preparing to unpack .../00-libgssapi-krb5-2_1.20.1-2+deb12u2_amd64.deb ...
Unpacking libgssapi-krb5-2:amd64 (1.20.1-2+deb12u2) over (1.20.1-2+deb12u1) ...
Preparing to unpack .../01-libkrb5-3_1.20.1-2+deb12u2_amd64.deb ...
Unpacking libkrb5-3:amd64 (1.20.1-2+deb12u2) over (1.20.1-2+deb12u1) ...
Preparing to unpack .../02-libkrb5support0_1.20.1-2+deb12u2_amd64.deb ...
Unpacking libkrb5support0:amd64 (1.20.1-2+deb12u2) over (1.20.1-2+deb12u1) ...
Preparing to unpack .../03-libk5crypto3_1.20.1-2+deb12u2_amd64.deb ...
Unpacking libk5crypto3:amd64 (1.20.1-2+deb12u2) over (1.20.1-2+deb12u1) ...
Preparing to unpack .../04-openssh-sftp-server_1%3a9.2p1-2+deb12u3_amd64.deb ...
Unpacking openssh-sftp-server (1:9.2p1-2+deb12u3) over (1:9.2p1-2+deb12u2) ...
Preparing to unpack .../05-openssh-server_1%3a9.2p1-2+deb12u3_amd64.deb ...
Unpacking openssh-server (1:9.2p1-2+deb12u3) over (1:9.2p1-2+deb12u2) ...
Preparing to unpack .../06-openssh-client_1%3a9.2p1-2+deb12u3_amd64.deb ...
Unpacking openssh-client (1:9.2p1-2+deb12u3) over (1:9.2p1-2+deb12u2) ...
Preparing to unpack .../07-libpython3.11_3.11.2-6+deb12u2_amd64.deb ...
Unpacking libpython3.11:amd64 (3.11.2-6+deb12u2) over (3.11.2-6) ...
Preparing to unpack .../08-python3.11_3.11.2-6+deb12u2_amd64.deb ...
Unpacking python3.11 (3.11.2-6+deb12u2) over (3.11.2-6) ...
Preparing to unpack .../09-libpython3.11-stdlib_3.11.2-6+deb12u2_amd64.deb ...
Unpacking libpython3.11-stdlib:amd64 (3.11.2-6+deb12u2) over (3.11.2-6) ...
Preparing to unpack .../10-python3.11-minimal_3.11.2-6+deb12u2_amd64.deb ...
Unpacking python3.11-minimal (3.11.2-6+deb12u2) over (3.11.2-6) ...
Preparing to unpack .../11-libpython3.11-minimal_3.11.2-6+deb12u2_amd64.deb ...
Unpacking libpython3.11-minimal:amd64 (3.11.2-6+deb12u2) over (3.11.2-6) ...
Preparing to unpack .../12-libgnutls30_3.7.9-2+deb12u3_amd64.deb ...
Unpacking libgnutls30:amd64 (3.7.9-2+deb12u3) over (3.7.9-2+deb12u2) ...
Setting up libgnutls30:amd64 (3.7.9-2+deb12u3) ...
(Reading database ... 157069 files and directories currently installed.)
Preparing to unpack .../00-nano_7.2-1+deb12u1_amd64.deb ...
Unpacking nano (7.2-1+deb12u1) over (7.2-1) ...
Preparing to unpack .../01-bind9-host_1%3a9.18.28-1~deb12u2_amd64.deb ...
Unpacking bind9-host (1:9.18.28-1~deb12u2) over (1:9.18.24-1) ...
Preparing to unpack .../02-bind9-dnsutils_1%3a9.18.28-1~deb12u2_amd64.deb ...
Unpacking bind9-dnsutils (1:9.18.28-1~deb12u2) over (1:9.18.24-1) ...
Preparing to unpack .../03-bind9-libs_1%3a9.18.28-1~deb12u2_amd64.deb ...
Unpacking bind9-libs:amd64 (1:9.18.28-1~deb12u2) over (1:9.18.24-1) ...
Preparing to unpack .../04-intel-microcode_3.20240514.1~deb12u1_amd64.deb ...
Unpacking intel-microcode (3.20240514.1~deb12u1) over (3.20231114.1~deb12u1) ...
Preparing to unpack .../05-krb5-locales_1.20.1-2+deb12u2_all.deb ...
Unpacking krb5-locales (1.20.1-2+deb12u2) over (1.20.1-2+deb12u1) ...
Preparing to unpack .../06-curl_7.88.1-10+deb12u6_amd64.deb ...
Unpacking curl (7.88.1-10+deb12u6) over (7.88.1-10+deb12u5) ...
Preparing to unpack .../07-libcurl4_7.88.1-10+deb12u6_amd64.deb ...
Unpacking libcurl4:amd64 (7.88.1-10+deb12u6) over (7.88.1-10+deb12u5) ...
Preparing to unpack .../08-apache2-bin_2.4.61-1~deb12u1_amd64.deb ...
Unpacking apache2-bin (2.4.61-1~deb12u1) over (2.4.59-1~deb12u1) ...
Preparing to unpack .../09-bluez-obexd_5.66-1+deb12u2_amd64.deb ...
Unpacking bluez-obexd (5.66-1+deb12u2) over (5.66-1+deb12u1) ...
Preparing to unpack .../10-bubblewrap_0.8.0-2+deb12u1_amd64.deb ...
Unpacking bubblewrap (0.8.0-2+deb12u1) over (0.8.0-2) ...
Preparing to unpack .../11-distro-info-data_0.58+deb12u2_all.deb ...
Unpacking distro-info-data (0.58+deb12u2) over (0.58+deb12u1) ...
Preparing to unpack .../12-dns-root-data_2024041801~deb12u1_all.deb ...
Unpacking dns-root-data (2024041801~deb12u1) over (2023010101) ...
Preparing to unpack .../13-libfreetype6_2.12.1+dfsg-5+deb12u3_amd64.deb ...
Unpacking libfreetype6:amd64 (2.12.1+dfsg-5+deb12u3) over (2.12.1+dfsg-5) ...
Preparing to unpack .../14-libgdk-pixbuf2.0-common_2.42.10+dfsg-1+deb12u1_all.deb ...
Unpacking libgdk-pixbuf2.0-common (2.42.10+dfsg-1+deb12u1) over (2.42.10+dfsg-1) ...
Preparing to unpack .../15-libgdk-pixbuf-2.0-0_2.42.10+dfsg-1+deb12u1_amd64.deb ...
Unpacking libgdk-pixbuf-2.0-0:amd64 (2.42.10+dfsg-1+deb12u1) over (2.42.10+dfsg-1+b1) ...
Preparing to unpack .../16-libvpx7_1.12.0-1+deb12u3_amd64.deb ...
Unpacking libvpx7:amd64 (1.12.0-1+deb12u3) over (1.12.0-1+deb12u2) ...
Preparing to unpack .../17-firefox-esr_115.14.0esr-1~deb12u1_amd64.deb ...
Leaving 'diversion of /usr/bin/firefox to /usr/bin/firefox.real by firefox-esr'
Unpacking firefox-esr (115.14.0esr-1~deb12u1) over (115.12.0esr-1~deb12u1) ...
Preparing to unpack .../18-fonts-opensymbol_4%3a102.12+LibO7.4.7-1+deb12u4_all.deb ...
Unpacking fonts-opensymbol (4:102.12+LibO7.4.7-1+deb12u4) over (4:102.12+LibO7.4.7-1+deb12u2) ...
Preparing to unpack .../19-gir1.2-gdkpixbuf-2.0_2.42.10+dfsg-1+deb12u1_amd64.deb ...
Unpacking gir1.2-gdkpixbuf-2.0:amd64 (2.42.10+dfsg-1+deb12u1) over (2.42.10+dfsg-1+b1) ...
Preparing to unpack .../20-libswscale6_7%3a5.1.6-0+deb12u1_amd64.deb ...
Unpacking libswscale6:amd64 (7:5.1.6-0+deb12u1) over (7:5.1.4-0+deb12u1) ...
Preparing to unpack .../21-libavfilter8_7%3a5.1.6-0+deb12u1_amd64.deb ...
Unpacking libavfilter8:amd64 (7:5.1.6-0+deb12u1) over (7:5.1.4-0+deb12u1) ...
Preparing to unpack .../22-libavformat59_7%3a5.1.6-0+deb12u1_amd64.deb ...
Unpacking libavformat59:amd64 (7:5.1.6-0+deb12u1) over (7:5.1.4-0+deb12u1) ...
Preparing to unpack .../23-libavcodec59_7%3a5.1.6-0+deb12u1_amd64.deb ...
Unpacking libavcodec59:amd64 (7:5.1.6-0+deb12u1) over (7:5.1.4-0+deb12u1) ...
Preparing to unpack .../24-libavutil57_7%3a5.1.6-0+deb12u1_amd64.deb ...
Unpacking libavutil57:amd64 (7:5.1.6-0+deb12u1) over (7:5.1.4-0+deb12u1) ...
Preparing to unpack .../25-libpostproc56_7%3a5.1.6-0+deb12u1_amd64.deb ...
Unpacking libpostproc56:amd64 (7:5.1.6-0+deb12u1) over (7:5.1.4-0+deb12u1) ...
Preparing to unpack .../26-libswresample4_7%3a5.1.6-0+deb12u1_amd64.deb ...
Unpacking libswresample4:amd64 (7:5.1.6-0+deb12u1) over (7:5.1.4-0+deb12u1) ...
Preparing to unpack .../27-libbluetooth3_5.66-1+deb12u2_amd64.deb ...
Unpacking libbluetooth3:amd64 (5.66-1+deb12u2) over (5.66-1+deb12u1) ...
Preparing to unpack .../28-libcjson1_1.7.15-1+deb12u1_amd64.deb ...
Unpacking libcjson1:amd64 (1.7.15-1+deb12u1) over (1.7.15-1) ...
Preparing to unpack .../29-libcurl3-gnutls_7.88.1-10+deb12u6_amd64.deb ...
Unpacking libcurl3-gnutls:amd64 (7.88.1-10+deb12u6) over (7.88.1-10+deb12u5) ...
Preparing to unpack .../30-libflatpak0_1.14.10-1~deb12u1_amd64.deb ...
Unpacking libflatpak0:amd64 (1.14.10-1~deb12u1) over (1.14.4-1+deb12u1) ...
Preparing to unpack .../31-libgdk-pixbuf2.0-bin_2.42.10+dfsg-1+deb12u1_amd64.deb ...
Unpacking libgdk-pixbuf2.0-bin (2.42.10+dfsg-1+deb12u1) over (2.42.10+dfsg-1+b1) ...
Preparing to unpack .../32-libltdl7_2.4.7-7~deb12u1_amd64.deb ...
Unpacking libltdl7:amd64 (2.4.7-7~deb12u1) over (2.4.7-5) ...
Preparing to unpack .../33-libndp0_1.8-1+deb12u1_amd64.deb ...
Unpacking libndp0:amd64 (1.8-1+deb12u1) over (1.8-1) ...
Preparing to unpack .../34-libnss-myhostname_252.26-1~deb12u2_amd64.deb ...
Unpacking libnss-myhostname:amd64 (252.26-1~deb12u2) over (252.22-1~deb12u1) ...
Preparing to unpack .../35-libuno-sal3_4%3a7.4.7-1+deb12u4_amd64.deb ...
Unpacking libuno-sal3 (4:7.4.7-1+deb12u4) over (4:7.4.7-1+deb12u2) ...
Preparing to unpack .../36-libuno-salhelpergcc3-3_4%3a7.4.7-1+deb12u4_amd64.deb ...
Unpacking libuno-salhelpergcc3-3 (4:7.4.7-1+deb12u4) over (4:7.4.7-1+deb12u2) ...
Preparing to unpack .../37-libuno-cppu3_4%3a7.4.7-1+deb12u4_amd64.deb ...
Unpacking libuno-cppu3 (4:7.4.7-1+deb12u4) over (4:7.4.7-1+deb12u2) ...
Preparing to unpack .../38-libuno-cppuhelpergcc3-3_4%3a7.4.7-1+deb12u4_amd64.deb ...
Unpacking libuno-cppuhelpergcc3-3 (4:7.4.7-1+deb12u4) over (4:7.4.7-1+deb12u2) ...
Preparing to unpack .../39-ure_4%3a7.4.7-1+deb12u4_amd64.deb ...
Unpacking ure (4:7.4.7-1+deb12u4) over (4:7.4.7-1+deb12u2) ...
Preparing to unpack .../40-uno-libs-private_4%3a7.4.7-1+deb12u4_amd64.deb ...
Unpacking uno-libs-private (4:7.4.7-1+deb12u4) over (4:7.4.7-1+deb12u2) ...
Preparing to unpack .../41-libuno-purpenvhelpergcc3-3_4%3a7.4.7-1+deb12u4_amd64.deb ...
Unpacking libuno-purpenvhelpergcc3-3 (4:7.4.7-1+deb12u4) over (4:7.4.7-1+deb12u2) ...
Preparing to unpack .../42-libreoffice-calc_4%3a7.4.7-1+deb12u4_amd64.deb ...
Unpacking libreoffice-calc (4:7.4.7-1+deb12u4) over (4:7.4.7-1+deb12u2) ...
Preparing to unpack .../43-libreoffice-impress_4%3a7.4.7-1+deb12u4_amd64.deb ...
Unpacking libreoffice-impress (4:7.4.7-1+deb12u4) over (4:7.4.7-1+deb12u2) ...
Preparing to unpack .../44-libreoffice-draw_4%3a7.4.7-1+deb12u4_amd64.deb ...
Unpacking libreoffice-draw (4:7.4.7-1+deb12u4) over (4:7.4.7-1+deb12u2) ...
Preparing to unpack .../45-libreoffice-math_4%3a7.4.7-1+deb12u4_amd64.deb ...
Unpacking libreoffice-math (4:7.4.7-1+deb12u4) over (4:7.4.7-1+deb12u2) ...
Preparing to unpack .../46-libreoffice-help-en-us_4%3a7.4.7-1+deb12u4_all.deb ...
Unpacking libreoffice-help-en-us (4:7.4.7-1+deb12u4) over (4:7.4.7-1+deb12u2) ...
Preparing to unpack .../47-libreoffice-help-common_4%3a7.4.7-1+deb12u4_all.deb ...
Unpacking libreoffice-help-common (4:7.4.7-1+deb12u4) over (4:7.4.7-1+deb12u2) ...
Preparing to unpack .../48-libreoffice-common_4%3a7.4.7-1+deb12u4_all.deb ...
Unpacking libreoffice-common (4:7.4.7-1+deb12u4) over (4:7.4.7-1+deb12u2) ...
Preparing to unpack .../49-libreoffice-gnome_4%3a7.4.7-1+deb12u4_amd64.deb ...
Unpacking libreoffice-gnome (4:7.4.7-1+deb12u4) over (4:7.4.7-1+deb12u2) ...
Preparing to unpack .../50-libreoffice-gtk3_4%3a7.4.7-1+deb12u4_amd64.deb ...
Unpacking libreoffice-gtk3 (4:7.4.7-1+deb12u4) over (4:7.4.7-1+deb12u2) ...
Preparing to unpack .../51-libreoffice-base-core_4%3a7.4.7-1+deb12u4_amd64.deb ...
Unpacking libreoffice-base-core (4:7.4.7-1+deb12u4) over (4:7.4.7-1+deb12u2) ...
Preparing to unpack .../52-python3-uno_4%3a7.4.7-1+deb12u4_amd64.deb ...
Unpacking python3-uno (4:7.4.7-1+deb12u4) over (4:7.4.7-1+deb12u2) ...
Preparing to unpack .../53-libreoffice-writer_4%3a7.4.7-1+deb12u4_amd64.deb ...
Unpacking libreoffice-writer (4:7.4.7-1+deb12u4) over (4:7.4.7-1+deb12u2) ...
Preparing to unpack .../54-libreoffice-core_4%3a7.4.7-1+deb12u4_amd64.deb ...
Unpacking libreoffice-core (4:7.4.7-1+deb12u4) over (4:7.4.7-1+deb12u2) ...
Preparing to unpack .../55-libreoffice-style-colibre_4%3a7.4.7-1+deb12u4_all.deb ...
Unpacking libreoffice-style-colibre (4:7.4.7-1+deb12u4) over (4:7.4.7-1+deb12u2) ...
Preparing to unpack .../56-libreoffice-style-elementary_4%3a7.4.7-1+deb12u4_all.deb ...
Unpacking libreoffice-style-elementary (4:7.4.7-1+deb12u4) over (4:7.4.7-1+deb12u2) ...
Selecting previously unselected package linux-image-6.1.0-23-amd64.
Preparing to unpack .../57-linux-image-6.1.0-23-amd64_6.1.99-1_amd64.deb ...
Unpacking linux-image-6.1.0-23-amd64 (6.1.99-1) ...
Preparing to unpack .../58-linux-image-amd64_6.1.99-1_amd64.deb ...
Unpacking linux-image-amd64 (6.1.99-1) over (6.1.90-1) ...
Preparing to unpack .../59-openssl_3.0.13-1~deb12u1_amd64.deb ...
Unpacking openssl (3.0.13-1~deb12u1) over (3.0.11-1~deb12u2) ...
Preparing to unpack .../60-python3-idna_3.3-1+deb12u1_all.deb ...
Unpacking python3-idna (3.3-1+deb12u1) over (3.3-1) ...
Preparing to unpack .../61-software-properties-common_0.99.30-4.1~deb12u1_all.deb ...
Unpacking software-properties-common (0.99.30-4.1~deb12u1) over (0.99.30-4) ...
Preparing to unpack .../62-software-properties-gtk_0.99.30-4.1~deb12u1_all.deb ...
Unpacking software-properties-gtk (0.99.30-4.1~deb12u1) over (0.99.30-4) ...
Preparing to unpack .../63-python3-software-properties_0.99.30-4.1~deb12u1_all.deb ...
Unpacking python3-software-properties (0.99.30-4.1~deb12u1) over (0.99.30-4) ...
Preparing to unpack .../64-wpasupplicant_2%3a2.10-12+deb12u2_amd64.deb ...
Unpacking wpasupplicant (2:2.10-12+deb12u2) over (2:2.10-12) ...
Setting up bubblewrap (0.8.0-2+deb12u1) ...
Setting up systemd-sysv (252.26-1~deb12u2) ...
Setting up libglib2.0-0:amd64 (2.74.6-2+deb12u3) ...
Setting up distro-info-data (0.58+deb12u2) ...
Setting up intel-microcode (3.20240514.1~deb12u1) ...
update-initramfs: deferring update (trigger activated)
intel-microcode: microcode will be updated at next boot
Setting up libgdk-pixbuf2.0-common (2.42.10+dfsg-1+deb12u1) ...
Setting up libuno-sal3 (4:7.4.7-1+deb12u4) ...
Setting up libnss-systemd:amd64 (252.26-1~deb12u2) ...
Setting up krb5-locales (1.20.1-2+deb12u2) ...
Setting up libcjson1:amd64 (1.7.15-1+deb12u1) ...
Setting up bluez-obexd (5.66-1+deb12u2) ...
Setting up libkrb5support0:amd64 (1.20.1-2+deb12u2) ...
Setting up dns-root-data (2024041801~deb12u1) ...
Setting up wpasupplicant (2:2.10-12+deb12u2) ...
Setting up libavutil57:amd64 (7:5.1.6-0+deb12u1) ...
Setting up libreoffice-style-colibre (4:7.4.7-1+deb12u4) ...
Setting up libglib2.0-data (2.74.6-2+deb12u3) ...
Setting up libfreetype6:amd64 (2.12.1+dfsg-5+deb12u3) ...
Setting up python3-software-properties (0.99.30-4.1~deb12u1) ...
Setting up libswresample4:amd64 (7:5.1.6-0+deb12u1) ...
Setting up systemd-timesyncd (252.26-1~deb12u2) ...
Setting up udev (252.26-1~deb12u2) ...
Setting up python3-idna (3.3-1+deb12u1) ...
Setting up libnss-myhostname:amd64 (252.26-1~deb12u2) ...
Setting up libk5crypto3:amd64 (1.20.1-2+deb12u2) ...
Setting up libltdl7:amd64 (2.4.7-7~deb12u1) ...
Setting up linux-image-6.1.0-23-amd64 (6.1.99-1) ...
I: /vmlinuz.old is now a symlink to boot/vmlinuz-6.1.0-21-amd64
I: /initrd.img.old is now a symlink to boot/initrd.img-6.1.0-21-amd64
I: /vmlinuz is now a symlink to boot/vmlinuz-6.1.0-23-amd64
I: /initrd.img is now a symlink to boot/initrd.img-6.1.0-23-amd64
/etc/kernel/postinst.d/initramfs-tools:
update-initramfs: Generating /boot/initrd.img-6.1.0-23-amd64
/etc/kernel/postinst.d/zz-update-grub:
Generating grub configuration file ...
Found background image: /usr/share/images/desktop-base/desktop-grub.png
Found linux image: /boot/vmlinuz-6.1.0-23-amd64
Found initrd image: /boot/initrd.img-6.1.0-23-amd64
Found linux image: /boot/vmlinuz-6.1.0-21-amd64
Found initrd image: /boot/initrd.img-6.1.0-21-amd64
Found linux image: /boot/vmlinuz-6.1.0-20-amd64
Found initrd image: /boot/initrd.img-6.1.0-20-amd64
Warning: os-prober will not be executed to detect other bootable partitions.
Systems on them will not be added to the GRUB boot configuration.
Check GRUB_DISABLE_OS_PROBER documentation entry.
done
Setting up nano (7.2-1+deb12u1) ...
Installing new version of config file /etc/nanorc ...
Setting up libbluetooth3:amd64 (5.66-1+deb12u2) ...
Setting up libuno-salhelpergcc3-3 (4:7.4.7-1+deb12u4) ...
Setting up libpam-systemd:amd64 (252.26-1~deb12u2) ...
Setting up libgdk-pixbuf-2.0-0:amd64 (2.42.10+dfsg-1+deb12u1) ...
Setting up libvpx7:amd64 (1.12.0-1+deb12u3) ...
Setting up libkrb5-3:amd64 (1.20.1-2+deb12u2) ...
Setting up libpython3.11-minimal:amd64 (3.11.2-6+deb12u2) ...
Setting up libpostproc56:amd64 (7:5.1.6-0+deb12u1) ...
Setting up libndp0:amd64 (1.8-1+deb12u1) ...
Setting up libavcodec59:amd64 (7:5.1.6-0+deb12u1) ...
Setting up libswscale6:amd64 (7:5.1.6-0+deb12u1) ...
Setting up openssl (3.0.13-1~deb12u1) ...
Setting up firefox-esr (115.14.0esr-1~deb12u1) ...
Setting up fonts-opensymbol (4:102.12+LibO7.4.7-1+deb12u4) ...
Setting up libreoffice-style-elementary (4:7.4.7-1+deb12u4) ...
Setting up python3.11-minimal (3.11.2-6+deb12u2) ...
Setting up libavformat59:amd64 (7:5.1.6-0+deb12u1) ...
Setting up gir1.2-gdkpixbuf-2.0:amd64 (2.42.10+dfsg-1+deb12u1) ...
Setting up libpython3.11-stdlib:amd64 (3.11.2-6+deb12u2) ...
Setting up libglib2.0-bin (2.74.6-2+deb12u3) ...
Setting up linux-image-amd64 (6.1.99-1) ...
Setting up software-properties-common (0.99.30-4.1~deb12u1) ...
Setting up libavfilter8:amd64 (7:5.1.6-0+deb12u1) ...
Setting up bluez (5.66-1+deb12u2) ...
Setting up libuno-cppu3 (4:7.4.7-1+deb12u4) ...
Setting up libgssapi-krb5-2:amd64 (1.20.1-2+deb12u2) ...
Setting up libgdk-pixbuf2.0-bin (2.42.10+dfsg-1+deb12u1) ...
Setting up libcurl4:amd64 (7.88.1-10+deb12u6) ...
Setting up curl (7.88.1-10+deb12u6) ...
Setting up python3.11 (3.11.2-6+deb12u2) ...
Setting up libuno-purpenvhelpergcc3-3 (4:7.4.7-1+deb12u4) ...
Setting up uno-libs-private (4:7.4.7-1+deb12u4) ...
Setting up libpython3.11:amd64 (3.11.2-6+deb12u2) ...
Setting up bind9-libs:amd64 (1:9.18.28-1~deb12u2) ...
Setting up openssh-client (1:9.2p1-2+deb12u3) ...
Setting up software-properties-gtk (0.99.30-4.1~deb12u1) ...
Setting up libcurl3-gnutls:amd64 (7.88.1-10+deb12u6) ...
Setting up apache2-bin (2.4.61-1~deb12u1) ...
Setting up libflatpak0:amd64 (1.14.10-1~deb12u1) ...
Setting up bind9-host (1:9.18.28-1~deb12u2) ...
Setting up libuno-cppuhelpergcc3-3 (4:7.4.7-1+deb12u4) ...
Setting up openssh-sftp-server (1:9.2p1-2+deb12u3) ...
Setting up openssh-server (1:9.2p1-2+deb12u3) ...
rescue-ssh.target is a disabled or a static unit not running, not starting it.
ssh.socket is a disabled or a static unit not running, not starting it.
Setting up ure (4:7.4.7-1+deb12u4) ...
Setting up bind9-dnsutils (1:9.18.28-1~deb12u2) ...
Setting up libreoffice-common (4:7.4.7-1+deb12u4) ...
Setting up libreoffice-core (4:7.4.7-1+deb12u4) ...
Setting up libreoffice-math (4:7.4.7-1+deb12u4) ...
Setting up libreoffice-gtk3 (4:7.4.7-1+deb12u4) ...
Setting up libreoffice-draw (4:7.4.7-1+deb12u4) ...
Setting up libreoffice-help-common (4:7.4.7-1+deb12u4) ...
Setting up libreoffice-gnome (4:7.4.7-1+deb12u4) ...
Setting up libreoffice-impress (4:7.4.7-1+deb12u4) ...
Setting up libreoffice-base-core (4:7.4.7-1+deb12u4) ...
Setting up libreoffice-help-en-us (4:7.4.7-1+deb12u4) ...
Setting up python3-uno (4:7.4.7-1+deb12u4) ...
Setting up libreoffice-calc (4:7.4.7-1+deb12u4) ...
Setting up libreoffice-writer (4:7.4.7-1+deb12u4) ...
Processing triggers for hicolor-icon-theme (0.17-2) ...
Processing triggers for gnome-menus (3.36.0-1.1) ...
Processing triggers for libc-bin (2.36-9+deb12u7) ...
Processing triggers for systemd (252.26-1~deb12u2) ...
Processing triggers for man-db (2.11.2-2) ...
Processing triggers for cracklib-runtime (2.9.6-5+b1) ...
Processing triggers for dbus (1.14.10-1~deb12u1) ...
Processing triggers for shared-mime-info (2.2-1) ...
Processing triggers for debianutils (5.7-0.5~deb12u1) ...
Processing triggers for mailcap (3.70+nmu1) ...
Processing triggers for fontconfig (2.14.1-4) ...
Processing triggers for desktop-file-utils (0.26-1) ...
Processing triggers for initramfs-tools (0.142) ...
update-initramfs: Generating /boot/initrd.img-6.1.0-23-amd64
Scanning processes...
Scanning candidates...
Scanning processor microcode...
Scanning linux images...

The processor microcode seems to be up-to-date.

Restarting services...
 systemctl restart accounts-daemon.service avahi-daemon.service colord.service cups-browsed.service cups.service low-memory-monitor.service packagekit.service polkit.service power-profiles-daemon.service rtkit-daemon.service switcheroo-control.service udisks2.service upower.service
Service restarts being deferred:
 systemctl restart ModemManager.service
 systemctl restart NetworkManager.service
 /etc/needrestart/restart.d/dbus.service
 systemctl restart docker.service
 systemctl restart gdm.service
 systemctl restart gdm3.service
 systemctl restart systemd-logind.service

No containers need to be restarted.

User sessions running outdated binaries:
 Debian-gdm @ user manager service: systemd[609]
 kushal @ session #6: apt[2415], bash[2124], sshd[1933,1978], su[2123]
 kushal @ user manager service: systemd[1940]

No VM guests are running outdated hypervisor (qemu) binaries on this host.
Reading package lists... Done
Building dependency tree... Done
Reading state information... Done
The following packages will be REMOVED:
  linux-image-6.1.0-20-amd64
0 upgraded, 0 newly installed, 1 to remove and 0 not upgraded.
After this operation, 408 MB disk space will be freed.
(Reading database ... 162001 files and directories currently installed.)
Removing linux-image-6.1.0-20-amd64 (6.1.85-1) ...
/etc/kernel/postrm.d/initramfs-tools:
update-initramfs: Deleting /boot/initrd.img-6.1.0-20-amd64
/etc/kernel/postrm.d/zz-update-grub:
Generating grub configuration file ...
Found background image: /usr/share/images/desktop-base/desktop-grub.png
Found linux image: /boot/vmlinuz-6.1.0-23-amd64
Found initrd image: /boot/initrd.img-6.1.0-23-amd64
Found linux image: /boot/vmlinuz-6.1.0-21-amd64
Found initrd image: /boot/initrd.img-6.1.0-21-amd64
Warning: os-prober will not be executed to detect other bootable partitions.
Systems on them will not be added to the GRUB boot configuration.
Check GRUB_DISABLE_OS_PROBER documentation entry.
done
root@colorado:~# reboot

Broadcast message from root@colorado on pts/1 (Thu 2024-08-15 08:26:46 EDT):

The system will reboot now!

root@colorado:~# Connection to 192.168.0.102 closed by remote host.
Connection to 192.168.0.102 closed.
PS C:\Users\kushal\src\myhtml\fromnepal> ssh 192.168.0.102
Linux colorado 6.1.0-23-amd64 #1 SMP PREEMPT_DYNAMIC Debian 6.1.99-1 (2024-07-15) x86_64

The programs included with the Debian GNU/Linux system are free software;
the exact distribution terms for each program are described in the
individual files in /usr/share/doc/*/copyright.

Debian GNU/Linux comes with ABSOLUTELY NO WARRANTY, to the extent
permitted by applicable law.
Last login: Thu Aug 15 08:00:22 2024 from 192.168.0.100
kushal@colorado:~$ sudo su -
[sudo] password for kushal:
root@colorado:~# apt update; apt upgrade -y; apt autoremove -y;
Hit:1 http://deb.debian.org/debian bookworm InRelease
Hit:2 http://security.debian.org/debian-security bookworm-security InRelease
Hit:3 http://deb.debian.org/debian bookworm-updates InRelease
Reading package lists... Done
Building dependency tree... Done
Reading state information... Done
All packages are up to date.
Reading package lists... Done
Building dependency tree... Done
Reading state information... Done
Calculating upgrade... Done
0 upgraded, 0 newly installed, 0 to remove and 0 not upgraded.
Reading package lists... Done
Building dependency tree... Done
Reading state information... Done
0 upgraded, 0 newly installed, 0 to remove and 0 not upgraded.
root@colorado:~# exit
logout
kushal@colorado:~$ nvm nvm ls-remote

Node Version Manager (v0.40.0)

Note: <version> refers to any version-like string nvm understands. This includes:
  - full or partial version numbers, starting with an optional "v" (0.10, v0.1.2, v1)
  - default (built-in) aliases: node, stable, unstable, iojs, system
  - custom aliases you define with `nvm alias foo`

 Any options that produce colorized output should respect the `--no-colors` option.

Usage:
  nvm --help                                  Show this message
    --no-colors                               Suppress colored output
  nvm --version                               Print out the installed version of nvm
  nvm install [<version>]                     Download and install a <version>. Uses .nvmrc if available and version is omitted.
   The following optional arguments, if provided, must appear directly after `nvm install`:
    -s                                        Skip binary download, install from source only.
    -b                                        Skip source download, install from binary only.
    --reinstall-packages-from=<version>       When installing, reinstall packages installed in <node|iojs|node version number>
    --lts                                     When installing, only select from LTS (long-term support) versions
    --lts=<LTS name>                          When installing, only select from versions for a specific LTS line
    --skip-default-packages                   When installing, skip the default-packages file if it exists
    --latest-npm                              After installing, attempt to upgrade to the latest working npm on the given node version
    --no-progress                             Disable the progress bar on any downloads
    --alias=<name>                            After installing, set the alias specified to the version specified. (same as: nvm alias <name> <version>)
    --default                                 After installing, set default alias to the version specified. (same as: nvm alias default <version>)
    --save                                    After installing, write the specified version to .nvmrc
  nvm uninstall <version>                     Uninstall a version
  nvm uninstall --lts                         Uninstall using automatic LTS (long-term support) alias `lts/*`, if available.
  nvm uninstall --lts=<LTS name>              Uninstall using automatic alias for provided LTS line, if available.
  nvm use [<version>]                         Modify PATH to use <version>. Uses .nvmrc if available and version is omitted.
   The following optional arguments, if provided, must appear directly after `nvm use`:
    --silent                                  Silences stdout/stderr output
    --lts                                     Uses automatic LTS (long-term support) alias `lts/*`, if available.
    --lts=<LTS name>                          Uses automatic alias for provided LTS line, if available.
    --save                                    Writes the specified version to .nvmrc.
  nvm exec [<version>] [<command>]            Run <command> on <version>. Uses .nvmrc if available and version is omitted.
   The following optional arguments, if provided, must appear directly after `nvm exec`:
    --silent                                  Silences stdout/stderr output
    --lts                                     Uses automatic LTS (long-term support) alias `lts/*`, if available.
    --lts=<LTS name>                          Uses automatic alias for provided LTS line, if available.
  nvm run [<version>] [<args>]                Run `node` on <version> with <args> as arguments. Uses .nvmrc if available and version is omitted.
   The following optional arguments, if provided, must appear directly after `nvm run`:
    --silent                                  Silences stdout/stderr output
    --lts                                     Uses automatic LTS (long-term support) alias `lts/*`, if available.
    --lts=<LTS name>                          Uses automatic alias for provided LTS line, if available.
  nvm current                                 Display currently activated version of Node
  nvm ls [<version>]                          List installed versions, matching a given <version> if provided
    --no-colors                               Suppress colored output
    --no-alias                                Suppress `nvm alias` output
  nvm ls-remote [<version>]                   List remote versions available for install, matching a given <version> if provided
    --lts                                     When listing, only show LTS (long-term support) versions
    --lts=<LTS name>                          When listing, only show versions for a specific LTS line
    --no-colors                               Suppress colored output
  nvm version <version>                       Resolve the given description to a single local version
  nvm version-remote <version>                Resolve the given description to a single remote version
    --lts                                     When listing, only select from LTS (long-term support) versions
    --lts=<LTS name>                          When listing, only select from versions for a specific LTS line
  nvm deactivate                              Undo effects of `nvm` on current shell
    --silent                                  Silences stdout/stderr output
  nvm alias [<pattern>]                       Show all aliases beginning with <pattern>
    --no-colors                               Suppress colored output
  nvm alias <name> <version>                  Set an alias named <name> pointing to <version>
  nvm unalias <name>                          Deletes the alias named <name>
  nvm install-latest-npm                      Attempt to upgrade to the latest working `npm` on the current node version
  nvm reinstall-packages <version>            Reinstall global `npm` packages contained in <version> to current version
  nvm unload                                  Unload `nvm` from shell
  nvm which [current | <version>]             Display path to installed node version. Uses .nvmrc if available and version is omitted.
    --silent                                  Silences stdout/stderr output when a version is omitted
  nvm cache dir                               Display path to the cache directory for nvm
  nvm cache clear                             Empty cache directory for nvm
  nvm set-colors [<color codes>]              Set five text colors using format "yMeBg". Available when supported.
                                               Initial colors are:
                                                  bygre
                                               Color codes:
                                                r/R = red / bold red
                                                g/G = green / bold green
                                                b/B = blue / bold blue
                                                c/C = cyan / bold cyan
                                                m/M = magenta / bold magenta
                                                y/Y = yellow / bold yellow
                                                k/K = black / bold black
                                                e/W = light grey / white
Example:
  nvm install 8.0.0                     Install a specific version number
  nvm use 8.0                           Use the latest available 8.0.x release
  nvm run 6.10.3 app.js                 Run app.js using node 6.10.3
  nvm exec 4.8.3 node app.js            Run `node app.js` with the PATH pointing to node 4.8.3
  nvm alias default 8.1.0               Set default node version on a shell
  nvm alias default node                Always default to the latest available node version on a shell

  nvm install node                      Install the latest available version
  nvm use node                          Use the latest version
  nvm install --lts                     Install the latest LTS version
  nvm use --lts                         Use the latest LTS version

  nvm set-colors cgYmW                  Set text colors to cyan, green, bold yellow, magenta, and white

Note:
  to remove, delete, or uninstall nvm - just remove the `$NVM_DIR` folder (usually `~/.nvm`)

kushal@colorado:~$ nvm ls-remote
        v0.1.14
        v0.1.15
        v0.1.16
        v0.1.17
        v0.1.18
        v0.1.19
        v0.1.20
        v0.1.21
        v0.1.22
        v0.1.23
        v0.1.24
        v0.1.25
        v0.1.26
        v0.1.27
        v0.1.28
        v0.1.29
        v0.1.30
        v0.1.31
        v0.1.32
        v0.1.33
        v0.1.90
        v0.1.91
        v0.1.92
        v0.1.93
        v0.1.94
        v0.1.95
        v0.1.96
        v0.1.97
        v0.1.98
        v0.1.99
       v0.1.100
       v0.1.101
       v0.1.102
       v0.1.103
       v0.1.104
         v0.2.0
         v0.2.1
         v0.2.2
         v0.2.3
         v0.2.4
         v0.2.5
         v0.2.6
         v0.3.0
         v0.3.1
         v0.3.2
         v0.3.3
         v0.3.4
         v0.3.5
         v0.3.6
         v0.3.7
         v0.3.8
         v0.4.0
         v0.4.1
         v0.4.2
         v0.4.3
         v0.4.4
         v0.4.5
         v0.4.6
         v0.4.7
         v0.4.8
         v0.4.9
        v0.4.10
        v0.4.11
        v0.4.12
         v0.5.0
         v0.5.1
         v0.5.2
         v0.5.3
         v0.5.4
         v0.5.5
         v0.5.6
         v0.5.7
         v0.5.8
         v0.5.9
        v0.5.10
         v0.6.0
         v0.6.1
         v0.6.2
         v0.6.3
         v0.6.4
         v0.6.5
         v0.6.6
         v0.6.7
         v0.6.8
         v0.6.9
        v0.6.10
        v0.6.11
        v0.6.12
        v0.6.13
        v0.6.14
        v0.6.15
        v0.6.16
        v0.6.17
        v0.6.18
        v0.6.19
        v0.6.20
        v0.6.21
         v0.7.0
         v0.7.1
         v0.7.2
         v0.7.3
         v0.7.4
         v0.7.5
         v0.7.6
         v0.7.7
         v0.7.8
         v0.7.9
        v0.7.10
        v0.7.11
        v0.7.12
         v0.8.0
         v0.8.1
         v0.8.2
         v0.8.3
         v0.8.4
         v0.8.5
         v0.8.6
         v0.8.7
         v0.8.8
         v0.8.9
        v0.8.10
        v0.8.11
        v0.8.12
        v0.8.13
        v0.8.14
        v0.8.15
        v0.8.16
        v0.8.17
        v0.8.18
        v0.8.19
        v0.8.20
        v0.8.21
        v0.8.22
        v0.8.23
        v0.8.24
        v0.8.25
        v0.8.26
        v0.8.27
        v0.8.28
         v0.9.0
         v0.9.1
         v0.9.2
         v0.9.3
         v0.9.4
         v0.9.5
         v0.9.6
         v0.9.7
         v0.9.8
         v0.9.9
        v0.9.10
        v0.9.11
        v0.9.12
        v0.10.0
        v0.10.1
        v0.10.2
        v0.10.3
        v0.10.4
        v0.10.5
        v0.10.6
        v0.10.7
        v0.10.8
        v0.10.9
       v0.10.10
       v0.10.11
       v0.10.12
       v0.10.13
       v0.10.14
       v0.10.15
       v0.10.16
       v0.10.17
       v0.10.18
       v0.10.19
       v0.10.20
       v0.10.21
       v0.10.22
       v0.10.23
       v0.10.24
       v0.10.25
       v0.10.26
       v0.10.27
       v0.10.28
       v0.10.29
       v0.10.30
       v0.10.31
       v0.10.32
       v0.10.33
       v0.10.34
       v0.10.35
       v0.10.36
       v0.10.37
       v0.10.38
       v0.10.39
       v0.10.40
       v0.10.41
       v0.10.42
       v0.10.43
       v0.10.44
       v0.10.45
       v0.10.46
       v0.10.47
       v0.10.48
        v0.11.0
        v0.11.1
        v0.11.2
        v0.11.3
        v0.11.4
        v0.11.5
        v0.11.6
        v0.11.7
        v0.11.8
        v0.11.9
       v0.11.10
       v0.11.11
       v0.11.12
       v0.11.13
       v0.11.14
       v0.11.15
       v0.11.16
        v0.12.0
        v0.12.1
        v0.12.2
        v0.12.3
        v0.12.4
        v0.12.5
        v0.12.6
        v0.12.7
        v0.12.8
        v0.12.9
       v0.12.10
       v0.12.11
       v0.12.12
       v0.12.13
       v0.12.14
       v0.12.15
       v0.12.16
       v0.12.17
       v0.12.18
    iojs-v1.0.0
    iojs-v1.0.1
    iojs-v1.0.2
    iojs-v1.0.3
    iojs-v1.0.4
    iojs-v1.1.0
    iojs-v1.2.0
    iojs-v1.3.0
    iojs-v1.4.1
    iojs-v1.4.2
    iojs-v1.4.3
    iojs-v1.5.0
    iojs-v1.5.1
    iojs-v1.6.0
    iojs-v1.6.1
    iojs-v1.6.2
    iojs-v1.6.3
    iojs-v1.6.4
    iojs-v1.7.1
    iojs-v1.8.1
    iojs-v1.8.2
    iojs-v1.8.3
    iojs-v1.8.4
    iojs-v2.0.0
    iojs-v2.0.1
    iojs-v2.0.2
    iojs-v2.1.0
    iojs-v2.2.0
    iojs-v2.2.1
    iojs-v2.3.0
    iojs-v2.3.1
    iojs-v2.3.2
    iojs-v2.3.3
    iojs-v2.3.4
    iojs-v2.4.0
    iojs-v2.5.0
    iojs-v3.0.0
    iojs-v3.1.0
    iojs-v3.2.0
    iojs-v3.3.0
    iojs-v3.3.1
         v4.0.0
         v4.1.0
         v4.1.1
         v4.1.2
         v4.2.0   (LTS: Argon)
         v4.2.1   (LTS: Argon)
         v4.2.2   (LTS: Argon)
         v4.2.3   (LTS: Argon)
         v4.2.4   (LTS: Argon)
         v4.2.5   (LTS: Argon)
         v4.2.6   (LTS: Argon)
         v4.3.0   (LTS: Argon)
         v4.3.1   (LTS: Argon)
         v4.3.2   (LTS: Argon)
         v4.4.0   (LTS: Argon)
         v4.4.1   (LTS: Argon)
         v4.4.2   (LTS: Argon)
         v4.4.3   (LTS: Argon)
         v4.4.4   (LTS: Argon)
         v4.4.5   (LTS: Argon)
         v4.4.6   (LTS: Argon)
         v4.4.7   (LTS: Argon)
         v4.5.0   (LTS: Argon)
         v4.6.0   (LTS: Argon)
         v4.6.1   (LTS: Argon)
         v4.6.2   (LTS: Argon)
         v4.7.0   (LTS: Argon)
         v4.7.1   (LTS: Argon)
         v4.7.2   (LTS: Argon)
         v4.7.3   (LTS: Argon)
         v4.8.0   (LTS: Argon)
         v4.8.1   (LTS: Argon)
         v4.8.2   (LTS: Argon)
         v4.8.3   (LTS: Argon)
         v4.8.4   (LTS: Argon)
         v4.8.5   (LTS: Argon)
         v4.8.6   (LTS: Argon)
         v4.8.7   (LTS: Argon)
         v4.9.0   (LTS: Argon)
         v4.9.1   (Latest LTS: Argon)
         v5.0.0
         v5.1.0
         v5.1.1
         v5.2.0
         v5.3.0
         v5.4.0
         v5.4.1
         v5.5.0
         v5.6.0
         v5.7.0
         v5.7.1
         v5.8.0
         v5.9.0
         v5.9.1
        v5.10.0
        v5.10.1
        v5.11.0
        v5.11.1
        v5.12.0
         v6.0.0
         v6.1.0
         v6.2.0
         v6.2.1
         v6.2.2
         v6.3.0
         v6.3.1
         v6.4.0
         v6.5.0
         v6.6.0
         v6.7.0
         v6.8.0
         v6.8.1
         v6.9.0   (LTS: Boron)
         v6.9.1   (LTS: Boron)
         v6.9.2   (LTS: Boron)
         v6.9.3   (LTS: Boron)
         v6.9.4   (LTS: Boron)
         v6.9.5   (LTS: Boron)
        v6.10.0   (LTS: Boron)
        v6.10.1   (LTS: Boron)
        v6.10.2   (LTS: Boron)
        v6.10.3   (LTS: Boron)
        v6.11.0   (LTS: Boron)
        v6.11.1   (LTS: Boron)
        v6.11.2   (LTS: Boron)
        v6.11.3   (LTS: Boron)
        v6.11.4   (LTS: Boron)
        v6.11.5   (LTS: Boron)
        v6.12.0   (LTS: Boron)
        v6.12.1   (LTS: Boron)
        v6.12.2   (LTS: Boron)
        v6.12.3   (LTS: Boron)
        v6.13.0   (LTS: Boron)
        v6.13.1   (LTS: Boron)
        v6.14.0   (LTS: Boron)
        v6.14.1   (LTS: Boron)
        v6.14.2   (LTS: Boron)
        v6.14.3   (LTS: Boron)
        v6.14.4   (LTS: Boron)
        v6.15.0   (LTS: Boron)
        v6.15.1   (LTS: Boron)
        v6.16.0   (LTS: Boron)
        v6.17.0   (LTS: Boron)
        v6.17.1   (Latest LTS: Boron)
         v7.0.0
         v7.1.0
         v7.2.0
         v7.2.1
         v7.3.0
         v7.4.0
         v7.5.0
         v7.6.0
         v7.7.0
         v7.7.1
         v7.7.2
         v7.7.3
         v7.7.4
         v7.8.0
         v7.9.0
        v7.10.0
        v7.10.1
         v8.0.0
         v8.1.0
         v8.1.1
         v8.1.2
         v8.1.3
         v8.1.4
         v8.2.0
         v8.2.1
         v8.3.0
         v8.4.0
         v8.5.0
         v8.6.0
         v8.7.0
         v8.8.0
         v8.8.1
         v8.9.0   (LTS: Carbon)
         v8.9.1   (LTS: Carbon)
         v8.9.2   (LTS: Carbon)
         v8.9.3   (LTS: Carbon)
         v8.9.4   (LTS: Carbon)
        v8.10.0   (LTS: Carbon)
        v8.11.0   (LTS: Carbon)
        v8.11.1   (LTS: Carbon)
        v8.11.2   (LTS: Carbon)
        v8.11.3   (LTS: Carbon)
        v8.11.4   (LTS: Carbon)
        v8.12.0   (LTS: Carbon)
        v8.13.0   (LTS: Carbon)
        v8.14.0   (LTS: Carbon)
        v8.14.1   (LTS: Carbon)
        v8.15.0   (LTS: Carbon)
        v8.15.1   (LTS: Carbon)
        v8.16.0   (LTS: Carbon)
        v8.16.1   (LTS: Carbon)
        v8.16.2   (LTS: Carbon)
        v8.17.0   (Latest LTS: Carbon)
         v9.0.0
         v9.1.0
         v9.2.0
         v9.2.1
         v9.3.0
         v9.4.0
         v9.5.0
         v9.6.0
         v9.6.1
         v9.7.0
         v9.7.1
         v9.8.0
         v9.9.0
        v9.10.0
        v9.10.1
        v9.11.0
        v9.11.1
        v9.11.2
        v10.0.0
        v10.1.0
        v10.2.0
        v10.2.1
        v10.3.0
        v10.4.0
        v10.4.1
        v10.5.0
        v10.6.0
        v10.7.0
        v10.8.0
        v10.9.0
       v10.10.0
       v10.11.0
       v10.12.0
       v10.13.0   (LTS: Dubnium)
       v10.14.0   (LTS: Dubnium)
       v10.14.1   (LTS: Dubnium)
       v10.14.2   (LTS: Dubnium)
       v10.15.0   (LTS: Dubnium)
       v10.15.1   (LTS: Dubnium)
       v10.15.2   (LTS: Dubnium)
       v10.15.3   (LTS: Dubnium)
       v10.16.0   (LTS: Dubnium)
       v10.16.1   (LTS: Dubnium)
       v10.16.2   (LTS: Dubnium)
       v10.16.3   (LTS: Dubnium)
       v10.17.0   (LTS: Dubnium)
       v10.18.0   (LTS: Dubnium)
       v10.18.1   (LTS: Dubnium)
       v10.19.0   (LTS: Dubnium)
       v10.20.0   (LTS: Dubnium)
       v10.20.1   (LTS: Dubnium)
       v10.21.0   (LTS: Dubnium)
       v10.22.0   (LTS: Dubnium)
       v10.22.1   (LTS: Dubnium)
       v10.23.0   (LTS: Dubnium)
       v10.23.1   (LTS: Dubnium)
       v10.23.2   (LTS: Dubnium)
       v10.23.3   (LTS: Dubnium)
       v10.24.0   (LTS: Dubnium)
       v10.24.1   (Latest LTS: Dubnium)
        v11.0.0
        v11.1.0
        v11.2.0
        v11.3.0
        v11.4.0
        v11.5.0
        v11.6.0
        v11.7.0
        v11.8.0
        v11.9.0
       v11.10.0
       v11.10.1
       v11.11.0
       v11.12.0
       v11.13.0
       v11.14.0
       v11.15.0
        v12.0.0
        v12.1.0
        v12.2.0
        v12.3.0
        v12.3.1
        v12.4.0
        v12.5.0
        v12.6.0
        v12.7.0
        v12.8.0
        v12.8.1
        v12.9.0
        v12.9.1
       v12.10.0
       v12.11.0
       v12.11.1
       v12.12.0
       v12.13.0   (LTS: Erbium)
       v12.13.1   (LTS: Erbium)
       v12.14.0   (LTS: Erbium)
       v12.14.1   (LTS: Erbium)
       v12.15.0   (LTS: Erbium)
       v12.16.0   (LTS: Erbium)
       v12.16.1   (LTS: Erbium)
       v12.16.2   (LTS: Erbium)
       v12.16.3   (LTS: Erbium)
       v12.17.0   (LTS: Erbium)
       v12.18.0   (LTS: Erbium)
       v12.18.1   (LTS: Erbium)
       v12.18.2   (LTS: Erbium)
       v12.18.3   (LTS: Erbium)
       v12.18.4   (LTS: Erbium)
       v12.19.0   (LTS: Erbium)
       v12.19.1   (LTS: Erbium)
       v12.20.0   (LTS: Erbium)
       v12.20.1   (LTS: Erbium)
       v12.20.2   (LTS: Erbium)
       v12.21.0   (LTS: Erbium)
       v12.22.0   (LTS: Erbium)
       v12.22.1   (LTS: Erbium)
       v12.22.2   (LTS: Erbium)
       v12.22.3   (LTS: Erbium)
       v12.22.4   (LTS: Erbium)
       v12.22.5   (LTS: Erbium)
       v12.22.6   (LTS: Erbium)
       v12.22.7   (LTS: Erbium)
       v12.22.8   (LTS: Erbium)
       v12.22.9   (LTS: Erbium)
      v12.22.10   (LTS: Erbium)
      v12.22.11   (LTS: Erbium)
      v12.22.12   (Latest LTS: Erbium)
        v13.0.0
        v13.0.1
        v13.1.0
        v13.2.0
        v13.3.0
        v13.4.0
        v13.5.0
        v13.6.0
        v13.7.0
        v13.8.0
        v13.9.0
       v13.10.0
       v13.10.1
       v13.11.0
       v13.12.0
       v13.13.0
       v13.14.0
        v14.0.0
        v14.1.0
        v14.2.0
        v14.3.0
        v14.4.0
        v14.5.0
        v14.6.0
        v14.7.0
        v14.8.0
        v14.9.0
       v14.10.0
       v14.10.1
       v14.11.0
       v14.12.0
       v14.13.0
       v14.13.1
       v14.14.0
       v14.15.0   (LTS: Fermium)
       v14.15.1   (LTS: Fermium)
       v14.15.2   (LTS: Fermium)
       v14.15.3   (LTS: Fermium)
       v14.15.4   (LTS: Fermium)
       v14.15.5   (LTS: Fermium)
       v14.16.0   (LTS: Fermium)
       v14.16.1   (LTS: Fermium)
       v14.17.0   (LTS: Fermium)
       v14.17.1   (LTS: Fermium)
       v14.17.2   (LTS: Fermium)
       v14.17.3   (LTS: Fermium)
       v14.17.4   (LTS: Fermium)
       v14.17.5   (LTS: Fermium)
       v14.17.6   (LTS: Fermium)
       v14.18.0   (LTS: Fermium)
       v14.18.1   (LTS: Fermium)
       v14.18.2   (LTS: Fermium)
       v14.18.3   (LTS: Fermium)
       v14.19.0   (LTS: Fermium)
       v14.19.1   (LTS: Fermium)
       v14.19.2   (LTS: Fermium)
       v14.19.3   (LTS: Fermium)
       v14.20.0   (LTS: Fermium)
       v14.20.1   (LTS: Fermium)
       v14.21.0   (LTS: Fermium)
       v14.21.1   (LTS: Fermium)
       v14.21.2   (LTS: Fermium)
       v14.21.3   (Latest LTS: Fermium)
        v15.0.0
        v15.0.1
        v15.1.0
        v15.2.0
        v15.2.1
        v15.3.0
        v15.4.0
        v15.5.0
        v15.5.1
        v15.6.0
        v15.7.0
        v15.8.0
        v15.9.0
       v15.10.0
       v15.11.0
       v15.12.0
       v15.13.0
       v15.14.0
        v16.0.0
        v16.1.0
        v16.2.0
        v16.3.0
        v16.4.0
        v16.4.1
        v16.4.2
        v16.5.0
        v16.6.0
        v16.6.1
        v16.6.2
        v16.7.0
        v16.8.0
        v16.9.0
        v16.9.1
       v16.10.0
       v16.11.0
       v16.11.1
       v16.12.0
       v16.13.0   (LTS: Gallium)
       v16.13.1   (LTS: Gallium)
       v16.13.2   (LTS: Gallium)
       v16.14.0   (LTS: Gallium)
       v16.14.1   (LTS: Gallium)
       v16.14.2   (LTS: Gallium)
       v16.15.0   (LTS: Gallium)
       v16.15.1   (LTS: Gallium)
       v16.16.0   (LTS: Gallium)
       v16.17.0   (LTS: Gallium)
       v16.17.1   (LTS: Gallium)
       v16.18.0   (LTS: Gallium)
       v16.18.1   (LTS: Gallium)
       v16.19.0   (LTS: Gallium)
       v16.19.1   (LTS: Gallium)
       v16.20.0   (LTS: Gallium)
       v16.20.1   (LTS: Gallium)
       v16.20.2   (Latest LTS: Gallium)
        v17.0.0
        v17.0.1
        v17.1.0
        v17.2.0
        v17.3.0
        v17.3.1
        v17.4.0
        v17.5.0
        v17.6.0
        v17.7.0
        v17.7.1
        v17.7.2
        v17.8.0
        v17.9.0
        v17.9.1
        v18.0.0
        v18.1.0
        v18.2.0
        v18.3.0
        v18.4.0
        v18.5.0
        v18.6.0
        v18.7.0
        v18.8.0
        v18.9.0
        v18.9.1
       v18.10.0
       v18.11.0
       v18.12.0   (LTS: Hydrogen)
       v18.12.1   (LTS: Hydrogen)
       v18.13.0   (LTS: Hydrogen)
       v18.14.0   (LTS: Hydrogen)
       v18.14.1   (LTS: Hydrogen)
       v18.14.2   (LTS: Hydrogen)
       v18.15.0   (LTS: Hydrogen)
       v18.16.0   (LTS: Hydrogen)
       v18.16.1   (LTS: Hydrogen)
       v18.17.0   (LTS: Hydrogen)
       v18.17.1   (LTS: Hydrogen)
       v18.18.0   (LTS: Hydrogen)
       v18.18.1   (LTS: Hydrogen)
       v18.18.2   (LTS: Hydrogen)
       v18.19.0   (LTS: Hydrogen)
       v18.19.1   (LTS: Hydrogen)
       v18.20.0   (LTS: Hydrogen)
       v18.20.1   (LTS: Hydrogen)
       v18.20.2   (LTS: Hydrogen)
       v18.20.3   (LTS: Hydrogen)
       v18.20.4   (Latest LTS: Hydrogen)
        v19.0.0
        v19.0.1
        v19.1.0
        v19.2.0
        v19.3.0
        v19.4.0
        v19.5.0
        v19.6.0
        v19.6.1
        v19.7.0
        v19.8.0
        v19.8.1
        v19.9.0
        v20.0.0
        v20.1.0
        v20.2.0
        v20.3.0
        v20.3.1
        v20.4.0
        v20.5.0
        v20.5.1
        v20.6.0
        v20.6.1
        v20.7.0
        v20.8.0
        v20.8.1
        v20.9.0   (LTS: Iron)
       v20.10.0   (LTS: Iron)
       v20.11.0   (LTS: Iron)
       v20.11.1   (LTS: Iron)
       v20.12.0   (LTS: Iron)
       v20.12.1   (LTS: Iron)
       v20.12.2   (LTS: Iron)
       v20.13.0   (LTS: Iron)
       v20.13.1   (LTS: Iron)
       v20.14.0   (LTS: Iron)
       v20.15.0   (LTS: Iron)
       v20.15.1   (LTS: Iron)
       v20.16.0   (Latest LTS: Iron)
        v21.0.0
        v21.1.0
        v21.2.0
        v21.3.0
        v21.4.0
        v21.5.0
        v21.6.0
        v21.6.1
        v21.6.2
        v21.7.0
        v21.7.1
        v21.7.2
        v21.7.3
        v22.0.0
        v22.1.0
        v22.2.0
        v22.3.0
        v22.4.0
        v22.4.1
        v22.5.0
        v22.5.1
        v22.6.0
kushal@colorado:~$ nvm install --lts
Installing latest LTS version.
Downloading and installing node v20.16.0...
Downloading https://nodejs.org/dist/v20.16.0/node-v20.16.0-linux-x64.tar.xz...
########################################################################################################################################################################################################## 100.0%
Computing checksum with sha256sum
Checksums matched!
Now using node v20.16.0 (npm v10.8.1)
Creating default alias: default -> lts/* (-> v20.16.0)
kushal@colorado:~$ node --version
v20.16.0
kushal@colorado:~$ ls -a
.   .bash_history  .bashrc  .config  .docker    .dotnet    duckdns  .face.icon  .gnupg  .mozilla  .nvm      .profile  .selected_editor  .ssh                       Templates  Videos          .wget-hsts
..  .bash_logout   .cache   Desktop  Documents  Downloads  .face    .gitconfig  .local  Music     Pictures  Public    source            .sudo_as_admin_successful  test.txt   .vscode-server
kushal@colorado:~$ exit
logout
Connection to 192.168.0.102 closed.
PS C:\Users\kushal\src\myhtml\fromnepal> cd "C:\Users\kushal\src\mylogging\"; date; git add .; date; git commit --message "add all files" --message "from the terminal"; date; cd "C:\Users\kushal\src\myhtml\fromnepal"; date; yarn; date; yarn run build; date; git add .; date; git commit --message "build application" --message "from the terminal"; date; git pull --rebase origin main; date; git push origin main; date;

Thursday, August 15, 2024 8:41:48 AM
Thursday, August 15, 2024 8:41:48 AM
On branch main
nothing to commit, working tree clean
Thursday, August 15, 2024 8:41:48 AM
Thursday, August 15, 2024 8:41:48 AM
yarn install v1.22.21
[1/4] Resolving packages...
success Already up-to-date.
Done in 0.07s.
Thursday, August 15, 2024 8:41:48 AM
yarn run v1.22.21
$ tsc && vite build
vite v5.2.13 building for production...
✓ 5 modules transformed.
docs/index.html                 0.53 kB │ gzip: 0.32 kB
docs/assets/index-DYhv0y2B.css  4.60 kB │ gzip: 1.63 kB
docs/assets/index-BUJcqj8w.js   4.81 kB │ gzip: 2.11 kB
✓ built in 174ms
Done in 1.34s.
Thursday, August 15, 2024 8:41:50 AM
warning: in the working copy of 'docs/assets/index-BUJcqj8w.js', LF will be replaced by CRLF the next time Git touches it
warning: in the working copy of 'docs/assets/index-DYhv0y2B.css', LF will be replaced by CRLF the next time Git touches it
warning: in the working copy of 'docs/index.html', LF will be replaced by CRLF the next time Git touches it
Thursday, August 15, 2024 8:41:50 AM
On branch main
Your branch is up to date with 'origin/main'.

nothing to commit, working tree clean
Thursday, August 15, 2024 8:41:51 AM
From github.com:fromnepal/fromnepal.github.io
 * branch            main       -> FETCH_HEAD
Already up to date.
Thursday, August 15, 2024 8:41:51 AM
Everything up-to-date
Thursday, August 15, 2024 8:41:52 AM

PS C:\Users\kushal\src\myhtml\fromnepal> cd "C:\Users\kushal\src\mylogging\"; date; git add .; date; git commit --message "add all files" --message "from the terminal"; date; cd "C:\Users\kushal\src\myhtml\fromnepal"; date; yarn; date; yarn run build; date; git add .; date; git commit --message "build application" --message "from the terminal"; date; git pull --rebase origin main; date; git push origin main; date;