PowerShell 7.4.3

   A new PowerShell stable release is available: v7.4.4
   Upgrade now, or check out the release page at:
     https://aka.ms/PowerShell-Release?tag=v7.4.4

PS C:\Users\kushal> cd "C:\Users\kushal\src\myhtml\fromnepal"; date; yarn; date; yarn run build; date; git add .; date; git commit --message "build application" --message "from the terminal"; date; git pull --rebase origin main; date; git push origin main; date;

Thursday, August 1, 2024 11:55:25 AM
yarn install v1.22.21
[1/4] Resolving packages...
success Already up-to-date.
Done in 0.09s.
Thursday, August 1, 2024 11:55:26 AM
yarn run v1.22.21
$ tsc && vite build
vite v5.2.13 building for production...
✓ 5 modules transformed.
docs/index.html                 0.53 kB │ gzip: 0.32 kB
docs/assets/index-DYhv0y2B.css  4.60 kB │ gzip: 1.63 kB
docs/assets/index-BUJcqj8w.js   4.81 kB │ gzip: 2.11 kB
✓ built in 190ms
Done in 2.46s.
Thursday, August 1, 2024 11:55:28 AM
warning: in the working copy of 'docs/assets/index-BUJcqj8w.js', LF will be replaced by CRLF the next time Git touches it
warning: in the working copy of 'docs/assets/index-DYhv0y2B.css', LF will be replaced by CRLF the next time Git touches it
warning: in the working copy of 'docs/index.html', LF will be replaced by CRLF the next time Git touches it
Thursday, August 1, 2024 11:55:28 AM
[main 61d84b8] build application
 2 files changed, 328 insertions(+), 326 deletions(-)
Thursday, August 1, 2024 11:55:29 AM
From github.com:fromnepal/fromnepal.github.io
 * branch            main       -> FETCH_HEAD
Current branch main is up to date.
Thursday, August 1, 2024 11:55:30 AM
Enumerating objects: 9, done.
Counting objects: 100% (9/9), done.
Delta compression using up to 16 threads
Compressing objects: 100% (5/5), done.
Writing objects: 100% (5/5), 2.29 KiB | 2.29 MiB/s, done.
Total 5 (delta 3), reused 0 (delta 0), pack-reused 0 (from 0)
remote: Resolving deltas: 100% (3/3), completed with 2 local objects.
To github.com:fromnepal/fromnepal.github.io.git
   8b8c2bb..61d84b8  main -> main
Thursday, August 1, 2024 11:55:31 AM

PS C:\Users\kushal\src\myhtml\fromnepal> cd "C:\Users\kushal\src\myhtml\fromnepal"; date; yarn; date; yarn run build; date; git add .; date; git commit --message "build application" --message "from the terminal"; date; git pull --rebase origin main; date; git push origin main; date;

Thursday, August 1, 2024 4:00:06 PM
yarn install v1.22.21
[1/4] Resolving packages...
success Already up-to-date.
Done in 0.09s.
Thursday, August 1, 2024 4:00:07 PM
yarn run v1.22.21
$ tsc && vite build
vite v5.2.13 building for production...
✓ 5 modules transformed.
docs/index.html                 0.53 kB │ gzip: 0.32 kB
docs/assets/index-DYhv0y2B.css  4.60 kB │ gzip: 1.63 kB
docs/assets/index-BUJcqj8w.js   4.81 kB │ gzip: 2.11 kB
✓ built in 162ms
Done in 6.50s.
Thursday, August 1, 2024 4:00:14 PM
warning: in the working copy of 'docs/assets/index-BUJcqj8w.js', LF will be replaced by CRLF the next time Git touches it
warning: in the working copy of 'docs/assets/index-DYhv0y2B.css', LF will be replaced by CRLF the next time Git touches it
warning: in the working copy of 'docs/index.html', LF will be replaced by CRLF the next time Git touches it
Thursday, August 1, 2024 4:00:14 PM
[main aa32846] build application
 2 files changed, 2 insertions(+)
Thursday, August 1, 2024 4:00:14 PM
From github.com:fromnepal/fromnepal.github.io
 * branch            main       -> FETCH_HEAD
Current branch main is up to date.
Thursday, August 1, 2024 4:00:15 PM
Enumerating objects: 9, done.
Counting objects: 100% (9/9), done.
Delta compression using up to 16 threads
Compressing objects: 100% (5/5), done.
Writing objects: 100% (5/5), 419 bytes | 419.00 KiB/s, done.
Total 5 (delta 4), reused 0 (delta 0), pack-reused 0 (from 0)
remote: Resolving deltas: 100% (4/4), completed with 3 local objects.
To github.com:fromnepal/fromnepal.github.io.git
   61d84b8..aa32846  main -> main
Thursday, August 1, 2024 4:00:19 PM

PS C:\Users\kushal\src\myhtml\fromnepal> cd "C:\Users\kushal\src\myhtml\fromnepal"; date; yarn; date; yarn run build; date; git add .; date; git commit --message "build application" --message "from the terminal"; date; git pull --rebase origin main; date; git push origin main; date;

Friday, August 2, 2024 6:22:29 AM
yarn install v1.22.21
[1/4] Resolving packages...
success Already up-to-date.
Done in 0.08s.
Friday, August 2, 2024 6:22:30 AM
yarn run v1.22.21
$ tsc && vite build
vite v5.2.13 building for production...
✓ 5 modules transformed.
docs/index.html                 0.53 kB │ gzip: 0.32 kB
docs/assets/index-DYhv0y2B.css  4.60 kB │ gzip: 1.63 kB
docs/assets/index-BUJcqj8w.js   4.81 kB │ gzip: 2.11 kB
✓ built in 160ms
Done in 2.25s.
Friday, August 2, 2024 6:22:32 AM
warning: in the working copy of 'docs/assets/index-BUJcqj8w.js', LF will be replaced by CRLF the next time Git touches it
warning: in the working copy of 'docs/assets/index-DYhv0y2B.css', LF will be replaced by CRLF the next time Git touches it
warning: in the working copy of 'docs/index.html', LF will be replaced by CRLF the next time Git touches it
Friday, August 2, 2024 6:22:33 AM
On branch main
Your branch is up to date with 'origin/main'.

nothing to commit, working tree clean
Friday, August 2, 2024 6:22:33 AM
From github.com:fromnepal/fromnepal.github.io
 * branch            main       -> FETCH_HEAD
Already up to date.
Friday, August 2, 2024 6:22:34 AM
Everything up-to-date
Friday, August 2, 2024 6:22:35 AM

PS C:\Users\kushal\src\myhtml\fromnepal> cd "C:\Users\kushal\src\angular\mycanary\"; date; git fetch; date; git status; date; date; git add .; git commit --message "add all files" --message "update from terminal"; date; git pull --rebase origin master; date; git push origin master; date; Remove-Item -Path "node_modules" -Recurse -Force; date; yarn; date; yarn run ng update; date; yarn run ng build; date; date; git fetch; date; git status; date; date; git add .; git commit --message "add all files" --message "update from terminal"; date; git pull --rebase origin master; date; git push origin master; date; yarn run ng test; date; yarn run ng update @angular/core @angular/cli @angular/material; date; git add .; git commit --message "add all files" --message "update from terminal"; date; git pull --rebase origin master; date; git push origin master; date; echo y | npx update-browserslist-db@latest; date; git fetch; date; git status; date; date; git add .; git commit --message "add all files" --message "update from terminal"; date; git pull --rebase origin master; date; git push origin master; date; git remote show origin; date;

Friday, August 2, 2024 6:22:40 AM
remote: Enumerating objects: 74, done.
remote: Counting objects: 100% (74/74), done.
remote: Compressing objects: 100% (27/27), done.
remote: Total 70 (delta 50), reused 49 (delta 29), pack-reused 0
Unpacking objects: 100% (70/70), 11.12 KiB | 56.00 KiB/s, done.
From github.com:mycanary/mycanary
   40411fd..f69da03  master     -> origin/master
Friday, August 2, 2024 6:22:41 AM
On branch master
Your branch is behind 'origin/master' by 14 commits, and can be fast-forwarded.
  (use "git pull" to update your local branch)

nothing to commit, working tree clean
Friday, August 2, 2024 6:22:41 AM
Friday, August 2, 2024 6:22:41 AM
On branch master
Your branch is behind 'origin/master' by 14 commits, and can be fast-forwarded.
  (use "git pull" to update your local branch)

nothing to commit, working tree clean
Friday, August 2, 2024 6:22:41 AM
From github.com:mycanary/mycanary
 * branch            master     -> FETCH_HEAD
Updating 40411fd..f69da03
Fast-forward
 .nx/cache/nx_files.nxt | Bin 4100 -> 4100 bytes
 1 file changed, 0 insertions(+), 0 deletions(-)
Friday, August 2, 2024 6:22:42 AM
Everything up-to-date
Friday, August 2, 2024 6:22:42 AM
Friday, August 2, 2024 6:22:56 AM
yarn install v1.22.21
[1/4] Resolving packages...
[2/4] Fetching packages...
warning Pattern ["string-width@^4.2.3"] is trying to unpack in the same destination "C:\\Users\\kushal\\AppData\\Local\\Yarn\\Cache\\v6\\npm-string-width-cjs-4.2.3-269c7117d27b05ad2e536830a8ec895ef9c6d010-integrity\\node_modules\\string-width-cjs" as pattern ["string-width-cjs@npm:string-width@^4.2.0"]. This could result in non-deterministic behavior, skipping.
[3/4] Linking dependencies...
warning " > @angular-eslint/eslint-plugin@18.2.0" has unmet peer dependency "@typescript-eslint/utils@^7.11.0 || ^8.0.0".
warning "@angular-eslint/eslint-plugin > @angular-eslint/utils@18.2.0" has unmet peer dependency "@typescript-eslint/utils@^7.11.0 || ^8.0.0".
warning " > @angular-eslint/eslint-plugin-template@18.2.0" has unmet peer dependency "@typescript-eslint/utils@^7.11.0 || ^8.0.0".
warning " > @angular-eslint/schematics@18.2.0" has unmet peer dependency "@angular-devkit/core@>= 18.0.0 < 19.0.0".
warning " > @angular-eslint/schematics@18.2.0" has unmet peer dependency "@angular-devkit/schematics@>= 18.0.0 < 19.0.0".
[4/4] Building fresh packages...
Done in 28.73s.
Friday, August 2, 2024 6:23:25 AM
yarn run v1.22.21
$ ng update
Using package manager: yarn
Collecting installed dependencies...
Found 41 dependencies.
    We analyzed your package.json and everything seems to be in order. Good work!
Done in 10.56s.
Friday, August 2, 2024 6:23:36 AM
yarn run v1.22.21
$ ng build
✔ Browser application bundle generation complete.
✔ Copying assets complete.
✔ Index html generation complete.

Initial chunk files | Names         |  Raw size
vendor.js           | vendor        |   5.06 MB |
polyfills.js        | polyfills     | 141.93 kB |
main.js             | main          |  20.55 kB |
runtime.js          | runtime       |   6.50 kB |
styles.css          | styles        |   2.76 kB |

                    | Initial total |   5.23 MB

Build at: 2024-08-02T10:24:06.103Z - Hash: ab7533be52ec2222 - Time: 11651ms
Done in 29.74s.
Friday, August 2, 2024 6:24:06 AM
Friday, August 2, 2024 6:24:06 AM
Friday, August 2, 2024 6:24:06 AM
On branch master
Your branch is up to date with 'origin/master'.

nothing to commit, working tree clean
Friday, August 2, 2024 6:24:06 AM
Friday, August 2, 2024 6:24:06 AM
On branch master
Your branch is up to date with 'origin/master'.

nothing to commit, working tree clean
Friday, August 2, 2024 6:24:07 AM
From github.com:mycanary/mycanary
 * branch            master     -> FETCH_HEAD
Already up to date.
Friday, August 2, 2024 6:24:07 AM
Everything up-to-date
Friday, August 2, 2024 6:24:08 AM
yarn run v1.22.21
$ ng test
✔ Browser application bundle generation complete.
02 08 2024 06:24:17.569:INFO [karma-server]: Karma v6.3.2 server started at http://localhost:9876/
02 08 2024 06:24:17.571:INFO [launcher]: Launching browsers FirefoxHeadless with concurrency unlimited
02 08 2024 06:24:17.594:INFO [launcher]: Starting browser Firefox
02 08 2024 06:24:18.851:INFO [Firefox 129.0 (Windows 10)]: Connected on socket 4zZPdXv7nbMHMIpeAAAB with id 47982448
LOG: 'test message'
Firefox 129.0 (Windows 10): Executed 0 of 6 SUCCESS (0 secs / 0 secs)
LOG: 'test message'
Firefox 129.0 (Windows 10): Executed 1 of 6 SUCCESS (0 secs / 0.008 secs)
LOG: 'second message'
Firefox 129.0 (Windows 10): Executed 1 of 6 SUCCESS (0 secs / 0.008 secs)
Firefox 129.0 (Windows 10): Executed 6 of 6 SUCCESS (0.063 secs / 0.046 secs)
TOTAL: 6 SUCCESS
TOTAL: 6 SUCCESS
Done in 11.28s.
Friday, August 2, 2024 6:24:19 AM
yarn run v1.22.21
$ ng update @angular/core @angular/cli @angular/material
Using package manager: yarn
Collecting installed dependencies...
Found 41 dependencies.
Fetching dependency metadata from registry...
Package '@angular/core' is already up to date.
Package '@angular/cli' is already up to date.
Package '@angular/material' is already up to date.
Done in 1.99s.
Friday, August 2, 2024 6:24:21 AM
On branch master
Your branch is up to date with 'origin/master'.

nothing to commit, working tree clean
Friday, August 2, 2024 6:24:21 AM
From github.com:mycanary/mycanary
 * branch            master     -> FETCH_HEAD
Already up to date.
Friday, August 2, 2024 6:24:22 AM
Everything up-to-date
Friday, August 2, 2024 6:24:23 AM
Latest version:     1.0.30001646
Installed version:  none
Removing old caniuse-lite from lock file
Installing new caniuse-lite version
$ yarn add -W caniuse-lite
warning Pattern ["string-width@^4.2.3"] is trying to unpack in the same destination "C:\\Users\\kushal\\AppData\\Local\\Yarn\\Cache\\v6\\npm-string-width-cjs-4.2.3-269c7117d27b05ad2e536830a8ec895ef9c6d010-integrity\\node_modules\\string-width-cjs" as pattern ["string-width-cjs@npm:string-width@^4.2.0"]. This could result in non-deterministic behavior, skipping.
warning " > @angular-eslint/eslint-plugin@18.2.0" has unmet peer dependency "@typescript-eslint/utils@^7.11.0 || ^8.0.0".
warning "@angular-eslint/eslint-plugin > @angular-eslint/utils@18.2.0" has unmet peer dependency "@typescript-eslint/utils@^7.11.0 || ^8.0.0".
warning " > @angular-eslint/eslint-plugin-template@18.2.0" has unmet peer dependency "@typescript-eslint/utils@^7.11.0 || ^8.0.0".
warning " > @angular-eslint/schematics@18.2.0" has unmet peer dependency "@angular-devkit/core@>= 18.0.0 < 19.0.0".
warning " > @angular-eslint/schematics@18.2.0" has unmet peer dependency "@angular-devkit/schematics@>= 18.0.0 < 19.0.0".
Cleaning package.json dependencies from caniuse-lite
$ yarn remove -W caniuse-lite
warning Pattern ["string-width@^4.2.3"] is trying to unpack in the same destination "C:\\Users\\kushal\\AppData\\Local\\Yarn\\Cache\\v6\\npm-string-width-cjs-4.2.3-269c7117d27b05ad2e536830a8ec895ef9c6d010-integrity\\node_modules\\string-width-cjs" as pattern ["string-width-cjs@npm:string-width@^4.2.0"]. This could result in non-deterministic behavior, skipping.
warning " > @angular-eslint/eslint-plugin@18.2.0" has unmet peer dependency "@typescript-eslint/utils@^7.11.0 || ^8.0.0".
warning "@angular-eslint/eslint-plugin > @angular-eslint/utils@18.2.0" has unmet peer dependency "@typescript-eslint/utils@^7.11.0 || ^8.0.0".
warning " > @angular-eslint/eslint-plugin-template@18.2.0" has unmet peer dependency "@typescript-eslint/utils@^7.11.0 || ^8.0.0".
warning " > @angular-eslint/schematics@18.2.0" has unmet peer dependency "@angular-devkit/core@>= 18.0.0 < 19.0.0".
warning " > @angular-eslint/schematics@18.2.0" has unmet peer dependency "@angular-devkit/schematics@>= 18.0.0 < 19.0.0".
caniuse-lite has been successfully updated

No target browser changes
Friday, August 2, 2024 6:24:43 AM
Friday, August 2, 2024 6:24:43 AM
On branch master
Your branch is up to date with 'origin/master'.

nothing to commit, working tree clean
Friday, August 2, 2024 6:24:44 AM
Friday, August 2, 2024 6:24:44 AM
On branch master
Your branch is up to date with 'origin/master'.

nothing to commit, working tree clean
Friday, August 2, 2024 6:24:44 AM
From github.com:mycanary/mycanary
 * branch            master     -> FETCH_HEAD
Already up to date.
Friday, August 2, 2024 6:24:44 AM
Everything up-to-date
Friday, August 2, 2024 6:24:45 AM
* remote origin
  Fetch URL: git@github.com:mycanary/mycanary.git
  Push  URL: git@github.com:mycanary/mycanary.git
  HEAD branch: master
  Remote branch:
    master tracked
  Local branch configured for 'git pull':
    master merges with remote master
  Local ref configured for 'git push':
    master pushes to master (up to date)
Friday, August 2, 2024 6:24:45 AM

PS C:\Users\kushal\src\angular\mycanary> cd "C:\Users\kushal\src\angular\angulareighteen\"; date; git fetch; date; git status; date; date; git add .; git commit --message "add all files" --message "update from terminal"; date; git pull --rebase origin master; date; git push origin master; date; yarn; date; yarn run ng update; date; yarn run ng build; date; date; git fetch; date; git status; date; date; git add .; git commit --message "add all files" --message "update from terminal"; date; git pull --rebase origin master; date; git push origin master; date; yarn run ng test; date; yarn run ng update @angular/core @angular/cli @angular/material; date; git add .; git commit --message "add all files" --message "update from terminal"; date; git pull --rebase origin master; date; git push origin master; date; echo y | npx update-browserslist-db@latest; date; git fetch; date; git status; date; date; git add .; git commit --message "add all files" --message "update from terminal"; date; git pull --rebase origin master; date; git push origin master; date; git remote show origin; date;

Friday, August 2, 2024 6:29:12 AM
Friday, August 2, 2024 6:29:13 AM
On branch master
Your branch is up to date with 'origin/master'.

nothing to commit, working tree clean
Friday, August 2, 2024 6:29:13 AM
Friday, August 2, 2024 6:29:13 AM
On branch master
Your branch is up to date with 'origin/master'.

nothing to commit, working tree clean
Friday, August 2, 2024 6:29:13 AM
From github.com:angulareighteen/angulareighteen.github.io
 * branch            master     -> FETCH_HEAD
Already up to date.
Friday, August 2, 2024 6:29:13 AM
Everything up-to-date
Friday, August 2, 2024 6:29:14 AM
yarn install v1.22.21
[1/4] Resolving packages...
success Already up-to-date.
Done in 0.26s.
Friday, August 2, 2024 6:29:14 AM
yarn run v1.22.21
$ ng update
Unknown error: Error [ERR_REQUIRE_ESM]: require() of ES Module C:\Users\kushal\src\angular\angulareighteen\node_modules\string-width\index.js from C:\Users\kushal\src\angular\angulareighteen\node_modules\cliui\build\index.cjs not supported.
Instead change the require of index.js in C:\Users\kushal\src\angular\angulareighteen\node_modules\cliui\build\index.cjs to a dynamic import() which is available in all CommonJS modules.
error Command failed with exit code 127.
info Visit https://yarnpkg.com/en/docs/cli/run for documentation about this command.
Friday, August 2, 2024 6:29:18 AM
yarn run v1.22.21
$ ng build
Unknown error: Error [ERR_REQUIRE_ESM]: require() of ES Module C:\Users\kushal\src\angular\angulareighteen\node_modules\string-width\index.js from C:\Users\kushal\src\angular\angulareighteen\node_modules\cliui\build\index.cjs not supported.
Instead change the require of index.js in C:\Users\kushal\src\angular\angulareighteen\node_modules\cliui\build\index.cjs to a dynamic import() which is available in all CommonJS modules.
error Command failed with exit code 127.
info Visit https://yarnpkg.com/en/docs/cli/run for documentation about this command.
Friday, August 2, 2024 6:29:19 AM
Friday, August 2, 2024 6:29:19 AM
Friday, August 2, 2024 6:29:19 AM
On branch master
Your branch is up to date with 'origin/master'.

nothing to commit, working tree clean
Friday, August 2, 2024 6:29:19 AM
Friday, August 2, 2024 6:29:19 AM
On branch master
Your branch is up to date with 'origin/master'.

nothing to commit, working tree clean
Friday, August 2, 2024 6:29:19 AM
From github.com:angulareighteen/angulareighteen.github.io
 * branch            master     -> FETCH_HEAD
Already up to date.
Friday, August 2, 2024 6:29:20 AM
Everything up-to-date
Friday, August 2, 2024 6:29:21 AM
yarn run v1.22.21
$ ng test
Unknown error: Error [ERR_REQUIRE_ESM]: require() of ES Module C:\Users\kushal\src\angular\angulareighteen\node_modules\string-width\index.js from C:\Users\kushal\src\angular\angulareighteen\node_modules\cliui\build\index.cjs not supported.
Instead change the require of index.js in C:\Users\kushal\src\angular\angulareighteen\node_modules\cliui\build\index.cjs to a dynamic import() which is available in all CommonJS modules.
error Command failed with exit code 127.
info Visit https://yarnpkg.com/en/docs/cli/run for documentation about this command.
Friday, August 2, 2024 6:29:21 AM
yarn run v1.22.21
$ ng update @angular/core @angular/cli @angular/material
Unknown error: Error [ERR_REQUIRE_ESM]: require() of ES Module C:\Users\kushal\src\angular\angulareighteen\node_modules\string-width\index.js from C:\Users\kushal\src\angular\angulareighteen\node_modules\cliui\build\index.cjs not supported.
Instead change the require of index.js in C:\Users\kushal\src\angular\angulareighteen\node_modules\cliui\build\index.cjs to a dynamic import() which is available in all CommonJS modules.
error Command failed with exit code 127.
info Visit https://yarnpkg.com/en/docs/cli/run for documentation about this command.
Friday, August 2, 2024 6:29:22 AM
On branch master
Your branch is up to date with 'origin/master'.

nothing to commit, working tree clean
Friday, August 2, 2024 6:29:22 AM
From github.com:angulareighteen/angulareighteen.github.io
 * branch            master     -> FETCH_HEAD
Already up to date.
Friday, August 2, 2024 6:29:22 AM
Everything up-to-date
Friday, August 2, 2024 6:29:23 AM
Latest version:     1.0.30001646
Installed version:  none
Removing old caniuse-lite from lock file
Installing new caniuse-lite version
$ yarn add -W caniuse-lite
warning Pattern ["string-width-cjs@npm:string-width@^4.2.0"] is trying to unpack in the same destination "C:\\Users\\kushal\\AppData\\Local\\Yarn\\Cache\\v6\\npm-string-width-cjs-4.2.3-269c7117d27b05ad2e536830a8ec895ef9c6d010-integrity\\node_modules\\string-width-cjs" as pattern["string-width@^4.1.0"]. This could result in non-deterministic behavior, skipping.
warning Pattern ["string-width@^4.2.3"] is trying to unpack in the same destination "C:\\Users\\kushal\\AppData\\Local\\Yarn\\Cache\\v6\\npm-string-width-cjs-4.2.3-269c7117d27b05ad2e536830a8ec895ef9c6d010-integrity\\node_modules\\string-width-cjs" as pattern ["string-width@^4.1.0"]. This could result in non-deterministic behavior, skipping.
warning Pattern ["string-width@^4.2.0"] is trying to unpack in the same destination "C:\\Users\\kushal\\AppData\\Local\\Yarn\\Cache\\v6\\npm-string-width-cjs-4.2.3-269c7117d27b05ad2e536830a8ec895ef9c6d010-integrity\\node_modules\\string-width-cjs" as pattern ["string-width@^4.1.0"]. This could result in non-deterministic behavior, skipping.
warning Pattern ["wrap-ansi@^7.0.0"] is trying to unpack in the same destination "C:\\Users\\kushal\\AppData\\Local\\Yarn\\Cache\\v6\\npm-wrap-ansi-cjs-7.0.0-67e145cff510a6a6984bdf1152911d69d2eb9e43-integrity\\node_modules\\wrap-ansi-cjs" as pattern ["wrap-ansi-cjs@npm:wrap-ansi@^7.0.0"]. This could result in non-deterministic behavior, skipping.
Cleaning package.json dependencies from caniuse-lite
$ yarn remove -W caniuse-lite
warning Pattern ["string-width-cjs@npm:string-width@^4.2.0"] is trying to unpack in the same destination "C:\\Users\\kushal\\AppData\\Local\\Yarn\\Cache\\v6\\npm-string-width-cjs-4.2.3-269c7117d27b05ad2e536830a8ec895ef9c6d010-integrity\\node_modules\\string-width-cjs" as pattern["string-width@^4.1.0"]. This could result in non-deterministic behavior, skipping.
warning Pattern ["string-width@^4.2.3"] is trying to unpack in the same destination "C:\\Users\\kushal\\AppData\\Local\\Yarn\\Cache\\v6\\npm-string-width-cjs-4.2.3-269c7117d27b05ad2e536830a8ec895ef9c6d010-integrity\\node_modules\\string-width-cjs" as pattern ["string-width@^4.1.0"]. This could result in non-deterministic behavior, skipping.
warning Pattern ["string-width@^4.2.0"] is trying to unpack in the same destination "C:\\Users\\kushal\\AppData\\Local\\Yarn\\Cache\\v6\\npm-string-width-cjs-4.2.3-269c7117d27b05ad2e536830a8ec895ef9c6d010-integrity\\node_modules\\string-width-cjs" as pattern ["string-width@^4.1.0"]. This could result in non-deterministic behavior, skipping.
warning Pattern ["wrap-ansi@^7.0.0"] is trying to unpack in the same destination "C:\\Users\\kushal\\AppData\\Local\\Yarn\\Cache\\v6\\npm-wrap-ansi-cjs-7.0.0-67e145cff510a6a6984bdf1152911d69d2eb9e43-integrity\\node_modules\\wrap-ansi-cjs" as pattern ["wrap-ansi-cjs@npm:wrap-ansi@^7.0.0"]. This could result in non-deterministic behavior, skipping.
caniuse-lite has been successfully updated

No target browser changes
Friday, August 2, 2024 6:29:36 AM
Friday, August 2, 2024 6:29:36 AM
On branch master
Your branch is up to date with 'origin/master'.

nothing to commit, working tree clean
Friday, August 2, 2024 6:29:36 AM
Friday, August 2, 2024 6:29:36 AM
On branch master
Your branch is up to date with 'origin/master'.

nothing to commit, working tree clean
Friday, August 2, 2024 6:29:36 AM
From github.com:angulareighteen/angulareighteen.github.io
 * branch            master     -> FETCH_HEAD
Already up to date.
Friday, August 2, 2024 6:29:37 AM
Everything up-to-date
Friday, August 2, 2024 6:29:37 AM
* remote origin
  Fetch URL: git@github.com:angulareighteen/angulareighteen.github.io.git
  Push  URL: git@github.com:angulareighteen/angulareighteen.github.io.git
  HEAD branch: master
  Remote branch:
    master tracked
  Local branch configured for 'git pull':
    master merges with remote master
  Local ref configured for 'git push':
    master pushes to master (up to date)
Friday, August 2, 2024 6:29:38 AM

PS C:\Users\kushal\src\angular\angulareighteen> cd "C:\Users\kushal\src\myhtml\fromnepal"; date; yarn; date; yarn run build; date; git add .; date; git commit --message "build application" --message "from the terminal"; date; git pull --rebase origin main; date; git push origin main; date;

Friday, August 2, 2024 6:29:49 AM
yarn install v1.22.21
[1/4] Resolving packages...
success Already up-to-date.
Done in 0.08s.
Friday, August 2, 2024 6:29:50 AM
yarn run v1.22.21
$ tsc && vite build
vite v5.2.13 building for production...
✓ 5 modules transformed.
docs/index.html                 0.53 kB │ gzip: 0.32 kB
docs/assets/index-DYhv0y2B.css  4.60 kB │ gzip: 1.63 kB
docs/assets/index-BUJcqj8w.js   4.81 kB │ gzip: 2.11 kB
✓ built in 162ms
Done in 2.15s.
Friday, August 2, 2024 6:29:52 AM
warning: in the working copy of 'docs/assets/index-BUJcqj8w.js', LF will be replaced by CRLF the next time Git touches it
warning: in the working copy of 'docs/assets/index-DYhv0y2B.css', LF will be replaced by CRLF the next time Git touches it
warning: in the working copy of 'docs/index.html', LF will be replaced by CRLF the next time Git touches it
Friday, August 2, 2024 6:29:52 AM
On branch main
Your branch is up to date with 'origin/main'.

nothing to commit, working tree clean
Friday, August 2, 2024 6:29:52 AM
From github.com:fromnepal/fromnepal.github.io
 * branch            main       -> FETCH_HEAD
Already up to date.
Friday, August 2, 2024 6:29:54 AM
Everything up-to-date
Friday, August 2, 2024 6:29:54 AM

PS C:\Users\kushal\src\myhtml\fromnepal> cd "C:\Users\kushal\src\myhtml\fromnepal"; date; yarn; date; yarn run build; date; git add .; date; git commit --message "build application" --message "from the terminal"; date; git pull --rebase origin main; date; git push origin main; date;

Friday, August 2, 2024 6:30:08 AM
yarn install v1.22.21
[1/4] Resolving packages...
success Already up-to-date.
Done in 0.06s.
Friday, August 2, 2024 6:30:08 AM
yarn run v1.22.21
$ tsc && vite build
vite v5.2.13 building for production...
✓ 5 modules transformed.
docs/index.html                 0.53 kB │ gzip: 0.32 kB
docs/assets/index-DYhv0y2B.css  4.60 kB │ gzip: 1.63 kB
docs/assets/index-BUJcqj8w.js   4.81 kB │ gzip: 2.11 kB
✓ built in 104ms
Done in 0.83s.
Friday, August 2, 2024 6:30:09 AM
warning: in the working copy of 'docs/assets/index-BUJcqj8w.js', LF will be replaced by CRLF the next time Git touches it
warning: in the working copy of 'docs/assets/index-DYhv0y2B.css', LF will be replaced by CRLF the next time Git touches it
warning: in the working copy of 'docs/index.html', LF will be replaced by CRLF the next time Git touches it
Friday, August 2, 2024 6:30:10 AM
[main c09d7e3] build application
 2 files changed, 946 insertions(+), 330 deletions(-)
Friday, August 2, 2024 6:30:10 AM
From github.com:fromnepal/fromnepal.github.io
 * branch            main       -> FETCH_HEAD
Current branch main is up to date.
Friday, August 2, 2024 6:30:10 AM
Enumerating objects: 9, done.
Counting objects: 100% (9/9), done.
Delta compression using up to 16 threads
Compressing objects: 100% (5/5), done.
Writing objects: 100% (5/5), 4.00 KiB | 4.00 MiB/s, done.
Total 5 (delta 3), reused 0 (delta 0), pack-reused 0 (from 0)
remote: Resolving deltas: 100% (3/3), completed with 2 local objects.
To github.com:fromnepal/fromnepal.github.io.git
   aa32846..c09d7e3  main -> main
Friday, August 2, 2024 6:30:11 AM

PS C:\Users\kushal\src\myhtml\fromnepal> cd "C:\Users\kushal\src\myhtml\fromnepal"; date; yarn; date; yarn run build; date; git add .; date; git commit --message "build application" --message "from the terminal"; date; git pull --rebase origin main; date; git push origin main; date;

Friday, August 2, 2024 6:30:27 AM
yarn install v1.22.21
[1/4] Resolving packages...
success Already up-to-date.
Done in 0.06s.
Friday, August 2, 2024 6:30:27 AM
yarn run v1.22.21
$ tsc && vite build
vite v5.2.13 building for production...
✓ 5 modules transformed.
docs/index.html                 0.53 kB │ gzip: 0.32 kB
docs/assets/index-DYhv0y2B.css  4.60 kB │ gzip: 1.63 kB
docs/assets/index-BUJcqj8w.js   4.81 kB │ gzip: 2.11 kB
✓ built in 107ms
Done in 0.82s.
Friday, August 2, 2024 6:30:28 AM
warning: in the working copy of 'docs/assets/index-BUJcqj8w.js', LF will be replaced by CRLF the next time Git touches it
warning: in the working copy of 'docs/assets/index-DYhv0y2B.css', LF will be replaced by CRLF the next time Git touches it
warning: in the working copy of 'docs/index.html', LF will be replaced by CRLF the next time Git touches it
Friday, August 2, 2024 6:30:28 AM
[main 6140fec] build application
 2 files changed, 456 insertions(+), 946 deletions(-)
Friday, August 2, 2024 6:30:29 AM
From github.com:fromnepal/fromnepal.github.io
 * branch            main       -> FETCH_HEAD
Current branch main is up to date.
Friday, August 2, 2024 6:30:29 AM
Enumerating objects: 9, done.
Counting objects: 100% (9/9), done.
Delta compression using up to 16 threads
Compressing objects: 100% (5/5), done.
Writing objects: 100% (5/5), 2.46 KiB | 2.46 MiB/s, done.
Total 5 (delta 3), reused 0 (delta 0), pack-reused 0 (from 0)
remote: Resolving deltas: 100% (3/3), completed with 2 local objects.
To github.com:fromnepal/fromnepal.github.io.git
   c09d7e3..6140fec  main -> main
Friday, August 2, 2024 6:30:30 AM

PS C:\Users\kushal\src\myhtml\fromnepal> cd "C:\Users\kushal\src\myhtml\fromnepal"; date; yarn; date; yarn run build; date; git add .; date; git commit --message "build application" --message "from the terminal"; date; git pull --rebase origin main; date; git push origin main; date;

Friday, August 2, 2024 6:30:37 AM
yarn install v1.22.21
[1/4] Resolving packages...
success Already up-to-date.
Done in 0.07s.
Friday, August 2, 2024 6:30:37 AM
yarn run v1.22.21
$ tsc && vite build
vite v5.2.13 building for production...
✓ 5 modules transformed.
docs/index.html                 0.53 kB │ gzip: 0.32 kB
docs/assets/index-DYhv0y2B.css  4.60 kB │ gzip: 1.63 kB
docs/assets/index-BUJcqj8w.js   4.81 kB │ gzip: 2.11 kB
✓ built in 108ms
Done in 0.83s.
Friday, August 2, 2024 6:30:38 AM
warning: in the working copy of 'docs/assets/index-BUJcqj8w.js', LF will be replaced by CRLF the next time Git touches it
warning: in the working copy of 'docs/assets/index-DYhv0y2B.css', LF will be replaced by CRLF the next time Git touches it
warning: in the working copy of 'docs/index.html', LF will be replaced by CRLF the next time Git touches it
Friday, August 2, 2024 6:30:38 AM
On branch main
Your branch is up to date with 'origin/main'.

nothing to commit, working tree clean
Friday, August 2, 2024 6:30:38 AM
From github.com:fromnepal/fromnepal.github.io
 * branch            main       -> FETCH_HEAD
Already up to date.
Friday, August 2, 2024 6:30:39 AM
Everything up-to-date
Friday, August 2, 2024 6:30:39 AM

PS C:\Users\kushal\src\myhtml\fromnepal> cd "C:\Users\kushal\src\myhtml\fromnepal"; date; yarn; date; yarn run build; date; git add .; date; git commit --message "build application" --message "from the terminal"; date; git pull --rebase origin main; date; git push origin main; date;

Friday, August 2, 2024 6:45:04 AM
yarn install v1.22.21
[1/4] Resolving packages...
success Already up-to-date.
Done in 0.07s.
Friday, August 2, 2024 6:45:05 AM
yarn run v1.22.21
$ tsc && vite build
vite v5.2.13 building for production...
✓ 5 modules transformed.
docs/index.html                 0.53 kB │ gzip: 0.32 kB
docs/assets/index-DYhv0y2B.css  4.60 kB │ gzip: 1.63 kB
docs/assets/index-BUJcqj8w.js   4.81 kB │ gzip: 2.11 kB
✓ built in 204ms
Done in 1.29s.
Friday, August 2, 2024 6:45:06 AM
warning: in the working copy of 'docs/assets/index-BUJcqj8w.js', LF will be replaced by CRLF the next time Git touches it
warning: in the working copy of 'docs/assets/index-DYhv0y2B.css', LF will be replaced by CRLF the next time Git touches it
warning: in the working copy of 'docs/index.html', LF will be replaced by CRLF the next time Git touches it
Friday, August 2, 2024 6:45:06 AM
[main f1c9627] build application
 2 files changed, 1188 insertions(+)
Friday, August 2, 2024 6:45:07 AM
From github.com:fromnepal/fromnepal.github.io
 * branch            main       -> FETCH_HEAD
Current branch main is up to date.
Friday, August 2, 2024 6:45:07 AM
Enumerating objects: 9, done.
Counting objects: 100% (9/9), done.
Delta compression using up to 16 threads
Compressing objects: 100% (5/5), done.
Writing objects: 100% (5/5), 9.39 KiB | 1.17 MiB/s, done.
Total 5 (delta 3), reused 0 (delta 0), pack-reused 0 (from 0)
remote: Resolving deltas: 100% (3/3), completed with 2 local objects.
To github.com:fromnepal/fromnepal.github.io.git
   6140fec..f1c9627  main -> main
Friday, August 2, 2024 6:45:08 AM

PS C:\Users\kushal\src\myhtml\fromnepal> cd "C:\Users\kushal\src\myhtml\fromnepal"; date; yarn; date; yarn run build; date; git add .; date; git commit --message "build application" --message "from the terminal"; date; git pull --rebase origin main; date; git push origin main; date;

Friday, August 2, 2024 7:38:01 AM
yarn install v1.22.21
[1/4] Resolving packages...
success Already up-to-date.
Done in 0.09s.
Friday, August 2, 2024 7:38:01 AM
yarn run v1.22.21
$ tsc && vite build
vite v5.2.13 building for production...
✓ 5 modules transformed.
docs/index.html                 0.53 kB │ gzip: 0.32 kB
docs/assets/index-DYhv0y2B.css  4.60 kB │ gzip: 1.63 kB
docs/assets/index-BUJcqj8w.js   4.81 kB │ gzip: 2.11 kB
✓ built in 172ms
Done in 2.40s.
Friday, August 2, 2024 7:38:04 AM
warning: in the working copy of 'docs/assets/index-BUJcqj8w.js', LF will be replaced by CRLF the next time Git touches it
warning: in the working copy of 'docs/assets/index-DYhv0y2B.css', LF will be replaced by CRLF the next time Git touches it
warning: in the working copy of 'docs/index.html', LF will be replaced by CRLF the next time Git touches it
Friday, August 2, 2024 7:38:04 AM
On branch main
Your branch is up to date with 'origin/main'.

nothing to commit, working tree clean
Friday, August 2, 2024 7:38:04 AM
From github.com:fromnepal/fromnepal.github.io
 * branch            main       -> FETCH_HEAD
Already up to date.
Friday, August 2, 2024 7:38:06 AM
Everything up-to-date
Friday, August 2, 2024 7:38:06 AM

PS C:\Users\kushal\src\myhtml\fromnepal> cd "C:\Users\kushal\src\myhtml\fromnepal"; date; yarn; date; yarn run build; date; git add .; date; git commit --message "build application" --message "from the terminal"; date; git pull --rebase origin main; date; git push origin main; date;

Friday, August 2, 2024 7:38:14 AM
yarn install v1.22.21
[1/4] Resolving packages...
success Already up-to-date.
Done in 0.06s.
Friday, August 2, 2024 7:38:14 AM
yarn run v1.22.21
$ tsc && vite build
vite v5.2.13 building for production...
✓ 5 modules transformed.
docs/index.html                 0.53 kB │ gzip: 0.32 kB
docs/assets/index-DYhv0y2B.css  4.60 kB │ gzip: 1.63 kB
docs/assets/index-BUJcqj8w.js   4.81 kB │ gzip: 2.11 kB
✓ built in 109ms
Done in 0.86s.
Friday, August 2, 2024 7:38:15 AM
warning: in the working copy of 'docs/assets/index-BUJcqj8w.js', LF will be replaced by CRLF the next time Git touches it
warning: in the working copy of 'docs/assets/index-DYhv0y2B.css', LF will be replaced by CRLF the next time Git touches it
warning: in the working copy of 'docs/index.html', LF will be replaced by CRLF the next time Git touches it
Friday, August 2, 2024 7:38:16 AM
[main 49b50ce] build application
 2 files changed, 1310 insertions(+), 1632 deletions(-)
Friday, August 2, 2024 7:38:16 AM
From github.com:fromnepal/fromnepal.github.io
 * branch            main       -> FETCH_HEAD
Current branch main is up to date.
Friday, August 2, 2024 7:38:16 AM
Enumerating objects: 9, done.
Counting objects: 100% (9/9), done.
Delta compression using up to 16 threads
Compressing objects: 100% (5/5), done.
Writing objects: 100% (5/5), 4.39 KiB | 4.39 MiB/s, done.
Total 5 (delta 3), reused 0 (delta 0), pack-reused 0 (from 0)
remote: Resolving deltas: 100% (3/3), completed with 2 local objects.
To github.com:fromnepal/fromnepal.github.io.git
   f1c9627..49b50ce  main -> main
Friday, August 2, 2024 7:38:17 AM

PS C:\Users\kushal\src\myhtml\fromnepal> cd "C:\Users\kushal\src\myhtml\fromnepal"; date; yarn; date; yarn run build; date; git add .; date; git commit --message "build application" --message "from the terminal"; date; git pull --rebase origin main; date; git push origin main; date;
