PowerShell 7.4.6
PS C:\Users\kushal> ssh colorado
ssh: Could not resolve hostname colorado: No such host is known.
PS C:\Users\kushal> tail -f /var/log/syslog
tail: The term 'tail' is not recognized as a name of a cmdlet, function, script file, or executable program.
Check the spelling of the name, or if a path was included, verify that the path is correct and try again.
PS C:\Users\kushal> ssh colorado
Linux colorado 6.1.0-27-amd64 #1 SMP PREEMPT_DYNAMIC Debian 6.1.115-1 (2024-11-01) x86_64

The programs included with the Debian GNU/Linux system are free software;
the exact distribution terms for each program are described in the
individual files in /usr/share/doc/*/copyright.

Debian GNU/Linux comes with ABSOLUTELY NO WARRANTY, to the extent
permitted by applicable law.
Last login: Fri Nov 22 20:18:33 2024 from fe80::975c:f636:bfb:5026%enp3s0
kushal@colorado:~$ tail -f /var/log/syslog
tail: cannot open '/var/log/syslog' for reading: No such file or directory
tail: no files remaining
kushal@colorado:~$ sudo tail -f /var/log/syslog
[sudo] password for kushal:
tail: cannot open '/var/log/syslog' for reading: No such file or directory
tail: no files remaining
kushal@colorado:~$ journalctl -u syslog
Hint: You are currently not seeing messages from other users and the system.
      Users in groups 'adm', 'systemd-journal' can see all messages.
      Pass -q to turn off this notice.
-- No entries --
kushal@colorado:~$ sudo journalctl -u syslog
-- No entries --
kushal@colorado:~$ crontab -e
No modification made
kushal@colorado:~$ No modification made
kushal@colorado:~$ time bash ~/src/angular/coloradoquiz/update.sh; time bash ~/source/angulareighteen/update.sh; time bash ~/src/angular/mycontacts/update.sh;
ping: sock4.fd: 3 (socktype: SOCK_RAW), sock6.fd: 4 (socktype: SOCK_RAW), hints.ai_family: AF_UNSPEC

[master e39547198] add timestamp
 2 files changed, 25 insertions(+), 310 deletions(-)
[master 5e8423360] begin add system status
 2 files changed, 39 insertions(+)
[master 42d377df1] add system status
 1 file changed, 6 insertions(+)
[master faf5c63d4] end add system status
 1 file changed, 1 insertion(+)
[master 6fb8d342c] begin update node
 2 files changed, 29 insertions(+)
Installing latest LTS version.
v22.11.0 is already installed.
Now using node v22.11.0 (npm v10.9.0)

real    0m0.824s
user    0m0.457s
sys     0m0.137s
Now using node v22.11.0 (npm v10.9.0)

real    0m0.257s
user    0m0.264s
sys     0m0.049s

changed 297 packages in 18s

52 packages are looking for funding
  run `npm fund` for details

real    0m18.150s
user    0m11.215s
sys     0m2.467s

real    0m1.459s
user    0m1.206s
sys     0m0.244s

real    0m0.887s
user    0m1.330s
sys     0m0.106s
[master b78fda401] end update node
 2 files changed, 67 insertions(+)
On branch master
Your branch is ahead of 'origin/master' by 6 commits.
  (use "git push" to publish your local commits)

nothing to commit, working tree clean
yarn run v1.22.22
$ ng update @angular/core @angular/cli @angular/material @angular/localize
Using package manager: yarn
Collecting installed dependencies...
Found 31 dependencies.
Fetching dependency metadata from registry...
Package '@angular/core' is already up to date.
Package '@angular/cli' is already up to date.
Package '@angular/material' is already up to date.
Package '@angular/localize' is already up to date.
Done in 2.40s.

real    0m2.663s
user    0m1.774s
sys     0m0.303s
On branch master
Your branch is ahead of 'origin/master' by 6 commits.
  (use "git push" to publish your local commits)

nothing to commit, working tree clean

real    0m3.603s
user    0m3.783s
sys     0m0.402s
[master 65911fc51] begin prepare to build angular
 2 files changed, 36 insertions(+)

real    0m15.867s
user    0m34.477s
sys     0m2.120s
[master f9faa6981] end prepare to build angular
 1 file changed, 17 insertions(+)
[master 8a228eee3] begin prepare to unit test angular
 2 files changed, 28 insertions(+), 130 deletions(-)
- Generating browser application bundles (phase: setup)...
✔ Browser application bundle generation complete.
✔ Browser application bundle generation complete.
✔ Browser application bundle generation complete.
✔ Browser application bundle generation complete.
error Command failed with exit code 1.

real    0m54.066s
user    0m41.537s
sys     0m4.030s
[master 06b8ef3ad] end prepare to unit test angular
 2 files changed, 176 insertions(+)

real    0m0.336s
user    0m0.279s
sys     0m0.053s
[master 1fef3d171] add timestamp
 2 files changed, 33 insertions(+)
From github.com:teamkushal/coloradoquiz
 * branch                master     -> FETCH_HEAD
Current branch master is up to date.
On branch master
Your branch is ahead of 'origin/master' by 12 commits.
  (use "git push" to publish your local commits)

nothing to commit, working tree clean
Enumerating objects: 52, done.
Counting objects: 100% (52/52), done.
Delta compression using up to 4 threads
Compressing objects: 100% (44/44), done.
Writing objects: 100% (46/46), 6.12 KiB | 1.22 MiB/s, done.
Total 46 (delta 32), reused 1 (delta 0), pack-reused 0
remote: Resolving deltas: 100% (32/32), completed with 6 local objects.
To github.com:teamkushal/coloradoquiz.git
   8bd8f4ae7..1fef3d171  master -> master

real    2m3.220s
user    1m36.893s
sys     0m10.708s
Sat Nov 23 07:46:56 AM EST 2024
/home/kushal/source/angulareighteen/update.sh: line 10: nvm: command not found
/home/kushal/source/angulareighteen/update.sh: line 11: nvm: command not found
v22.11.0
10.9.0

changed 1 package in 803ms
Sat Nov 23 07:46:57 AM EST 2024
Sat Nov 23 07:46:57 AM EST 2024
yarn install v1.22.22
info No lockfile found.
[1/4] Resolving packages...
warning karma > glob@7.2.3: Glob versions prior to v9 are no longer supported
warning karma > rimraf@3.0.2: Rimraf versions prior to v4 are no longer supported
warning karma > rimraf > glob@7.2.3: Glob versions prior to v9 are no longer supported
warning karma > glob > inflight@1.0.6: This module is not supported, and leaks memory. Do not use it. Check out lru-cache if you want a good and tested way to coalesce async requests by a key value, which is much more comprehensive and powerful.
[2/4] Fetching packages...
[3/4] Linking dependencies...
warning "@angular-devkit/build-angular > @vitejs/plugin-basic-ssl@1.1.0" has unmet peer dependency "vite@^3.0.0 || ^4.0.0 || ^5.0.0".
warning "@angular-devkit/build-angular > @angular/build > @inquirer/confirm@5.0.2" has unmet peer dependency "@types/node@>=18".
warning "@angular-devkit/build-angular > @angular/build > @inquirer/confirm > @inquirer/type@3.0.1" has unmet peer dependency "@types/node@>=18".
warning "@angular/cli > @inquirer/prompts@7.1.0" has unmet peer dependency "@types/node@>=18".
warning "@angular/cli > @inquirer/prompts > @inquirer/checkbox@4.0.2" has unmet peer dependency "@types/node@>=18".
warning "@angular/cli > @inquirer/prompts > @inquirer/number@3.0.2" has unmet peer dependency "@types/node@>=18".
warning "@angular/cli > @inquirer/prompts > @inquirer/expand@4.0.2" has unmet peer dependency "@types/node@>=18".
warning "@angular/cli > @inquirer/prompts > @inquirer/editor@4.1.0" has unmet peer dependency "@types/node@>=18".
warning "@angular/cli > @inquirer/prompts > @inquirer/password@4.0.2" has unmet peer dependency "@types/node@>=18".
warning "@angular/cli > @inquirer/prompts > @inquirer/rawlist@4.0.2" has unmet peer dependency "@types/node@>=18".
warning "@angular/cli > @inquirer/prompts > @inquirer/search@3.0.2" has unmet peer dependency "@types/node@>=18".
warning "@angular/cli > @inquirer/prompts > @inquirer/select@4.0.2" has unmet peer dependency "@types/node@>=18".
warning "@angular/cli > @inquirer/prompts > @inquirer/input@4.0.2" has unmet peer dependency "@types/node@>=18".
[4/4] Building fresh packages...
success Saved lockfile.
Done in 15.91s.

real    0m16.267s
user    0m14.496s
sys     0m2.758s
Sat Nov 23 07:47:13 AM EST 2024
On branch master
Your branch is up to date with 'origin/master'.

Changes not staged for commit:
  (use "git add <file>..." to update what will be committed)
  (use "git restore <file>..." to discard changes in working directory)
        modified:   yarn.lock

no changes added to commit (use "git add" and/or "git commit -a")
[master ef9a580] add all files
 1 file changed, 96 insertions(+), 96 deletions(-)
From github.com:angulareighteen/angulareighteen.github.io
 * branch            master     -> FETCH_HEAD
Current branch master is up to date.
Enumerating objects: 5, done.
Counting objects: 100% (5/5), done.
Delta compression using up to 4 threads
Compressing objects: 100% (3/3), done.
Writing objects: 100% (3/3), 3.02 KiB | 618.00 KiB/s, done.
Total 3 (delta 2), reused 0 (delta 0), pack-reused 0
remote: Resolving deltas: 100% (2/2), completed with 2 local objects.
To github.com:angulareighteen/angulareighteen.github.io.git
   9e51571..ef9a580  master -> master
yarn install v1.22.22
[1/4] Resolving packages...
success Already up-to-date.
Done in 0.62s.
yarn run v1.22.22
$ ng update
Using package manager: yarn
Collecting installed dependencies...
Found 27 dependencies.
    We analyzed your package.json and everything seems to be in order. Good work!
Done in 2.70s.
yarn run v1.22.22
$ ng build
Initial chunk files   | Names         |  Raw size | Estimated transfer size
chunk-I6WO6DMZ.js     | -             | 114.11 kB |                33.70 kB
main-ZYUJU5LJ.js      | main          |  98.22 kB |                25.34 kB
styles-U4H6PSGJ.css   | styles        |  53.25 kB |                 5.25 kB
polyfills-FFHMD2TL.js | polyfills     |  34.52 kB |                11.28 kB

                      | Initial total | 300.09 kB |                75.57 kB

Lazy chunk files      | Names         |  Raw size | Estimated transfer size
chunk-6VKC6WYA.js     | browser       |  67.49 kB |                17.70 kB

Application bundle generation complete. [8.478 seconds]

▲ [WARNING] angular:styles/component:css;802bd11d2fffcfccea9b81d73128145c62e67559689fbf7b080b6d250733a2b1;/home/kushal/source/angulareighteen/src/app/app.component.html exceeded maximum budget. Budget 2.05 kB was not met by 878 bytes with a total of 2.93 kB.


Output location: /home/kushal/source/angulareighteen/docs

Done in 9.85s.
On branch master
Your branch is up to date with 'origin/master'.

nothing to commit, working tree clean
On branch master
Your branch is up to date with 'origin/master'.

nothing to commit, working tree clean
From github.com:angulareighteen/angulareighteen.github.io
 * branch            master     -> FETCH_HEAD
Already up to date.
Everything up-to-date
yarn run v1.22.22
$ ng test
✔ Browser application bundle generation complete.
23 11 2024 07:47:47.289:INFO [karma-server]: Karma v6.4.4 server started at http://localhost:9876/
23 11 2024 07:47:47.291:INFO [launcher]: Launching browsers FirefoxHeadless with concurrency unlimited
23 11 2024 07:47:47.301:INFO [launcher]: Starting browser Firefox
23 11 2024 07:47:51.330:INFO [Firefox 128.0 (Linux x86_64)]: Connected on socket smW5omabZtqSch8mAAAB with id 59589864
Firefox 128.0 (Linux x86_64): Executed 3 of 3 SUCCESS (0.328 secs / 0.299 secs)
TOTAL: 3 SUCCESS
Done in 21.74s.
yarn run v1.22.22
$ ng update @angular/core @angular/cli @angular/material
Using package manager: yarn
Collecting installed dependencies...
Found 27 dependencies.
Fetching dependency metadata from registry...
Package '@angular/core' is already up to date.
Package '@angular/cli' is already up to date.
Package '@angular/material' is already up to date.
Done in 1.43s.
On branch master
Your branch is up to date with 'origin/master'.

nothing to commit, working tree clean
From github.com:angulareighteen/angulareighteen.github.io
 * branch            master     -> FETCH_HEAD
Already up to date.
Everything up-to-date
Latest version:     1.0.30001683
Installed version:  1.0.30001683
caniuse-lite is up to date
caniuse-lite has been successfully updated

No target browser changes
On branch master
Your branch is up to date with 'origin/master'.

nothing to commit, working tree clean
On branch master
Your branch is up to date with 'origin/master'.

nothing to commit, working tree clean
From github.com:angulareighteen/angulareighteen.github.io
 * branch            master     -> FETCH_HEAD
Already up to date.
Everything up-to-date
* remote origin
  Fetch URL: git@github.com:angulareighteen/angulareighteen.github.io.git
  Push  URL: git@github.com:angulareighteen/angulareighteen.github.io.git
  HEAD branch: master
  Remote branch:
    master tracked
  Local branch configured for 'git pull':
    master merges with remote master
  Local ref configured for 'git push':
    master pushes to master (up to date)
Sat Nov 23 07:48:01 AM EST 2024

real    1m5.181s
user    1m26.085s
sys     0m8.775s
Sat Nov 23 07:48:01 AM EST 2024
/home/kushal/src/angular/mycontacts/update.sh: line 10: nvm: command not found
/home/kushal/src/angular/mycontacts/update.sh: line 11: nvm: command not found
v22.11.0
10.9.0

changed 1 package in 774ms
Sat Nov 23 07:48:02 AM EST 2024
Sat Nov 23 07:48:02 AM EST 2024
yarn install v1.22.22
info No lockfile found.
[1/4] Resolving packages...
warning karma > glob@7.2.3: Glob versions prior to v9 are no longer supported
warning karma > rimraf@3.0.2: Rimraf versions prior to v4 are no longer supported
warning karma > rimraf > glob@7.2.3: Glob versions prior to v9 are no longer supported
warning karma > glob > inflight@1.0.6: This module is not supported, and leaks memory. Do not use it. Check out lru-cache if you want a good and tested way to coalesce async requests by a key value, which is much more comprehensive and powerful.
warning karma-coverage-istanbul-reporter > istanbul-lib-source-maps > rimraf@2.7.1: Rimraf versions prior to v4 are no longer supported
warning karma-coverage-istanbul-reporter > istanbul-lib-source-maps > rimraf > glob@7.2.3: Glob versions prior to v9 are no longer supported
[2/4] Fetching packages...
[3/4] Linking dependencies...
warning "@angular-devkit/build-angular > @vitejs/plugin-basic-ssl@1.1.0" has unmet peer dependency "vite@^3.0.0 || ^4.0.0 || ^5.0.0".
[4/4] Building fresh packages...
success Saved lockfile.
Done in 15.82s.

real    0m16.068s
user    0m12.740s
sys     0m2.172s
Sat Nov 23 07:48:18 AM EST 2024
On branch master
Changes not staged for commit:
  (use "git add <file>..." to update what will be committed)
  (use "git restore <file>..." to discard changes in working directory)
        modified:   yarn.lock

no changes added to commit (use "git add" and/or "git commit -a")
[master 6333d28] add all files
 1 file changed, 96 insertions(+), 96 deletions(-)
From github.com:kusl/mycontacts
 * branch            master     -> FETCH_HEAD
Current branch master is up to date.
Enumerating objects: 9, done.
Counting objects: 100% (9/9), done.
Delta compression using up to 4 threads
Compressing objects: 100% (6/6), done.
Writing objects: 100% (6/6), 4.28 KiB | 876.00 KiB/s, done.
Total 6 (delta 3), reused 0 (delta 0), pack-reused 0
remote: Resolving deltas: 100% (3/3), completed with 2 local objects.
To github.com:kusl/mycontacts.git
   dafd680..6333d28  master -> master
yarn install v1.22.22
[1/4] Resolving packages...
success Already up-to-date.
Done in 0.62s.
yarn run v1.22.22
$ ng update
Using package manager: yarn
Collecting installed dependencies...
Found 28 dependencies.
    We analyzed your package.json and everything seems to be in order. Good work!
Done in 2.92s.
yarn run v1.22.22
$ ng build --base-href=mycontacts
Initial chunk files | Names         |  Raw size | Estimated transfer size
chunk-Z3QRDSSJ.js   | -             | 119.77 kB |                35.11 kB
main-4IGC7X44.js    | main          | 106.09 kB |                27.13 kB
styles-CXQUZ3PB.css | styles        |   6.98 kB |                 1.13 kB

                    | Initial total | 232.84 kB |                63.37 kB

Lazy chunk files    | Names         |  Raw size | Estimated transfer size
chunk-QOEJKQYO.js   | browser       |  67.49 kB |                17.70 kB

Application bundle generation complete. [4.857 seconds]

Output location: /home/kushal/src/angular/mycontacts/dist/mycontacts

Done in 6.15s.
On branch master
nothing to commit, working tree clean
On branch master
nothing to commit, working tree clean
From github.com:kusl/mycontacts
 * branch            master     -> FETCH_HEAD
Already up to date.
Everything up-to-date
yarn run v1.22.22
$ ng test
✔ Browser application bundle generation complete.
23 11 2024 07:48:44.160:INFO [karma-server]: Karma v6.4.4 server started at http://localhost:9876/
23 11 2024 07:48:44.165:INFO [launcher]: Launching browsers FirefoxHeadless with concurrency unlimited
23 11 2024 07:48:44.191:INFO [launcher]: Starting browser Firefox
23 11 2024 07:48:47.903:INFO [Firefox 128.0 (Linux x86_64)]: Connected on socket vMSsyXsOUJEhBNzUAAAB with id 3393560
Firefox 128.0 (Linux x86_64): Executed 3 of 3 SUCCESS (0.333 secs / 0.309 secs)
TOTAL: 3 SUCCESS
TOTAL: 3 SUCCESS
Done in 16.81s.
yarn run v1.22.22
$ ng update @angular/core @angular/cli @angular/material
Using package manager: yarn
Collecting installed dependencies...
Found 28 dependencies.
Fetching dependency metadata from registry...
Package '@angular/core' is already up to date.
Package '@angular/cli' is already up to date.
Package '@angular/material' is already up to date.
Done in 1.48s.
On branch master
nothing to commit, working tree clean
From github.com:kusl/mycontacts
 * branch            master     -> FETCH_HEAD
Already up to date.
Everything up-to-date
Latest version:     1.0.30001683
Installed version:  1.0.30001683
caniuse-lite is up to date
caniuse-lite has been successfully updated

No target browser changes
On branch master
nothing to commit, working tree clean
On branch master
nothing to commit, working tree clean
From github.com:kusl/mycontacts
 * branch            master     -> FETCH_HEAD
Already up to date.
Everything up-to-date
* remote origin
  Fetch URL: git@github.com:kusl/mycontacts.git
  Push  URL: git@github.com:kusl/mycontacts.git
  HEAD branch: master
  Remote branch:
    master tracked
  Local ref configured for 'git push':
    master pushes to master (up to date)
Sat Nov 23 07:48:57 AM EST 2024

real    0m56.454s
user    1m1.904s
sys     0m7.650s
kushal@colorado:~$ exit
logout
Connection to colorado closed.
PS C:\Users\kushal> cd "C:\Users\kushal\src\myhtml\fromnepal\public\notes\2024\11\23"; convert flair.png -resize 600x flair-small.jpg
Invalid Parameter - -resize
PS C:\Users\kushal\src\myhtml\fromnepal\public\notes\2024\11\23> cd "C:\Users\kushal\src\myhtml\fromnepal\public\notes\2024\11\23"; magick -version; magick convert flair.png -resize 600x flair-small.jpg
Version: ImageMagick 7.1.1-41 Q16-HDRI x64 bbdcbf7:20241116 https://imagemagick.org
Copyright: (C) 1999 ImageMagick Studio LLC
License: https://imagemagick.org/script/license.php
Features: Channel-masks(64-bit) Cipher DPC HDRI Modules OpenCL OpenMP(2.0)
Delegates (built-in): bzlib cairo flif freetype gslib heic jng jp2 jpeg jxl lcms lqr lzma openexr pangocairo png ps raqm raw rsvg tiff webp xml zip zlib
Compiler: Visual Studio 2022 (194234433)
WARNING: The convert command is deprecated in IMv7, use "magick" instead of "convert" or "magick convert"

PS C:\Users\kushal\src\myhtml\fromnepal\public\notes\2024\11\23> cd "C:\Users\kushal\src\myhtml\fromnepal\public\notes\2024\11\23"; magick -version; magick convert flair.png -resize 1200x flair-medium.jpg
Version: ImageMagick 7.1.1-41 Q16-HDRI x64 bbdcbf7:20241116 https://imagemagick.org
Copyright: (C) 1999 ImageMagick Studio LLC
License: https://imagemagick.org/script/license.php
Features: Channel-masks(64-bit) Cipher DPC HDRI Modules OpenCL OpenMP(2.0)
Delegates (built-in): bzlib cairo flif freetype gslib heic jng jp2 jpeg jxl lcms lqr lzma openexr pangocairo png ps raqm raw rsvg tiff webp xml zip zlib
Compiler: Visual Studio 2022 (194234433)
WARNING: The convert command is deprecated in IMv7, use "magick" instead of "convert" or "magick convert"

PS C:\Users\kushal\src\myhtml\fromnepal\public\notes\2024\11\23> cd "C:\Users\kushal\src\myhtml\fromnepal\public\notes\2024\11\23"; magick -version; magick convert flair.png -resize 1600x flair-large.jpg
Version: ImageMagick 7.1.1-41 Q16-HDRI x64 bbdcbf7:20241116 https://imagemagick.org
Copyright: (C) 1999 ImageMagick Studio LLC
License: https://imagemagick.org/script/license.php
Features: Channel-masks(64-bit) Cipher DPC HDRI Modules OpenCL OpenMP(2.0)
Delegates (built-in): bzlib cairo flif freetype gslib heic jng jp2 jpeg jxl lcms lqr lzma openexr pangocairo png ps raqm raw rsvg tiff webp xml zip zlib
Compiler: Visual Studio 2022 (194234433)
WARNING: The convert command is deprecated in IMv7, use "magick" instead of "convert" or "magick convert"

PS C:\Users\kushal\src\myhtml\fromnepal\public\notes\2024\11\23> C:\Users\kushal\src\myhtml\fromnepal\public\omnibus.ps1
