PowerShell 7.4.3

   A new PowerShell stable release is available: v7.4.4
   Upgrade now, or check out the release page at:
     https://aka.ms/PowerShell-Release?tag=v7.4.4

Loading personal and system profiles took 513ms.
PS C:\Users\kushal>
PS C:\Users\kushal> cd "C:\Users\kushal\src\myhtml\fromnepal"; date; yarn; date; yarn run build; date; git add .; date; git commit --message "build application" --message "from the terminal"; date; git pull --rebase origin main; date; git push origin main; date;

Friday, July 26, 2024 4:50:26 PM
yarn install v1.22.21
[1/4] Resolving packages...
success Already up-to-date.
Done in 0.14s.
Friday, July 26, 2024 4:50:46 PM
yarn run v1.22.21
$ tsc && vite build
vite v5.2.13 building for production...
‚úì 5 modules transformed.
docs/index.html                 0.53 kB ‚îÇ gzip: 0.32 kB
docs/assets/index-DYhv0y2B.css  4.60 kB ‚îÇ gzip: 1.63 kB
docs/assets/index-BUJcqj8w.js   4.81 kB ‚îÇ gzip: 2.11 kB
‚úì built in 152ms
Done in 2.55s.
Friday, July 26, 2024 4:50:49 PM
warning: in the working copy of 'docs/assets/index-BUJcqj8w.js', LF will be replaced by CRLF the next time Git touches it
warning: in the working copy of 'docs/assets/index-DYhv0y2B.css', LF will be replaced by CRLF the next time Git touches it
warning: in the working copy of 'docs/index.html', LF will be replaced by CRLF the next time Git touches it
Friday, July 26, 2024 4:50:49 PM
[main 872d42f] build application
 2 files changed, 80 insertions(+)
Friday, July 26, 2024 4:50:49 PM
From github.com:fromnepal/fromnepal.github.io
 * branch            main       -> FETCH_HEAD
Current branch main is up to date.
Friday, July 26, 2024 4:50:51 PM
Enumerating objects: 9, done.
Counting objects: 100% (9/9), done.
Delta compression using up to 16 threads
Compressing objects: 100% (5/5), done.
Writing objects: 100% (5/5), 639 bytes | 639.00 KiB/s, done.
Total 5 (delta 4), reused 0 (delta 0), pack-reused 0 (from 0)
remote: Resolving deltas: 100% (4/4), completed with 3 local objects.
To github.com:fromnepal/fromnepal.github.io.git
   14de525..872d42f  main -> main
Friday, July 26, 2024 4:50:51 PM

PS C:\Users\kushal\src\myhtml\fromnepal>
PS C:\Users\kushal\src\myhtml\fromnepal>
PS C:\Users\kushal\src\myhtml\fromnepal> cd "\\TP-Share\G\shared\jellyfin\shows\downloaded"; date; pwd; date; yt-dlp.exe --verbose --restrict-filenames --add-metadata -i "https://youtu.be/TT6O6NhZWg0"; date;

Saturday, July 27, 2024 10:26:18 AM

Drive        :
Provider     : Microsoft.PowerShell.Core\FileSystem
ProviderPath : \\TP-Share\G\shared\jellyfin\shows\downloaded
Path         : Microsoft.PowerShell.Core\FileSystem::\\TP-Share\G\shared\jellyfin\shows\downloaded

Saturday, July 27, 2024 10:26:18 AM
[debug] Command-line config: ['--verbose', '--restrict-filenames', '--add-metadata', '-i', 'https://youtu.be/TT6O6NhZWg0']
[debug] Portable config "C:\Users\kushal\scoop\apps\yt-dlp\current\yt-dlp.conf": []
[debug] Encodings: locale cp1252, fs utf-8, pref cp1252, out utf-8, error utf-8, screen utf-8
[debug] yt-dlp version stable@2024.07.16 from yt-dlp/yt-dlp [89a161e8c] (win_exe)
[debug] Python 3.8.10 (CPython AMD64 64bit) - Windows-10-10.0.22631-SP0 (OpenSSL 1.1.1k  25 Mar 2021)
[debug] exe versions: ffmpeg 7.0.1-full_build-www.gyan.dev (setts), ffprobe 7.0.1-full_build-www.gyan.dev
[debug] Optional libraries: Cryptodome-3.20.0, brotli-1.1.0, certifi-2024.07.04, curl_cffi-0.5.10, mutagen-1.47.0, requests-2.32.3, sqlite3-3.35.5, urllib3-2.2.2, websockets-12.0
[debug] Proxy map: {}
[debug] Request Handlers: urllib, requests, websockets, curl_cffi
[debug] Loaded 1829 extractors
[youtube] Extracting URL: https://youtu.be/TT6O6NhZWg0
[youtube] TT6O6NhZWg0: Downloading webpage
[youtube] TT6O6NhZWg0: Downloading ios player API JSON
[youtube] TT6O6NhZWg0: Downloading player 1f8742dc
WARNING: [youtube] TT6O6NhZWg0: nsig extraction failed: Some formats may be missing
         n = FVeqRBn_1DY-VodA6 ; player = https://www.youtube.com/s/player/1f8742dc/player_ias.vflset/en_US/base.js
[debug] [youtube] Unable to extract nsig function code (caused by RegexNotFoundError('Unable to extract \x1b[0;94mInitial JS player n function name\x1b[0m; please report this issue on  https://github.com/yt-dlp/yt-dlp/issues?q= , filling out the appropriate issue template. Confirm you are on the latest version using  yt-dlp -U')); please report this issue on  https://github.com/yt-dlp/yt-dlp/issues?q= , filling out the appropriate issue template. Confirm you are on the latest version using  yt-dlp -U
WARNING: [youtube] TT6O6NhZWg0: nsig extraction failed: Some formats may be missing
         n = L-dH8_Me70LaFwL2A ; player = https://www.youtube.com/s/player/1f8742dc/player_ias.vflset/en_US/base.js
[youtube] TT6O6NhZWg0: Downloading m3u8 information
[debug] Sort order given by extractor: quality, res, fps, hdr:12, source, vcodec:vp9.2, channels, acodec, lang, proto
[debug] Formats sorted by: hasvid, ie_pref, quality, res, fps, hdr:12(7), source, vcodec:vp9.2(10), channels, acodec, lang, proto, size, br, asr, vext, aext, hasaud, id
[debug] Default format spec: bestvideo*+bestaudio/best
[info] TT6O6NhZWg0: Downloading 1 format(s): 617+140
[debug] Invoking hlsnative downloader on "https://manifest.googlevideo.com/api/manifest/hls_playlist/expire/1722111978/ei/igOlZvOfMa-FkucPp_iy2A8/ip/70.104.195.206/id/4d3e8ee8d8595a0d/itag/617/source/youtube/requiressl/yes/ratebypass/yes/pfa/1/wft/1/sgovp/clen%3D10819136%3Bdur%3D53.200%3Bgir%3Dyes%3Bitag%3D303%3Blmt%3D1716242471001959/rqh/1/hls_chunk_host/rr2---sn-8xgp1vo-gpjl.googlevideo.com/xpc/EgVo2aDSNQ%3D%3D/mh/v7/mm/31,29/mn/sn-8xgp1vo-gpjl,sn-8xgp1vo-p5qee/ms/au,rdu/mv/m/mvi/2/pl/20/initcwndbps/1125000/vprv/1/playlist_type/DVR/dover/13/txp/630A224/mt/1722089840/fvip/7/short_key/1/keepalive/yes/sparams/expire,ei,ip,id,itag,source,requiressl,ratebypass,pfa,wft,sgovp,rqh,xpc,vprv,playlist_type/sig/AJfQdSswRQIhAJ0R89fFKhZKz76o2366LuUCB1j-dlNPJtfC4GOJL6rnAiAvN2wtIpQyhOdALbtyOYEjW8Imem-kE8do05ZtsY_Aog%3D%3D/lsparams/hls_chunk_host,mh,mm,mn,ms,mv,mvi,pl,initcwndbps/lsig/AGtxev0wRAIgTCcPHQ0Q6IWagSgcz8LTNa3VGZyXdPEK11pCvo1MWJYCIGKn5Tbjbu1n37VI3v-rwDb-hoZklp2JwvoiCsjCxPSp/playlist/index.m3u8"
[hlsnative] Downloading m3u8 manifest
[hlsnative] Total fragments: 12
[download] Destination: Cops_Say_They_Have_a_Warrant_Here_s_What_to_Do_lawyerreacts-[TT6O6NhZWg0].f617.mp4
[debug] File locking is not supported. Proceeding without locking
[download] 100% of   10.33MiB in 00:00:04 at 2.55MiB/s
[debug] Invoking http downloader on "https://rr2---sn-8xgp1vo-gpjl.googlevideo.com/videoplayback?expire=1722111978&ei=igOlZvOfMa-FkucPp_iy2A8&ip=70.104.195.206&id=o-AEVtcMX_wrcueoW0OkkB88iYCuBMCG2nk8yA4Tp4KFDR&itag=140&source=youtube&requiressl=yes&xpc=EgVo2aDSNQ%3D%3D&mh=v7&mm=31%2C29&mn=sn-8xgp1vo-gpjl%2Csn-8xgp1vo-p5qee&ms=au%2Crdu&mv=m&mvi=2&pl=20&initcwndbps=1125000&vprv=1&svpuc=1&mime=audio%2Fmp4&rqh=1&gir=yes&clen=862568&dur=53.243&lmt=1716242456540051&mt=1722089840&fvip=7&keepalive=yes&c=IOS&txp=6308224&sparams=expire%2Cei%2Cip%2Cid%2Citag%2Csource%2Crequiressl%2Cxpc%2Cvprv%2Csvpuc%2Cmime%2Crqh%2Cgir%2Cclen%2Cdur%2Clmt&sig=AJfQdSswRQIgWMCe6NG-B9S1F87BSz3ZSuB76LLH6_Qqt3rpKruqL70CIQD9fKkKMghSdDYZZy5CmAUquA7v-jyp--cfCUkeRGUvVg%3D%3D&lsparams=mh%2Cmm%2Cmn%2Cms%2Cmv%2Cmvi%2Cpl%2Cinitcwndbps&lsig=AGtxev0wRAIgTwYusYqq5DWO8lxz0c3ceQqiyYO66PgDiwJbVN10bNICIAZQkdahenPCfp4hBdRGo8yA-aisoLgvAA8QDtOf2wKu"
[download] Destination: Cops_Say_They_Have_a_Warrant_Here_s_What_to_Do_lawyerreacts-[TT6O6NhZWg0].f140.m4a
[download] 100% of  842.35KiB in 00:00:00 at 2.47MiB/s
[Merger] Merging formats into "Cops_Say_They_Have_a_Warrant_Here_s_What_to_Do_lawyerreacts-[TT6O6NhZWg0].mp4"
[debug] ffmpeg command line: ffmpeg -y -loglevel repeat+info -i "file:Cops_Say_They_Have_a_Warrant_Here_s_What_to_Do_lawyerreacts-[TT6O6NhZWg0].f617.mp4" -i "file:Cops_Say_They_Have_a_Warrant_Here_s_What_to_Do_lawyerreacts-[TT6O6NhZWg0].f140.m4a" -c copy -map 0:v:0 -map 1:a:0 -movflags +faststart "file:Cops_Say_They_Have_a_Warrant_Here_s_What_to_Do_lawyerreacts-[TT6O6NhZWg0].temp.mp4"
Deleting original file Cops_Say_They_Have_a_Warrant_Here_s_What_to_Do_lawyerreacts-[TT6O6NhZWg0].f617.mp4 (pass -k to keep)
Deleting original file Cops_Say_They_Have_a_Warrant_Here_s_What_to_Do_lawyerreacts-[TT6O6NhZWg0].f140.m4a (pass -k to keep)
[Metadata] Adding metadata to "Cops_Say_They_Have_a_Warrant_Here_s_What_to_Do_lawyerreacts-[TT6O6NhZWg0].mp4"
[debug] ffmpeg command line: ffmpeg -y -loglevel repeat+info -i "file:Cops_Say_They_Have_a_Warrant_Here_s_What_to_Do_lawyerreacts-[TT6O6NhZWg0].mp4" -map 0 -dn -ignore_unknown -c copy -write_id3v1 1 -metadata"title=Cops Say They Have a Warrant? Here's What to Do üëÆ‚Äç‚ôÇÔ∏èüè° #lawyerreacts" -metadata "date=20240120" -metadata "description=What happens if the cops come to your door claiming to have a search warrant? First, ask for a copy of the search warrant. Sometimes, cops are sneaky and lie about having a search warrant, so make sure they actually have it.

Second, tell the supervisor that you do not consent to any search of a person, place, or item that's not included in the warrant. This can help incriminating items be thrown out as evidence if they were foundduring an illegal search.

Lastly, invoke your Fifth Amendment right to remain silent. Do not answer any questions. Just stand there and respectfully remain silent." -metadata "synopsis=What happens if the cops come to your door claiming to have a search warrant? First, ask for a copy of the search warrant. Sometimes, cops are sneaky and lie about having a search warrant, so make sure they actually have it.

Second, tell the supervisor that you do not consent to any search of a person, place, or item that's not included in the warrant. This can help incriminating items be thrown out as evidence if they were foundduring an illegal search.

Lastly, invoke your Fifth Amendment right to remain silent. Do not answer any questions. Just stand there and respectfully remain silent." -metadata "purl=https://www.youtube.com/watch?v=TT6O6NhZWg0" -metadata "comment=https://www.youtube.com/watch?v=TT6O6NhZWg0" -metadata "artist=Hampton Law" -metadata:s:1 "language=eng" -movflags +faststart "file:Cops_Say_They_Have_a_Warrant_Here_s_What_to_Do_lawyerreacts-[TT6O6NhZWg0].temp.mp4"
Saturday, July 27, 2024 10:26:34 AM

PS Microsoft.PowerShell.Core\FileSystem::\\TP-Share\G\shared\jellyfin\shows\downloaded> cd "C:\Users\kushal\src\myhtml\fromnepal"; date; yarn; date; yarn run build; date; git add .; date; git commit --message"build application" --message "from the terminal"; date; git pull --rebase origin main; date; git push origin main; date;

Saturday, July 27, 2024 10:26:43 AM
yarn install v1.22.21
[1/4] Resolving packages...
success Already up-to-date.
Done in 0.10s.
Saturday, July 27, 2024 10:26:44 AM
yarn run v1.22.21
$ tsc && vite build
vite v5.2.13 building for production...
‚úì 5 modules transformed.
docs/index.html                 0.53 kB ‚îÇ gzip: 0.32 kB
docs/assets/index-DYhv0y2B.css  4.60 kB ‚îÇ gzip: 1.63 kB
docs/assets/index-BUJcqj8w.js   4.81 kB ‚îÇ gzip: 2.11 kB
‚úì built in 158ms
Done in 2.13s.
Saturday, July 27, 2024 10:26:46 AM
warning: in the working copy of 'docs/assets/index-BUJcqj8w.js', LF will be replaced by CRLF the next time Git touches it
warning: in the working copy of 'docs/assets/index-DYhv0y2B.css', LF will be replaced by CRLF the next time Git touches it
warning: in the working copy of 'docs/index.html', LF will be replaced by CRLF the next time Git touches it
Saturday, July 27, 2024 10:26:46 AM
On branch main
Your branch is up to date with 'origin/main'.

nothing to commit, working tree clean
Saturday, July 27, 2024 10:26:46 AM
From github.com:fromnepal/fromnepal.github.io
 * branch            main       -> FETCH_HEAD
Already up to date.
Saturday, July 27, 2024 10:26:48 AM
Everything up-to-date
Saturday, July 27, 2024 10:26:48 AM

PS C:\Users\kushal\src\myhtml\fromnepal> cd "C:\Users\kushal\src\myhtml\fromnepal"; date; yarn; date; yarn run build; date; git add .; date; git commit --message "build application" --message "from the terminal"; date; git pull --rebase origin main; date; git push origin main; date;
