PowerShell 7.4.4
Loading personal and system profiles took 548ms.
PS C:\Users\kushal> cd "C:\Users\kushal\src\mylogging\"; date; git add .; date; git commit --message "add all files" --message "from the terminal"; date; cd "C:\Users\kushal\src\myhtml\fromnepal"; date; yarn;date; yarn run build; date; git add .; date; git commit --message "build application" --message "from the terminal"; date; git pull --rebase origin main; date; git push origin main; date;

Wednesday, August 14, 2024 7:21:53 PM
Wednesday, August 14, 2024 7:21:53 PM
On branch main
nothing to commit, working tree clean
Wednesday, August 14, 2024 7:21:53 PM
Wednesday, August 14, 2024 7:21:53 PM
yarn install v1.22.21
[1/4] Resolving packages...
success Already up-to-date.
Done in 0.10s.
Wednesday, August 14, 2024 7:21:54 PM
yarn run v1.22.21
$ tsc && vite build
vite v5.2.13 building for production...
✓ 5 modules transformed.
docs/index.html                 0.53 kB │ gzip: 0.32 kB
docs/assets/index-DYhv0y2B.css  4.60 kB │ gzip: 1.63 kB
docs/assets/index-BUJcqj8w.js   4.81 kB │ gzip: 2.11 kB
✓ built in 202ms
Done in 2.76s.
Wednesday, August 14, 2024 7:21:57 PM
warning: in the working copy of 'docs/assets/index-BUJcqj8w.js', LF will be replaced by CRLF the next time Git touches it
warning: in the working copy of 'docs/assets/index-DYhv0y2B.css', LF will be replaced by CRLF the next time Git touches it
warning: in the working copy of 'docs/index.html', LF will be replaced by CRLF the next time Git touches it
Wednesday, August 14, 2024 7:21:57 PM
On branch main
Your branch is up to date with 'origin/main'.

nothing to commit, working tree clean
Wednesday, August 14, 2024 7:21:57 PM
git@github.com: Permission denied (publickey).
fatal: Could not read from remote repository.

Please make sure you have the correct access rights
and the repository exists.
Wednesday, August 14, 2024 7:22:00 PM
git@github.com: Permission denied (publickey).
fatal: Could not read from remote repository.

Please make sure you have the correct access rights
and the repository exists.
Wednesday, August 14, 2024 7:22:03 PM

PS C:\Users\kushal\src\myhtml\fromnepal> git remote show origin
git@github.com: Permission denied (publickey).
fatal: Could not read from remote repository.

Please make sure you have the correct access rights
and the repository exists.
PS C:\Users\kushal\src\myhtml\fromnepal> cd "C:\Users\kushal\src\mylogging\"; date; git add .; date; git commit --message "add all files" --message "from the terminal"; date; cd "C:\Users\kushal\src\myhtml\fromnepal"; date; yarn; date; yarn run build; date; git add .; date; git commit --message "build application" --message "from the terminal"; date; git pull --rebase origin main; date; git push origin main; date;

Thursday, August 15, 2024 6:58:15 AM
Thursday, August 15, 2024 6:58:15 AM
On branch main
nothing to commit, working tree clean
Thursday, August 15, 2024 6:58:15 AM
Thursday, August 15, 2024 6:58:15 AM
yarn install v1.22.21
[1/4] Resolving packages...
success Already up-to-date.
Done in 0.13s.
Thursday, August 15, 2024 6:58:16 AM
yarn run v1.22.21
$ tsc && vite build
vite v5.2.13 building for production...
✓ 5 modules transformed.
docs/index.html                 0.53 kB │ gzip: 0.32 kB
docs/assets/index-DYhv0y2B.css  4.60 kB │ gzip: 1.63 kB
docs/assets/index-BUJcqj8w.js   4.81 kB │ gzip: 2.11 kB
✓ built in 166ms
Done in 2.22s.
Thursday, August 15, 2024 6:58:18 AM
warning: in the working copy of 'docs/assets/index-BUJcqj8w.js', LF will be replaced by CRLF the next time Git touches it
warning: in the working copy of 'docs/assets/index-DYhv0y2B.css', LF will be replaced by CRLF the next time Git touches it
warning: in the working copy of 'docs/index.html', LF will be replaced by CRLF the next time Git touches it
Thursday, August 15, 2024 6:58:19 AM
On branch main
Your branch is up to date with 'origin/main'.

nothing to commit, working tree clean
Thursday, August 15, 2024 6:58:19 AM
From github.com:fromnepal/fromnepal.github.io
 * branch            main       -> FETCH_HEAD
Already up to date.
Thursday, August 15, 2024 6:58:20 AM
Everything up-to-date
Thursday, August 15, 2024 6:58:21 AM

PS C:\Users\kushal\src\myhtml\fromnepal> cd "C:\Users\kushal\src\mylogging\"; date; git add .; date; git commit --message "add all files" --message "from the terminal"; date; cd "C:\Users\kushal\src\myhtml\fromnepal"; date; yarn; date; yarn run build; date; git add .; date; git commit --message "build application" --message "from the terminal"; date; git pull --rebase origin main; date; git push origin main; date;