PowerShell 7.4.2

   A new PowerShell stable release is available: v7.4.3
   Upgrade now, or check out the release page at:
     https://aka.ms/PowerShell-Release?tag=v7.4.3

PS C:\Users\kushal> cd "\\TP-Share\G\shared\jellyfin\shows\downloaded"; date; pwd; date; yt-dlp.exe --restrict-filenames --add-metadata -i -o "%(title).100s.%(ext)s" "https://youtu.be/3KZy3NSqnkg"; date;

Thursday, July 11, 2024 7:19:15 PM

Drive        :
Provider     : Microsoft.PowerShell.Core\FileSystem
ProviderPath : \\TP-Share\G\shared\jellyfin\shows\downloaded
Path         : Microsoft.PowerShell.Core\FileSystem::\\TP-Share\G\shared\jellyfin\shows\downloaded

Thursday, July 11, 2024 7:19:15 PM
[youtube] Extracting URL: https://youtu.be/3KZy3NSqnkg
[youtube] 3KZy3NSqnkg: Downloading webpage
[youtube] 3KZy3NSqnkg: Downloading ios player API JSON
[youtube] 3KZy3NSqnkg: Downloading player 820bff3b
[youtube] 3KZy3NSqnkg: Downloading m3u8 information
[info] 3KZy3NSqnkg: Downloading 1 format(s): 247+251
[download] Destination: Rep._Alexandria_Ocasio-Cortez_Introduce_Articles_of_Impeachment_against_Justices_Thomas_and_Alito.f247.webm
[download] 100% of   20.01MiB in 00:00:01 at 10.93MiB/s
[download] Destination: Rep._Alexandria_Ocasio-Cortez_Introduce_Articles_of_Impeachment_against_Justices_Thomas_and_Alito.f251.webm
[download] 100% of   10.28MiB in 00:00:01 at 9.75MiB/s
[Merger] Merging formats into "Rep._Alexandria_Ocasio-Cortez_Introduce_Articles_of_Impeachment_against_Justices_Thomas_and_Alito.webm"
Deleting original file Rep._Alexandria_Ocasio-Cortez_Introduce_Articles_of_Impeachment_against_Justices_Thomas_and_Alito.f247.webm (pass -k to keep)
Deleting original file Rep._Alexandria_Ocasio-Cortez_Introduce_Articles_of_Impeachment_against_Justices_Thomas_and_Alito.f251.webm (pass -k to keep)
[Metadata] Adding metadata to "Rep._Alexandria_Ocasio-Cortez_Introduce_Articles_of_Impeachment_against_Justices_Thomas_and_Alito.webm"
Thursday, July 11, 2024 7:19:30 PM

PS Microsoft.PowerShell.Core\FileSystem::\\TP-Share\G\shared\jellyfin\shows\downloaded> cd "C:\Users\kushal\AppData\Local\Firefox Developer Edition"; .\firefox.exe --start-debugger-server 6000 -new-tab about:debugging
PS C:\Users\kushal\AppData\Local\Firefox Developer Edition> cd "\\TP-Share\G\shared\jellyfin\shows\downloaded"; date; pwd; date; yt-dlp.exe --restrict-filenames --add-metadata -i -o "%(title).100s.%(ext)s" "https://youtu.be/UJYlNtSUKMQ"; date;

Friday, July 12, 2024 12:22:46 PM

Drive        :
Provider     : Microsoft.PowerShell.Core\FileSystem
ProviderPath : \\TP-Share\G\shared\jellyfin\shows\downloaded
Path         : Microsoft.PowerShell.Core\FileSystem::\\TP-Share\G\shared\jellyfin\shows\downloaded

Friday, July 12, 2024 12:22:46 PM
[youtube] Extracting URL: https://youtu.be/UJYlNtSUKMQ
[youtube] UJYlNtSUKMQ: Downloading webpage
[youtube] UJYlNtSUKMQ: Downloading ios player API JSON
[youtube] UJYlNtSUKMQ: Downloading player 8d9f6215
[youtube] UJYlNtSUKMQ: Downloading m3u8 information
[info] UJYlNtSUKMQ: Downloading 1 format(s): 137+251
[download] Destination: Who_should_be_our_next_President_news_algore_explainervideo_presidentialelection_debate.f137.mp4
[download] 100% of  114.44MiB in 00:00:30 at 3.71MiB/s
ERROR: unable to download video data: HTTP Error 403: Forbidden
Friday, July 12, 2024 12:23:23 PM

PS Microsoft.PowerShell.Core\FileSystem::\\TP-Share\G\shared\jellyfin\shows\downloaded> cd "\\TP-Share\G\shared\jellyfin\shows\downloaded"; date; pwd; date; yt-dlp.exe --restrict-filenames --add-metadata -i -o "%(title).100s.%(ext)s" "https://youtu.be/UJYlNtSUKMQ"; date;

Friday, July 12, 2024 12:23:26 PM

Drive        :
Provider     : Microsoft.PowerShell.Core\FileSystem
ProviderPath : \\TP-Share\G\shared\jellyfin\shows\downloaded
Path         : Microsoft.PowerShell.Core\FileSystem::\\TP-Share\G\shared\jellyfin\shows\downloaded

Friday, July 12, 2024 12:23:26 PM
[youtube] Extracting URL: https://youtu.be/UJYlNtSUKMQ
[youtube] UJYlNtSUKMQ: Downloading webpage
[youtube] UJYlNtSUKMQ: Downloading ios player API JSON
[youtube] UJYlNtSUKMQ: Downloading m3u8 information
[info] UJYlNtSUKMQ: Downloading 1 format(s): 137+251
[download] Who_should_be_our_next_President_news_algore_explainervideo_presidentialelection_debate.f137.mp4 has already been downloaded
[download] 100% of  114.44MiB
[download] Destination: Who_should_be_our_next_President_news_algore_explainervideo_presidentialelection_debate.f251.webm
[download] 100% of    6.41MiB in 00:00:00 at 6.61MiB/s
[Merger] Merging formats into "Who_should_be_our_next_President_news_algore_explainervideo_presidentialelection_debate.mkv"
Deleting original file Who_should_be_our_next_President_news_algore_explainervideo_presidentialelection_debate.f137.mp4 (pass -k to keep)
Deleting original file Who_should_be_our_next_President_news_algore_explainervideo_presidentialelection_debate.f251.webm (pass -k to keep)
[Metadata] Adding metadata to "Who_should_be_our_next_President_news_algore_explainervideo_presidentialelection_debate.mkv"
Friday, July 12, 2024 12:23:52 PM

PS Microsoft.PowerShell.Core\FileSystem::\\TP-Share\G\shared\jellyfin\shows\downloaded> cd "\\TP-Share\G\shared\jellyfin\shows\downloaded"; date; pwd; date; yt-dlp.exe --restrict-filenames --add-metadata -i -o "%(title).100s.%(ext)s" "https://youtu.be/UJYlNtSUKMQ"; date;

Friday, July 12, 2024 12:24:11 PM

Drive        :
Provider     : Microsoft.PowerShell.Core\FileSystem
ProviderPath : \\TP-Share\G\shared\jellyfin\shows\downloaded
Path         : Microsoft.PowerShell.Core\FileSystem::\\TP-Share\G\shared\jellyfin\shows\downloaded

Friday, July 12, 2024 12:24:11 PM
[youtube] Extracting URL: https://youtu.be/UJYlNtSUKMQ
[youtube] UJYlNtSUKMQ: Downloading webpage
[youtube] UJYlNtSUKMQ: Downloading ios player API JSON
[youtube] UJYlNtSUKMQ: Downloading m3u8 information
[info] UJYlNtSUKMQ: Downloading 1 format(s): 137+251
[download] Who_should_be_our_next_President_news_algore_explainervideo_presidentialelection_debate.mkv has already been downloaded
[Metadata] Adding metadata to "Who_should_be_our_next_President_news_algore_explainervideo_presidentialelection_debate.mkv"
Friday, July 12, 2024 12:24:24 PM

PS Microsoft.PowerShell.Core\FileSystem::\\TP-Share\G\shared\jellyfin\shows\downloaded> cd "\\TP-Share\G\shared\jellyfin\shows\downloaded"; date; pwd; date; yt-dlp.exe --restrict-filenames --add-metadata -i -o "%(title).100s.%(ext)s" "https://www.youtube.com/watch?v=WSbeERXswXE";
 date;

Friday, July 12, 2024 12:24:35 PM

Drive        :
Provider     : Microsoft.PowerShell.Core\FileSystem
ProviderPath : \\TP-Share\G\shared\jellyfin\shows\downloaded
Path         : Microsoft.PowerShell.Core\FileSystem::\\TP-Share\G\shared\jellyfin\shows\downloaded

Friday, July 12, 2024 12:24:35 PM
[youtube] Extracting URL: https://www.youtube.com/watch?v=WSbeERXswXE
[youtube] WSbeERXswXE: Downloading webpage
[youtube] WSbeERXswXE: Downloading ios player API JSON
[youtube] WSbeERXswXE: Downloading player 8d9f6215
[youtube] WSbeERXswXE: Downloading m3u8 information
[info] WSbeERXswXE: Downloading 1 format(s): 248+251
[download] Destination: The_Rise_And_Fall_of_the_Republican_Party_analysis_gotv.f248.webm
[download] 100% of  673.09MiB in 00:02:05 at 5.37MiB/s
[download] Destination: The_Rise_And_Fall_of_the_Republican_Party_analysis_gotv.f251.webm
[download] 100% of   68.88MiB in 00:00:10 at 6.62MiB/s
[Merger] Merging formats into "The_Rise_And_Fall_of_the_Republican_Party_analysis_gotv.webm"
Deleting original file The_Rise_And_Fall_of_the_Republican_Party_analysis_gotv.f248.webm (pass -k to keep)
Deleting original file The_Rise_And_Fall_of_the_Republican_Party_analysis_gotv.f251.webm (pass -k to keep)
[Metadata] Adding metadata to "The_Rise_And_Fall_of_the_Republican_Party_analysis_gotv.webm"
Friday, July 12, 2024 12:28:54 PM

PS Microsoft.PowerShell.Core\FileSystem::\\TP-Share\G\shared\jellyfin\shows\downloaded> cd "\\TP-Share\G\shared\jellyfin\shows\downloaded"; date; pwd; date; yt-dlp.exe --restrict-filenames --add-metadata -i -o "%(title).100s.%(ext)s" "https://youtu.be/6nY3T8BJT9U"; date;

Friday, July 12, 2024 12:29:03 PM

Drive        :
Provider     : Microsoft.PowerShell.Core\FileSystem
ProviderPath : \\TP-Share\G\shared\jellyfin\shows\downloaded
Path         : Microsoft.PowerShell.Core\FileSystem::\\TP-Share\G\shared\jellyfin\shows\downloaded

Friday, July 12, 2024 12:29:03 PM
[youtube] Extracting URL: https://youtu.be/6nY3T8BJT9U
[youtube] 6nY3T8BJT9U: Downloading webpage
[youtube] 6nY3T8BJT9U: Downloading ios player API JSON
[youtube] 6nY3T8BJT9U: Downloading m3u8 information
[info] 6nY3T8BJT9U: Downloading 1 format(s): 248+251
[download] Destination: A_Trump_Win_is_the_End_Game_for_Climate_Change_explainervideo.f248.webm
[download] 100% of  283.26MiB in 00:01:02 at 4.52MiB/s
[download] Destination: A_Trump_Win_is_the_End_Game_for_Climate_Change_explainervideo.f251.webm
[download] 100% of   25.40MiB in 00:00:02 at 9.10MiB/s
[Merger] Merging formats into "A_Trump_Win_is_the_End_Game_for_Climate_Change_explainervideo.webm"
Deleting original file A_Trump_Win_is_the_End_Game_for_Climate_Change_explainervideo.f251.webm (pass -k to keep)
Deleting original file A_Trump_Win_is_the_End_Game_for_Climate_Change_explainervideo.f248.webm (pass -k to keep)
[Metadata] Adding metadata to "A_Trump_Win_is_the_End_Game_for_Climate_Change_explainervideo.webm"
Friday, July 12, 2024 12:31:17 PM

PS Microsoft.PowerShell.Core\FileSystem::\\TP-Share\G\shared\jellyfin\shows\downloaded> cd "\\TP-Share\G\shared\jellyfin\shows\downloaded"; date; pwd; date; date; yt-dlp.exe --restrict-filenames --format "bestvideoext=mp4+bestaudioext=m4a/mp4" --add-metadata -i "https://youtube.com/shorts/8gRcNBUcI8o"

Friday, July 12, 2024 12:34:58 PM

Drive        :
Provider     : Microsoft.PowerShell.Core\FileSystem
ProviderPath : \\TP-Share\G\shared\jellyfin\shows\downloaded
Path         : Microsoft.PowerShell.Core\FileSystem::\\TP-Share\G\shared\jellyfin\shows\downloaded

Friday, July 12, 2024 12:34:58 PM
Friday, July 12, 2024 12:34:58 PM
[youtube] Extracting URL: https://youtube.com/shorts/8gRcNBUcI8o
[youtube] 8gRcNBUcI8o: Downloading webpage
[youtube] 8gRcNBUcI8o: Downloading ios player API JSON
[youtube] 8gRcNBUcI8o: Downloading m3u8 information
[info] 8gRcNBUcI8o: Downloading 1 format(s): 18
[download] Pay_attention_to_these_small_details_in_the_kitchen_the_sink_design_is_a_major_highlight_kitchen-[8gRcNBUcI8o].mp4 has already been downloaded
[download] 100% of   10.48MiB
[Metadata] Adding metadata to "Pay_attention_to_these_small_details_in_the_kitchen_the_sink_design_is_a_major_highlight_kitchen-[8gRcNBUcI8o].mp4"

PS Microsoft.PowerShell.Core\FileSystem::\\TP-Share\G\shared\jellyfin\shows\downloaded> cd "C:\Users\kushal\AppData\Local\Firefox Developer Edition"; .\firefox.exe --start-debugger-server 6000 -new-tab about:debugging
PS C:\Users\kushal\AppData\Local\Firefox Developer Edition> cd "\\TP-Share\G\shared\jellyfin\shows\downloaded"; date; pwd; date; yt-dlp.exe --restrict-filenames --add-metadata -i -o "%(title).100s.%(ext)s" "https://www.tiktok.com/@rizz.records.yt/video/7389286025635433758?is_from_webapp=1&sender_device=mobile&sender_web_id=7378081103695316523"; date;

Friday, July 12, 2024 2:04:00 PM

Drive        :
Provider     : Microsoft.PowerShell.Core\FileSystem
ProviderPath : \\TP-Share\G\shared\jellyfin\shows\downloaded
Path         : Microsoft.PowerShell.Core\FileSystem::\\TP-Share\G\shared\jellyfin\shows\downloaded

Friday, July 12, 2024 2:04:00 PM
[TikTok] Extracting URL: https://www.tiktok.com/@rizz.records.yt/video/7389286025635433758?is_from_webapp=1&sender_device=...=7378081103695316523
[TikTok] 7389286025635433758: Downloading webpage
[info] 7389286025635433758: Downloading 1 format(s): bytevc1_1080p_641662-1
[download] Destination: drake_drake_go_away_-_rain_rain_go_away_brain_rot_nursery_rhyme.mp4
[download] 100% of    4.60MiB in 00:00:01 at 4.37MiB/s
[Metadata] Adding metadata to "drake_drake_go_away_-_rain_rain_go_away_brain_rot_nursery_rhyme.mp4"
Friday, July 12, 2024 2:04:06 PM

PS Microsoft.PowerShell.Core\FileSystem::\\TP-Share\G\shared\jellyfin\shows\downloaded> cd "\\TP-Share\G\shared\jellyfin\shows\downloaded"; date; pwd; date; yt-dlp.exe --restrict-filenames --add-metadata -i -o "%(title).100s.%(ext)s" "https://www.tiktok.com/@rizz.records.yt/video/7389286025635433758"; date;

Friday, July 12, 2024 2:04:20 PM

Drive        :
Provider     : Microsoft.PowerShell.Core\FileSystem
ProviderPath : \\TP-Share\G\shared\jellyfin\shows\downloaded
Path         : Microsoft.PowerShell.Core\FileSystem::\\TP-Share\G\shared\jellyfin\shows\downloaded

Friday, July 12, 2024 2:04:20 PM
[TikTok] Extracting URL: https://www.tiktok.com/@rizz.records.yt/video/7389286025635433758
[TikTok] 7389286025635433758: Downloading webpage
[info] 7389286025635433758: Downloading 1 format(s): bytevc1_1080p_641662-1
[download] drake_drake_go_away_-_rain_rain_go_away_brain_rot_nursery_rhyme.mp4 has already been downloaded
[download] 100% of    4.60MiB
[Metadata] Adding metadata to "drake_drake_go_away_-_rain_rain_go_away_brain_rot_nursery_rhyme.mp4"
Friday, July 12, 2024 2:04:22 PM

PS Microsoft.PowerShell.Core\FileSystem::\\TP-Share\G\shared\jellyfin\shows\downloaded> cd "\\TP-Share\G\shared\jellyfin\shows\downloaded"; date; pwd; date; yt-dlp.exe --restrict-filenames --add-metadata -i -o "%(title).100s.%(ext)s" "https://www.tiktok.com/@favourtt_/video/7358949389840256302"; date;

Friday, July 12, 2024 2:04:32 PM

Drive        :
Provider     : Microsoft.PowerShell.Core\FileSystem
ProviderPath : \\TP-Share\G\shared\jellyfin\shows\downloaded
Path         : Microsoft.PowerShell.Core\FileSystem::\\TP-Share\G\shared\jellyfin\shows\downloaded

Friday, July 12, 2024 2:04:32 PM
[TikTok] Extracting URL: https://www.tiktok.com/@favourtt_/video/7358949389840256302
[TikTok] 7358949389840256302: Downloading webpage
[info] 7358949389840256302: Downloading 1 format(s): bytevc1_1080p_1279679-1
[download] Destination: wut_food_is_next_fyp_foryou_food_classroom_backofclassroom_senior.mp4
[download] 100% of   10.29MiB in 00:00:01 at 8.31MiB/s
[Metadata] Adding metadata to "wut_food_is_next_fyp_foryou_food_classroom_backofclassroom_senior.mp4"
Friday, July 12, 2024 2:04:37 PM

PS Microsoft.PowerShell.Core\FileSystem::\\TP-Share\G\shared\jellyfin\shows\downloaded> cd "\\TP-Share\G\shared\jellyfin\shows\downloaded"; date; pwd; date; yt-dlp.exe --restrict-filenames --add-metadata -i -o "%(title).100s.%(ext)s" "https://www.tiktok.com/@freshwitblossom/video/7358511868119371050"; date;

Friday, July 12, 2024 2:04:45 PM

Drive        :
Provider     : Microsoft.PowerShell.Core\FileSystem
ProviderPath : \\TP-Share\G\shared\jellyfin\shows\downloaded
Path         : Microsoft.PowerShell.Core\FileSystem::\\TP-Share\G\shared\jellyfin\shows\downloaded

Friday, July 12, 2024 2:04:45 PM
[TikTok] Extracting URL: https://www.tiktok.com/@freshwitblossom/video/7358511868119371050
[TikTok] 7358511868119371050: Downloading webpage
[info] 7358511868119371050: Downloading 1 format(s): bytevc1_1080p_2496460-1
[download] Destination: Replying_to_@Nesha_Spinning_shoe_rack_and_boxes_are_in_my_bio_in_my_storefront_shoestorage_homeorgan.mp4
[download] 100% of   20.73MiB in 00:00:01 at 14.65MiB/s
[Metadata] Adding metadata to "Replying_to_@Nesha_Spinning_shoe_rack_and_boxes_are_in_my_bio_in_my_storefront_shoestorage_homeorgan.mp4"
Friday, July 12, 2024 2:04:52 PM

PS Microsoft.PowerShell.Core\FileSystem::\\TP-Share\G\shared\jellyfin\shows\downloaded> cd "\\TP-Share\G\shared\jellyfin\shows\downloaded"; date; pwd; date; yt-dlp.exe --restrict-filenames --add-metadata -i -o "%(title).100s.%(ext)s" "https://www.tiktok.com/@freshwitblossom/video/7358511868119371050"; date;

Friday, July 12, 2024 2:05:01 PM

Drive        :
Provider     : Microsoft.PowerShell.Core\FileSystem
ProviderPath : \\TP-Share\G\shared\jellyfin\shows\downloaded
Path         : Microsoft.PowerShell.Core\FileSystem::\\TP-Share\G\shared\jellyfin\shows\downloaded

Friday, July 12, 2024 2:05:01 PM
[TikTok] Extracting URL: https://www.tiktok.com/@freshwitblossom/video/7358511868119371050
[TikTok] 7358511868119371050: Downloading webpage
[info] 7358511868119371050: Downloading 1 format(s): bytevc1_1080p_2496460-1
[download] Replying_to_@Nesha_Spinning_shoe_rack_and_boxes_are_in_my_bio_in_my_storefront_shoestorage_homeorgan.mp4 has already been downloaded
[download] 100% of   20.73MiB
[Metadata] Adding metadata to "Replying_to_@Nesha_Spinning_shoe_rack_and_boxes_are_in_my_bio_in_my_storefront_shoestorage_homeorgan.mp4"
Friday, July 12, 2024 2:05:07 PM

PS Microsoft.PowerShell.Core\FileSystem::\\TP-Share\G\shared\jellyfin\shows\downloaded>
PS Microsoft.PowerShell.Core\FileSystem::\\TP-Share\G\shared\jellyfin\shows\downloaded> cd "\\TP-Share\G\shared\jellyfin\shows\downloaded"; date; pwd; date; yt-dlp.exe --restrict-filenames --add-metadata -i -o "%(title).100s.%(ext)s" "https://www.tiktok.com/@debrakostiw/video/7360813358699859243"; date;

Friday, July 12, 2024 2:05:26 PM

Drive        :
Provider     : Microsoft.PowerShell.Core\FileSystem
ProviderPath : \\TP-Share\G\shared\jellyfin\shows\downloaded
Path         : Microsoft.PowerShell.Core\FileSystem::\\TP-Share\G\shared\jellyfin\shows\downloaded

Friday, July 12, 2024 2:05:26 PM
[TikTok] Extracting URL: https://www.tiktok.com/@debrakostiw/video/7360813358699859243
[TikTok] 7360813358699859243: Downloading webpage
[info] 7360813358699859243: Downloading 1 format(s): bytevc1_1080p_1038341-1
[download] Destination: Activities_give_us_a_sence_if_purpose._Find_your_FREE_ACTIVITY_AND_at_Www.answersaboutalz.org._You_n.mp4
[download] 100% of    8.34MiB in 00:00:01 at 7.40MiB/s
[Metadata] Adding metadata to "Activities_give_us_a_sence_if_purpose._Find_your_FREE_ACTIVITY_AND_at_Www.answersaboutalz.org._You_n.mp4"
Friday, July 12, 2024 2:05:31 PM

PS Microsoft.PowerShell.Core\FileSystem::\\TP-Share\G\shared\jellyfin\shows\downloaded> cd "\\TP-Share\G\shared\jellyfin\shows\downloaded"; date; pwd; date; yt-dlp.exe --restrict-filenames --add-metadata -i -o "%(title).100s.%(ext)s" "https://www.tiktok.com/@uncle_earl84/video/7388020336769486123"; date;

Friday, July 12, 2024 2:05:40 PM

Drive        :
Provider     : Microsoft.PowerShell.Core\FileSystem
ProviderPath : \\TP-Share\G\shared\jellyfin\shows\downloaded
Path         : Microsoft.PowerShell.Core\FileSystem::\\TP-Share\G\shared\jellyfin\shows\downloaded

Friday, July 12, 2024 2:05:40 PM
[TikTok] Extracting URL: https://www.tiktok.com/@uncle_earl84/video/7388020336769486123
[TikTok] 7388020336769486123: Downloading webpage
[info] 7388020336769486123: Downloading 1 format(s): bytevc1_720p_354108-1
[download] Destination: Speech_is_super_important_and_we_are_adjusting_as_we_should_fatherhood_cooljrue_daddysbaby.mp4
[download] 100% of    2.90MiB in 00:00:00 at 4.48MiB/s
[Metadata] Adding metadata to "Speech_is_super_important_and_we_are_adjusting_as_we_should_fatherhood_cooljrue_daddysbaby.mp4"
Friday, July 12, 2024 2:05:43 PM

PS Microsoft.PowerShell.Core\FileSystem::\\TP-Share\G\shared\jellyfin\shows\downloaded> cd "C:\Users\kushal\src\myhtml\fromnepal"; date; yarn; date; yarn run build; date; git add .; date; git commit --message "build application" --message "from the terminal"; date; git pull --rebase origin main; date; git push origin main; date;

Friday, July 12, 2024 2:50:11 PM
yarn install v1.22.21
[1/4] Resolving packages...
success Already up-to-date.
Done in 0.14s.
Friday, July 12, 2024 2:50:12 PM
yarn run v1.22.21
$ tsc && vite build
vite v5.2.13 building for production...
✓ 5 modules transformed.
docs/index.html                 0.53 kB │ gzip: 0.32 kB
docs/assets/index-DYhv0y2B.css  4.60 kB │ gzip: 1.63 kB
docs/assets/index-BUJcqj8w.js   4.81 kB │ gzip: 2.11 kB
✓ built in 149ms
Done in 2.66s.
Friday, July 12, 2024 2:50:15 PM
warning: in the working copy of 'docs/assets/index-BUJcqj8w.js', LF will be replaced by CRLF the next time Git touches it
warning: in the working copy of 'docs/assets/index-DYhv0y2B.css', LF will be replaced by CRLF the next time Git touches it
warning: in the working copy of 'docs/index.html', LF will be replaced by CRLF the next time Git touches it
Friday, July 12, 2024 2:50:15 PM
On branch main
Your branch is up to date with 'origin/main'.

nothing to commit, working tree clean
Friday, July 12, 2024 2:50:15 PM
From github.com:fromnepal/fromnepal.github.io
 * branch            main       -> FETCH_HEAD
Already up to date.
Friday, July 12, 2024 2:50:16 PM
Everything up-to-date
Friday, July 12, 2024 2:50:17 PM

PS C:\Users\kushal\src\myhtml\fromnepal> cd "C:\Users\kushal\src\angular\angulareighteen\"; date; git fetch; date; git status; date; date; git add .; git commit --message "add all files" --message "update from terminal"; date; git pull --rebase origin master; date; git push origin master; date; yarn run ng update; date; yarn run ng build; date; date; git fetch; date; git status; date; date; git add .; git commit --message "add all files" --message "update from terminal"; date; git pull --rebase origin master; date; git push origin master; date; yarn runng test; date; yarn run ng update @angular/core @angular/cli @angular/material; date; git add .; git commit --message "add all files" --message "update from terminal"; date; git pull --rebase origin master; date; git push origin master; date;

Friday, July 12, 2024 2:50:25 PM
Friday, July 12, 2024 2:50:26 PM
On branch master
Your branch is up to date with 'origin/master'.

nothing to commit, working tree clean
Friday, July 12, 2024 2:50:26 PM
Friday, July 12, 2024 2:50:26 PM
On branch master
Your branch is up to date with 'origin/master'.

nothing to commit, working tree clean
Friday, July 12, 2024 2:50:26 PM
From github.com:angulareighteen/angulareighteen.github.io
 * branch            master     -> FETCH_HEAD
Already up to date.
Friday, July 12, 2024 2:50:26 PM
Everything up-to-date
Friday, July 12, 2024 2:50:27 PM
yarn run v1.22.21
$ ng update
Using package manager: yarn
Collecting installed dependencies...
Found 26 dependencies.
    We analyzed your package.json and everything seems to be in order. Good work!
Done in 7.93s.
Friday, July 12, 2024 2:50:35 PM
yarn run v1.22.21
$ ng build
Initial chunk files   | Names         |  Raw size | Estimated transfer size
main-HLUBJGD7.js      | main          | 203.99 kB |                55.14 kB
polyfills-6EAL64PA.js | polyfills     |  34.23 kB |                11.13 kB
styles-5INURTSO.css   | styles        |   0 bytes |                 0 bytes

                      | Initial total | 238.22 kB |                66.27 kB

Output location: C:\Users\kushal\src\angular\angulareighteen\docs

Application bundle generation complete. [5.922 seconds]

Done in 9.38s.
Friday, July 12, 2024 2:50:45 PM
Friday, July 12, 2024 2:50:45 PM
Friday, July 12, 2024 2:50:45 PM
On branch master
Your branch is up to date with 'origin/master'.

nothing to commit, working tree clean
Friday, July 12, 2024 2:50:45 PM
Friday, July 12, 2024 2:50:45 PM
warning: in the working copy of 'docs/3rdpartylicenses.txt', LF will be replaced by CRLF the next time Git touches it
warning: in the working copy of 'docs/main-HLUBJGD7.js', LF will be replaced by CRLF the next time Git touches it
warning: in the working copy of 'docs/polyfills-6EAL64PA.js', LF will be replaced by CRLF the next time Git touches it
On branch master
Your branch is up to date with 'origin/master'.

nothing to commit, working tree clean
Friday, July 12, 2024 2:50:45 PM
From github.com:angulareighteen/angulareighteen.github.io
 * branch            master     -> FETCH_HEAD
Already up to date.
Friday, July 12, 2024 2:50:46 PM
Everything up-to-date
Friday, July 12, 2024 2:50:46 PM
yarn run v1.22.21
$ ng test
✔ Browser application bundle generation complete.
12 07 2024 14:50:59.743:INFO [karma-server]: Karma v6.4.3 server started at http://localhost:9876/
12 07 2024 14:50:59.744:INFO [launcher]: Launching browsers FirefoxHeadless with concurrency unlimited
12 07 2024 14:50:59.800:INFO [launcher]: Starting browser Firefox
12 07 2024 14:50:59.963:ERROR [launcher]: Cannot start Firefox


BROWSERBROWSERBROWSERBROWSER
  debug me @ 11260

*** You are running in headless mode.

12 07 2024 14:50:59.964:ERROR [launcher]: Firefox stdout:
12 07 2024 14:50:59.964:ERROR [launcher]: Firefox stderr:

BROWSERBROWSERBROWSERBROWSER
  debug me @ 11260

*** You are running in headless mode.

12 07 2024 14:50:59.966:INFO [launcher]: Trying to start Firefox again (1/2).
12 07 2024 14:51:00.013:ERROR [launcher]: Cannot start Firefox


BROWSERBROWSERBROWSERBROWSER
  debug me @ 33536

*** You are running in headless mode.

12 07 2024 14:51:00.013:ERROR [launcher]: Firefox stdout:
12 07 2024 14:51:00.013:ERROR [launcher]: Firefox stderr:

BROWSERBROWSERBROWSERBROWSER
  debug me @ 33536

*** You are running in headless mode.

12 07 2024 14:51:00.014:INFO [launcher]: Trying to start Firefox again (2/2).
12 07 2024 14:51:00.058:ERROR [launcher]: Cannot start Firefox


BROWSERBROWSERBROWSERBROWSER
  debug me @ 31960

*** You are running in headless mode.

12 07 2024 14:51:00.059:ERROR [launcher]: Firefox stdout:
12 07 2024 14:51:00.059:ERROR [launcher]: Firefox stderr:

BROWSERBROWSERBROWSERBROWSER
  debug me @ 31960

*** You are running in headless mode.

12 07 2024 14:51:00.060:ERROR [launcher]: Firefox failed 2 times (cannot start). Giving up.
error Command failed with exit code 1.
info Visit https://yarnpkg.com/en/docs/cli/run for documentation about this command.
Friday, July 12, 2024 2:51:00 PM
yarn run v1.22.21
$ ng update @angular/core @angular/cli @angular/material
Using package manager: yarn
Collecting installed dependencies...
Found 26 dependencies.
Fetching dependency metadata from registry...
Package '@angular/core' is already up to date.
Package '@angular/cli' is already up to date.
Package '@angular/material' is already up to date.
Done in 1.52s.
Friday, July 12, 2024 2:51:01 PM
On branch master
Your branch is up to date with 'origin/master'.

nothing to commit, working tree clean
Friday, July 12, 2024 2:51:01 PM
From github.com:angulareighteen/angulareighteen.github.io
 * branch            master     -> FETCH_HEAD
Already up to date.
Friday, July 12, 2024 2:51:02 PM
Everything up-to-date
Friday, July 12, 2024 2:51:03 PM

PS C:\Users\kushal\src\angular\angulareighteen> cd "C:\Users\kushal\src\myhtml\fromnepal"; date; yarn; date; yarn run build; date; git add .; date; git commit --message "build application" --message "from the terminal"; date; git pull --rebase origin main; date; git push origin main; date;

Friday, July 12, 2024 2:52:02 PM
yarn install v1.22.21
[1/4] Resolving packages...
success Already up-to-date.
Done in 0.06s.
Friday, July 12, 2024 2:52:02 PM
yarn run v1.22.21
$ tsc && vite build
vite v5.2.13 building for production...
✓ 5 modules transformed.
docs/index.html                 0.53 kB │ gzip: 0.32 kB
docs/assets/index-DYhv0y2B.css  4.60 kB │ gzip: 1.63 kB
docs/assets/index-BUJcqj8w.js   4.81 kB │ gzip: 2.11 kB
✓ built in 100ms
Done in 0.81s.
Friday, July 12, 2024 2:52:03 PM
warning: in the working copy of 'docs/assets/index-BUJcqj8w.js', LF will be replaced by CRLF the next time Git touches it
warning: in the working copy of 'docs/assets/index-DYhv0y2B.css', LF will be replaced by CRLF the next time Git touches it
warning: in the working copy of 'docs/index.html', LF will be replaced by CRLF the next time Git touches it
Friday, July 12, 2024 2:52:04 PM
[main bc27a31] build application
 2 files changed, 952 insertions(+), 216 deletions(-)
Friday, July 12, 2024 2:52:04 PM
From github.com:fromnepal/fromnepal.github.io
 * branch            main       -> FETCH_HEAD
Current branch main is up to date.
Friday, July 12, 2024 2:52:04 PM
Enumerating objects: 9, done.
Counting objects: 100% (9/9), done.
Delta compression using up to 16 threads
Compressing objects: 100% (5/5), done.
Writing objects: 100% (5/5), 4.43 KiB | 4.43 MiB/s, done.
Total 5 (delta 3), reused 0 (delta 0), pack-reused 0 (from 0)
remote: Resolving deltas: 100% (3/3), completed with 2 local objects.
To github.com:fromnepal/fromnepal.github.io.git
   100a06a..bc27a31  main -> main
Friday, July 12, 2024 2:52:05 PM

PS C:\Users\kushal\src\myhtml\fromnepal> cd "C:\Users\kushal\src\angular\angulareighteen\"; date; git fetch; date; git status; date; date; git add .; git commit --message "add all files" --message "update from terminal"; date; git pull --rebase origin master; date; git push origin master; date; yarn run ng update; date; yarn run ng build; date; date; git fetch; date; git status; date; date; git add .; git commit --message "add all files" --message "update from terminal"; date; git pull --rebase origin master; date; git push origin master; date; yarn runng test; date; yarn run ng update @angular/core @angular/cli @angular/material; date; git add .; git commit --message "add all files" --message "update from terminal"; date; git pull --rebase origin master; date; git push origin master; date;

Friday, July 12, 2024 2:52:07 PM
Friday, July 12, 2024 2:52:08 PM
On branch master
Your branch is up to date with 'origin/master'.

nothing to commit, working tree clean
Friday, July 12, 2024 2:52:08 PM
Friday, July 12, 2024 2:52:08 PM
On branch master
Your branch is up to date with 'origin/master'.

nothing to commit, working tree clean
Friday, July 12, 2024 2:52:08 PM
From github.com:angulareighteen/angulareighteen.github.io
 * branch            master     -> FETCH_HEAD
Already up to date.
Friday, July 12, 2024 2:52:08 PM
Everything up-to-date
Friday, July 12, 2024 2:52:09 PM
yarn run v1.22.21
$ ng update
Using package manager: yarn
Collecting installed dependencies...
Found 26 dependencies.
    We analyzed your package.json and everything seems to be in order. Good work!
Done in 1.29s.
Friday, July 12, 2024 2:52:10 PM
yarn run v1.22.21
$ ng build
Initial chunk files   | Names         |  Raw size | Estimated transfer size
main-HLUBJGD7.js      | main          | 203.99 kB |                55.14 kB
polyfills-6EAL64PA.js | polyfills     |  34.23 kB |                11.13 kB
styles-5INURTSO.css   | styles        |   0 bytes |                 0 bytes

                      | Initial total | 238.22 kB |                66.27 kB

Output location: C:\Users\kushal\src\angular\angulareighteen\docs

Application bundle generation complete. [1.745 seconds]

Done in 2.47s.
Friday, July 12, 2024 2:52:13 PM
Friday, July 12, 2024 2:52:13 PM
Friday, July 12, 2024 2:52:14 PM
On branch master
Your branch is up to date with 'origin/master'.

nothing to commit, working tree clean
Friday, July 12, 2024 2:52:14 PM
Friday, July 12, 2024 2:52:14 PM
On branch master
Your branch is up to date with 'origin/master'.

nothing to commit, working tree clean
Friday, July 12, 2024 2:52:14 PM
From github.com:angulareighteen/angulareighteen.github.io
 * branch            master     -> FETCH_HEAD
Already up to date.
Friday, July 12, 2024 2:52:14 PM
Everything up-to-date
Friday, July 12, 2024 2:52:15 PM
yarn run v1.22.21
$ ng test
✔ Browser application bundle generation complete.
12 07 2024 14:52:18.490:INFO [karma-server]: Karma v6.4.3 server started at http://localhost:9876/
12 07 2024 14:52:18.491:INFO [launcher]: Launching browsers FirefoxHeadless with concurrency unlimited
12 07 2024 14:52:18.497:INFO [launcher]: Starting browser Firefox
12 07 2024 14:52:19.405:INFO [Firefox 129.0 (Windows 10)]: Connected on socket DPFpGbvDPTYrTiP6AAAB with id 99567574
Firefox 129.0 (Windows 10): Executed 3 of 3 SUCCESS (0.09 secs / 0.06 secs)
TOTAL: 3 SUCCESS
Done in 4.59s.
Friday, July 12, 2024 2:52:20 PM
yarn run v1.22.21
$ ng update @angular/core @angular/cli @angular/material
Using package manager: yarn
Collecting installed dependencies...
Found 26 dependencies.
Fetching dependency metadata from registry...
Package '@angular/core' is already up to date.
Package '@angular/cli' is already up to date.
Package '@angular/material' is already up to date.
Done in 1.50s.
Friday, July 12, 2024 2:52:21 PM
On branch master
Your branch is up to date with 'origin/master'.

nothing to commit, working tree clean
Friday, July 12, 2024 2:52:21 PM
From github.com:angulareighteen/angulareighteen.github.io
 * branch            master     -> FETCH_HEAD
Already up to date.
Friday, July 12, 2024 2:52:22 PM
Everything up-to-date
Friday, July 12, 2024 2:52:22 PM

PS C:\Users\kushal\src\angular\angulareighteen> cd "C:\Users\kushal\src\myhtml\fromnepal"; date; yarn; date; yarn run build; date; git add .; date; git commit --message "build application" --message "from the terminal"; date; git pull --rebase origin main; date; git push origin main; date;
