PowerShell 7.4.2

   A new PowerShell stable release is available: v7.4.3
   Upgrade now, or check out the release page at:
     https://aka.ms/PowerShell-Release?tag=v7.4.3

Loading personal and system profiles took 605ms.
PS C:\Users\kushal>
PS C:\Users\kushal> cd "C:\Users\kushal\src\myhtml\fromnepal"; date; yarn; date; yarn run build; date; git add .; date; git commit --message "build application" --message "from the terminal"; date; git pull --rebase origin main; date; git push origin main; date;

Friday, July 19, 2024 12:37:29 PM
yarn install v1.22.21
[1/4] Resolving packages...
success Already up-to-date.
Done in 0.09s.
Friday, July 19, 2024 12:37:30 PM
yarn run v1.22.21
$ tsc && vite build
vite v5.2.13 building for production...
✓ 5 modules transformed.
docs/index.html                 0.53 kB │ gzip: 0.32 kB
docs/assets/index-DYhv0y2B.css  4.60 kB │ gzip: 1.63 kB
docs/assets/index-BUJcqj8w.js   4.81 kB │ gzip: 2.11 kB
✓ built in 152ms
Done in 2.59s.
Friday, July 19, 2024 12:37:33 PM
warning: in the working copy of 'docs/assets/index-BUJcqj8w.js', LF will be replaced by CRLF the next time Git touches it
warning: in the working copy of 'docs/assets/index-DYhv0y2B.css', LF will be replaced by CRLF the next time Git touches it
warning: in the working copy of 'docs/index.html', LF will be replaced by CRLF the next time Git touches it
Friday, July 19, 2024 12:37:33 PM
On branch main
Your branch is up to date with 'origin/main'.

nothing to commit, working tree clean
Friday, July 19, 2024 12:37:33 PM
From github.com:fromnepal/fromnepal.github.io
 * branch            main       -> FETCH_HEAD
Already up to date.
Friday, July 19, 2024 12:37:34 PM
Everything up-to-date
Friday, July 19, 2024 12:37:35 PM

PS C:\Users\kushal\src\myhtml\fromnepal> date; scoop status; date; scoop bucket rm main; date; scoop bucket add main; date; scoop bucket rm extras; date; scoop bucket add extras; date; scoop status; date; scoop update; date; scoop update *; date; scoop cache show; date; scoop cache rm *; date; scoop status; date;

Friday, July 19, 2024 12:37:39 PM
WARN  Scoop bucket(s) out of date. Run 'scoop update' to get the latest changes.
Friday, July 19, 2024 12:37:41 PM
The main bucket was removed successfully.
Friday, July 19, 2024 12:37:41 PM
Checking repo... OK
The main bucket was added successfully.
Friday, July 19, 2024 12:37:47 PM
The extras bucket was removed successfully.
Friday, July 19, 2024 12:37:48 PM
Checking repo... OK
The extras bucket was added successfully.
Friday, July 19, 2024 12:37:57 PM
Scoop is up to date.
Everything is ok!
Friday, July 19, 2024 12:37:58 PM
Updating Scoop...
Updating Buckets...
Scoop was updated successfully!
Friday, July 19, 2024 12:38:04 PM
Latest versions for all apps are installed! For more information try 'scoop status'
Friday, July 19, 2024 12:38:04 PM
Total: 0 files, 0 B
Friday, July 19, 2024 12:38:04 PM
Deleted: 0 files, 0 B
Friday, July 19, 2024 12:38:04 PM
Scoop is up to date.
Everything is ok!
Friday, July 19, 2024 12:38:05 PM

PS C:\Users\kushal\src\myhtml\fromnepal>
PS C:\Users\kushal\src\myhtml\fromnepal> cd "C:\Users\kushal\src\angular\angulareighteen\"; date; git fetch; date; git status; date; date; git add .; git commit --message "add all files" --message "update from terminal"; date; git pull --rebase origin master; date; git push origin master; date; yarn run ng update; date; yarn run ng build; date; date; git fetch; date; git status; date; date; git add .; git commit --message "add all files" --message "update from terminal"; date; git pull --rebase origin master; date; git push origin master; date; yarn run ng test; date; yarn run ng update @angular/core @angular/cli @angular/material; date; git add .; git commit --message "add all files" --message "update from terminal"; date; git pull --rebase origin master; date; git push origin master; date; echo y | npx update-browserslist-db@latest; date; git fetch; date; git status; date; date; git add .; git commit --message "add all files" --message "update from terminal"; date; git pull --rebase origin master; date; git push origin master;date; git remote show origin; date;

Friday, July 19, 2024 12:59:12 PM
Friday, July 19, 2024 12:59:13 PM
On branch master
Your branch is up to date with 'origin/master'.

nothing to commit, working tree clean
Friday, July 19, 2024 12:59:13 PM
Friday, July 19, 2024 12:59:13 PM
On branch master
Your branch is up to date with 'origin/master'.

nothing to commit, working tree clean
Friday, July 19, 2024 12:59:13 PM
From github.com:angulareighteen/angulareighteen.github.io
 * branch            master     -> FETCH_HEAD
Already up to date.
Friday, July 19, 2024 12:59:14 PM
Everything up-to-date
Friday, July 19, 2024 12:59:14 PM
yarn run v1.22.21
$ ng update
Unknown error: Error [ERR_REQUIRE_ESM]: require() of ES Module C:\Users\kushal\src\angular\angulareighteen\node_modules\string-width\index.js from C:\Users\kushal\src\angular\angulareighteen\node_modules\cliui\build\index.cjs not supported.
Instead change the require of index.js in C:\Users\kushal\src\angular\angulareighteen\node_modules\cliui\build\index.cjs to a dynamic import() which is available in all CommonJS modules.
error Command failed with exit code 127.
info Visit https://yarnpkg.com/en/docs/cli/run for documentation about this command.
Friday, July 19, 2024 12:59:18 PM
yarn run v1.22.21
$ ng build
Unknown error: Error [ERR_REQUIRE_ESM]: require() of ES Module C:\Users\kushal\src\angular\angulareighteen\node_modules\string-width\index.js from C:\Users\kushal\src\angular\angulareighteen\node_modules\cliui\build\index.cjs not supported.
Instead change the require of index.js in C:\Users\kushal\src\angular\angulareighteen\node_modules\cliui\build\index.cjs to a dynamic import() which is available in all CommonJS modules.
error Command failed with exit code 127.
info Visit https://yarnpkg.com/en/docs/cli/run for documentation about this command.
Friday, July 19, 2024 12:59:19 PM
Friday, July 19, 2024 12:59:19 PM
Friday, July 19, 2024 12:59:19 PM
On branch master
Your branch is up to date with 'origin/master'.

nothing to commit, working tree clean
Friday, July 19, 2024 12:59:19 PM
Friday, July 19, 2024 12:59:19 PM
On branch master
Your branch is up to date with 'origin/master'.

nothing to commit, working tree clean
Friday, July 19, 2024 12:59:19 PM
From github.com:angulareighteen/angulareighteen.github.io
 * branch            master     -> FETCH_HEAD
Already up to date.
Friday, July 19, 2024 12:59:20 PM
Everything up-to-date
Friday, July 19, 2024 12:59:21 PM
yarn run v1.22.21
$ ng test
Unknown error: Error [ERR_REQUIRE_ESM]: require() of ES Module C:\Users\kushal\src\angular\angulareighteen\node_modules\string-width\index.js from C:\Users\kushal\src\angular\angulareighteen\node_modules\cliui\build\index.cjs not supported.
Instead change the require of index.js in C:\Users\kushal\src\angular\angulareighteen\node_modules\cliui\build\index.cjs to a dynamic import() which is available in all CommonJS modules.
error Command failed with exit code 127.
info Visit https://yarnpkg.com/en/docs/cli/run for documentation about this command.
Friday, July 19, 2024 12:59:21 PM
yarn run v1.22.21
$ ng update @angular/core @angular/cli @angular/material
Unknown error: Error [ERR_REQUIRE_ESM]: require() of ES Module C:\Users\kushal\src\angular\angulareighteen\node_modules\string-width\index.js from C:\Users\kushal\src\angular\angulareighteen\node_modules\cliui\build\index.cjs not supported.
Instead change the require of index.js in C:\Users\kushal\src\angular\angulareighteen\node_modules\cliui\build\index.cjs to a dynamic import() which is available in all CommonJS modules.
error Command failed with exit code 127.
info Visit https://yarnpkg.com/en/docs/cli/run for documentation about this command.
Friday, July 19, 2024 12:59:21 PM
On branch master
Your branch is up to date with 'origin/master'.

nothing to commit, working tree clean
Friday, July 19, 2024 12:59:22 PM
From github.com:angulareighteen/angulareighteen.github.io
 * branch            master     -> FETCH_HEAD
Already up to date.
Friday, July 19, 2024 12:59:22 PM
Everything up-to-date
Friday, July 19, 2024 12:59:23 PM
Latest version:     1.0.30001642
Installed version:  none
Removing old caniuse-lite from lock file
Installing new caniuse-lite version
$ yarn add -W caniuse-lite
warning Pattern ["string-width-cjs@npm:string-width@^4.2.0"] is trying to unpack in the same destination "C:\\Users\\kushal\\AppData\\Local\\Yarn\\Cache\\v6\\npm-string-width-cjs-4.2.3-269c7117d27b05ad2e536830a8ec895ef9c6d010-integrity\\node_modules\\string-width-cjs" as pattern ["string-width@^4.1.0"]. This could result in non-deterministic behavior, skipping.
warning Pattern ["string-width@^4.2.3"] is trying to unpack in the same destination "C:\\Users\\kushal\\AppData\\Local\\Yarn\\Cache\\v6\\npm-string-width-cjs-4.2.3-269c7117d27b05ad2e536830a8ec895ef9c6d010-integrity\\node_modules\\string-width-cjs" as pattern ["string-width@^4.1.0"]. This could result in non-deterministic behavior, skipping.
warning Pattern ["string-width@^4.2.0"] is trying to unpack in the same destination "C:\\Users\\kushal\\AppData\\Local\\Yarn\\Cache\\v6\\npm-string-width-cjs-4.2.3-269c7117d27b05ad2e536830a8ec895ef9c6d010-integrity\\node_modules\\string-width-cjs" as pattern ["string-width@^4.1.0"]. This could result in non-deterministic behavior, skipping.
warning Pattern ["wrap-ansi@^7.0.0"] is trying to unpack in the same destination "C:\\Users\\kushal\\AppData\\Local\\Yarn\\Cache\\v6\\npm-wrap-ansi-cjs-7.0.0-67e145cff510a6a6984bdf1152911d69d2eb9e43-integrity\\node_modules\\wrap-ansi-cjs" as pattern ["wrap-ansi-cjs@npm:wrap-ansi@^7.0.0"]. This could result in non-deterministic behavior, skipping.
warning " > @angular/material@18.1.1" has unmet peer dependency "@angular/cdk@18.1.1".
Cleaning package.json dependencies from caniuse-lite
$ yarn remove -W caniuse-lite
warning Pattern ["string-width-cjs@npm:string-width@^4.2.0"] is trying to unpack in the same destination "C:\\Users\\kushal\\AppData\\Local\\Yarn\\Cache\\v6\\npm-string-width-cjs-4.2.3-269c7117d27b05ad2e536830a8ec895ef9c6d010-integrity\\node_modules\\string-width-cjs" as pattern ["string-width@^4.1.0"]. This could result in non-deterministic behavior, skipping.
warning Pattern ["string-width@^4.2.3"] is trying to unpack in the same destination "C:\\Users\\kushal\\AppData\\Local\\Yarn\\Cache\\v6\\npm-string-width-cjs-4.2.3-269c7117d27b05ad2e536830a8ec895ef9c6d010-integrity\\node_modules\\string-width-cjs" as pattern ["string-width@^4.1.0"]. This could result in non-deterministic behavior, skipping.
warning Pattern ["string-width@^4.2.0"] is trying to unpack in the same destination "C:\\Users\\kushal\\AppData\\Local\\Yarn\\Cache\\v6\\npm-string-width-cjs-4.2.3-269c7117d27b05ad2e536830a8ec895ef9c6d010-integrity\\node_modules\\string-width-cjs" as pattern ["string-width@^4.1.0"]. This could result in non-deterministic behavior, skipping.
warning Pattern ["wrap-ansi@^7.0.0"] is trying to unpack in the same destination "C:\\Users\\kushal\\AppData\\Local\\Yarn\\Cache\\v6\\npm-wrap-ansi-cjs-7.0.0-67e145cff510a6a6984bdf1152911d69d2eb9e43-integrity\\node_modules\\wrap-ansi-cjs" as pattern ["wrap-ansi-cjs@npm:wrap-ansi@^7.0.0"]. This could result in non-deterministic behavior, skipping.
warning " > @angular/material@18.1.1" has unmet peer dependency "@angular/cdk@18.1.1".
caniuse-lite has been successfully updated

No target browser changes
Friday, July 19, 2024 12:59:40 PM
Friday, July 19, 2024 12:59:41 PM
On branch master
Your branch is up to date with 'origin/master'.

nothing to commit, working tree clean
Friday, July 19, 2024 12:59:41 PM
Friday, July 19, 2024 12:59:41 PM
On branch master
Your branch is up to date with 'origin/master'.

nothing to commit, working tree clean
Friday, July 19, 2024 12:59:41 PM
From github.com:angulareighteen/angulareighteen.github.io
 * branch            master     -> FETCH_HEAD
Already up to date.
Friday, July 19, 2024 12:59:41 PM
Everything up-to-date
Friday, July 19, 2024 12:59:42 PM
* remote origin
  Fetch URL: git@github.com:angulareighteen/angulareighteen.github.io.git
  Push  URL: git@github.com:angulareighteen/angulareighteen.github.io.git
  HEAD branch: master
  Remote branch:
    master tracked
  Local branch configured for 'git pull':
    master merges with remote master
  Local ref configured for 'git push':
    master pushes to master (up to date)
Friday, July 19, 2024 12:59:42 PM

PS C:\Users\kushal\src\angular\angulareighteen> cd "C:\Users\kushal\src\angular\angulareighteen\"; date; git fetch; date; git status; date; date; git add .; git commit --message "add all files" --message "update from terminal"; date; git pull --rebase origin master; date; git push origin master; date; yarn run ng update; date; yarn run ng build; date; date; git fetch; date; git status; date; date; git add .; git commit --message "add all files" --message "update from terminal"; date; git pull --rebase origin master; date; git push origin master; date; yarn run ng test; date; yarn run ng update @angular/core @angular/cli @angular/material; date; git add .; git commit --message "add all files" --message "update from terminal"; date; git pull --rebase origin master; date; git push origin master; date; echo y | npx update-browserslist-db@latest; date; git fetch; date; git status; date; date; git add .; git commit --message "add all files" --message "update from terminal"; date; git pull --rebase origin master; date; git push origin master; date; git remote show origin; date;

Friday, July 19, 2024 1:09:42 PM
Friday, July 19, 2024 1:09:42 PM
On branch master
Your branch is up to date with 'origin/master'.

nothing to commit, working tree clean
Friday, July 19, 2024 1:09:42 PM
Friday, July 19, 2024 1:09:42 PM
On branch master
Your branch is up to date with 'origin/master'.

nothing to commit, working tree clean
Friday, July 19, 2024 1:09:42 PM
From github.com:angulareighteen/angulareighteen.github.io
 * branch            master     -> FETCH_HEAD
Already up to date.
Friday, July 19, 2024 1:09:43 PM
Everything up-to-date
Friday, July 19, 2024 1:09:44 PM
yarn run v1.22.21
$ ng update
Unknown error: Error [ERR_REQUIRE_ESM]: require() of ES Module C:\Users\kushal\src\angular\angulareighteen\node_modules\string-width\index.js from C:\Users\kushal\src\angular\angulareighteen\node_modules\cliui\build\index.cjs not supported.
Instead change the require of index.js in C:\Users\kushal\src\angular\angulareighteen\node_modules\cliui\build\index.cjs to a dynamic import() which is available in all CommonJS modules.
error Command failed with exit code 127.
info Visit https://yarnpkg.com/en/docs/cli/run for documentation about this command.
Friday, July 19, 2024 1:09:44 PM
yarn run v1.22.21
$ ng build
Unknown error: Error [ERR_REQUIRE_ESM]: require() of ES Module C:\Users\kushal\src\angular\angulareighteen\node_modules\string-width\index.js from C:\Users\kushal\src\angular\angulareighteen\node_modules\cliui\build\index.cjs not supported.
Instead change the require of index.js in C:\Users\kushal\src\angular\angulareighteen\node_modules\cliui\build\index.cjs to a dynamic import() which is available in all CommonJS modules.
error Command failed with exit code 127.
info Visit https://yarnpkg.com/en/docs/cli/run for documentation about this command.
Friday, July 19, 2024 1:09:45 PM
Friday, July 19, 2024 1:09:45 PM
Friday, July 19, 2024 1:09:46 PM
On branch master
Your branch is up to date with 'origin/master'.

nothing to commit, working tree clean
Friday, July 19, 2024 1:09:46 PM
Friday, July 19, 2024 1:09:46 PM
On branch master
Your branch is up to date with 'origin/master'.

nothing to commit, working tree clean
Friday, July 19, 2024 1:09:46 PM
From github.com:angulareighteen/angulareighteen.github.io
 * branch            master     -> FETCH_HEAD
Already up to date.
Friday, July 19, 2024 1:09:46 PM
Everything up-to-date
Friday, July 19, 2024 1:09:47 PM
yarn run v1.22.21
$ ng test
Unknown error: Error [ERR_REQUIRE_ESM]: require() of ES Module C:\Users\kushal\src\angular\angulareighteen\node_modules\string-width\index.js from C:\Users\kushal\src\angular\angulareighteen\node_modules\cliui\build\index.cjs not supported.
Instead change the require of index.js in C:\Users\kushal\src\angular\angulareighteen\node_modules\cliui\build\index.cjs to a dynamic import() which is available in all CommonJS modules.
error Command failed with exit code 127.
info Visit https://yarnpkg.com/en/docs/cli/run for documentation about this command.
Friday, July 19, 2024 1:09:48 PM
yarn run v1.22.21
$ ng update @angular/core @angular/cli @angular/material
Unknown error: Error [ERR_REQUIRE_ESM]: require() of ES Module C:\Users\kushal\src\angular\angulareighteen\node_modules\string-width\index.js from C:\Users\kushal\src\angular\angulareighteen\node_modules\cliui\build\index.cjs not supported.
Instead change the require of index.js in C:\Users\kushal\src\angular\angulareighteen\node_modules\cliui\build\index.cjs to a dynamic import() which is available in all CommonJS modules.
error Command failed with exit code 127.
info Visit https://yarnpkg.com/en/docs/cli/run for documentation about this command.
Friday, July 19, 2024 1:09:48 PM
On branch master
Your branch is up to date with 'origin/master'.

nothing to commit, working tree clean
Friday, July 19, 2024 1:09:48 PM
From github.com:angulareighteen/angulareighteen.github.io
 * branch            master     -> FETCH_HEAD
Already up to date.
Friday, July 19, 2024 1:09:49 PM
Everything up-to-date
Friday, July 19, 2024 1:09:49 PM
Latest version:     1.0.30001642
Installed version:  none
Removing old caniuse-lite from lock file
Installing new caniuse-lite version
$ yarn add -W caniuse-lite
warning Pattern ["string-width-cjs@npm:string-width@^4.2.0"] is trying to unpack in the same destination "C:\\Users\\kushal\\AppData\\Local\\Yarn\\Cache\\v6\\npm-string-width-cjs-4.2.3-269c7117d27b05ad2e536830a8ec895ef9c6d010-integrity\\node_modules\\string-width-cjs" as pattern ["string-width@^4.1.0"]. This could result in non-deterministic behavior, skipping.
warning Pattern ["string-width@^4.2.3"] is trying to unpack in the same destination "C:\\Users\\kushal\\AppData\\Local\\Yarn\\Cache\\v6\\npm-string-width-cjs-4.2.3-269c7117d27b05ad2e536830a8ec895ef9c6d010-integrity\\node_modules\\string-width-cjs" as pattern ["string-width@^4.1.0"]. This could result in non-deterministic behavior, skipping.
warning Pattern ["string-width@^4.2.0"] is trying to unpack in the same destination "C:\\Users\\kushal\\AppData\\Local\\Yarn\\Cache\\v6\\npm-string-width-cjs-4.2.3-269c7117d27b05ad2e536830a8ec895ef9c6d010-integrity\\node_modules\\string-width-cjs" as pattern ["string-width@^4.1.0"]. This could result in non-deterministic behavior, skipping.
warning Pattern ["wrap-ansi@^7.0.0"] is trying to unpack in the same destination "C:\\Users\\kushal\\AppData\\Local\\Yarn\\Cache\\v6\\npm-wrap-ansi-cjs-7.0.0-67e145cff510a6a6984bdf1152911d69d2eb9e43-integrity\\node_modules\\wrap-ansi-cjs" as pattern ["wrap-ansi-cjs@npm:wrap-ansi@^7.0.0"]. This could result in non-deterministic behavior, skipping.
warning " > @angular/material@18.1.1" has unmet peer dependency "@angular/cdk@18.1.1".
Cleaning package.json dependencies from caniuse-lite
$ yarn remove -W caniuse-lite
warning Pattern ["string-width-cjs@npm:string-width@^4.2.0"] is trying to unpack in the same destination "C:\\Users\\kushal\\AppData\\Local\\Yarn\\Cache\\v6\\npm-string-width-cjs-4.2.3-269c7117d27b05ad2e536830a8ec895ef9c6d010-integrity\\node_modules\\string-width-cjs" as pattern ["string-width@^4.1.0"]. This could result in non-deterministic behavior, skipping.
warning Pattern ["string-width@^4.2.3"] is trying to unpack in the same destination "C:\\Users\\kushal\\AppData\\Local\\Yarn\\Cache\\v6\\npm-string-width-cjs-4.2.3-269c7117d27b05ad2e536830a8ec895ef9c6d010-integrity\\node_modules\\string-width-cjs" as pattern ["string-width@^4.1.0"]. This could result in non-deterministic behavior, skipping.
warning Pattern ["string-width@^4.2.0"] is trying to unpack in the same destination "C:\\Users\\kushal\\AppData\\Local\\Yarn\\Cache\\v6\\npm-string-width-cjs-4.2.3-269c7117d27b05ad2e536830a8ec895ef9c6d010-integrity\\node_modules\\string-width-cjs" as pattern ["string-width@^4.1.0"]. This could result in non-deterministic behavior, skipping.
warning Pattern ["wrap-ansi@^7.0.0"] is trying to unpack in the same destination "C:\\Users\\kushal\\AppData\\Local\\Yarn\\Cache\\v6\\npm-wrap-ansi-cjs-7.0.0-67e145cff510a6a6984bdf1152911d69d2eb9e43-integrity\\node_modules\\wrap-ansi-cjs" as pattern ["wrap-ansi-cjs@npm:wrap-ansi@^7.0.0"]. This could result in non-deterministic behavior, skipping.
warning " > @angular/material@18.1.1" has unmet peer dependency "@angular/cdk@18.1.1".
caniuse-lite has been successfully updated

No target browser changes
Friday, July 19, 2024 1:09:58 PM
Friday, July 19, 2024 1:09:59 PM
On branch master
Your branch is up to date with 'origin/master'.

nothing to commit, working tree clean
Friday, July 19, 2024 1:09:59 PM
Friday, July 19, 2024 1:09:59 PM
On branch master
Your branch is up to date with 'origin/master'.

nothing to commit, working tree clean
Friday, July 19, 2024 1:09:59 PM
From github.com:angulareighteen/angulareighteen.github.io
 * branch            master     -> FETCH_HEAD
Already up to date.
Friday, July 19, 2024 1:09:59 PM
Everything up-to-date
Friday, July 19, 2024 1:10:00 PM
* remote origin
  Fetch URL: git@github.com:angulareighteen/angulareighteen.github.io.git
  Push  URL: git@github.com:angulareighteen/angulareighteen.github.io.git
  HEAD branch: master
  Remote branch:
    master tracked
  Local branch configured for 'git pull':
    master merges with remote master
  Local ref configured for 'git push':
    master pushes to master (up to date)
Friday, July 19, 2024 1:10:01 PM

PS C:\Users\kushal\src\angular\angulareighteen> cd "C:\Users\kushal\src\myhtml\fromnepal"; date; yarn; date; yarn run build; date; git add .; date; git commit --message "build application" --message "from theterminal"; date; git pull --rebase origin main; date; git push origin main; date;

Friday, July 19, 2024 1:10:07 PM
yarn install v1.22.21
[1/4] Resolving packages...
success Already up-to-date.
Done in 0.06s.
Friday, July 19, 2024 1:10:07 PM
yarn run v1.22.21
$ tsc && vite build
vite v5.2.13 building for production...
✓ 5 modules transformed.
docs/index.html                 0.53 kB │ gzip: 0.32 kB
docs/assets/index-DYhv0y2B.css  4.60 kB │ gzip: 1.63 kB
docs/assets/index-BUJcqj8w.js   4.81 kB │ gzip: 2.11 kB
✓ built in 126ms
Done in 0.87s.
Friday, July 19, 2024 1:10:08 PM
warning: in the working copy of 'docs/assets/index-BUJcqj8w.js', LF will be replaced by CRLF the next time Git touches it
warning: in the working copy of 'docs/assets/index-DYhv0y2B.css', LF will be replaced by CRLF the next time Git touches it
warning: in the working copy of 'docs/index.html', LF will be replaced by CRLF the next time Git touches it
Friday, July 19, 2024 1:10:08 PM
On branch main
Your branch is up to date with 'origin/main'.

nothing to commit, working tree clean
Friday, July 19, 2024 1:10:08 PM
From github.com:fromnepal/fromnepal.github.io
 * branch            main       -> FETCH_HEAD
Already up to date.
Friday, July 19, 2024 1:10:09 PM
Everything up-to-date
Friday, July 19, 2024 1:10:09 PM

PS C:\Users\kushal\src\myhtml\fromnepal> cd "C:\Users\kushal\src\myhtml\fromnepal"; date; yarn; date; yarn run build; date; git add .; date; git commit --message "build application" --message "from the terminal"; date; git pull --rebase origin main; date; git push origin main; date;

Friday, July 19, 2024 1:10:16 PM
yarn install v1.22.21
[1/4] Resolving packages...
success Already up-to-date.
Done in 0.06s.
Friday, July 19, 2024 1:10:16 PM
yarn run v1.22.21
$ tsc && vite build
vite v5.2.13 building for production...
✓ 5 modules transformed.
docs/index.html                 0.53 kB │ gzip: 0.32 kB
docs/assets/index-DYhv0y2B.css  4.60 kB │ gzip: 1.63 kB
docs/assets/index-BUJcqj8w.js   4.81 kB │ gzip: 2.11 kB
✓ built in 106ms
Done in 0.83s.
Friday, July 19, 2024 1:10:17 PM
warning: in the working copy of 'docs/assets/index-BUJcqj8w.js', LF will be replaced by CRLF the next time Git touches it
warning: in the working copy of 'docs/assets/index-DYhv0y2B.css', LF will be replaced by CRLF the next time Git touches it
warning: in the working copy of 'docs/index.html', LF will be replaced by CRLF the next time Git touches it
Friday, July 19, 2024 1:10:17 PM
[main 9621f91] build application
 2 files changed, 472 insertions(+), 244 deletions(-)
Friday, July 19, 2024 1:10:17 PM
From github.com:fromnepal/fromnepal.github.io
 * branch            main       -> FETCH_HEAD
Current branch main is up to date.
Friday, July 19, 2024 1:10:18 PM
Enumerating objects: 9, done.
Counting objects: 100% (9/9), done.
Delta compression using up to 16 threads
Compressing objects: 100% (5/5), done.
Writing objects: 100% (5/5), 1.38 KiB | 1.38 MiB/s, done.
Total 5 (delta 4), reused 0 (delta 0), pack-reused 0 (from 0)
remote: Resolving deltas: 100% (4/4), completed with 3 local objects.
To github.com:fromnepal/fromnepal.github.io.git
   8bb7086..9621f91  main -> main
Friday, July 19, 2024 1:10:19 PM

PS C:\Users\kushal\src\myhtml\fromnepal> cd "C:\Users\kushal\src\angular\angulareighteen\"; date; git fetch; date; git status; date; date; git add .; git commit --message "add all files" --message "update from terminal"; date; git pull --rebase origin master; date; git push origin master; date; yarn run ng update; date; yarn run ng build; date; date; git fetch; date; git status; date; date; git add .; git commit --message "add all files" --message "update from terminal"; date; git pull --rebase origin master; date; git push origin master; date; yarn run ng test; date; yarn run ng update @angular/core @angular/cli @angular/material; date; git add .; git commit --message "add all files" --message "update from terminal"; date; git pull --rebase origin master; date; git push origin master; date; echo y | npx update-browserslist-db@latest; date; git fetch; date; git status; date; date; git add .; git commit --message "add all files" --message "update from terminal"; date; git pull --rebase origin master; date; git push origin master;date; git remote show origin; date;

Friday, July 19, 2024 1:10:21 PM
Friday, July 19, 2024 1:10:21 PM
On branch master
Your branch is up to date with 'origin/master'.

nothing to commit, working tree clean
Friday, July 19, 2024 1:10:21 PM
Friday, July 19, 2024 1:10:21 PM
On branch master
Your branch is up to date with 'origin/master'.

nothing to commit, working tree clean
Friday, July 19, 2024 1:10:21 PM
From github.com:angulareighteen/angulareighteen.github.io
 * branch            master     -> FETCH_HEAD
Already up to date.
Friday, July 19, 2024 1:10:22 PM
Everything up-to-date
Friday, July 19, 2024 1:10:23 PM
yarn run v1.22.21
$ ng update
Unknown error: Error [ERR_REQUIRE_ESM]: require() of ES Module C:\Users\kushal\src\angular\angulareighteen\node_modules\string-width\index.js from C:\Users\kushal\src\angular\angulareighteen\node_modules\cliui\build\index.cjs not supported.
Instead change the require of index.js in C:\Users\kushal\src\angular\angulareighteen\node_modules\cliui\build\index.cjs to a dynamic import() which is available in all CommonJS modules.
error Command failed with exit code 127.
info Visit https://yarnpkg.com/en/docs/cli/run for documentation about this command.
Friday, July 19, 2024 1:10:23 PM
yarn run v1.22.21
$ ng build
Unknown error: Error [ERR_REQUIRE_ESM]: require() of ES Module C:\Users\kushal\src\angular\angulareighteen\node_modules\string-width\index.js from C:\Users\kushal\src\angular\angulareighteen\node_modules\cliui\build\index.cjs not supported.
Instead change the require of index.js in C:\Users\kushal\src\angular\angulareighteen\node_modules\cliui\build\index.cjs to a dynamic import() which is available in all CommonJS modules.
error Command failed with exit code 127.
info Visit https://yarnpkg.com/en/docs/cli/run for documentation about this command.
Friday, July 19, 2024 1:10:23 PM
Friday, July 19, 2024 1:10:23 PM
Friday, July 19, 2024 1:10:24 PM
On branch master
Your branch is up to date with 'origin/master'.

nothing to commit, working tree clean
Friday, July 19, 2024 1:10:24 PM
Friday, July 19, 2024 1:10:24 PM
On branch master
Your branch is up to date with 'origin/master'.

nothing to commit, working tree clean
Friday, July 19, 2024 1:10:24 PM
From github.com:angulareighteen/angulareighteen.github.io
 * branch            master     -> FETCH_HEAD
Already up to date.
Friday, July 19, 2024 1:10:25 PM
Everything up-to-date
Friday, July 19, 2024 1:10:25 PM
yarn run v1.22.21
$ ng test
Unknown error: Error [ERR_REQUIRE_ESM]: require() of ES Module C:\Users\kushal\src\angular\angulareighteen\node_modules\string-width\index.js from C:\Users\kushal\src\angular\angulareighteen\node_modules\cliui\build\index.cjs not supported.
Instead change the require of index.js in C:\Users\kushal\src\angular\angulareighteen\node_modules\cliui\build\index.cjs to a dynamic import() which is available in all CommonJS modules.
error Command failed with exit code 127.
info Visit https://yarnpkg.com/en/docs/cli/run for documentation about this command.
Friday, July 19, 2024 1:10:26 PM
yarn run v1.22.21
$ ng update @angular/core @angular/cli @angular/material
Unknown error: Error [ERR_REQUIRE_ESM]: require() of ES Module C:\Users\kushal\src\angular\angulareighteen\node_modules\string-width\index.js from C:\Users\kushal\src\angular\angulareighteen\node_modules\cliui\build\index.cjs not supported.
Instead change the require of index.js in C:\Users\kushal\src\angular\angulareighteen\node_modules\cliui\build\index.cjs to a dynamic import() which is available in all CommonJS modules.
error Command failed with exit code 127.
info Visit https://yarnpkg.com/en/docs/cli/run for documentation about this command.
Friday, July 19, 2024 1:10:26 PM
On branch master
Your branch is up to date with 'origin/master'.

nothing to commit, working tree clean
Friday, July 19, 2024 1:10:26 PM
From github.com:angulareighteen/angulareighteen.github.io
 * branch            master     -> FETCH_HEAD
Already up to date.
Friday, July 19, 2024 1:10:27 PM
Everything up-to-date
Friday, July 19, 2024 1:10:27 PM
Latest version:     1.0.30001642
Installed version:  none
Removing old caniuse-lite from lock file
Installing new caniuse-lite version
$ yarn add -W caniuse-lite
warning Pattern ["string-width-cjs@npm:string-width@^4.2.0"] is trying to unpack in the same destination "C:\\Users\\kushal\\AppData\\Local\\Yarn\\Cache\\v6\\npm-string-width-cjs-4.2.3-269c7117d27b05ad2e536830a8ec895ef9c6d010-integrity\\node_modules\\string-width-cjs" as pattern ["string-width@^4.1.0"]. This could result in non-deterministic behavior, skipping.
warning Pattern ["string-width@^4.2.3"] is trying to unpack in the same destination "C:\\Users\\kushal\\AppData\\Local\\Yarn\\Cache\\v6\\npm-string-width-cjs-4.2.3-269c7117d27b05ad2e536830a8ec895ef9c6d010-integrity\\node_modules\\string-width-cjs" as pattern ["string-width@^4.1.0"]. This could result in non-deterministic behavior, skipping.
warning Pattern ["string-width@^4.2.0"] is trying to unpack in the same destination "C:\\Users\\kushal\\AppData\\Local\\Yarn\\Cache\\v6\\npm-string-width-cjs-4.2.3-269c7117d27b05ad2e536830a8ec895ef9c6d010-integrity\\node_modules\\string-width-cjs" as pattern ["string-width@^4.1.0"]. This could result in non-deterministic behavior, skipping.
warning Pattern ["wrap-ansi@^7.0.0"] is trying to unpack in the same destination "C:\\Users\\kushal\\AppData\\Local\\Yarn\\Cache\\v6\\npm-wrap-ansi-cjs-7.0.0-67e145cff510a6a6984bdf1152911d69d2eb9e43-integrity\\node_modules\\wrap-ansi-cjs" as pattern ["wrap-ansi-cjs@npm:wrap-ansi@^7.0.0"]. This could result in non-deterministic behavior, skipping.
warning " > @angular/material@18.1.1" has unmet peer dependency "@angular/cdk@18.1.1".
Cleaning package.json dependencies from caniuse-lite
$ yarn remove -W caniuse-lite
warning Pattern ["string-width-cjs@npm:string-width@^4.2.0"] is trying to unpack in the same destination "C:\\Users\\kushal\\AppData\\Local\\Yarn\\Cache\\v6\\npm-string-width-cjs-4.2.3-269c7117d27b05ad2e536830a8ec895ef9c6d010-integrity\\node_modules\\string-width-cjs" as pattern ["string-width@^4.1.0"]. This could result in non-deterministic behavior, skipping.
warning Pattern ["string-width@^4.2.3"] is trying to unpack in the same destination "C:\\Users\\kushal\\AppData\\Local\\Yarn\\Cache\\v6\\npm-string-width-cjs-4.2.3-269c7117d27b05ad2e536830a8ec895ef9c6d010-integrity\\node_modules\\string-width-cjs" as pattern ["string-width@^4.1.0"]. This could result in non-deterministic behavior, skipping.
warning Pattern ["string-width@^4.2.0"] is trying to unpack in the same destination "C:\\Users\\kushal\\AppData\\Local\\Yarn\\Cache\\v6\\npm-string-width-cjs-4.2.3-269c7117d27b05ad2e536830a8ec895ef9c6d010-integrity\\node_modules\\string-width-cjs" as pattern ["string-width@^4.1.0"]. This could result in non-deterministic behavior, skipping.
warning Pattern ["wrap-ansi@^7.0.0"] is trying to unpack in the same destination "C:\\Users\\kushal\\AppData\\Local\\Yarn\\Cache\\v6\\npm-wrap-ansi-cjs-7.0.0-67e145cff510a6a6984bdf1152911d69d2eb9e43-integrity\\node_modules\\wrap-ansi-cjs" as pattern ["wrap-ansi-cjs@npm:wrap-ansi@^7.0.0"]. This could result in non-deterministic behavior, skipping.
warning " > @angular/material@18.1.1" has unmet peer dependency "@angular/cdk@18.1.1".
caniuse-lite has been successfully updated

No target browser changes
Friday, July 19, 2024 1:10:36 PM
Friday, July 19, 2024 1:10:37 PM
On branch master
Your branch is up to date with 'origin/master'.

nothing to commit, working tree clean
Friday, July 19, 2024 1:10:37 PM
Friday, July 19, 2024 1:10:37 PM
On branch master
Your branch is up to date with 'origin/master'.

nothing to commit, working tree clean
Friday, July 19, 2024 1:10:37 PM
From github.com:angulareighteen/angulareighteen.github.io
 * branch            master     -> FETCH_HEAD
Already up to date.
Friday, July 19, 2024 1:10:38 PM
Everything up-to-date
Friday, July 19, 2024 1:10:38 PM
* remote origin
  Fetch URL: git@github.com:angulareighteen/angulareighteen.github.io.git
  Push  URL: git@github.com:angulareighteen/angulareighteen.github.io.git
  HEAD branch: master
  Remote branch:
    master tracked
  Local branch configured for 'git pull':
    master merges with remote master
  Local ref configured for 'git push':
    master pushes to master (up to date)
Friday, July 19, 2024 1:10:39 PM

PS C:\Users\kushal\src\angular\angulareighteen>
PS C:\Users\kushal\src\angular\angulareighteen> cd "C:\Users\kushal\src\angular\angulareighteen\"; date; git fetch; date; git status; date; date; git add .; git commit --message "add all files" --message "update from terminal"; date; git pull --rebase origin master; date; git push origin master; date; yarn run ng update; date; yarn run ng build; date; date; git fetch; date; git status; date; date; git add .; git commit --message "add all files" --message "update from terminal"; date; git pull --rebase origin master; date; git push origin master; date; yarn run ng test; date; yarn run ng update @angular/core @angular/cli @angular/material; date; git add .; git commit --message "add all files" --message "update from terminal"; date; git pull --rebase origin master; date; git push origin master; date; echo y | npx update-browserslist-db@latest; date; git fetch; date; git status; date; date; git add .; git commit --message "add all files" --message "update from terminal"; date; git pull --rebase origin master; date; git push origin master; date; git remote show origin; date;

Saturday, July 20, 2024 3:40:06 PM
Saturday, July 20, 2024 3:40:07 PM
On branch master
Your branch is up to date with 'origin/master'.

nothing to commit, working tree clean
Saturday, July 20, 2024 3:40:07 PM
Saturday, July 20, 2024 3:40:07 PM
On branch master
Your branch is up to date with 'origin/master'.

nothing to commit, working tree clean
Saturday, July 20, 2024 3:40:07 PM
From github.com:angulareighteen/angulareighteen.github.io
 * branch            master     -> FETCH_HEAD
Already up to date.
Saturday, July 20, 2024 3:40:07 PM
Everything up-to-date
Saturday, July 20, 2024 3:40:08 PM
yarn run v1.22.21
$ ng update
Unknown error: Error [ERR_REQUIRE_ESM]: require() of ES Module C:\Users\kushal\src\angular\angulareighteen\node_modules\string-width\index.js from C:\Users\kushal\src\angular\angulareighteen\node_modules\cliui\build\index.cjs not supported.
Instead change the require of index.js in C:\Users\kushal\src\angular\angulareighteen\node_modules\cliui\build\index.cjs to a dynamic import() which is available in all CommonJS modules.
error Command failed with exit code 127.
info Visit https://yarnpkg.com/en/docs/cli/run for documentation about this command.
Saturday, July 20, 2024 3:40:12 PM
yarn run v1.22.21
$ ng build
Unknown error: Error [ERR_REQUIRE_ESM]: require() of ES Module C:\Users\kushal\src\angular\angulareighteen\node_modules\string-width\index.js from C:\Users\kushal\src\angular\angulareighteen\node_modules\cliui\build\index.cjs not supported.
Instead change the require of index.js in C:\Users\kushal\src\angular\angulareighteen\node_modules\cliui\build\index.cjs to a dynamic import() which is available in all CommonJS modules.
error Command failed with exit code 127.
info Visit https://yarnpkg.com/en/docs/cli/run for documentation about this command.
Saturday, July 20, 2024 3:40:15 PM
Saturday, July 20, 2024 3:40:15 PM
Saturday, July 20, 2024 3:40:15 PM
On branch master
Your branch is up to date with 'origin/master'.

nothing to commit, working tree clean
Saturday, July 20, 2024 3:40:15 PM
Saturday, July 20, 2024 3:40:15 PM
On branch master
Your branch is up to date with 'origin/master'.

nothing to commit, working tree clean
Saturday, July 20, 2024 3:40:15 PM
From github.com:angulareighteen/angulareighteen.github.io
 * branch            master     -> FETCH_HEAD
Already up to date.
Saturday, July 20, 2024 3:40:16 PM
Everything up-to-date
Saturday, July 20, 2024 3:40:17 PM
yarn run v1.22.21
$ ng test
Unknown error: Error [ERR_REQUIRE_ESM]: require() of ES Module C:\Users\kushal\src\angular\angulareighteen\node_modules\string-width\index.js from C:\Users\kushal\src\angular\angulareighteen\node_modules\cliui\build\index.cjs not supported.
Instead change the require of index.js in C:\Users\kushal\src\angular\angulareighteen\node_modules\cliui\build\index.cjs to a dynamic import() which is available in all CommonJS modules.
error Command failed with exit code 127.
info Visit https://yarnpkg.com/en/docs/cli/run for documentation about this command.
Saturday, July 20, 2024 3:40:17 PM
yarn run v1.22.21
$ ng update @angular/core @angular/cli @angular/material
Unknown error: Error [ERR_REQUIRE_ESM]: require() of ES Module C:\Users\kushal\src\angular\angulareighteen\node_modules\string-width\index.js from C:\Users\kushal\src\angular\angulareighteen\node_modules\cliui\build\index.cjs not supported.
Instead change the require of index.js in C:\Users\kushal\src\angular\angulareighteen\node_modules\cliui\build\index.cjs to a dynamic import() which is available in all CommonJS modules.
error Command failed with exit code 127.
info Visit https://yarnpkg.com/en/docs/cli/run for documentation about this command.
Saturday, July 20, 2024 3:40:17 PM
On branch master
Your branch is up to date with 'origin/master'.

nothing to commit, working tree clean
Saturday, July 20, 2024 3:40:18 PM
From github.com:angulareighteen/angulareighteen.github.io
 * branch            master     -> FETCH_HEAD
Already up to date.
Saturday, July 20, 2024 3:40:18 PM
Everything up-to-date
Saturday, July 20, 2024 3:40:19 PM
Latest version:     1.0.30001642
Installed version:  none
Removing old caniuse-lite from lock file
Installing new caniuse-lite version
$ yarn add -W caniuse-lite
warning Pattern ["string-width-cjs@npm:string-width@^4.2.0"] is trying to unpack in the same destination "C:\\Users\\kushal\\AppData\\Local\\Yarn\\Cache\\v6\\npm-string-width-cjs-4.2.3-269c7117d27b05ad2e536830a8ec895ef9c6d010-integrity\\node_modules\\string-width-cjs" as pattern ["string-width@^4.1.0"]. This could result in non-deterministic behavior, skipping.
warning Pattern ["string-width@^4.2.3"] is trying to unpack in the same destination "C:\\Users\\kushal\\AppData\\Local\\Yarn\\Cache\\v6\\npm-string-width-cjs-4.2.3-269c7117d27b05ad2e536830a8ec895ef9c6d010-integrity\\node_modules\\string-width-cjs" as pattern ["string-width@^4.1.0"]. This could result in non-deterministic behavior, skipping.
warning Pattern ["string-width@^4.2.0"] is trying to unpack in the same destination "C:\\Users\\kushal\\AppData\\Local\\Yarn\\Cache\\v6\\npm-string-width-cjs-4.2.3-269c7117d27b05ad2e536830a8ec895ef9c6d010-integrity\\node_modules\\string-width-cjs" as pattern ["string-width@^4.1.0"]. This could result in non-deterministic behavior, skipping.
warning Pattern ["wrap-ansi@^7.0.0"] is trying to unpack in the same destination "C:\\Users\\kushal\\AppData\\Local\\Yarn\\Cache\\v6\\npm-wrap-ansi-cjs-7.0.0-67e145cff510a6a6984bdf1152911d69d2eb9e43-integrity\\node_modules\\wrap-ansi-cjs" as pattern ["wrap-ansi-cjs@npm:wrap-ansi@^7.0.0"]. This could result in non-deterministic behavior, skipping.
warning " > @angular/material@18.1.1" has unmet peer dependency "@angular/cdk@18.1.1".
Cleaning package.json dependencies from caniuse-lite
$ yarn remove -W caniuse-lite
warning Pattern ["string-width-cjs@npm:string-width@^4.2.0"] is trying to unpack in the same destination "C:\\Users\\kushal\\AppData\\Local\\Yarn\\Cache\\v6\\npm-string-width-cjs-4.2.3-269c7117d27b05ad2e536830a8ec895ef9c6d010-integrity\\node_modules\\string-width-cjs" as pattern ["string-width@^4.1.0"]. This could result in non-deterministic behavior, skipping.
warning Pattern ["string-width@^4.2.3"] is trying to unpack in the same destination "C:\\Users\\kushal\\AppData\\Local\\Yarn\\Cache\\v6\\npm-string-width-cjs-4.2.3-269c7117d27b05ad2e536830a8ec895ef9c6d010-integrity\\node_modules\\string-width-cjs" as pattern ["string-width@^4.1.0"]. This could result in non-deterministic behavior, skipping.
warning Pattern ["string-width@^4.2.0"] is trying to unpack in the same destination "C:\\Users\\kushal\\AppData\\Local\\Yarn\\Cache\\v6\\npm-string-width-cjs-4.2.3-269c7117d27b05ad2e536830a8ec895ef9c6d010-integrity\\node_modules\\string-width-cjs" as pattern ["string-width@^4.1.0"]. This could result in non-deterministic behavior, skipping.
warning Pattern ["wrap-ansi@^7.0.0"] is trying to unpack in the same destination "C:\\Users\\kushal\\AppData\\Local\\Yarn\\Cache\\v6\\npm-wrap-ansi-cjs-7.0.0-67e145cff510a6a6984bdf1152911d69d2eb9e43-integrity\\node_modules\\wrap-ansi-cjs" as pattern ["wrap-ansi-cjs@npm:wrap-ansi@^7.0.0"]. This could result in non-deterministic behavior, skipping.
warning " > @angular/material@18.1.1" has unmet peer dependency "@angular/cdk@18.1.1".
caniuse-lite has been successfully updated

No target browser changes
Saturday, July 20, 2024 3:40:36 PM
Saturday, July 20, 2024 3:40:37 PM
On branch master
Your branch is up to date with 'origin/master'.

nothing to commit, working tree clean
Saturday, July 20, 2024 3:40:37 PM
Saturday, July 20, 2024 3:40:37 PM
On branch master
Your branch is up to date with 'origin/master'.

nothing to commit, working tree clean
Saturday, July 20, 2024 3:40:37 PM
From github.com:angulareighteen/angulareighteen.github.io
 * branch            master     -> FETCH_HEAD
Already up to date.
Saturday, July 20, 2024 3:40:37 PM
Everything up-to-date
Saturday, July 20, 2024 3:40:38 PM
* remote origin
  Fetch URL: git@github.com:angulareighteen/angulareighteen.github.io.git
  Push  URL: git@github.com:angulareighteen/angulareighteen.github.io.git
  HEAD branch: master
  Remote branch:
    master tracked
  Local branch configured for 'git pull':
    master merges with remote master
  Local ref configured for 'git push':
    master pushes to master (up to date)
Saturday, July 20, 2024 3:40:38 PM

PS C:\Users\kushal\src\angular\angulareighteen> cd "C:\Users\kushal\src\myhtml\fromnepal"; date; yarn; date; yarn run build; date; git add .; date; git commit --message "build application" --message "from theterminal"; date; git pull --rebase origin main; date; git push origin main; date;

Saturday, July 20, 2024 4:00:24 PM
yarn install v1.22.21
[1/4] Resolving packages...
success Already up-to-date.
Done in 0.14s.
Saturday, July 20, 2024 4:00:25 PM
yarn run v1.22.21
$ tsc && vite build
vite v5.2.13 building for production...
✓ 5 modules transformed.
docs/index.html                 0.53 kB │ gzip: 0.32 kB
docs/assets/index-DYhv0y2B.css  4.60 kB │ gzip: 1.63 kB
docs/assets/index-BUJcqj8w.js   4.81 kB │ gzip: 2.11 kB
✓ built in 159ms
Done in 2.48s.
Saturday, July 20, 2024 4:00:27 PM
warning: in the working copy of 'docs/assets/index-BUJcqj8w.js', LF will be replaced by CRLF the next time Git touches it
warning: in the working copy of 'docs/assets/index-DYhv0y2B.css', LF will be replaced by CRLF the next time Git touches it
warning: in the working copy of 'docs/index.html', LF will be replaced by CRLF the next time Git touches it
Saturday, July 20, 2024 4:00:27 PM
[main ce0749e] build application
 2 files changed, 0 insertions(+), 0 deletions(-)
 create mode 100644 docs/mcd.json
 create mode 100644 public/mcd.json
Saturday, July 20, 2024 4:00:27 PM
From github.com:fromnepal/fromnepal.github.io
 * branch            main       -> FETCH_HEAD
Current branch main is up to date.
Saturday, July 20, 2024 4:00:29 PM
Enumerating objects: 8, done.
Counting objects: 100% (8/8), done.
Delta compression using up to 16 threads
Compressing objects: 100% (4/4), done.
Writing objects: 100% (5/5), 400 bytes | 400.00 KiB/s, done.
Total 5 (delta 3), reused 0 (delta 0), pack-reused 0 (from 0)
remote: Resolving deltas: 100% (3/3), completed with 2 local objects.
To github.com:fromnepal/fromnepal.github.io.git
   9621f91..ce0749e  main -> main
Saturday, July 20, 2024 4:00:30 PM

PS C:\Users\kushal\src\myhtml\fromnepal> cd "C:\Users\kushal\src\myhtml\fromnepal"; date; yarn; date; yarn run build; date; git add .; date; git commit --message "build application" --message "from the terminal"; date; git pull --rebase origin main; date; git push origin main; date;
