PowerShell 7.4.3

   A new PowerShell stable release is available: v7.4.4
   Upgrade now, or check out the release page at:
     https://aka.ms/PowerShell-Release?tag=v7.4.4

Loading personal and system profiles took 505ms.
PS C:\Users\kushal> cd "C:\Users\kushal\src\myhtml\fromnepal"; date; yarn; date; yarn run build; date; git add .; date; git commit --message "build application" --message "from the terminal"; date; git pull --rebase origin main; date; git push origin main; date;

Saturday, August 3, 2024 6:17:27 AM
yarn install v1.22.21
[1/4] Resolving packages...
success Already up-to-date.
Done in 0.08s.
Saturday, August 3, 2024 6:17:28 AM
yarn run v1.22.21
$ tsc && vite build
vite v5.2.13 building for production...
✓ 5 modules transformed.
docs/index.html                 0.53 kB │ gzip: 0.32 kB
docs/assets/index-DYhv0y2B.css  4.60 kB │ gzip: 1.63 kB
docs/assets/index-BUJcqj8w.js   4.81 kB │ gzip: 2.11 kB
✓ built in 154ms
Done in 2.21s.
Saturday, August 3, 2024 6:17:30 AM
warning: in the working copy of 'docs/assets/index-BUJcqj8w.js', LF will be replaced by CRLF the next time Git touches it
warning: in the working copy of 'docs/assets/index-DYhv0y2B.css', LF will be replaced by CRLF the next time Git touches it
warning: in the working copy of 'docs/index.html', LF will be replaced by CRLF the next time Git touches it
Saturday, August 3, 2024 6:17:30 AM
[main 7b4200f] build application
 2 files changed, 80 insertions(+)
Saturday, August 3, 2024 6:17:31 AM
ssh: Could not resolve hostname github.com: Name or service not known
fatal: Could not read from remote repository.

Please make sure you have the correct access rights
and the repository exists.
Saturday, August 3, 2024 6:17:32 AM
ssh: Could not resolve hostname github.com: Name or service not known
fatal: Could not read from remote repository.

Please make sure you have the correct access rights
and the repository exists.
Saturday, August 3, 2024 6:17:32 AM

PS C:\Users\kushal\src\myhtml\fromnepal> cd "C:\Users\kushal\src\myhtml\fromnepal"; date; yarn; date; yarn run build; date; git add .; date; git commit --message "build application" --message "from the terminal"; date; git pull --rebase origin main; date; git push origin main; date;

Saturday, August 3, 2024 6:17:39 AM
yarn install v1.22.21
[1/4] Resolving packages...
success Already up-to-date.
Done in 0.06s.
Saturday, August 3, 2024 6:17:39 AM
yarn run v1.22.21
$ tsc && vite build
vite v5.2.13 building for production...
✓ 5 modules transformed.
docs/index.html                 0.53 kB │ gzip: 0.32 kB
docs/assets/index-DYhv0y2B.css  4.60 kB │ gzip: 1.63 kB
docs/assets/index-BUJcqj8w.js   4.81 kB │ gzip: 2.11 kB
✓ built in 106ms
Done in 0.78s.
Saturday, August 3, 2024 6:17:40 AM
warning: in the working copy of 'docs/assets/index-BUJcqj8w.js', LF will be replaced by CRLF the next time Git touches it
warning: in the working copy of 'docs/assets/index-DYhv0y2B.css', LF will be replaced by CRLF the next time Git touches it
warning: in the working copy of 'docs/index.html', LF will be replaced by CRLF the next time Git touches it
Saturday, August 3, 2024 6:17:40 AM
On branch main
Your branch is ahead of 'origin/main' by 1 commit.
  (use "git push" to publish your local commits)

nothing to commit, working tree clean
Saturday, August 3, 2024 6:17:40 AM
ssh: Could not resolve hostname github.com: Name or service not known
fatal: Could not read from remote repository.

Please make sure you have the correct access rights
and the repository exists.
Saturday, August 3, 2024 6:17:40 AM
ssh: Could not resolve hostname github.com: Name or service not known
fatal: Could not read from remote repository.

Please make sure you have the correct access rights
and the repository exists.
Saturday, August 3, 2024 6:17:40 AM

PS C:\Users\kushal\src\myhtml\fromnepal> cd "C:\Users\kushal\src\angular\angulareighteen\"; date; git fetch; date; git status; date; date; git add .; git commit --message "add all files" --message "update from terminal"; date; git pull --rebase origin master; date; git push origin master; date; yarn; date; yarn run ng update; date; yarn run ng build; date; date; git fetch; date; git status; date; date; git add .; git commit --message "add all files" --message "update from terminal"; date; git pull --rebase origin master; date; git push origin master; date; yarn run ng test; date; yarn run ng update @angular/core @angular/cli @angular/material; date; git add .; git commit --message "add all files" --message "update from terminal"; date; git pull --rebase origin master; date; git push origin master; date; echo y | npx update-browserslist-db@latest; date; git fetch; date; git status; date; date; git add .; git commit --message "add all files" --message "update from terminal"; date; git pull --rebase origin master; date; git push origin master; date; git remote show origin; date;

Saturday, August 3, 2024 6:17:51 AM
ssh: Could not resolve hostname github.com: Name or service not known
fatal: Could not read from remote repository.

Please make sure you have the correct access rights
and the repository exists.
Saturday, August 3, 2024 6:17:51 AM
On branch master
Your branch is up to date with 'origin/master'.

nothing to commit, working tree clean
Saturday, August 3, 2024 6:17:51 AM
Saturday, August 3, 2024 6:17:51 AM
On branch master
Your branch is up to date with 'origin/master'.

nothing to commit, working tree clean
Saturday, August 3, 2024 6:17:51 AM
ssh: Could not resolve hostname github.com: Name or service not known
fatal: Could not read from remote repository.

Please make sure you have the correct access rights
and the repository exists.
Saturday, August 3, 2024 6:17:52 AM
ssh: Could not resolve hostname github.com: Name or service not known
fatal: Could not read from remote repository.

Please make sure you have the correct access rights
and the repository exists.
Saturday, August 3, 2024 6:17:52 AM
yarn install v1.22.21
[1/4] Resolving packages...
success Already up-to-date.
Done in 0.24s.
Saturday, August 3, 2024 6:17:52 AM
yarn run v1.22.21
$ ng update
Unknown error: Error [ERR_REQUIRE_ESM]: require() of ES Module C:\Users\kushal\src\angular\angulareighteen\node_modules\string-width\index.js from C:\Users\kushal\src\angular\angulareighteen\node_modules\cliui\build\index.cjs not supported.
Instead change the require of index.js in C:\Users\kushal\src\angular\angulareighteen\node_modules\cliui\build\index.cjs to a dynamic import() which is available in all CommonJS modules.
error Command failed with exit code 127.
info Visit https://yarnpkg.com/en/docs/cli/run for documentation about this command.
Saturday, August 3, 2024 6:17:56 AM
yarn run v1.22.21
$ ng build
Unknown error: Error [ERR_REQUIRE_ESM]: require() of ES Module C:\Users\kushal\src\angular\angulareighteen\node_modules\string-width\index.js from C:\Users\kushal\src\angular\angulareighteen\node_modules\cliui\build\index.cjs not supported.
Instead change the require of index.js in C:\Users\kushal\src\angular\angulareighteen\node_modules\cliui\build\index.cjs to a dynamic import() which is available in all CommonJS modules.
error Command failed with exit code 127.
info Visit https://yarnpkg.com/en/docs/cli/run for documentation about this command.
Saturday, August 3, 2024 6:17:56 AM
Saturday, August 3, 2024 6:17:56 AM
Saturday, August 3, 2024 6:17:58 AM
On branch master
Your branch is up to date with 'origin/master'.

nothing to commit, working tree clean
Saturday, August 3, 2024 6:17:58 AM
Saturday, August 3, 2024 6:17:58 AM
On branch master
Your branch is up to date with 'origin/master'.

nothing to commit, working tree clean
Saturday, August 3, 2024 6:17:58 AM
From github.com:angulareighteen/angulareighteen.github.io
 * branch            master     -> FETCH_HEAD
Already up to date.
Saturday, August 3, 2024 6:17:59 AM
Everything up-to-date
Saturday, August 3, 2024 6:18:00 AM
yarn run v1.22.21
$ ng test
Unknown error: Error [ERR_REQUIRE_ESM]: require() of ES Module C:\Users\kushal\src\angular\angulareighteen\node_modules\string-width\index.js from C:\Users\kushal\src\angular\angulareighteen\node_modules\cliui\build\index.cjs not supported.
Instead change the require of index.js in C:\Users\kushal\src\angular\angulareighteen\node_modules\cliui\build\index.cjs to a dynamic import() which is available in all CommonJS modules.
error Command failed with exit code 127.
info Visit https://yarnpkg.com/en/docs/cli/run for documentation about this command.
Saturday, August 3, 2024 6:18:00 AM
yarn run v1.22.21
$ ng update @angular/core @angular/cli @angular/material
Unknown error: Error [ERR_REQUIRE_ESM]: require() of ES Module C:\Users\kushal\src\angular\angulareighteen\node_modules\string-width\index.js from C:\Users\kushal\src\angular\angulareighteen\node_modules\cliui\build\index.cjs not supported.
Instead change the require of index.js in C:\Users\kushal\src\angular\angulareighteen\node_modules\cliui\build\index.cjs to a dynamic import() which is available in all CommonJS modules.
error Command failed with exit code 127.
info Visit https://yarnpkg.com/en/docs/cli/run for documentation about this command.
Saturday, August 3, 2024 6:18:01 AM
On branch master
Your branch is up to date with 'origin/master'.

nothing to commit, working tree clean
Saturday, August 3, 2024 6:18:01 AM
From github.com:angulareighteen/angulareighteen.github.io
 * branch            master     -> FETCH_HEAD
Already up to date.
Saturday, August 3, 2024 6:18:01 AM
Everything up-to-date
Saturday, August 3, 2024 6:18:02 AM
Latest version:     1.0.30001647
Installed version:  none
Removing old caniuse-lite from lock file
Installing new caniuse-lite version
$ yarn add -W caniuse-lite
warning Pattern ["string-width-cjs@npm:string-width@^4.2.0"] is trying to unpack in the same destination "C:\\Users\\kushal\\AppData\\Local\\Yarn\\Cache\\v6\\npm-string-width-cjs-4.2.3-269c7117d27b05ad2e536830a8ec895ef9c6d010-integrity\\node_modules\\string-width-cjs" as pattern ["string-width@^4.1.0"]. This could result in non-deterministic behavior, skipping.
warning Pattern ["string-width@^4.2.3"] is trying to unpack in the same destination "C:\\Users\\kushal\\AppData\\Local\\Yarn\\Cache\\v6\\npm-string-width-cjs-4.2.3-269c7117d27b05ad2e536830a8ec895ef9c6d010-integrity\\node_modules\\string-width-cjs" as pattern ["string-width@^4.1.0"]. This could result in non-deterministic behavior, skipping.
warning Pattern ["string-width@^4.2.0"] is trying to unpack in the same destination "C:\\Users\\kushal\\AppData\\Local\\Yarn\\Cache\\v6\\npm-string-width-cjs-4.2.3-269c7117d27b05ad2e536830a8ec895ef9c6d010-integrity\\node_modules\\string-width-cjs" as pattern ["string-width@^4.1.0"]. This could result in non-deterministic behavior, skipping.
warning Pattern ["wrap-ansi@^7.0.0"] is trying to unpack in the same destination "C:\\Users\\kushal\\AppData\\Local\\Yarn\\Cache\\v6\\npm-wrap-ansi-cjs-7.0.0-67e145cff510a6a6984bdf1152911d69d2eb9e43-integrity\\node_modules\\wrap-ansi-cjs" as pattern ["wrap-ansi-cjs@npm:wrap-ansi@^7.0.0"]. This could result in non-deterministic behavior, skipping.
Cleaning package.json dependencies from caniuse-lite
$ yarn remove -W caniuse-lite
warning Pattern ["string-width-cjs@npm:string-width@^4.2.0"] is trying to unpack in the same destination "C:\\Users\\kushal\\AppData\\Local\\Yarn\\Cache\\v6\\npm-string-width-cjs-4.2.3-269c7117d27b05ad2e536830a8ec895ef9c6d010-integrity\\node_modules\\string-width-cjs" as pattern ["string-width@^4.1.0"]. This could result in non-deterministic behavior, skipping.
warning Pattern ["string-width@^4.2.3"] is trying to unpack in the same destination "C:\\Users\\kushal\\AppData\\Local\\Yarn\\Cache\\v6\\npm-string-width-cjs-4.2.3-269c7117d27b05ad2e536830a8ec895ef9c6d010-integrity\\node_modules\\string-width-cjs" as pattern ["string-width@^4.1.0"]. This could result in non-deterministic behavior, skipping.
warning Pattern ["string-width@^4.2.0"] is trying to unpack in the same destination "C:\\Users\\kushal\\AppData\\Local\\Yarn\\Cache\\v6\\npm-string-width-cjs-4.2.3-269c7117d27b05ad2e536830a8ec895ef9c6d010-integrity\\node_modules\\string-width-cjs" as pattern ["string-width@^4.1.0"]. This could result in non-deterministic behavior, skipping.
warning Pattern ["wrap-ansi@^7.0.0"] is trying to unpack in the same destination "C:\\Users\\kushal\\AppData\\Local\\Yarn\\Cache\\v6\\npm-wrap-ansi-cjs-7.0.0-67e145cff510a6a6984bdf1152911d69d2eb9e43-integrity\\node_modules\\wrap-ansi-cjs" as pattern ["wrap-ansi-cjs@npm:wrap-ansi@^7.0.0"]. This could result in non-deterministic behavior, skipping.
caniuse-lite has been successfully updated

No target browser changes
Saturday, August 3, 2024 6:18:22 AM
Saturday, August 3, 2024 6:18:23 AM
On branch master
Your branch is up to date with 'origin/master'.

nothing to commit, working tree clean
Saturday, August 3, 2024 6:18:23 AM
Saturday, August 3, 2024 6:18:23 AM
On branch master
Your branch is up to date with 'origin/master'.

nothing to commit, working tree clean
Saturday, August 3, 2024 6:18:23 AM
From github.com:angulareighteen/angulareighteen.github.io
 * branch            master     -> FETCH_HEAD
Already up to date.
Saturday, August 3, 2024 6:18:24 AM
Everything up-to-date
Saturday, August 3, 2024 6:18:24 AM
* remote origin
  Fetch URL: git@github.com:angulareighteen/angulareighteen.github.io.git
  Push  URL: git@github.com:angulareighteen/angulareighteen.github.io.git
  HEAD branch: master
  Remote branch:
    master tracked
  Local branch configured for 'git pull':
    master merges with remote master
  Local ref configured for 'git push':
    master pushes to master (up to date)
Saturday, August 3, 2024 6:18:25 AM

PS C:\Users\kushal\src\angular\angulareighteen> cd "C:\Users\kushal\src\myhtml\fromnepal"; date; yarn; date; yarn run build; date; git add .; date; git commit --message "build application" --message "from theterminal"; date; git pull --rebase origin main; date; git push origin main; date;

Saturday, August 3, 2024 6:19:12 AM
yarn install v1.22.21
[1/4] Resolving packages...
success Already up-to-date.
Done in 0.06s.
Saturday, August 3, 2024 6:19:12 AM
yarn run v1.22.21
$ tsc && vite build
vite v5.2.13 building for production...
✓ 5 modules transformed.
docs/index.html                 0.53 kB │ gzip: 0.32 kB
docs/assets/index-DYhv0y2B.css  4.60 kB │ gzip: 1.63 kB
docs/assets/index-BUJcqj8w.js   4.81 kB │ gzip: 2.11 kB
✓ built in 107ms
Done in 0.82s.
Saturday, August 3, 2024 6:19:13 AM
warning: in the working copy of 'docs/assets/index-BUJcqj8w.js', LF will be replaced by CRLF the next time Git touches it
warning: in the working copy of 'docs/assets/index-DYhv0y2B.css', LF will be replaced by CRLF the next time Git touches it
warning: in the working copy of 'docs/index.html', LF will be replaced by CRLF the next time Git touches it
Saturday, August 3, 2024 6:19:13 AM
On branch main
Your branch is ahead of 'origin/main' by 1 commit.
  (use "git push" to publish your local commits)

nothing to commit, working tree clean
Saturday, August 3, 2024 6:19:13 AM
From github.com:fromnepal/fromnepal.github.io
 * branch            main       -> FETCH_HEAD
Current branch main is up to date.
Saturday, August 3, 2024 6:19:13 AM
Enumerating objects: 9, done.
Counting objects: 100% (9/9), done.
Delta compression using up to 16 threads
Compressing objects: 100% (5/5), done.
Writing objects: 100% (5/5), 583 bytes | 583.00 KiB/s, done.
Total 5 (delta 4), reused 0 (delta 0), pack-reused 0 (from 0)
remote: Resolving deltas: 100% (4/4), completed with 3 local objects.
To github.com:fromnepal/fromnepal.github.io.git
   3ce154c..7b4200f  main -> main
Saturday, August 3, 2024 6:19:14 AM

PS C:\Users\kushal\src\myhtml\fromnepal> cd "C:\Users\kushal\src\myhtml\fromnepal"; date; yarn; date; yarn run build; date; git add .; date; git commit --message "build application" --message "from the terminal"; date; git pull --rebase origin main; date; git push origin main; date;

Saturday, August 3, 2024 6:19:20 AM
yarn install v1.22.21
[1/4] Resolving packages...
success Already up-to-date.
Done in 0.06s.
Saturday, August 3, 2024 6:19:20 AM
yarn run v1.22.21
$ tsc && vite build
vite v5.2.13 building for production...
✓ 5 modules transformed.
docs/index.html                 0.53 kB │ gzip: 0.32 kB
docs/assets/index-DYhv0y2B.css  4.60 kB │ gzip: 1.63 kB
docs/assets/index-BUJcqj8w.js   4.81 kB │ gzip: 2.11 kB
✓ built in 102ms
Done in 0.79s.
Saturday, August 3, 2024 6:19:21 AM
warning: in the working copy of 'docs/assets/index-BUJcqj8w.js', LF will be replaced by CRLF the next time Git touches it
warning: in the working copy of 'docs/assets/index-DYhv0y2B.css', LF will be replaced by CRLF the next time Git touches it
warning: in the working copy of 'docs/index.html', LF will be replaced by CRLF the next time Git touches it
Saturday, August 3, 2024 6:19:21 AM
On branch main
Your branch is up to date with 'origin/main'.

nothing to commit, working tree clean
Saturday, August 3, 2024 6:19:22 AM
From github.com:fromnepal/fromnepal.github.io
 * branch            main       -> FETCH_HEAD
Already up to date.
Saturday, August 3, 2024 6:19:22 AM
Everything up-to-date
Saturday, August 3, 2024 6:19:23 AM

PS C:\Users\kushal\src\myhtml\fromnepal> cd "C:\Users\kushal\src\angular\mycanary\"; date; git fetch; date; git status; date; date; git add .; git commit --message "add all files" --message "update from terminal"; date; git pull --rebase origin master; date; git push origin master; date; Remove-Item -Path "node_modules" -Recurse -Force; date; yarn; date; yarn run ng update; date; yarn run ng build; date; date; gitfetch; date; git status; date; date; git add .; git commit --message "add all files" --message "update from terminal"; date; git pull --rebase origin master; date; git push origin master; date; yarn run ng test; date; yarn run ng update @angular/core @angular/cli @angular/material; date; git add .; git commit --message "add all files" --message "update from terminal"; date; git pull --rebase origin master; date; git push origin master; date; echo y | npx update-browserslist-db@latest; date; git fetch; date; git status; date; date; git add .; git commit --message "add all files" --message "update from terminal"; date; git pull --rebase origin master; date; git push origin master; date; git remote show origin; date;

Saturday, August 3, 2024 6:19:27 AM
remote: Enumerating objects: 50, done.
remote: Counting objects: 100% (50/50), done.
remote: Compressing objects: 100% (10/10), done.
remote: Total 50 (delta 33), reused 47 (delta 30), pack-reused 0
Unpacking objects: 100% (50/50), 9.71 KiB | 100.00 KiB/s, done.
From github.com:mycanary/mycanary
   169167d..fd41e63  master     -> origin/master
Saturday, August 3, 2024 6:19:28 AM
On branch master
Your branch is behind 'origin/master' by 14 commits, and can be fast-forwarded.
  (use "git pull" to update your local branch)

nothing to commit, working tree clean
Saturday, August 3, 2024 6:19:28 AM
Saturday, August 3, 2024 6:19:28 AM
On branch master
Your branch is behind 'origin/master' by 14 commits, and can be fast-forwarded.
  (use "git pull" to update your local branch)

nothing to commit, working tree clean
Saturday, August 3, 2024 6:19:28 AM
From github.com:mycanary/mycanary
 * branch            master     -> FETCH_HEAD
Updating f69da03..fd41e63
Fast-forward
 .nx/cache/nx_files.nxt | Bin 4100 -> 4100 bytes
 1 file changed, 0 insertions(+), 0 deletions(-)
Saturday, August 3, 2024 6:19:29 AM
Everything up-to-date
Saturday, August 3, 2024 6:19:30 AM
Saturday, August 3, 2024 6:19:44 AM
yarn install v1.22.21
[1/4] Resolving packages...
[2/4] Fetching packages...
warning Pattern ["string-width@^4.2.3"] is trying to unpack in the same destination "C:\\Users\\kushal\\AppData\\Local\\Yarn\\Cache\\v6\\npm-string-width-cjs-4.2.3-269c7117d27b05ad2e536830a8ec895ef9c6d010-integrity\\node_modules\\string-width-cjs" as pattern ["string-width-cjs@npm:string-width@^4.2.0"]. This could result in non-deterministic behavior, skipping.
[3/4] Linking dependencies...
warning " > @angular-eslint/eslint-plugin@18.2.0" has unmet peer dependency "@typescript-eslint/utils@^7.11.0 || ^8.0.0".
warning "@angular-eslint/eslint-plugin > @angular-eslint/utils@18.2.0" has unmet peer dependency "@typescript-eslint/utils@^7.11.0 || ^8.0.0".
warning " > @angular-eslint/eslint-plugin-template@18.2.0" has unmet peer dependency "@typescript-eslint/utils@^7.11.0 || ^8.0.0".
warning " > @angular-eslint/schematics@18.2.0" has unmet peer dependency "@angular-devkit/core@>= 18.0.0 < 19.0.0".
warning " > @angular-eslint/schematics@18.2.0" has unmet peer dependency "@angular-devkit/schematics@>= 18.0.0 < 19.0.0".
[4/4] Building fresh packages...
Done in 22.92s.
Saturday, August 3, 2024 6:20:07 AM
yarn run v1.22.21
$ ng update
Using package manager: yarn
Collecting installed dependencies...
Found 41 dependencies.
    We analyzed your package.json and everything seems to be in order. Good work!
Done in 9.45s.
Saturday, August 3, 2024 6:20:17 AM
yarn run v1.22.21
$ ng build
✔ Browser application bundle generation complete.
✔ Copying assets complete.
✔ Index html generation complete.

Initial chunk files | Names         |  Raw size
vendor.js           | vendor        |   5.06 MB |
polyfills.js        | polyfills     | 141.93 kB |
main.js             | main          |  20.55 kB |
runtime.js          | runtime       |   6.50 kB |
styles.css          | styles        |   2.76 kB |

                    | Initial total |   5.23 MB

Build at: 2024-08-03T10:20:41.642Z - Hash: ab7533be52ec2222 - Time: 8810ms
Done in 24.14s.
Saturday, August 3, 2024 6:20:41 AM
Saturday, August 3, 2024 6:20:41 AM
Saturday, August 3, 2024 6:20:42 AM
On branch master
Your branch is up to date with 'origin/master'.

nothing to commit, working tree clean
Saturday, August 3, 2024 6:20:42 AM
Saturday, August 3, 2024 6:20:42 AM
On branch master
Your branch is up to date with 'origin/master'.

nothing to commit, working tree clean
Saturday, August 3, 2024 6:20:42 AM
From github.com:mycanary/mycanary
 * branch            master     -> FETCH_HEAD
Already up to date.
Saturday, August 3, 2024 6:20:43 AM
Everything up-to-date
Saturday, August 3, 2024 6:20:43 AM
yarn run v1.22.21
$ ng test
✔ Browser application bundle generation complete.
03 08 2024 06:20:51.857:INFO [karma-server]: Karma v6.3.2 server started at http://localhost:9876/
03 08 2024 06:20:51.858:INFO [launcher]: Launching browsers FirefoxHeadless with concurrency unlimited
03 08 2024 06:20:51.893:INFO [launcher]: Starting browser Firefox
03 08 2024 06:20:53.009:INFO [Firefox 129.0 (Windows 10)]: Connected on socket OulLkJevp9ADBWHSAAAB with id 99186755
LOG: 'test message'
Firefox 129.0 (Windows 10): Executed 1 of 6 SUCCESS (0 secs / 0.008 secs)
LOG: 'test message'
Firefox 129.0 (Windows 10): Executed 3 of 6 SUCCESS (0 secs / 0.015 secs)
LOG: 'second message'
Firefox 129.0 (Windows 10): Executed 3 of 6 SUCCESS (0 secs / 0.015 secs)
Firefox 129.0 (Windows 10): Executed 6 of 6 SUCCESS (0.073 secs / 0.054 secs)
TOTAL: 6 SUCCESS
TOTAL: 6 SUCCESS
Done in 10.15s.
Saturday, August 3, 2024 6:20:53 AM
yarn run v1.22.21
$ ng update @angular/core @angular/cli @angular/material
Using package manager: yarn
Collecting installed dependencies...
Found 41 dependencies.
Fetching dependency metadata from registry...
Package '@angular/core' is already up to date.
Package '@angular/cli' is already up to date.
Package '@angular/material' is already up to date.
Done in 1.72s.
Saturday, August 3, 2024 6:20:55 AM
On branch master
Your branch is up to date with 'origin/master'.

nothing to commit, working tree clean
Saturday, August 3, 2024 6:20:55 AM
From github.com:mycanary/mycanary
 * branch            master     -> FETCH_HEAD
Already up to date.
Saturday, August 3, 2024 6:20:56 AM
Everything up-to-date
Saturday, August 3, 2024 6:20:57 AM
Latest version:     1.0.30001647
Installed version:  none
Removing old caniuse-lite from lock file
Installing new caniuse-lite version
$ yarn add -W caniuse-lite
warning Pattern ["string-width@^4.2.3"] is trying to unpack in the same destination "C:\\Users\\kushal\\AppData\\Local\\Yarn\\Cache\\v6\\npm-string-width-cjs-4.2.3-269c7117d27b05ad2e536830a8ec895ef9c6d010-integrity\\node_modules\\string-width-cjs" as pattern ["string-width-cjs@npm:string-width@^4.2.0"]. This could result in non-deterministic behavior, skipping.
warning " > @angular-eslint/eslint-plugin@18.2.0" has unmet peer dependency "@typescript-eslint/utils@^7.11.0 || ^8.0.0".
warning "@angular-eslint/eslint-plugin > @angular-eslint/utils@18.2.0" has unmet peer dependency "@typescript-eslint/utils@^7.11.0 || ^8.0.0".
warning " > @angular-eslint/eslint-plugin-template@18.2.0" has unmet peer dependency "@typescript-eslint/utils@^7.11.0 || ^8.0.0".
warning " > @angular-eslint/schematics@18.2.0" has unmet peer dependency "@angular-devkit/core@>= 18.0.0 < 19.0.0".
warning " > @angular-eslint/schematics@18.2.0" has unmet peer dependency "@angular-devkit/schematics@>= 18.0.0 < 19.0.0".
Cleaning package.json dependencies from caniuse-lite
$ yarn remove -W caniuse-lite
warning Pattern ["string-width@^4.2.3"] is trying to unpack in the same destination "C:\\Users\\kushal\\AppData\\Local\\Yarn\\Cache\\v6\\npm-string-width-cjs-4.2.3-269c7117d27b05ad2e536830a8ec895ef9c6d010-integrity\\node_modules\\string-width-cjs" as pattern ["string-width-cjs@npm:string-width@^4.2.0"]. This could result in non-deterministic behavior, skipping.
warning " > @angular-eslint/eslint-plugin@18.2.0" has unmet peer dependency "@typescript-eslint/utils@^7.11.0 || ^8.0.0".
warning "@angular-eslint/eslint-plugin > @angular-eslint/utils@18.2.0" has unmet peer dependency "@typescript-eslint/utils@^7.11.0 || ^8.0.0".
warning " > @angular-eslint/eslint-plugin-template@18.2.0" has unmet peer dependency "@typescript-eslint/utils@^7.11.0 || ^8.0.0".
warning " > @angular-eslint/schematics@18.2.0" has unmet peer dependency "@angular-devkit/core@>= 18.0.0 < 19.0.0".
warning " > @angular-eslint/schematics@18.2.0" has unmet peer dependency "@angular-devkit/schematics@>= 18.0.0 < 19.0.0".
caniuse-lite has been successfully updated

No target browser changes
Saturday, August 3, 2024 6:21:11 AM
Saturday, August 3, 2024 6:21:12 AM
On branch master
Your branch is up to date with 'origin/master'.

nothing to commit, working tree clean
Saturday, August 3, 2024 6:21:12 AM
Saturday, August 3, 2024 6:21:12 AM
On branch master
Your branch is up to date with 'origin/master'.

nothing to commit, working tree clean
Saturday, August 3, 2024 6:21:12 AM
From github.com:mycanary/mycanary
 * branch            master     -> FETCH_HEAD
Already up to date.
Saturday, August 3, 2024 6:21:13 AM
Everything up-to-date
Saturday, August 3, 2024 6:21:13 AM
* remote origin
  Fetch URL: git@github.com:mycanary/mycanary.git
  Push  URL: git@github.com:mycanary/mycanary.git
  HEAD branch: master
  Remote branch:
    master tracked
  Local branch configured for 'git pull':
    master merges with remote master
  Local ref configured for 'git push':
    master pushes to master (up to date)
Saturday, August 3, 2024 6:21:14 AM

PS C:\Users\kushal\src\angular\mycanary> cd "C:\Users\kushal\src\myhtml\fromnepal"; date; yarn; date; yarn run build; date; git add .; date; git commit --message "build application" --message "from the terminal"; date; git pull --rebase origin main; date; git push origin main; date;

Saturday, August 3, 2024 7:03:17 AM
yarn install v1.22.21
[1/4] Resolving packages...
success Already up-to-date.
Done in 0.08s.
Saturday, August 3, 2024 7:03:18 AM
yarn run v1.22.21
$ tsc && vite build
vite v5.2.13 building for production...
✓ 5 modules transformed.
docs/index.html                 0.53 kB │ gzip: 0.32 kB
docs/assets/index-DYhv0y2B.css  4.60 kB │ gzip: 1.63 kB
docs/assets/index-BUJcqj8w.js   4.81 kB │ gzip: 2.11 kB
✓ built in 141ms
Done in 2.25s.
Saturday, August 3, 2024 7:03:20 AM
warning: in the working copy of 'docs/assets/index-BUJcqj8w.js', LF will be replaced by CRLF the next time Git touches it
warning: in the working copy of 'docs/assets/index-DYhv0y2B.css', LF will be replaced by CRLF the next time Git touches it
warning: in the working copy of 'docs/index.html', LF will be replaced by CRLF the next time Git touches it
Saturday, August 3, 2024 7:03:20 AM
[main fbfa9ad] build application
 2 files changed, 70 insertions(+), 448 deletions(-)
Saturday, August 3, 2024 7:03:20 AM
From github.com:fromnepal/fromnepal.github.io
 * branch            main       -> FETCH_HEAD
Current branch main is up to date.
Saturday, August 3, 2024 7:03:22 AM
Enumerating objects: 9, done.
Counting objects: 100% (9/9), done.
Delta compression using up to 16 threads
Compressing objects: 100% (5/5), done.
Writing objects: 100% (5/5), 1.13 KiB | 1.13 MiB/s, done.
Total 5 (delta 3), reused 0 (delta 0), pack-reused 0 (from 0)
remote: Resolving deltas: 100% (3/3), completed with 2 local objects.
To github.com:fromnepal/fromnepal.github.io.git
   7b4200f..fbfa9ad  main -> main
Saturday, August 3, 2024 7:03:23 AM

PS C:\Users\kushal\src\myhtml\fromnepal> cd "C:\Users\kushal\src\myhtml\fromnepal"; date; yarn; date; yarn run build; date; git add .; date; git commit --message "build application" --message "from the terminal"; date; git pull --rebase origin main; date; git push origin main; date;

Saturday, August 3, 2024 7:04:58 AM
yarn install v1.22.21
[1/4] Resolving packages...
success Already up-to-date.
Done in 0.06s.
Saturday, August 3, 2024 7:04:58 AM
yarn run v1.22.21
$ tsc && vite build
vite v5.2.13 building for production...
✓ 5 modules transformed.
docs/index.html                 0.53 kB │ gzip: 0.32 kB
docs/assets/index-DYhv0y2B.css  4.60 kB │ gzip: 1.63 kB
docs/assets/index-BUJcqj8w.js   4.81 kB │ gzip: 2.11 kB
✓ built in 113ms
Done in 0.89s.
Saturday, August 3, 2024 7:04:59 AM
warning: in the working copy of 'docs/assets/index-BUJcqj8w.js', LF will be replaced by CRLF the next time Git touches it
warning: in the working copy of 'docs/assets/index-DYhv0y2B.css', LF will be replaced by CRLF the next time Git touches it
warning: in the working copy of 'docs/index.html', LF will be replaced by CRLF the next time Git touches it
Saturday, August 3, 2024 7:04:59 AM
[main 3dcb0ea] build application
 2 files changed, 2 insertions(+), 2 deletions(-)
Saturday, August 3, 2024 7:04:59 AM
From github.com:fromnepal/fromnepal.github.io
 * branch            main       -> FETCH_HEAD
Current branch main is up to date.
Saturday, August 3, 2024 7:05:00 AM
Enumerating objects: 9, done.
Counting objects: 100% (9/9), done.
Delta compression using up to 16 threads
Compressing objects: 100% (5/5), done.
Writing objects: 100% (5/5), 420 bytes | 420.00 KiB/s, done.
Total 5 (delta 4), reused 0 (delta 0), pack-reused 0 (from 0)
remote: Resolving deltas: 100% (4/4), completed with 3 local objects.
To github.com:fromnepal/fromnepal.github.io.git
   fbfa9ad..3dcb0ea  main -> main
Saturday, August 3, 2024 7:05:01 AM

PS C:\Users\kushal\src\myhtml\fromnepal> cd "C:\Users\kushal\src\myhtml\fromnepal"; date; yarn; date; yarn run build; date; git add .; date; git commit --message "build application" --message "from the terminal"; date; git pull --rebase origin main; date; git push origin main; date;

Saturday, August 3, 2024 7:05:55 AM
yarn install v1.22.21
[1/4] Resolving packages...
success Already up-to-date.
Done in 0.06s.
Saturday, August 3, 2024 7:05:55 AM
yarn run v1.22.21
$ tsc && vite build
vite v5.2.13 building for production...
✓ 5 modules transformed.
docs/index.html                 0.53 kB │ gzip: 0.32 kB
docs/assets/index-DYhv0y2B.css  4.60 kB │ gzip: 1.63 kB
docs/assets/index-BUJcqj8w.js   4.81 kB │ gzip: 2.11 kB
✓ built in 111ms
Done in 0.82s.
Saturday, August 3, 2024 7:05:56 AM
warning: in the working copy of 'docs/assets/index-BUJcqj8w.js', LF will be replaced by CRLF the next time Git touches it
warning: in the working copy of 'docs/assets/index-DYhv0y2B.css', LF will be replaced by CRLF the next time Git touches it
warning: in the working copy of 'docs/index.html', LF will be replaced by CRLF the next time Git touches it
Saturday, August 3, 2024 7:05:56 AM
[main 10cf881] build application
 2 files changed, 416 insertions(+), 62 deletions(-)
Saturday, August 3, 2024 7:05:56 AM
From github.com:fromnepal/fromnepal.github.io
 * branch            main       -> FETCH_HEAD
Current branch main is up to date.
Saturday, August 3, 2024 7:05:57 AM
Enumerating objects: 9, done.
Counting objects: 100% (9/9), done.
Delta compression using up to 16 threads
Compressing objects: 100% (5/5), done.
Writing objects: 100% (5/5), 4.05 KiB | 4.05 MiB/s, done.
Total 5 (delta 3), reused 0 (delta 0), pack-reused 0 (from 0)
remote: Resolving deltas: 100% (3/3), completed with 2 local objects.
To github.com:fromnepal/fromnepal.github.io.git
   3dcb0ea..10cf881  main -> main
Saturday, August 3, 2024 7:05:57 AM

PS C:\Users\kushal\src\myhtml\fromnepal> cd "C:\Users\kushal\src\myhtml\fromnepal"; date; yarn; date; yarn run build; date; git add .; date; git commit --message "build application" --message "from the terminal"; date; git pull --rebase origin main; date; git push origin main; date;

Saturday, August 3, 2024 7:16:39 AM
yarn install v1.22.21
[1/4] Resolving packages...
success Already up-to-date.
Done in 0.06s.
Saturday, August 3, 2024 7:16:39 AM
yarn run v1.22.21
$ tsc && vite build
vite v5.2.13 building for production...
✓ 5 modules transformed.
docs/index.html                 0.53 kB │ gzip: 0.32 kB
docs/assets/index-DYhv0y2B.css  4.60 kB │ gzip: 1.63 kB
docs/assets/index-BUJcqj8w.js   4.81 kB │ gzip: 2.11 kB
✓ built in 131ms
Done in 0.92s.
Saturday, August 3, 2024 7:16:40 AM
warning: in the working copy of 'docs/assets/index-BUJcqj8w.js', LF will be replaced by CRLF the next time Git touches it
warning: in the working copy of 'docs/assets/index-DYhv0y2B.css', LF will be replaced by CRLF the next time Git touches it
warning: in the working copy of 'docs/index.html', LF will be replaced by CRLF the next time Git touches it
Saturday, August 3, 2024 7:16:40 AM
[main 766c8b9] build application
 2 files changed, 574 insertions(+)
Saturday, August 3, 2024 7:16:40 AM
From github.com:fromnepal/fromnepal.github.io
 * branch            main       -> FETCH_HEAD
Current branch main is up to date.
Saturday, August 3, 2024 7:16:41 AM
Enumerating objects: 9, done.
Counting objects: 100% (9/9), done.
Delta compression using up to 16 threads
Compressing objects: 100% (5/5), done.
Writing objects: 100% (5/5), 6.14 KiB | 6.14 MiB/s, done.
Total 5 (delta 3), reused 0 (delta 0), pack-reused 0 (from 0)
remote: Resolving deltas: 100% (3/3), completed with 2 local objects.
To github.com:fromnepal/fromnepal.github.io.git
   10cf881..766c8b9  main -> main
Saturday, August 3, 2024 7:16:42 AM

PS C:\Users\kushal\src\myhtml\fromnepal> cd "C:\Users\kushal\src\myhtml\fromnepal"; date; yarn; date; yarn run build; date; git add .; date; git commit --message "build application" --message "from the terminal"; date; git pull --rebase origin main; date; git push origin main; date;