PowerShell 7.4.6
PS C:\Users\kushal> date; scoop status; date; scoop bucket rm main; date; scoop bucket add main; date; scoop bucket rm extras; date; scoop bucket add extras; date; scoop status; date; scoop update; date; scoop update *; date; scoop cache show; date; scoop cache rm *; date; scoop status; date;

Monday, November 18, 2024 7:18:00 PM
WARN  Scoop bucket(s) out of date. Run 'scoop update' to get the latest changes.
Monday, November 18, 2024 7:18:02 PM
The main bucket was removed successfully.
Monday, November 18, 2024 7:18:02 PM
Checking repo... OK
The main bucket was added successfully.
Monday, November 18, 2024 7:18:09 PM
The extras bucket was removed successfully.
Monday, November 18, 2024 7:18:10 PM
Checking repo... OK
The extras bucket was added successfully.
Monday, November 18, 2024 7:18:19 PM
Scoop is up to date.

Name                 : obsidian
Installed Version    : 1.7.6
Latest Version       : 1.7.7
Missing Dependencies :
Info                 :


Name                 : yt-dlp
Installed Version    : 2024.11.04
Latest Version       : 2024.11.18
Missing Dependencies :
Info                 :

Monday, November 18, 2024 7:18:20 PM
Updating Scoop...
Updating Buckets...
Scoop was updated successfully!
Monday, November 18, 2024 7:18:26 PM
obsidian: 1.7.6 -> 1.7.7
yt-dlp: 2024.11.04 -> 2024.11.18
Updating 2 outdated apps:
Updating 'obsidian' (1.7.6 -> 1.7.7)
Downloading new version
Obsidian-1.7.7.exe (245.0 MB) [===================================================================================================================================================================================================================================================================================] 100%
Checking hash of Obsidian-1.7.7.exe ... ok.
Uninstalling 'obsidian' (1.7.6)
Unlinking ~\scoop\apps\obsidian\current
Installing 'obsidian' (1.7.7) [64bit] from 'extras' bucket
Loading Obsidian-1.7.7.exe from cache
Extracting Obsidian-1.7.7.exe ... done.
Running pre_install script...done.
Linking ~\scoop\apps\obsidian\current => ~\scoop\apps\obsidian\1.7.7
Creating shortcut for Obsidian (Obsidian.exe)
Running post_install script...done.
'obsidian' (1.7.7) was installed successfully!
Updating 'yt-dlp' (2024.11.04 -> 2024.11.18)
Downloading new version
yt-dlp.exe (18.7 MB) [============================================================================================================================================================================================================================================================================================] 100%
Checking hash of yt-dlp.exe ... ok.
Uninstalling 'yt-dlp' (2024.11.04)
Removing shim 'yt-dlp.shim'.
Removing shim 'yt-dlp.exe'.
Unlinking ~\scoop\apps\yt-dlp\current
Installing 'yt-dlp' (2024.11.18) [64bit] from 'main' bucket
Loading yt-dlp.exe from cache
Running pre_install script...done.
Linking ~\scoop\apps\yt-dlp\current => ~\scoop\apps\yt-dlp\2024.11.18
Creating shim for 'yt-dlp'.
Persisting yt-dlp.conf
Persisting ytdlp_plugins
Persisting yt-dlp-plugins
'yt-dlp' (2024.11.18) was installed successfully!
Monday, November 18, 2024 7:18:51 PM

Name    : obsidian
Version : 1.7.7
Length  : 256875728


Name    : yt-dlp
Version : 2024.11.18
Length  : 19557107

Total: 2 files, 263.6 MB
Monday, November 18, 2024 7:18:51 PM
Removing obsidian#1.7.7#d73481f.7z...
Removing yt-dlp#2024.11.18#dbe7926.exe...
Deleted: 2 files, 263.6 MB
Monday, November 18, 2024 7:18:51 PM
Scoop is up to date.
Everything is ok!
Monday, November 18, 2024 7:18:53 PM

PS C:\Users\kushal> ssh kusfedoravm
kushal@kusfedoravm's password:
Last login: Sun Nov 17 09:34:03 2024 from fe80::975c:f636:bfb:5026%eth0
kushal@kusfedoravm:~$ ip addr; sudo echo "Current date and time: $(date)"; free -h; df -h; time ping -c 20 pcna.duckdns.org; time ping -c 20 kalimati.duckdns.org; time ping -c 20 colorado.duckdns.org; sudo echo "Current date and time: $(date)"; time sudo dnf offline-upgrade download -y && time sudo dnf offline-upgrade reboot -y;
1: lo: <LOOPBACK,UP,LOWER_UP> mtu 65536 qdisc noqueue state UNKNOWN group default qlen 1000
    link/loopback 00:00:00:00:00:00 brd 00:00:00:00:00:00
    inet 127.0.0.1/8 scope host lo
       valid_lft forever preferred_lft forever
    inet6 ::1/128 scope host noprefixroute
       valid_lft forever preferred_lft forever
2: eth0: <BROADCAST,MULTICAST,UP,LOWER_UP> mtu 1500 qdisc mq state UP group default qlen 1000
    link/ether 00:15:5d:00:0f:02 brd ff:ff:ff:ff:ff:ff
    inet 192.168.0.94/24 brd 192.168.0.255 scope global dynamic noprefixroute eth0
       valid_lft 4519sec preferred_lft 4519sec
    inet6 fe80::e9d4:f8c2:22bf:21a9/64 scope link noprefixroute
       valid_lft forever preferred_lft forever
[sudo] password for kushal:
Current date and time: Mon Nov 18 07:19:06 PM EST 2024
               total        used        free      shared  buff/cache   available
Mem:           7.7Gi       935Mi       5.1Gi        14Mi       2.0Gi       6.8Gi
Swap:          7.7Gi          0B       7.7Gi
Filesystem      Size  Used Avail Use% Mounted on
/dev/sda3        31G  5.7G   24G  20% /
devtmpfs        4.0M     0  4.0M   0% /dev
tmpfs           3.9G  8.0K  3.9G   1% /dev/shm
efivarfs        128M  6.8K  128M   1% /sys/firmware/efi/efivars
tmpfs           1.6G  1.2M  1.6G   1% /run
tmpfs           1.0M     0  1.0M   0% /run/credentials/systemd-journald.service
tmpfs           1.0M     0  1.0M   0% /run/credentials/systemd-udev-load-credentials.service
tmpfs           1.0M     0  1.0M   0% /run/credentials/systemd-network-generator.service
tmpfs           1.0M     0  1.0M   0% /run/credentials/systemd-sysctl.service
tmpfs           1.0M     0  1.0M   0% /run/credentials/systemd-tmpfiles-setup-dev-early.service
tmpfs           1.0M     0  1.0M   0% /run/credentials/systemd-tmpfiles-setup-dev.service
tmpfs           1.0M     0  1.0M   0% /run/credentials/systemd-vconsole-setup.service
tmpfs           3.9G  8.0K  3.9G   1% /tmp
/dev/sda3        31G  5.7G   24G  20% /home
/dev/sda2       974M  340M  567M  38% /boot
/dev/sda1       599M   20M  580M   4% /boot/efi
tmpfs           1.0M     0  1.0M   0% /run/credentials/systemd-tmpfiles-setup.service
tmpfs           1.0M     0  1.0M   0% /run/credentials/systemd-resolved.service
tmpfs           794M   88K  794M   1% /run/user/42
tmpfs           794M   72K  794M   1% /run/user/1000
PING pcna.duckdns.org (70.104.195.206) 56(84) bytes of data.
64 bytes from pool-70-104-195-206.nrflva.fios.verizon.net (70.104.195.206): icmp_seq=1 ttl=64 time=0.374 ms
64 bytes from pool-70-104-195-206.nrflva.fios.verizon.net (70.104.195.206): icmp_seq=2 ttl=64 time=0.323 ms
64 bytes from pool-70-104-195-206.nrflva.fios.verizon.net (70.104.195.206): icmp_seq=3 ttl=64 time=0.373 ms
64 bytes from pool-70-104-195-206.nrflva.fios.verizon.net (70.104.195.206): icmp_seq=4 ttl=64 time=0.483 ms
64 bytes from pool-70-104-195-206.nrflva.fios.verizon.net (70.104.195.206): icmp_seq=5 ttl=64 time=0.507 ms
64 bytes from pool-70-104-195-206.nrflva.fios.verizon.net (70.104.195.206): icmp_seq=6 ttl=64 time=0.791 ms
64 bytes from pool-70-104-195-206.nrflva.fios.verizon.net (70.104.195.206): icmp_seq=7 ttl=64 time=0.332 ms
64 bytes from pool-70-104-195-206.nrflva.fios.verizon.net (70.104.195.206): icmp_seq=8 ttl=64 time=0.400 ms
64 bytes from pool-70-104-195-206.nrflva.fios.verizon.net (70.104.195.206): icmp_seq=9 ttl=64 time=0.494 ms
64 bytes from pool-70-104-195-206.nrflva.fios.verizon.net (70.104.195.206): icmp_seq=10 ttl=64 time=0.409 ms
64 bytes from pool-70-104-195-206.nrflva.fios.verizon.net (70.104.195.206): icmp_seq=11 ttl=64 time=0.334 ms
64 bytes from pool-70-104-195-206.nrflva.fios.verizon.net (70.104.195.206): icmp_seq=12 ttl=64 time=0.331 ms
64 bytes from pool-70-104-195-206.nrflva.fios.verizon.net (70.104.195.206): icmp_seq=13 ttl=64 time=0.280 ms
64 bytes from pool-70-104-195-206.nrflva.fios.verizon.net (70.104.195.206): icmp_seq=14 ttl=64 time=0.309 ms
64 bytes from pool-70-104-195-206.nrflva.fios.verizon.net (70.104.195.206): icmp_seq=15 ttl=64 time=0.477 ms
64 bytes from pool-70-104-195-206.nrflva.fios.verizon.net (70.104.195.206): icmp_seq=16 ttl=64 time=0.390 ms
64 bytes from pool-70-104-195-206.nrflva.fios.verizon.net (70.104.195.206): icmp_seq=17 ttl=64 time=0.321 ms
64 bytes from pool-70-104-195-206.nrflva.fios.verizon.net (70.104.195.206): icmp_seq=18 ttl=64 time=0.322 ms
64 bytes from pool-70-104-195-206.nrflva.fios.verizon.net (70.104.195.206): icmp_seq=19 ttl=64 time=0.324 ms
64 bytes from pool-70-104-195-206.nrflva.fios.verizon.net (70.104.195.206): icmp_seq=20 ttl=64 time=0.347 ms

--- pcna.duckdns.org ping statistics ---
20 packets transmitted, 20 received, 0% packet loss, time 19435ms
rtt min/avg/max/mdev = 0.280/0.396/0.791/0.111 ms

real    0m19.482s
user    0m0.002s
sys     0m0.005s
PING kalimati.duckdns.org (70.104.195.206) 56(84) bytes of data.
64 bytes from pool-70-104-195-206.nrflva.fios.verizon.net (70.104.195.206): icmp_seq=1 ttl=64 time=0.332 ms
64 bytes from pool-70-104-195-206.nrflva.fios.verizon.net (70.104.195.206): icmp_seq=2 ttl=64 time=0.295 ms
64 bytes from pool-70-104-195-206.nrflva.fios.verizon.net (70.104.195.206): icmp_seq=3 ttl=64 time=0.320 ms
64 bytes from pool-70-104-195-206.nrflva.fios.verizon.net (70.104.195.206): icmp_seq=4 ttl=64 time=0.301 ms
64 bytes from pool-70-104-195-206.nrflva.fios.verizon.net (70.104.195.206): icmp_seq=5 ttl=64 time=0.360 ms
64 bytes from pool-70-104-195-206.nrflva.fios.verizon.net (70.104.195.206): icmp_seq=6 ttl=64 time=0.378 ms
64 bytes from pool-70-104-195-206.nrflva.fios.verizon.net (70.104.195.206): icmp_seq=7 ttl=64 time=0.333 ms
64 bytes from pool-70-104-195-206.nrflva.fios.verizon.net (70.104.195.206): icmp_seq=8 ttl=64 time=0.329 ms
64 bytes from pool-70-104-195-206.nrflva.fios.verizon.net (70.104.195.206): icmp_seq=9 ttl=64 time=0.506 ms
64 bytes from pool-70-104-195-206.nrflva.fios.verizon.net (70.104.195.206): icmp_seq=10 ttl=64 time=0.556 ms
64 bytes from pool-70-104-195-206.nrflva.fios.verizon.net (70.104.195.206): icmp_seq=11 ttl=64 time=0.311 ms
64 bytes from pool-70-104-195-206.nrflva.fios.verizon.net (70.104.195.206): icmp_seq=12 ttl=64 time=0.749 ms
64 bytes from pool-70-104-195-206.nrflva.fios.verizon.net (70.104.195.206): icmp_seq=13 ttl=64 time=0.445 ms
64 bytes from pool-70-104-195-206.nrflva.fios.verizon.net (70.104.195.206): icmp_seq=14 ttl=64 time=0.380 ms
64 bytes from pool-70-104-195-206.nrflva.fios.verizon.net (70.104.195.206): icmp_seq=15 ttl=64 time=0.287 ms
64 bytes from pool-70-104-195-206.nrflva.fios.verizon.net (70.104.195.206): icmp_seq=16 ttl=64 time=0.409 ms
64 bytes from pool-70-104-195-206.nrflva.fios.verizon.net (70.104.195.206): icmp_seq=17 ttl=64 time=0.467 ms
64 bytes from pool-70-104-195-206.nrflva.fios.verizon.net (70.104.195.206): icmp_seq=18 ttl=64 time=0.423 ms
64 bytes from pool-70-104-195-206.nrflva.fios.verizon.net (70.104.195.206): icmp_seq=19 ttl=64 time=0.429 ms
64 bytes from pool-70-104-195-206.nrflva.fios.verizon.net (70.104.195.206): icmp_seq=20 ttl=64 time=0.367 ms

--- kalimati.duckdns.org ping statistics ---
20 packets transmitted, 20 received, 0% packet loss, time 19485ms
rtt min/avg/max/mdev = 0.287/0.398/0.749/0.107 ms

real    0m19.520s
user    0m0.000s
sys     0m0.005s
PING colorado.duckdns.org (70.104.195.206) 56(84) bytes of data.
64 bytes from pool-70-104-195-206.nrflva.fios.verizon.net (70.104.195.206): icmp_seq=1 ttl=64 time=0.377 ms
64 bytes from pool-70-104-195-206.nrflva.fios.verizon.net (70.104.195.206): icmp_seq=2 ttl=64 time=0.335 ms
64 bytes from pool-70-104-195-206.nrflva.fios.verizon.net (70.104.195.206): icmp_seq=3 ttl=64 time=0.362 ms
64 bytes from pool-70-104-195-206.nrflva.fios.verizon.net (70.104.195.206): icmp_seq=4 ttl=64 time=0.416 ms
64 bytes from pool-70-104-195-206.nrflva.fios.verizon.net (70.104.195.206): icmp_seq=5 ttl=64 time=0.449 ms
64 bytes from pool-70-104-195-206.nrflva.fios.verizon.net (70.104.195.206): icmp_seq=6 ttl=64 time=0.376 ms
64 bytes from pool-70-104-195-206.nrflva.fios.verizon.net (70.104.195.206): icmp_seq=7 ttl=64 time=0.433 ms
64 bytes from pool-70-104-195-206.nrflva.fios.verizon.net (70.104.195.206): icmp_seq=8 ttl=64 time=0.301 ms
64 bytes from pool-70-104-195-206.nrflva.fios.verizon.net (70.104.195.206): icmp_seq=9 ttl=64 time=0.514 ms
64 bytes from pool-70-104-195-206.nrflva.fios.verizon.net (70.104.195.206): icmp_seq=10 ttl=64 time=0.491 ms
64 bytes from pool-70-104-195-206.nrflva.fios.verizon.net (70.104.195.206): icmp_seq=11 ttl=64 time=0.330 ms
64 bytes from pool-70-104-195-206.nrflva.fios.verizon.net (70.104.195.206): icmp_seq=12 ttl=64 time=0.291 ms
64 bytes from pool-70-104-195-206.nrflva.fios.verizon.net (70.104.195.206): icmp_seq=13 ttl=64 time=0.508 ms
64 bytes from pool-70-104-195-206.nrflva.fios.verizon.net (70.104.195.206): icmp_seq=14 ttl=64 time=0.478 ms
64 bytes from pool-70-104-195-206.nrflva.fios.verizon.net (70.104.195.206): icmp_seq=15 ttl=64 time=0.303 ms
64 bytes from pool-70-104-195-206.nrflva.fios.verizon.net (70.104.195.206): icmp_seq=16 ttl=64 time=0.311 ms
64 bytes from pool-70-104-195-206.nrflva.fios.verizon.net (70.104.195.206): icmp_seq=17 ttl=64 time=0.383 ms
64 bytes from pool-70-104-195-206.nrflva.fios.verizon.net (70.104.195.206): icmp_seq=18 ttl=64 time=0.319 ms
64 bytes from pool-70-104-195-206.nrflva.fios.verizon.net (70.104.195.206): icmp_seq=19 ttl=64 time=0.333 ms
64 bytes from pool-70-104-195-206.nrflva.fios.verizon.net (70.104.195.206): icmp_seq=20 ttl=64 time=0.380 ms

--- colorado.duckdns.org ping statistics ---
20 packets transmitted, 20 received, 0% packet loss, time 19483ms
rtt min/avg/max/mdev = 0.291/0.384/0.514/0.070 ms

real    0m19.520s
user    0m0.005s
sys     0m0.000s
Current date and time: Mon Nov 18 07:20:08 PM EST 2024
Updating and loading repositories:
 Fedora 41 openh264 (From Cisco) - x86_64                                                                                                                                                                                                                                           100% |   3.3 KiB/s | 989.0   B |  00m00s
 Fedora 41 - x86_64                                                                                                                                                                                                                                                                 100% | 191.1 KiB/s |  26.9 KiB |  00m00s
 Fedora 41 - x86_64 - Updates                                                                                                                                                                                                                                                       100% | 306.2 KiB/s |  30.0 KiB |  00m00s
 Fedora 41 - x86_64 - Updates                                                                                                                                                                                                                                                       100% | 818.7 KiB/s |   1.1 MiB |  00m01s
Repositories loaded.
Package                                                                                                       Arch                   Version                                                                                                       Repository                                                           Size
Upgrading:
 grilo-plugins                                                                                                x86_64                 0.3.16-7.fc41                                                                                                 updates                                                           2.4 MiB
   replacing grilo-plugins                                                                                    x86_64                 0.3.16-5.fc41                                                                                                 fedora                                                            2.4 MiB
 policycoreutils                                                                                              x86_64                 3.7-5.fc41                                                                                                    updates                                                         717.4 KiB
   replacing policycoreutils                                                                                  x86_64                 3.7-3.fc41                                                                                                    fedora                                                          697.6 KiB
 policycoreutils-python-utils                                                                                 noarch                 3.7-5.fc41                                                                                                    updates                                                          94.2 KiB
   replacing policycoreutils-python-utils                                                                     noarch                 3.7-3.fc41                                                                                                    fedora                                                           94.2 KiB
 python3-policycoreutils                                                                                      noarch                 3.7-5.fc41                                                                                                    updates                                                           5.8 MiB
   replacing python3-policycoreutils                                                                          noarch                 3.7-3.fc41                                                                                                    fedora                                                            5.8 MiB

Transaction Summary:
 Upgrading:          4 packages
 Replacing:          4 package

Total size of inbound packages is 3 MiB. Need to download 3 MiB.
[1/4] policycoreutils-0:3.7-5.fc41.x86_64                                                                                                                                                                                                                                           100% | 649.0 KiB/s | 212.2 KiB |  00m00s
[2/4] policycoreutils-python-utils-0:3.7-5.fc41.noarch                                                                                                                                                                                                                              100% | 809.1 KiB/s |  50.2 KiB |  00m00s
[3/4] grilo-plugins-0:0.3.16-7.fc41.x86_64                                                                                                                                                                                                                                          100% |   2.2 MiB/s |   1.0 MiB |  00m00s
[4/4] python3-policycoreutils-0:3.7-5.fc41.noarch                                                                                                                                                                                                                                   100% |   4.4 MiB/s |   2.2 MiB |  00m00s
----------------------------------------------------------------------------------------------------------------------------------------------------------------------------------------------------------------------------------------------------------------------------------------------------------------------------
[4/4] Total                                                                                                                                                                                                                                                                         100% |   5.3 MiB/s |   3.4 MiB |  00m01s
Testing offline transaction
Transaction stored to be performed offline. Run `dnf5 offline reboot` to reboot and run the transaction. To cancel the transaction and delete the downloaded files, use `dnf5 offline clean`.
Complete!

real    0m4.028s
user    0m0.009s
sys     0m0.017s
The system will now reboot to perform the offline transaction initiated by the following command:
        dnf offline-upgrade download -y

real    0m0.181s
user    0m0.008s
sys     0m0.016s
kushal@kusfedoravm:~$ Connection to kusfedoravm closed by remote host.
Connection to kusfedoravm closed.
PS C:\Users\kushal> ssh colorado
Linux colorado 6.1.0-27-amd64 #1 SMP PREEMPT_DYNAMIC Debian 6.1.115-1 (2024-11-01) x86_64

The programs included with the Debian GNU/Linux system are free software;
the exact distribution terms for each program are described in the
individual files in /usr/share/doc/*/copyright.

Debian GNU/Linux comes with ABSOLUTELY NO WARRANTY, to the extent
permitted by applicable law.
Last login: Sun Nov 17 08:40:13 2024 from fe80::975c:f636:bfb:5026%enp3s0
kushal@colorado:~$ sudo echo "Current date and time: $(date)"; free -h; df -h; sudo ip addr; time ping -c 20 pcna.duckdns.org; time ping -c 20 kalimati.duckdns.org; time ping -c 20 colorado.duckdns.org; sudo echo "Current date and time: $(date)"; export DEBIAN_FRONTEND=noninteractive; time sudo apt update; time sudo apt -y upgrade; time sudo apt -y full-upgrade; time sudo apt -y autoremove; time sudo reboot;
[sudo] password for kushal:
Current date and time: Mon Nov 18 07:28:39 PM EST 2024
               total        used        free      shared  buff/cache   available
Mem:           3.7Gi       1.1Gi       1.9Gi       7.6Mi       999Mi       2.6Gi
Swap:          975Mi          0B       975Mi
Filesystem                     Size  Used Avail Use% Mounted on
udev                           1.9G     0  1.9G   0% /dev
tmpfs                          381M  1.5M  380M   1% /run
/dev/mapper/colorado--vg-root  915G  413G  456G  48% /
tmpfs                          1.9G     0  1.9G   0% /dev/shm
tmpfs                          5.0M  8.0K  5.0M   1% /run/lock
/dev/sda1                      455M  149M  282M  35% /boot
tmpfs                          381M   60K  381M   1% /run/user/113
tmpfs                          381M   52K  381M   1% /run/user/1000
1: lo: <LOOPBACK,UP,LOWER_UP> mtu 65536 qdisc noqueue state UNKNOWN group default qlen 1000
    link/loopback 00:00:00:00:00:00 brd 00:00:00:00:00:00
    inet 127.0.0.1/8 scope host lo
       valid_lft forever preferred_lft forever
    inet6 ::1/128 scope host noprefixroute
       valid_lft forever preferred_lft forever
2: enp3s0: <BROADCAST,MULTICAST,UP,LOWER_UP> mtu 1500 qdisc fq_codel state UP group default qlen 1000
    link/ether d0:67:e5:18:40:c1 brd ff:ff:ff:ff:ff:ff
    inet 192.168.0.102/24 brd 192.168.0.255 scope global dynamic noprefixroute enp3s0
       valid_lft 5429sec preferred_lft 5429sec
    inet6 fe80::d267:e5ff:fe18:40c1/64 scope link noprefixroute
       valid_lft forever preferred_lft forever
3: wlx34e894d0564e: <NO-CARRIER,BROADCAST,MULTICAST,UP> mtu 1500 qdisc mq state DOWN group default qlen 1000
    link/ether 34:e8:94:d0:56:4e brd ff:ff:ff:ff:ff:ff
4: br-44e2aa3623ed: <NO-CARRIER,BROADCAST,MULTICAST,UP> mtu 1500 qdisc noqueue state DOWN group default
    link/ether 02:42:f4:57:99:ec brd ff:ff:ff:ff:ff:ff
    inet 172.18.0.1/16 brd 172.18.255.255 scope global br-44e2aa3623ed
       valid_lft forever preferred_lft forever
5: docker0: <BROADCAST,MULTICAST,UP,LOWER_UP> mtu 1500 qdisc noqueue state UP group default
    link/ether 02:42:6e:b4:e4:a6 brd ff:ff:ff:ff:ff:ff
    inet 172.17.0.1/16 brd 172.17.255.255 scope global docker0
       valid_lft forever preferred_lft forever
    inet6 fe80::42:6eff:feb4:e4a6/64 scope link
       valid_lft forever preferred_lft forever
6: br-2f8ddf5bc2ec: <NO-CARRIER,BROADCAST,MULTICAST,UP> mtu 1500 qdisc noqueue state DOWN group default
    link/ether 02:42:95:f8:d2:ac brd ff:ff:ff:ff:ff:ff
    inet 172.19.0.1/16 brd 172.19.255.255 scope global br-2f8ddf5bc2ec
       valid_lft forever preferred_lft forever
8: vethe3c598a@if7: <BROADCAST,MULTICAST,UP,LOWER_UP> mtu 1500 qdisc noqueue master docker0 state UP group default
    link/ether 46:d0:67:1d:b4:90 brd ff:ff:ff:ff:ff:ff link-netnsid 0
    inet6 fe80::44d0:67ff:fe1d:b490/64 scope link
       valid_lft forever preferred_lft forever
PING pcna.duckdns.org (70.104.195.206) 56(84) bytes of data.
64 bytes from pool-70-104-195-206.nrflva.fios.verizon.net (70.104.195.206): icmp_seq=1 ttl=64 time=1.85 ms
64 bytes from pool-70-104-195-206.nrflva.fios.verizon.net (70.104.195.206): icmp_seq=2 ttl=64 time=12.6 ms
64 bytes from pool-70-104-195-206.nrflva.fios.verizon.net (70.104.195.206): icmp_seq=3 ttl=64 time=4.85 ms
64 bytes from pool-70-104-195-206.nrflva.fios.verizon.net (70.104.195.206): icmp_seq=4 ttl=64 time=1.70 ms
64 bytes from pool-70-104-195-206.nrflva.fios.verizon.net (70.104.195.206): icmp_seq=5 ttl=64 time=7.34 ms
64 bytes from pool-70-104-195-206.nrflva.fios.verizon.net (70.104.195.206): icmp_seq=6 ttl=64 time=6.71 ms
64 bytes from pool-70-104-195-206.nrflva.fios.verizon.net (70.104.195.206): icmp_seq=7 ttl=64 time=8.35 ms
64 bytes from pool-70-104-195-206.nrflva.fios.verizon.net (70.104.195.206): icmp_seq=8 ttl=64 time=7.84 ms
64 bytes from pool-70-104-195-206.nrflva.fios.verizon.net (70.104.195.206): icmp_seq=9 ttl=64 time=13.3 ms
64 bytes from pool-70-104-195-206.nrflva.fios.verizon.net (70.104.195.206): icmp_seq=10 ttl=64 time=1.15 ms
64 bytes from pool-70-104-195-206.nrflva.fios.verizon.net (70.104.195.206): icmp_seq=11 ttl=64 time=1.03 ms
64 bytes from pool-70-104-195-206.nrflva.fios.verizon.net (70.104.195.206): icmp_seq=12 ttl=64 time=1.32 ms
64 bytes from pool-70-104-195-206.nrflva.fios.verizon.net (70.104.195.206): icmp_seq=13 ttl=64 time=7.92 ms
64 bytes from pool-70-104-195-206.nrflva.fios.verizon.net (70.104.195.206): icmp_seq=14 ttl=64 time=9.27 ms
64 bytes from pool-70-104-195-206.nrflva.fios.verizon.net (70.104.195.206): icmp_seq=15 ttl=64 time=1.44 ms
64 bytes from pool-70-104-195-206.nrflva.fios.verizon.net (70.104.195.206): icmp_seq=16 ttl=64 time=1.21 ms
64 bytes from pool-70-104-195-206.nrflva.fios.verizon.net (70.104.195.206): icmp_seq=17 ttl=64 time=4.21 ms
64 bytes from pool-70-104-195-206.nrflva.fios.verizon.net (70.104.195.206): icmp_seq=18 ttl=64 time=13.8 ms
64 bytes from pool-70-104-195-206.nrflva.fios.verizon.net (70.104.195.206): icmp_seq=19 ttl=64 time=5.08 ms
64 bytes from pool-70-104-195-206.nrflva.fios.verizon.net (70.104.195.206): icmp_seq=20 ttl=64 time=13.0 ms

--- pcna.duckdns.org ping statistics ---
20 packets transmitted, 20 received, 0% packet loss, time 19026ms
rtt min/avg/max/mdev = 1.029/6.194/13.794/4.390 ms

real    0m19.090s
user    0m0.008s
sys     0m0.001s
PING kalimati.duckdns.org (70.104.195.206) 56(84) bytes of data.
64 bytes from pool-70-104-195-206.nrflva.fios.verizon.net (70.104.195.206): icmp_seq=1 ttl=64 time=4.13 ms
64 bytes from pool-70-104-195-206.nrflva.fios.verizon.net (70.104.195.206): icmp_seq=2 ttl=64 time=1.07 ms
64 bytes from pool-70-104-195-206.nrflva.fios.verizon.net (70.104.195.206): icmp_seq=3 ttl=64 time=1.46 ms
64 bytes from pool-70-104-195-206.nrflva.fios.verizon.net (70.104.195.206): icmp_seq=4 ttl=64 time=6.44 ms
64 bytes from pool-70-104-195-206.nrflva.fios.verizon.net (70.104.195.206): icmp_seq=5 ttl=64 time=3.40 ms
64 bytes from pool-70-104-195-206.nrflva.fios.verizon.net (70.104.195.206): icmp_seq=6 ttl=64 time=1.48 ms
64 bytes from pool-70-104-195-206.nrflva.fios.verizon.net (70.104.195.206): icmp_seq=7 ttl=64 time=2.03 ms
64 bytes from pool-70-104-195-206.nrflva.fios.verizon.net (70.104.195.206): icmp_seq=8 ttl=64 time=2.36 ms
64 bytes from pool-70-104-195-206.nrflva.fios.verizon.net (70.104.195.206): icmp_seq=9 ttl=64 time=1.29 ms
64 bytes from pool-70-104-195-206.nrflva.fios.verizon.net (70.104.195.206): icmp_seq=10 ttl=64 time=6.53 ms
64 bytes from pool-70-104-195-206.nrflva.fios.verizon.net (70.104.195.206): icmp_seq=11 ttl=64 time=1.30 ms
64 bytes from pool-70-104-195-206.nrflva.fios.verizon.net (70.104.195.206): icmp_seq=12 ttl=64 time=1.18 ms
64 bytes from pool-70-104-195-206.nrflva.fios.verizon.net (70.104.195.206): icmp_seq=13 ttl=64 time=1.33 ms
64 bytes from pool-70-104-195-206.nrflva.fios.verizon.net (70.104.195.206): icmp_seq=14 ttl=64 time=5.90 ms
64 bytes from pool-70-104-195-206.nrflva.fios.verizon.net (70.104.195.206): icmp_seq=15 ttl=64 time=2.79 ms
64 bytes from pool-70-104-195-206.nrflva.fios.verizon.net (70.104.195.206): icmp_seq=16 ttl=64 time=5.30 ms
64 bytes from pool-70-104-195-206.nrflva.fios.verizon.net (70.104.195.206): icmp_seq=17 ttl=64 time=1.64 ms
64 bytes from pool-70-104-195-206.nrflva.fios.verizon.net (70.104.195.206): icmp_seq=18 ttl=64 time=4.20 ms
64 bytes from pool-70-104-195-206.nrflva.fios.verizon.net (70.104.195.206): icmp_seq=19 ttl=64 time=1.14 ms
64 bytes from pool-70-104-195-206.nrflva.fios.verizon.net (70.104.195.206): icmp_seq=20 ttl=64 time=1.47 ms

--- kalimati.duckdns.org ping statistics ---
20 packets transmitted, 20 received, 0% packet loss, time 19027ms
rtt min/avg/max/mdev = 1.067/2.822/6.532/1.865 ms

real    0m19.070s
user    0m0.004s
sys     0m0.005s
PING colorado.duckdns.org (70.104.195.206) 56(84) bytes of data.
64 bytes from pool-70-104-195-206.nrflva.fios.verizon.net (70.104.195.206): icmp_seq=1 ttl=64 time=0.991 ms
64 bytes from pool-70-104-195-206.nrflva.fios.verizon.net (70.104.195.206): icmp_seq=2 ttl=64 time=10.3 ms
64 bytes from pool-70-104-195-206.nrflva.fios.verizon.net (70.104.195.206): icmp_seq=3 ttl=64 time=3.06 ms
64 bytes from pool-70-104-195-206.nrflva.fios.verizon.net (70.104.195.206): icmp_seq=4 ttl=64 time=11.5 ms
64 bytes from pool-70-104-195-206.nrflva.fios.verizon.net (70.104.195.206): icmp_seq=5 ttl=64 time=1.66 ms
64 bytes from pool-70-104-195-206.nrflva.fios.verizon.net (70.104.195.206): icmp_seq=6 ttl=64 time=2.51 ms
64 bytes from pool-70-104-195-206.nrflva.fios.verizon.net (70.104.195.206): icmp_seq=7 ttl=64 time=10.3 ms
64 bytes from pool-70-104-195-206.nrflva.fios.verizon.net (70.104.195.206): icmp_seq=8 ttl=64 time=12.7 ms
64 bytes from pool-70-104-195-206.nrflva.fios.verizon.net (70.104.195.206): icmp_seq=9 ttl=64 time=3.50 ms
64 bytes from pool-70-104-195-206.nrflva.fios.verizon.net (70.104.195.206): icmp_seq=10 ttl=64 time=16.0 ms
64 bytes from pool-70-104-195-206.nrflva.fios.verizon.net (70.104.195.206): icmp_seq=11 ttl=64 time=5.63 ms
64 bytes from pool-70-104-195-206.nrflva.fios.verizon.net (70.104.195.206): icmp_seq=12 ttl=64 time=4.91 ms
64 bytes from pool-70-104-195-206.nrflva.fios.verizon.net (70.104.195.206): icmp_seq=13 ttl=64 time=3.59 ms
64 bytes from pool-70-104-195-206.nrflva.fios.verizon.net (70.104.195.206): icmp_seq=14 ttl=64 time=1.23 ms
64 bytes from pool-70-104-195-206.nrflva.fios.verizon.net (70.104.195.206): icmp_seq=15 ttl=64 time=1.13 ms
64 bytes from pool-70-104-195-206.nrflva.fios.verizon.net (70.104.195.206): icmp_seq=16 ttl=64 time=1.35 ms
64 bytes from pool-70-104-195-206.nrflva.fios.verizon.net (70.104.195.206): icmp_seq=17 ttl=64 time=1.17 ms
64 bytes from pool-70-104-195-206.nrflva.fios.verizon.net (70.104.195.206): icmp_seq=18 ttl=64 time=1.12 ms
64 bytes from pool-70-104-195-206.nrflva.fios.verizon.net (70.104.195.206): icmp_seq=19 ttl=64 time=1.20 ms
64 bytes from pool-70-104-195-206.nrflva.fios.verizon.net (70.104.195.206): icmp_seq=20 ttl=64 time=4.97 ms

--- colorado.duckdns.org ping statistics ---
20 packets transmitted, 20 received, 0% packet loss, time 19028ms
rtt min/avg/max/mdev = 0.991/4.941/15.978/4.510 ms

real    0m19.075s
user    0m0.000s
sys     0m0.009s
Current date and time: Mon Nov 18 07:29:40 PM EST 2024
Get:1 http://security.debian.org/debian-security bookworm-security InRelease [48.0 kB]
Hit:2 http://deb.debian.org/debian bookworm InRelease
Get:3 http://deb.debian.org/debian bookworm-updates InRelease [55.4 kB]
Fetched 103 kB in 1s (188 kB/s)
Reading package lists... Done
Building dependency tree... Done
Reading state information... Done
All packages are up to date.

real    0m1.697s
user    0m0.005s
sys     0m0.006s
Reading package lists... Done
Building dependency tree... Done
Reading state information... Done
Calculating upgrade... Done
0 upgraded, 0 newly installed, 0 to remove and 0 not upgraded.

real    0m0.550s
user    0m0.003s
sys     0m0.007s
Reading package lists... Done
Building dependency tree... Done
Reading state information... Done
Calculating upgrade... Done
0 upgraded, 0 newly installed, 0 to remove and 0 not upgraded.

real    0m0.579s
user    0m0.003s
sys     0m0.007s
Reading package lists... Done
Building dependency tree... Done
Reading state information... Done
0 upgraded, 0 newly installed, 0 to remove and 0 not upgraded.

real    0m0.485s
user    0m0.000s
sys     0m0.010s

Broadcast message from root@colorado on pts/1 (Mon 2024-11-18 19:29:44 EST):

The system will reboot now!


real    0m0.036s
user    0m0.007s
sys     0m0.004s
kushal@colorado:~$ Connection to colorado closed by remote host.
Connection to colorado closed.
PS C:\Users\kushal> ssh 192.168.0.97
kushal@192.168.0.97's password:
Linux kushaldebianvm 6.1.0-27-amd64 #1 SMP PREEMPT_DYNAMIC Debian 6.1.115-1 (2024-11-01) x86_64

The programs included with the Debian GNU/Linux system are free software;
the exact distribution terms for each program are described in the
individual files in /usr/share/doc/*/copyright.

Debian GNU/Linux comes with ABSOLUTELY NO WARRANTY, to the extent
permitted by applicable law.
Last login: Sun Nov 17 08:19:50 2024 from 192.168.0.133
kushal@kushaldebianvm:~$ sudo echo "Current date and time: $(date)"; free -h; df -h; sudo ip addr; time ping -c 20 pcna.duckdns.org; time ping -c 20 kalimati.duckdns.org; time ping -c 20 colorado.duckdns.org; sudo echo "Current date and time: $(date)"; export DEBIAN_FRONTEND=noninteractive; time sudo apt update; time sudo apt -y upgrade; time sudo apt -y full-upgrade; time sudo apt -y autoremove; time sudo reboot;
[sudo] password for kushal:
Current date and time: Mon Nov 18 07:35:53 PM EST 2024
               total        used        free      shared  buff/cache   available
Mem:           1.9Gi       284Mi       1.5Gi       3.4Mi       175Mi       1.6Gi
Swap:          979Mi          0B       979Mi
Filesystem                           Size  Used Avail Use% Mounted on
udev                                 931M     0  931M   0% /dev
tmpfs                                191M  432K  190M   1% /run
/dev/mapper/kushaldebianvm--vg-root   23G  1.7G   20G   8% /
tmpfs                                951M     0  951M   0% /dev/shm
tmpfs                                5.0M     0  5.0M   0% /run/lock
/dev/sda2                            456M   93M  339M  22% /boot
/dev/sda1                            511M  5.9M  506M   2% /boot/efi
tmpfs                                191M     0  191M   0% /run/user/1000
1: lo: <LOOPBACK,UP,LOWER_UP> mtu 65536 qdisc noqueue state UNKNOWN group default qlen 1000
    link/loopback 00:00:00:00:00:00 brd 00:00:00:00:00:00
    inet 127.0.0.1/8 scope host lo
       valid_lft forever preferred_lft forever
    inet6 ::1/128 scope host noprefixroute
       valid_lft forever preferred_lft forever
2: eth0: <BROADCAST,MULTICAST,UP,LOWER_UP> mtu 1500 qdisc mq state UP group default qlen 1000
    link/ether 00:15:5d:00:0f:04 brd ff:ff:ff:ff:ff:ff
    inet 192.168.0.97/24 brd 192.168.0.255 scope global dynamic eth0
       valid_lft 5896sec preferred_lft 5896sec
    inet6 fe80::215:5dff:fe00:f04/64 scope link
       valid_lft forever preferred_lft forever
PING pcna.duckdns.org (70.104.195.206) 56(84) bytes of data.
64 bytes from pool-70-104-195-206.nrflva.fios.verizon.net (70.104.195.206): icmp_seq=1 ttl=64 time=0.365 ms
64 bytes from pool-70-104-195-206.nrflva.fios.verizon.net (70.104.195.206): icmp_seq=2 ttl=64 time=0.307 ms
64 bytes from pool-70-104-195-206.nrflva.fios.verizon.net (70.104.195.206): icmp_seq=3 ttl=64 time=0.362 ms
64 bytes from pool-70-104-195-206.nrflva.fios.verizon.net (70.104.195.206): icmp_seq=4 ttl=64 time=0.245 ms
64 bytes from pool-70-104-195-206.nrflva.fios.verizon.net (70.104.195.206): icmp_seq=5 ttl=64 time=0.504 ms
64 bytes from pool-70-104-195-206.nrflva.fios.verizon.net (70.104.195.206): icmp_seq=6 ttl=64 time=0.295 ms
64 bytes from pool-70-104-195-206.nrflva.fios.verizon.net (70.104.195.206): icmp_seq=7 ttl=64 time=0.276 ms
64 bytes from pool-70-104-195-206.nrflva.fios.verizon.net (70.104.195.206): icmp_seq=8 ttl=64 time=0.298 ms
64 bytes from pool-70-104-195-206.nrflva.fios.verizon.net (70.104.195.206): icmp_seq=9 ttl=64 time=0.299 ms
64 bytes from pool-70-104-195-206.nrflva.fios.verizon.net (70.104.195.206): icmp_seq=10 ttl=64 time=0.360 ms
64 bytes from pool-70-104-195-206.nrflva.fios.verizon.net (70.104.195.206): icmp_seq=11 ttl=64 time=0.327 ms
64 bytes from pool-70-104-195-206.nrflva.fios.verizon.net (70.104.195.206): icmp_seq=12 ttl=64 time=0.285 ms
64 bytes from pool-70-104-195-206.nrflva.fios.verizon.net (70.104.195.206): icmp_seq=13 ttl=64 time=0.325 ms
64 bytes from pool-70-104-195-206.nrflva.fios.verizon.net (70.104.195.206): icmp_seq=14 ttl=64 time=0.325 ms
64 bytes from pool-70-104-195-206.nrflva.fios.verizon.net (70.104.195.206): icmp_seq=15 ttl=64 time=0.310 ms
64 bytes from pool-70-104-195-206.nrflva.fios.verizon.net (70.104.195.206): icmp_seq=16 ttl=64 time=0.322 ms
64 bytes from pool-70-104-195-206.nrflva.fios.verizon.net (70.104.195.206): icmp_seq=17 ttl=64 time=0.280 ms
64 bytes from pool-70-104-195-206.nrflva.fios.verizon.net (70.104.195.206): icmp_seq=18 ttl=64 time=0.408 ms
64 bytes from pool-70-104-195-206.nrflva.fios.verizon.net (70.104.195.206): icmp_seq=19 ttl=64 time=0.429 ms
64 bytes from pool-70-104-195-206.nrflva.fios.verizon.net (70.104.195.206): icmp_seq=20 ttl=64 time=0.299 ms

--- pcna.duckdns.org ping statistics ---
20 packets transmitted, 20 received, 0% packet loss, time 19041ms
rtt min/avg/max/mdev = 0.245/0.331/0.504/0.058 ms

real    0m19.090s
user    0m0.006s
sys     0m0.000s
PING kalimati.duckdns.org (70.104.195.206) 56(84) bytes of data.
64 bytes from pool-70-104-195-206.nrflva.fios.verizon.net (70.104.195.206): icmp_seq=1 ttl=64 time=0.444 ms
64 bytes from pool-70-104-195-206.nrflva.fios.verizon.net (70.104.195.206): icmp_seq=2 ttl=64 time=0.369 ms
64 bytes from pool-70-104-195-206.nrflva.fios.verizon.net (70.104.195.206): icmp_seq=3 ttl=64 time=0.353 ms
64 bytes from pool-70-104-195-206.nrflva.fios.verizon.net (70.104.195.206): icmp_seq=4 ttl=64 time=0.388 ms
64 bytes from pool-70-104-195-206.nrflva.fios.verizon.net (70.104.195.206): icmp_seq=5 ttl=64 time=0.322 ms
64 bytes from pool-70-104-195-206.nrflva.fios.verizon.net (70.104.195.206): icmp_seq=6 ttl=64 time=0.512 ms
64 bytes from pool-70-104-195-206.nrflva.fios.verizon.net (70.104.195.206): icmp_seq=7 ttl=64 time=0.309 ms
64 bytes from pool-70-104-195-206.nrflva.fios.verizon.net (70.104.195.206): icmp_seq=8 ttl=64 time=0.281 ms
64 bytes from pool-70-104-195-206.nrflva.fios.verizon.net (70.104.195.206): icmp_seq=9 ttl=64 time=0.345 ms
64 bytes from pool-70-104-195-206.nrflva.fios.verizon.net (70.104.195.206): icmp_seq=10 ttl=64 time=0.328 ms
64 bytes from pool-70-104-195-206.nrflva.fios.verizon.net (70.104.195.206): icmp_seq=11 ttl=64 time=0.318 ms
64 bytes from pool-70-104-195-206.nrflva.fios.verizon.net (70.104.195.206): icmp_seq=12 ttl=64 time=0.312 ms
64 bytes from pool-70-104-195-206.nrflva.fios.verizon.net (70.104.195.206): icmp_seq=13 ttl=64 time=0.369 ms
64 bytes from pool-70-104-195-206.nrflva.fios.verizon.net (70.104.195.206): icmp_seq=14 ttl=64 time=0.344 ms
64 bytes from pool-70-104-195-206.nrflva.fios.verizon.net (70.104.195.206): icmp_seq=15 ttl=64 time=0.380 ms
64 bytes from pool-70-104-195-206.nrflva.fios.verizon.net (70.104.195.206): icmp_seq=16 ttl=64 time=0.316 ms
64 bytes from pool-70-104-195-206.nrflva.fios.verizon.net (70.104.195.206): icmp_seq=17 ttl=64 time=0.412 ms
64 bytes from pool-70-104-195-206.nrflva.fios.verizon.net (70.104.195.206): icmp_seq=18 ttl=64 time=0.238 ms
64 bytes from pool-70-104-195-206.nrflva.fios.verizon.net (70.104.195.206): icmp_seq=19 ttl=64 time=0.297 ms
64 bytes from pool-70-104-195-206.nrflva.fios.verizon.net (70.104.195.206): icmp_seq=20 ttl=64 time=0.277 ms

--- kalimati.duckdns.org ping statistics ---
20 packets transmitted, 20 received, 0% packet loss, time 19054ms
rtt min/avg/max/mdev = 0.238/0.345/0.512/0.060 ms

real    0m19.090s
user    0m0.000s
sys     0m0.006s
PING colorado.duckdns.org (70.104.195.206) 56(84) bytes of data.
64 bytes from pool-70-104-195-206.nrflva.fios.verizon.net (70.104.195.206): icmp_seq=1 ttl=64 time=0.307 ms
64 bytes from pool-70-104-195-206.nrflva.fios.verizon.net (70.104.195.206): icmp_seq=2 ttl=64 time=0.304 ms
64 bytes from pool-70-104-195-206.nrflva.fios.verizon.net (70.104.195.206): icmp_seq=3 ttl=64 time=0.316 ms
64 bytes from pool-70-104-195-206.nrflva.fios.verizon.net (70.104.195.206): icmp_seq=4 ttl=64 time=0.338 ms
64 bytes from pool-70-104-195-206.nrflva.fios.verizon.net (70.104.195.206): icmp_seq=5 ttl=64 time=0.361 ms
64 bytes from pool-70-104-195-206.nrflva.fios.verizon.net (70.104.195.206): icmp_seq=6 ttl=64 time=0.557 ms
64 bytes from pool-70-104-195-206.nrflva.fios.verizon.net (70.104.195.206): icmp_seq=7 ttl=64 time=0.338 ms
64 bytes from pool-70-104-195-206.nrflva.fios.verizon.net (70.104.195.206): icmp_seq=8 ttl=64 time=0.407 ms
64 bytes from pool-70-104-195-206.nrflva.fios.verizon.net (70.104.195.206): icmp_seq=9 ttl=64 time=0.331 ms
64 bytes from pool-70-104-195-206.nrflva.fios.verizon.net (70.104.195.206): icmp_seq=10 ttl=64 time=0.407 ms
64 bytes from pool-70-104-195-206.nrflva.fios.verizon.net (70.104.195.206): icmp_seq=11 ttl=64 time=0.461 ms
64 bytes from pool-70-104-195-206.nrflva.fios.verizon.net (70.104.195.206): icmp_seq=12 ttl=64 time=0.353 ms
64 bytes from pool-70-104-195-206.nrflva.fios.verizon.net (70.104.195.206): icmp_seq=13 ttl=64 time=0.318 ms
64 bytes from pool-70-104-195-206.nrflva.fios.verizon.net (70.104.195.206): icmp_seq=14 ttl=64 time=0.499 ms
64 bytes from pool-70-104-195-206.nrflva.fios.verizon.net (70.104.195.206): icmp_seq=15 ttl=64 time=0.289 ms
64 bytes from pool-70-104-195-206.nrflva.fios.verizon.net (70.104.195.206): icmp_seq=16 ttl=64 time=0.336 ms
64 bytes from pool-70-104-195-206.nrflva.fios.verizon.net (70.104.195.206): icmp_seq=17 ttl=64 time=0.329 ms
64 bytes from pool-70-104-195-206.nrflva.fios.verizon.net (70.104.195.206): icmp_seq=18 ttl=64 time=0.315 ms
64 bytes from pool-70-104-195-206.nrflva.fios.verizon.net (70.104.195.206): icmp_seq=19 ttl=64 time=0.326 ms
64 bytes from pool-70-104-195-206.nrflva.fios.verizon.net (70.104.195.206): icmp_seq=20 ttl=64 time=0.271 ms

--- colorado.duckdns.org ping statistics ---
20 packets transmitted, 20 received, 0% packet loss, time 19061ms
rtt min/avg/max/mdev = 0.271/0.358/0.557/0.071 ms

real    0m19.099s
user    0m0.000s
sys     0m0.006s
Current date and time: Mon Nov 18 07:36:55 PM EST 2024
Hit:1 http://deb.debian.org/debian bookworm InRelease
Get:2 http://security.debian.org/debian-security bookworm-security InRelease [48.0 kB]
Get:3 http://deb.debian.org/debian bookworm-updates InRelease [55.4 kB]
Fetched 103 kB in 0s (319 kB/s)
Reading package lists... Done
Building dependency tree... Done
Reading state information... Done
All packages are up to date.

real    0m0.989s
user    0m0.002s
sys     0m0.004s
Reading package lists... Done
Building dependency tree... Done
Reading state information... Done
Calculating upgrade... Done
0 upgraded, 0 newly installed, 0 to remove and 0 not upgraded.

real    0m0.259s
user    0m0.001s
sys     0m0.004s
Reading package lists... Done
Building dependency tree... Done
Reading state information... Done
Calculating upgrade... Done
0 upgraded, 0 newly installed, 0 to remove and 0 not upgraded.

real    0m0.253s
user    0m0.001s
sys     0m0.004s
Reading package lists... Done
Building dependency tree... Done
Reading state information... Done
0 upgraded, 0 newly installed, 0 to remove and 0 not upgraded.

real    0m0.230s
user    0m0.001s
sys     0m0.004s

Broadcast message from root@kushaldebianvm on pts/1 (Mon 2024-11-18 19:36:56 EST):

The system will reboot now!


real    0m0.014s
user    0m0.001s
sys     0m0.003s
kushal@kushaldebianvm:~$ Connection to 192.168.0.97 closed by remote host.
Connection to 192.168.0.97 closed.
PS C:\Users\kushal> date; c:\src\omnibus.ps1; date;

Monday, November 18, 2024 7:49:00 PM
Monday, November 18, 2024 7:49:00 PM
home: 127.0.0.1
tplinkverizon: 192.168.0.1
cloudflare1: 1.1.1.1
cloudflare2: 1.0.0.1
google1: 8.8.8.8
google2: 8.8.4.4
quad91: 9.9.9.9
quad92: 149.112.112.112
opendns1: 208.67.222.222
opendns2: 208.67.220.220
comodo1: 8.26.56.26
comodo2: 8.20.247.20
Enumerating objects: 31, done.
Counting objects: 100% (31/31), done.
Delta compression using up to 16 threads
Compressing objects: 100% (16/16), done.
Writing objects: 100% (16/16), 10.16 MiB | 8.13 MiB/s, done.
Total 16 (delta 13), reused 0 (delta 0), pack-reused 0 (from 0)
remote: Resolving deltas: 100% (13/13), completed with 13 local objects.
To github.com:kusl/ping5800x2023.git
   6f85959a400..d7235a1fedf  main -> main
3.98202944666667
Monday, November 18, 2024 7:52:59 PM
HTTP/1.1 200 OK
Date: Tue, 19 Nov 2024 00:52:58 GMT
Connection: keep-alive
Access-Control-Allow-Origin: https://scjtjchderaiebobcpvp.hasura.eu-central-1.nhost.run
Access-Control-Allow-Credentials: true
Access-Control-Allow-Methods: GET,POST,PUT,PATCH,DELETE,OPTIONS
Access-Control-Expose-Headers: X-Hasura-Query-Cache-Key,X-Hasura-Query-Family-Cache-Key,Warning
X-Request-ID: 4349a037031501697300c8d437b94201
Content-Type: application/json; charset=utf-8
Content-Length: 89

{"person":[{"id":"716fefdd-967b-41ef-b4c5-529d5549cc53","legal_name":"abraham lincoln"}]}
0.4048915
Monday, November 18, 2024 7:53:00 PM
Monday, November 18, 2024 7:53:00 PM
Monday, November 18, 2024 7:53:04 PM
On branch master

It took 50.44 seconds to enumerate untracked files.
See 'git help status' for information on how to improve this.

nothing to commit, working tree clean
Monday, November 18, 2024 7:53:56 PM
On branch master
nothing to commit, working tree clean
* remote mine
  Fetch URL: \\tp-share\G\shared\git\mymail
  Push  URL: \\tp-share\G\shared\git\mymail
  HEAD branch: master
  Remote branch:
    master tracked
  Local ref configured for 'git push':
    master pushes to master (up to date)
Monday, November 18, 2024 7:54:06 PM
Everything up-to-date
Monday, November 18, 2024 7:54:06 PM
Monday, November 18, 2024 7:54:06 PM
Monday, November 18, 2024 7:54:06 PM
Monday, November 18, 2024 7:54:06 PM
home: 127.0.0.1
tplinkverizon: 192.168.0.1
cloudflare1: 1.1.1.1
cloudflare2: 1.0.0.1
google1: 8.8.8.8
google2: 8.8.4.4
quad91: 9.9.9.9
