PowerShell 7.4.4
PS C:\Users\kushal> cd "C:\Users\kushal\src\mylogging\"; date; git add .; date; git commit --message "add all files" --message "from the terminal"; date; cd "C:\Users\kushal\src\myhtml\fromnepal"; date; yarn;date; yarn run build; date; git add .; date; git commit --message "build application" --message "from the terminal"; date; git pull --rebase origin main; date; git push origin main; date;

Thursday, August 15, 2024 5:02:22 PM
Thursday, August 15, 2024 5:02:22 PM
On branch main
nothing to commit, working tree clean
Thursday, August 15, 2024 5:02:22 PM
Thursday, August 15, 2024 5:02:22 PM
yarn install v1.22.21
[1/4] Resolving packages...
success Already up-to-date.
Done in 0.06s.
Thursday, August 15, 2024 5:02:23 PM
yarn run v1.22.21
$ tsc && vite build
vite v5.2.13 building for production...
✓ 5 modules transformed.
docs/index.html                 0.53 kB │ gzip: 0.32 kB
docs/assets/index-DYhv0y2B.css  4.60 kB │ gzip: 1.63 kB
docs/assets/index-BUJcqj8w.js   4.81 kB │ gzip: 2.11 kB
✓ built in 155ms
Done in 0.93s.
Thursday, August 15, 2024 5:02:24 PM
warning: in the working copy of 'docs/assets/index-BUJcqj8w.js', LF will be replaced by CRLF the next time Git touches it
warning: in the working copy of 'docs/assets/index-DYhv0y2B.css', LF will be replaced by CRLF the next time Git touches it
warning: in the working copy of 'docs/index.html', LF will be replaced by CRLF the next time Git touches it
Thursday, August 15, 2024 5:02:24 PM
[main d18b6d8] build application
 3 files changed, 597 insertions(+)
 create mode 100644 codedraw.html
 create mode 100644 src/codedraw.css
 create mode 100644 src/codedraw.js
Thursday, August 15, 2024 5:02:24 PM
From github.com:fromnepal/fromnepal.github.io
 * branch            main       -> FETCH_HEAD
Current branch main is up to date.
Thursday, August 15, 2024 5:02:25 PM
Enumerating objects: 8, done.
Counting objects: 100% (8/8), done.
Delta compression using up to 16 threads
Compressing objects: 100% (6/6), done.
Writing objects: 100% (6/6), 4.95 KiB | 4.95 MiB/s, done.
Total 6 (delta 1), reused 0 (delta 0), pack-reused 0 (from 0)
remote: Resolving deltas: 100% (1/1), completed with 1 local object.
To github.com:fromnepal/fromnepal.github.io.git
   8335d26..d18b6d8  main -> main
Thursday, August 15, 2024 5:02:26 PM

PS C:\Users\kushal\src\myhtml\fromnepal> cd "C:\Users\kushal\src\mylogging\"; date; git add .; date; git commit --message "add all files" --message "from the terminal"; date; cd "C:\Users\kushal\src\myhtml\fromnepal"; date; yarn; date; yarn run build; date; git add .; date; git commit --message "build application" --message "from the terminal"; date; git pull --rebase origin main; date; git push origin main; date;

Thursday, August 15, 2024 5:04:29 PM
Thursday, August 15, 2024 5:04:29 PM
On branch main
nothing to commit, working tree clean
Thursday, August 15, 2024 5:04:29 PM
Thursday, August 15, 2024 5:04:29 PM
yarn install v1.22.21
[1/4] Resolving packages...
success Already up-to-date.
Done in 0.07s.
Thursday, August 15, 2024 5:04:29 PM
yarn run v1.22.21
$ tsc && vite build
vite v5.2.13 building for production...
✓ 5 modules transformed.
docs/index.html                 0.53 kB │ gzip: 0.32 kB
docs/assets/index-DYhv0y2B.css  4.60 kB │ gzip: 1.63 kB
docs/assets/index-BUJcqj8w.js   4.81 kB │ gzip: 2.11 kB
✓ built in 177ms
Done in 1.38s.
Thursday, August 15, 2024 5:04:31 PM
warning: in the working copy of 'docs/assets/index-BUJcqj8w.js', LF will be replaced by CRLF the next time Git touches it
warning: in the working copy of 'docs/assets/index-DYhv0y2B.css', LF will be replaced by CRLF the next time Git touches it
warning: in the working copy of 'docs/index.html', LF will be replaced by CRLF the next time Git touches it
Thursday, August 15, 2024 5:04:31 PM
[main 98b3f2f] build application
 1 file changed, 0 insertions(+), 0 deletions(-)
 rename codedraw.html => src/codedraw.html (100%)
Thursday, August 15, 2024 5:04:32 PM
From github.com:fromnepal/fromnepal.github.io
 * branch            main       -> FETCH_HEAD
Current branch main is up to date.
Thursday, August 15, 2024 5:04:32 PM
Enumerating objects: 5, done.
Counting objects: 100% (5/5), done.
Delta compression using up to 16 threads
Compressing objects: 100% (3/3), done.
Writing objects: 100% (3/3), 338 bytes | 338.00 KiB/s, done.
Total 3 (delta 2), reused 0 (delta 0), pack-reused 0 (from 0)
remote: Resolving deltas: 100% (2/2), completed with 2 local objects.
To github.com:fromnepal/fromnepal.github.io.git
   d18b6d8..98b3f2f  main -> main
Thursday, August 15, 2024 5:04:33 PM

PS C:\Users\kushal\src\myhtml\fromnepal> cd "C:\Users\kushal\src\mylogging\"; date; git add .; date; git commit --message "add all files" --message "from the terminal"; date; cd "C:\Users\kushal\src\myhtml\fromnepal"; date; yarn; date; yarn run build; date; git add .; date; git commit --message "build application" --message "from the terminal"; date; git pull --rebase origin main; date; git push origin main; date;

Thursday, August 15, 2024 5:06:27 PM
Thursday, August 15, 2024 5:06:27 PM
On branch main
nothing to commit, working tree clean
Thursday, August 15, 2024 5:06:27 PM
Thursday, August 15, 2024 5:06:27 PM
yarn install v1.22.21
[1/4] Resolving packages...
success Already up-to-date.
Done in 0.06s.
Thursday, August 15, 2024 5:06:27 PM
yarn run v1.22.21
$ tsc && vite build
vite v5.2.13 building for production...
✓ 5 modules transformed.
docs/index.html                 0.53 kB │ gzip: 0.32 kB
docs/assets/index-DYhv0y2B.css  4.60 kB │ gzip: 1.63 kB
docs/assets/index-BUJcqj8w.js   4.81 kB │ gzip: 2.11 kB
✓ built in 141ms
Done in 0.81s.
Thursday, August 15, 2024 5:06:28 PM
warning: in the working copy of 'docs/assets/index-BUJcqj8w.js', LF will be replaced by CRLF the next time Git touches it
warning: in the working copy of 'docs/assets/index-DYhv0y2B.css', LF will be replaced by CRLF the next time Git touches it
warning: in the working copy of 'docs/index.html', LF will be replaced by CRLF the next time Git touches it
Thursday, August 15, 2024 5:06:29 PM
[main b9e7555] build application
 4 files changed, 255 insertions(+), 154 deletions(-)
 rename {src => docs/notes}/codedraw.html (100%)
 create mode 100644 public/notes/codedraw.html
Thursday, August 15, 2024 5:06:29 PM
From github.com:fromnepal/fromnepal.github.io
 * branch            main       -> FETCH_HEAD
Current branch main is up to date.
Thursday, August 15, 2024 5:06:29 PM
Enumerating objects: 13, done.
Counting objects: 100% (13/13), done.
Delta compression using up to 16 threads
Compressing objects: 100% (7/7), done.
Writing objects: 100% (7/7), 1.27 KiB | 1.27 MiB/s, done.
Total 7 (delta 6), reused 0 (delta 0), pack-reused 0 (from 0)
remote: Resolving deltas: 100% (6/6), completed with 6 local objects.
To github.com:fromnepal/fromnepal.github.io.git
   98b3f2f..b9e7555  main -> main
Thursday, August 15, 2024 5:06:30 PM

PS C:\Users\kushal\src\myhtml\fromnepal> cd "C:\Users\kushal\src\mylogging\"; date; git add .; date; git commit --message "add all files" --message "from the terminal"; date; cd "C:\Users\kushal\src\myhtml\fromnepal"; date; yarn; date; yarn run build; date; git add .; date; git commit --message "build application" --message "from the terminal"; date; git pull --rebase origin main; date; git push origin main; date;

Thursday, August 15, 2024 5:12:37 PM
Thursday, August 15, 2024 5:12:37 PM
On branch main
nothing to commit, working tree clean
Thursday, August 15, 2024 5:12:37 PM
Thursday, August 15, 2024 5:12:37 PM
yarn install v1.22.21
[1/4] Resolving packages...
success Already up-to-date.
Done in 0.07s.
Thursday, August 15, 2024 5:12:37 PM
yarn run v1.22.21
$ tsc && vite build
vite v5.2.13 building for production...
✓ 5 modules transformed.
docs/index.html                 0.53 kB │ gzip: 0.32 kB
docs/assets/index-DYhv0y2B.css  4.60 kB │ gzip: 1.63 kB
docs/assets/index-BUJcqj8w.js   4.81 kB │ gzip: 2.11 kB
✓ built in 196ms
Done in 1.45s.
Thursday, August 15, 2024 5:12:39 PM
warning: in the working copy of 'docs/assets/index-BUJcqj8w.js', LF will be replaced by CRLF the next time Git touches it
warning: in the working copy of 'docs/assets/index-DYhv0y2B.css', LF will be replaced by CRLF the next time Git touches it
warning: in the working copy of 'docs/index.html', LF will be replaced by CRLF the next time Git touches it
Thursday, August 15, 2024 5:12:40 PM
[main d654e60] build application
 8 files changed, 588 insertions(+), 4 deletions(-)
 rename {src => docs/notes}/codedraw.css (100%)
 rename {src => docs/notes}/codedraw.js (100%)
 create mode 100644 public/notes/codedraw.css
 create mode 100644 public/notes/codedraw.js
Thursday, August 15, 2024 5:12:40 PM
From github.com:fromnepal/fromnepal.github.io
 * branch            main       -> FETCH_HEAD
Current branch main is up to date.
Thursday, August 15, 2024 5:12:40 PM
Enumerating objects: 15, done.
Counting objects: 100% (15/15), done.
Delta compression using up to 16 threads
Compressing objects: 100% (8/8), done.
Writing objects: 100% (8/8), 1.11 KiB | 1.11 MiB/s, done.
Total 8 (delta 7), reused 0 (delta 0), pack-reused 0 (from 0)
remote: Resolving deltas: 100% (7/7), completed with 7 local objects.
To github.com:fromnepal/fromnepal.github.io.git
   b9e7555..d654e60  main -> main
Thursday, August 15, 2024 5:12:41 PM

PS C:\Users\kushal\src\myhtml\fromnepal> yarn add --dev @types/codemirror
yarn add v1.22.21
[1/4] Resolving packages...
[2/4] Fetching packages...
[3/4] Linking dependencies...
[4/4] Building fresh packages...
success Saved lockfile.
success Saved 2 new dependencies.
info Direct dependencies
└─ @types/codemirror@5.60.15
info All dependencies
├─ @types/codemirror@5.60.15
└─ @types/tern@0.23.9
Done in 8.93s.
PS C:\Users\kushal\src\myhtml\fromnepal>
PS C:\Users\kushal\src\myhtml\fromnepal> cd "C:\Users\kushal\src\mylogging\"; date; git add .; date; git commit --message "add all files" --message "from the terminal"; date; cd "C:\Users\kushal\src\myhtml\fromnepal"; date; yarn; date; yarn run build; date; git add .; date; git commit --message "build application" --message "from the terminal"; date; git pull --rebase origin main; date; git push origin main; date;

Thursday, August 15, 2024 5:32:07 PM
Thursday, August 15, 2024 5:32:07 PM
On branch main
nothing to commit, working tree clean
Thursday, August 15, 2024 5:32:07 PM
Thursday, August 15, 2024 5:32:07 PM
yarn install v1.22.21
[1/4] Resolving packages...
success Already up-to-date.
Done in 0.06s.
Thursday, August 15, 2024 5:32:07 PM
yarn run v1.22.21
$ tsc && vite build
src/codedraw.ts:35:13 - error TS7029: Fallthrough case in switch.

35             case "/": // skip comment
               ~~~~~~~~~

src/codedraw.ts:187:12 - error TS6133: 'toggleDocs' is declared but its value is never read.

187   function toggleDocs() {
               ~~~~~~~~~~

src/codedraw.ts:200:12 - error TS6133: 'shareURL' is declared but its value is never read.

200   function shareURL() {
               ~~~~~~~~

src/codedraw.ts:212:12 - error TS6133: 'exportImg' is declared but its value is never read.

212   function exportImg() {
               ~~~~~~~~~

src/codedraw.ts:223:16 - error TS2339: Property 'defineSimpleMode' does not exist on type 'typeof CodeMirror'.

223     CodeMirror.defineSimpleMode("codedraw", {
                   ~~~~~~~~~~~~~~~~

src/codedraw.ts:242:5 - error TS2588: Cannot assign to 'editor' because it is a constant.

242     editor = CodeMirror.fromTextArea(document.getElementById("code") as HTMLTextAreaElement, {
        ~~~~~~

src/codedraw.ts:277:9 - error TS18047: 'draw' is possibly 'null'.

277         draw.execute(instructions);
            ~~~~

src/codedraw.ts:280:21 - error TS18046: 'e' is of type 'unknown'.

280         updateToast(e.message);
                        ~


Found 8 errors in the same file, starting at: src/codedraw.ts:35

error Command failed with exit code 2.
info Visit https://yarnpkg.com/en/docs/cli/run for documentation about this command.
Thursday, August 15, 2024 5:32:09 PM
warning: in the working copy of 'package.json', LF will be replaced by CRLF the next time Git touches it
Thursday, August 15, 2024 5:32:09 PM
[main c51477f] build application
 4 files changed, 365 insertions(+), 1 deletion(-)
 create mode 100644 src/codedraw.ts
Thursday, August 15, 2024 5:32:09 PM
From github.com:fromnepal/fromnepal.github.io
 * branch            main       -> FETCH_HEAD
Current branch main is up to date.
Thursday, August 15, 2024 5:32:09 PM
Enumerating objects: 14, done.
Counting objects: 100% (14/14), done.
Delta compression using up to 16 threads
Compressing objects: 100% (8/8), done.
Writing objects: 100% (8/8), 4.12 KiB | 4.12 MiB/s, done.
Total 8 (delta 5), reused 0 (delta 0), pack-reused 0 (from 0)
remote: Resolving deltas: 100% (5/5), completed with 5 local objects.
To github.com:fromnepal/fromnepal.github.io.git
   d654e60..c51477f  main -> main
Thursday, August 15, 2024 5:32:10 PM

PS C:\Users\kushal\src\myhtml\fromnepal> cd "C:\Users\kushal\src\mylogging\"; date; git add .; date; git commit --message "add all files" --message "from the terminal"; date; cd "C:\Users\kushal\src\myhtml\fromnepal"; date; yarn; date; yarn run build; date; git add .; date; git commit --message "build application" --message "from the terminal"; date; git pull --rebase origin main; date; git push origin main; date;

Thursday, August 15, 2024 5:35:45 PM
Thursday, August 15, 2024 5:35:45 PM
On branch main
nothing to commit, working tree clean
Thursday, August 15, 2024 5:35:45 PM
Thursday, August 15, 2024 5:35:45 PM
yarn install v1.22.21
[1/4] Resolving packages...
success Already up-to-date.
Done in 0.07s.
Thursday, August 15, 2024 5:35:45 PM
yarn run v1.22.21
$ tsc && vite build
src/codedraw.ts:35:13 - error TS7029: Fallthrough case in switch.

35             case "/": // skip comment
               ~~~~~~~~~

src/codedraw.ts:187:12 - error TS6133: 'toggleDocs' is declared but its value is never read.

187   function toggleDocs() {
               ~~~~~~~~~~

src/codedraw.ts:200:12 - error TS6133: 'shareURL' is declared but its value is never read.

200   function shareURL() {
               ~~~~~~~~

src/codedraw.ts:212:12 - error TS6133: 'exportImg' is declared but its value is never read.

212   function exportImg() {
               ~~~~~~~~~

src/codedraw.ts:223:16 - error TS2339: Property 'defineSimpleMode' does not exist on type 'typeof CodeMirror'.

223     CodeMirror.defineSimpleMode("codedraw", {
                   ~~~~~~~~~~~~~~~~

src/codedraw.ts:242:5 - error TS2588: Cannot assign to 'editor' because it is a constant.

242     editor = CodeMirror.fromTextArea(document.getElementById("code") as HTMLTextAreaElement, {
        ~~~~~~

src/codedraw.ts:277:9 - error TS18047: 'draw' is possibly 'null'.

277         draw.execute(instructions);
            ~~~~

src/codedraw.ts:280:21 - error TS18046: 'e' is of type 'unknown'.

280         updateToast(e.message);
                        ~


Found 8 errors in the same file, starting at: src/codedraw.ts:35

error Command failed with exit code 2.
info Visit https://yarnpkg.com/en/docs/cli/run for documentation about this command.
Thursday, August 15, 2024 5:35:46 PM
warning: in the working copy of 'tsconfig.json', LF will be replaced by CRLF the next time Git touches it
Thursday, August 15, 2024 5:35:46 PM
[main e2b6e13] build application
 2 files changed, 86 insertions(+), 1 deletion(-)
Thursday, August 15, 2024 5:35:46 PM
From github.com:fromnepal/fromnepal.github.io
 * branch            main       -> FETCH_HEAD
Current branch main is up to date.
Thursday, August 15, 2024 5:35:47 PM
Enumerating objects: 9, done.
Counting objects: 100% (9/9), done.
Delta compression using up to 16 threads
Compressing objects: 100% (5/5), done.
Writing objects: 100% (5/5), 1.37 KiB | 1.37 MiB/s, done.
Total 5 (delta 4), reused 0 (delta 0), pack-reused 0 (from 0)
remote: Resolving deltas: 100% (4/4), completed with 4 local objects.
To github.com:fromnepal/fromnepal.github.io.git
   c51477f..e2b6e13  main -> main
Thursday, August 15, 2024 5:35:48 PM

PS C:\Users\kushal\src\myhtml\fromnepal>
PS C:\Users\kushal\src\myhtml\fromnepal> cd "C:\Users\kushal\src\mylogging\"; date; git add .; date; git commit --message "add all files" --message "from the terminal"; date; cd "C:\Users\kushal\src\myhtml\fromnepal"; date; yarn; date; yarn run build; date; git add .; date; git commit --message "build application" --message "from the terminal"; date; git pull --rebase origin main; date; git push origin main; date;

Thursday, August 15, 2024 5:36:56 PM
Thursday, August 15, 2024 5:36:56 PM
On branch main
nothing to commit, working tree clean
Thursday, August 15, 2024 5:36:56 PM
Thursday, August 15, 2024 5:36:56 PM
yarn install v1.22.21
[1/4] Resolving packages...
success Already up-to-date.
Done in 0.07s.
Thursday, August 15, 2024 5:36:56 PM
yarn run v1.22.21
$ tsc && vite build
src/codedraw.ts:188:12 - error TS6133: 'toggleDocs' is declared but its value is never read.

188   function toggleDocs() {
               ~~~~~~~~~~

src/codedraw.ts:201:12 - error TS6133: 'shareURL' is declared but its value is never read.

201   function shareURL() {
               ~~~~~~~~

src/codedraw.ts:213:12 - error TS6133: 'exportImg' is declared but its value is never read.

213   function exportImg() {
               ~~~~~~~~~

src/codedraw.ts:224:16 - error TS2339: Property 'defineSimpleMode' does not exist on type 'typeof CodeMirror'.

224     CodeMirror.defineSimpleMode("codedraw", {
                   ~~~~~~~~~~~~~~~~

src/codedraw.ts:243:5 - error TS2588: Cannot assign to 'editor' because it is a constant.

243     editor = CodeMirror.fromTextArea(document.getElementById("code") as HTMLTextAreaElement, {
        ~~~~~~

src/codedraw.ts:278:9 - error TS18047: 'draw' is possibly 'null'.

278         draw.execute(instructions);
            ~~~~

src/codedraw.ts:281:21 - error TS18046: 'e' is of type 'unknown'.

281         updateToast(e.message);
                        ~


Found 7 errors in the same file, starting at: src/codedraw.ts:188

error Command failed with exit code 2.
info Visit https://yarnpkg.com/en/docs/cli/run for documentation about this command.
Thursday, August 15, 2024 5:36:57 PM
Thursday, August 15, 2024 5:36:57 PM
[main fc5af2a] build application
 2 files changed, 83 insertions(+)
Thursday, August 15, 2024 5:36:57 PM
From github.com:fromnepal/fromnepal.github.io
 * branch            main       -> FETCH_HEAD
Current branch main is up to date.
Thursday, August 15, 2024 5:36:58 PM
Enumerating objects: 11, done.
Counting objects: 100% (11/11), done.
Delta compression using up to 16 threads
Compressing objects: 100% (6/6), done.
Writing objects: 100% (6/6), 838 bytes | 838.00 KiB/s, done.
Total 6 (delta 4), reused 0 (delta 0), pack-reused 0 (from 0)
remote: Resolving deltas: 100% (4/4), completed with 4 local objects.
To github.com:fromnepal/fromnepal.github.io.git
   e2b6e13..fc5af2a  main -> main
Thursday, August 15, 2024 5:36:58 PM

PS C:\Users\kushal\src\myhtml\fromnepal>
PS C:\Users\kushal\src\myhtml\fromnepal> cd "C:\Users\kushal\src\mylogging\"; date; git add .; date; git commit --message "add all files" --message "from the terminal"; date; cd "C:\Users\kushal\src\myhtml\fromnepal"; date; yarn; date; yarn run build; date; git add .; date; git commit --message "build application" --message "from the terminal"; date; git pull --rebase origin main; date; git push origin main; date;

Thursday, August 15, 2024 5:37:46 PM
Thursday, August 15, 2024 5:37:46 PM
On branch main
nothing to commit, working tree clean
Thursday, August 15, 2024 5:37:46 PM
Thursday, August 15, 2024 5:37:46 PM
yarn install v1.22.21
[1/4] Resolving packages...
success Already up-to-date.
Done in 0.06s.
Thursday, August 15, 2024 5:37:46 PM
yarn run v1.22.21
$ tsc && vite build
src/codedraw.ts:189:12 - error TS6133: 'toggleDocs' is declared but its value is never read.

189   function toggleDocs() {
               ~~~~~~~~~~

src/codedraw.ts:202:12 - error TS6133: 'shareURL' is declared but its value is never read.

202   function shareURL() {
               ~~~~~~~~

src/codedraw.ts:214:12 - error TS6133: 'exportImg' is declared but its value is never read.

214   function exportImg() {
               ~~~~~~~~~

src/codedraw.ts:244:5 - error TS2588: Cannot assign to 'editor' because it is a constant.

244     editor = CodeMirror.fromTextArea(document.getElementById("code") as HTMLTextAreaElement, {
        ~~~~~~

src/codedraw.ts:279:9 - error TS18047: 'draw' is possibly 'null'.

279         draw.execute(instructions);
            ~~~~

src/codedraw.ts:282:21 - error TS18046: 'e' is of type 'unknown'.

282         updateToast(e.message);
                        ~


Found 6 errors in the same file, starting at: src/codedraw.ts:189

error Command failed with exit code 2.
info Visit https://yarnpkg.com/en/docs/cli/run for documentation about this command.
Thursday, August 15, 2024 5:37:47 PM
Thursday, August 15, 2024 5:37:47 PM
[main 55e4edd] build application
 2 files changed, 78 insertions(+), 1 deletion(-)
Thursday, August 15, 2024 5:37:47 PM
From github.com:fromnepal/fromnepal.github.io
 * branch            main       -> FETCH_HEAD
Current branch main is up to date.
Thursday, August 15, 2024 5:37:47 PM
Enumerating objects: 11, done.
Counting objects: 100% (11/11), done.
Delta compression using up to 16 threads
Compressing objects: 100% (6/6), done.
Writing objects: 100% (6/6), 906 bytes | 906.00 KiB/s, done.
Total 6 (delta 4), reused 0 (delta 0), pack-reused 0 (from 0)
remote: Resolving deltas: 100% (4/4), completed with 4 local objects.
To github.com:fromnepal/fromnepal.github.io.git
   fc5af2a..55e4edd  main -> main
Thursday, August 15, 2024 5:37:48 PM

PS C:\Users\kushal\src\myhtml\fromnepal> cd "C:\Users\kushal\src\mylogging\"; date; git add .; date; git commit --message "add all files" --message "from the terminal"; date; cd "C:\Users\kushal\src\myhtml\fromnepal"; date; yarn; date; yarn run build; date; git add .; date; git commit --message "build application" --message "from the terminal"; date; git pull --rebase origin main; date; git push origin main; date;

Thursday, August 15, 2024 5:38:37 PM
Thursday, August 15, 2024 5:38:37 PM
On branch main
nothing to commit, working tree clean
Thursday, August 15, 2024 5:38:37 PM
Thursday, August 15, 2024 5:38:37 PM
yarn install v1.22.21
[1/4] Resolving packages...
success Already up-to-date.
Done in 0.06s.
Thursday, August 15, 2024 5:38:37 PM
yarn run v1.22.21
$ tsc && vite build
src/codedraw.ts:189:12 - error TS6133: 'toggleDocs' is declared but its value is never read.

189   function toggleDocs() {
               ~~~~~~~~~~

src/codedraw.ts:202:12 - error TS6133: 'shareURL' is declared but its value is never read.

202   function shareURL() {
               ~~~~~~~~

src/codedraw.ts:214:12 - error TS6133: 'exportImg' is declared but its value is never read.

214   function exportImg() {
               ~~~~~~~~~

src/codedraw.ts:279:9 - error TS18047: 'draw' is possibly 'null'.

279         draw.execute(instructions);
            ~~~~

src/codedraw.ts:282:21 - error TS18046: 'e' is of type 'unknown'.

282         updateToast(e.message);
                        ~


Found 5 errors in the same file, starting at: src/codedraw.ts:189

error Command failed with exit code 2.
info Visit https://yarnpkg.com/en/docs/cli/run for documentation about this command.
Thursday, August 15, 2024 5:38:38 PM
Thursday, August 15, 2024 5:38:38 PM
[main ec6868d] build application
 2 files changed, 71 insertions(+), 1 deletion(-)
Thursday, August 15, 2024 5:38:38 PM
From github.com:fromnepal/fromnepal.github.io
 * branch            main       -> FETCH_HEAD
Current branch main is up to date.
Thursday, August 15, 2024 5:38:39 PM
Enumerating objects: 11, done.
Counting objects: 100% (11/11), done.
Delta compression using up to 16 threads
Compressing objects: 100% (6/6), done.
Writing objects: 100% (6/6), 802 bytes | 80.00 KiB/s, done.
Total 6 (delta 4), reused 0 (delta 0), pack-reused 0 (from 0)
remote: Resolving deltas: 100% (4/4), completed with 4 local objects.
To github.com:fromnepal/fromnepal.github.io.git
   55e4edd..ec6868d  main -> main
Thursday, August 15, 2024 5:38:40 PM

PS C:\Users\kushal\src\myhtml\fromnepal> cd "C:\Users\kushal\src\mylogging\"; date; git add .; date; git commit --message "add all files" --message "from the terminal"; date; cd "C:\Users\kushal\src\myhtml\fromnepal"; date; yarn; date; yarn run build; date; git add .; date; git commit --message "build application" --message "from the terminal"; date; git pull --rebase origin main; date; git push origin main; date;

Thursday, August 15, 2024 5:39:23 PM
Thursday, August 15, 2024 5:39:23 PM
On branch main
nothing to commit, working tree clean
Thursday, August 15, 2024 5:39:23 PM
Thursday, August 15, 2024 5:39:23 PM
yarn install v1.22.21
[1/4] Resolving packages...
success Already up-to-date.
Done in 0.06s.
Thursday, August 15, 2024 5:39:23 PM
yarn run v1.22.21
$ tsc && vite build
src/codedraw.ts:189:12 - error TS6133: 'toggleDocs' is declared but its value is never read.

189   function toggleDocs() {
               ~~~~~~~~~~

src/codedraw.ts:202:12 - error TS6133: 'shareURL' is declared but its value is never read.

202   function shareURL() {
               ~~~~~~~~

src/codedraw.ts:214:12 - error TS6133: 'exportImg' is declared but its value is never read.

214   function exportImg() {
               ~~~~~~~~~

src/codedraw.ts:284:21 - error TS18046: 'e' is of type 'unknown'.

284         updateToast(e.message);
                        ~


Found 4 errors in the same file, starting at: src/codedraw.ts:189

error Command failed with exit code 2.
info Visit https://yarnpkg.com/en/docs/cli/run for documentation about this command.
Thursday, August 15, 2024 5:39:24 PM
Thursday, August 15, 2024 5:39:24 PM
[main 39a4b72] build application
 2 files changed, 68 insertions(+), 1 deletion(-)
Thursday, August 15, 2024 5:39:24 PM
From github.com:fromnepal/fromnepal.github.io
 * branch            main       -> FETCH_HEAD
Current branch main is up to date.
Thursday, August 15, 2024 5:39:25 PM
Enumerating objects: 11, done.
Counting objects: 100% (11/11), done.
Delta compression using up to 16 threads
Compressing objects: 100% (6/6), done.
Writing objects: 100% (6/6), 754 bytes | 754.00 KiB/s, done.
Total 6 (delta 4), reused 0 (delta 0), pack-reused 0 (from 0)
remote: Resolving deltas: 100% (4/4), completed with 4 local objects.
To github.com:fromnepal/fromnepal.github.io.git
   ec6868d..39a4b72  main -> main
Thursday, August 15, 2024 5:39:25 PM

PS C:\Users\kushal\src\myhtml\fromnepal> cd "C:\Users\kushal\src\mylogging\"; date; git add .; date; git commit --message "add all files" --message "from the terminal"; date; cd "C:\Users\kushal\src\myhtml\fromnepal"; date; yarn; date; yarn run build; date; git add .; date; git commit --message "build application" --message "from the terminal"; date; git pull --rebase origin main; date; git push origin main; date;

Thursday, August 15, 2024 5:39:47 PM
Thursday, August 15, 2024 5:39:47 PM
On branch main
nothing to commit, working tree clean
Thursday, August 15, 2024 5:39:47 PM
Thursday, August 15, 2024 5:39:47 PM
yarn install v1.22.21
[1/4] Resolving packages...
success Already up-to-date.
Done in 0.06s.
Thursday, August 15, 2024 5:39:47 PM
yarn run v1.22.21
$ tsc && vite build
src/codedraw.ts:189:12 - error TS6133: 'toggleDocs' is declared but its value is never read.

189   function toggleDocs() {
               ~~~~~~~~~~

src/codedraw.ts:202:12 - error TS6133: 'shareURL' is declared but its value is never read.

202   function shareURL() {
               ~~~~~~~~

src/codedraw.ts:214:12 - error TS6133: 'exportImg' is declared but its value is never read.

214   function exportImg() {
               ~~~~~~~~~


Found 3 errors in the same file, starting at: src/codedraw.ts:189

error Command failed with exit code 2.
info Visit https://yarnpkg.com/en/docs/cli/run for documentation about this command.
Thursday, August 15, 2024 5:39:48 PM
Thursday, August 15, 2024 5:39:48 PM
[main 65ccffe] build application
 2 files changed, 62 insertions(+), 2 deletions(-)
Thursday, August 15, 2024 5:39:48 PM
From github.com:fromnepal/fromnepal.github.io
 * branch            main       -> FETCH_HEAD
Current branch main is up to date.
Thursday, August 15, 2024 5:39:49 PM
Enumerating objects: 11, done.
Counting objects: 100% (11/11), done.
Delta compression using up to 16 threads
Compressing objects: 100% (6/6), done.
Writing objects: 100% (6/6), 757 bytes | 757.00 KiB/s, done.
Total 6 (delta 4), reused 0 (delta 0), pack-reused 0 (from 0)
remote: Resolving deltas: 100% (4/4), completed with 4 local objects.
To github.com:fromnepal/fromnepal.github.io.git
   39a4b72..65ccffe  main -> main
Thursday, August 15, 2024 5:39:49 PM

PS C:\Users\kushal\src\myhtml\fromnepal> cd "C:\Users\kushal\src\mylogging\"; date; git add .; date; git commit --message "add all files" --message "from the terminal"; date; cd "C:\Users\kushal\src\myhtml\fromnepal"; date; yarn; date; yarn run build; date; git add .; date; git commit --message "build application" --message "from the terminal"; date; git pull --rebase origin main; date; git push origin main; date;

Thursday, August 15, 2024 5:40:19 PM
Thursday, August 15, 2024 5:40:19 PM
On branch main
nothing to commit, working tree clean
Thursday, August 15, 2024 5:40:19 PM
Thursday, August 15, 2024 5:40:19 PM
yarn install v1.22.21
[1/4] Resolving packages...
success Already up-to-date.
Done in 0.07s.
Thursday, August 15, 2024 5:40:19 PM
yarn run v1.22.21
$ tsc && vite build
src/codedraw.ts:189:12 - error TS6133: 'toggleDocs' is declared but its value is never read.

189   function toggleDocs() {
               ~~~~~~~~~~

src/codedraw.ts:202:12 - error TS6133: 'shareURL' is declared but its value is never read.

202   function shareURL() {
               ~~~~~~~~

src/codedraw.ts:214:12 - error TS6133: 'exportImg' is declared but its value is never read.

214   function exportImg() {
               ~~~~~~~~~


Found 3 errors in the same file, starting at: src/codedraw.ts:189

error Command failed with exit code 2.
info Visit https://yarnpkg.com/en/docs/cli/run for documentation about this command.
Thursday, August 15, 2024 5:40:20 PM
Thursday, August 15, 2024 5:40:20 PM
[main 234d724] build application
 1 file changed, 55 insertions(+)
Thursday, August 15, 2024 5:40:20 PM
From github.com:fromnepal/fromnepal.github.io
 * branch            main       -> FETCH_HEAD
Current branch main is up to date.
Thursday, August 15, 2024 5:40:21 PM
Enumerating objects: 7, done.
Counting objects: 100% (7/7), done.
Delta compression using up to 16 threads
Compressing objects: 100% (4/4), done.
Writing objects: 100% (4/4), 536 bytes | 536.00 KiB/s, done.
Total 4 (delta 3), reused 0 (delta 0), pack-reused 0 (from 0)
remote: Resolving deltas: 100% (3/3), completed with 3 local objects.
To github.com:fromnepal/fromnepal.github.io.git
   65ccffe..234d724  main -> main
Thursday, August 15, 2024 5:40:22 PM

PS C:\Users\kushal\src\myhtml\fromnepal> cd "C:\Users\kushal\src\mylogging\"; date; git add .; date; git commit --message "add all files" --message "from the terminal"; date; cd "C:\Users\kushal\src\myhtml\fromnepal"; date; yarn; date; yarn run build; date; git add .; date; git commit --message "build application" --message "from the terminal"; date; git pull --rebase origin main; date; git push origin main; date;

Thursday, August 15, 2024 5:41:21 PM
Thursday, August 15, 2024 5:41:21 PM
On branch main
nothing to commit, working tree clean
Thursday, August 15, 2024 5:41:21 PM
Thursday, August 15, 2024 5:41:21 PM
yarn install v1.22.21
[1/4] Resolving packages...
success Already up-to-date.
Done in 0.07s.
Thursday, August 15, 2024 5:41:21 PM
yarn run v1.22.21
$ tsc && vite build
src/codedraw.ts:175:11 - error TS2304: Cannot find name 'updateToast'.

175           updateToast("");
              ~~~~~~~~~~~

src/codedraw.ts:186:7 - error TS6133: 'errorToast' is declared but its value is never read.

186   let errorToast: HTMLSpanElement | null = null;
          ~~~~~~~~~~

src/codedraw.ts:187:7 - error TS6133: 'docs' is declared but its value is never read.

187   let docs: HTMLDivElement | null = null;
          ~~~~

src/codedraw.ts:220:5 - error TS2304: Cannot find name 'updateToast'.

220     updateToast(msg as string);
        ~~~~~~~~~~~

src/codedraw.ts:284:9 - error TS2304: Cannot find name 'updateToast'.

284         updateToast((e as Error).message);
            ~~~~~~~~~~~


Found 5 errors in the same file, starting at: src/codedraw.ts:175

error Command failed with exit code 2.
info Visit https://yarnpkg.com/en/docs/cli/run for documentation about this command.
Thursday, August 15, 2024 5:41:22 PM
Thursday, August 15, 2024 5:41:22 PM
[main cf487ba] build application
 2 files changed, 81 insertions(+), 26 deletions(-)
Thursday, August 15, 2024 5:41:22 PM
From github.com:fromnepal/fromnepal.github.io
 * branch            main       -> FETCH_HEAD
Current branch main is up to date.
Thursday, August 15, 2024 5:41:23 PM
Enumerating objects: 11, done.
Counting objects: 100% (11/11), done.
Delta compression using up to 16 threads
Compressing objects: 100% (6/6), done.
Writing objects: 100% (6/6), 994 bytes | 994.00 KiB/s, done.
Total 6 (delta 4), reused 0 (delta 0), pack-reused 0 (from 0)
remote: Resolving deltas: 100% (4/4), completed with 4 local objects.
To github.com:fromnepal/fromnepal.github.io.git
   234d724..cf487ba  main -> main
Thursday, August 15, 2024 5:41:23 PM

PS C:\Users\kushal\src\myhtml\fromnepal> cd "C:\Users\kushal\src\mylogging\"; date; git add .; date; git commit --message "add all files" --message "from the terminal"; date; cd "C:\Users\kushal\src\myhtml\fromnepal"; date; yarn; date; yarn run build; date; git add .; date; git commit --message "build application" --message "from the terminal"; date; git pull --rebase origin main; date; git push origin main; date;

Thursday, August 15, 2024 5:41:46 PM
Thursday, August 15, 2024 5:41:46 PM
On branch main
nothing to commit, working tree clean
Thursday, August 15, 2024 5:41:46 PM
Thursday, August 15, 2024 5:41:46 PM
yarn install v1.22.21
[1/4] Resolving packages...
success Already up-to-date.
Done in 0.07s.
Thursday, August 15, 2024 5:41:46 PM
yarn run v1.22.21
$ tsc && vite build
src/codedraw.ts:187:7 - error TS6133: 'docs' is declared but its value is never read.

187   let docs: HTMLDivElement | null = null;
          ~~~~


Found 1 error in src/codedraw.ts:187

error Command failed with exit code 2.
info Visit https://yarnpkg.com/en/docs/cli/run for documentation about this command.
Thursday, August 15, 2024 5:41:47 PM
Thursday, August 15, 2024 5:41:47 PM
[main 11de8d4] build application
 2 files changed, 73 insertions(+), 8 deletions(-)
Thursday, August 15, 2024 5:41:47 PM
From github.com:fromnepal/fromnepal.github.io
 * branch            main       -> FETCH_HEAD
Current branch main is up to date.
Thursday, August 15, 2024 5:41:47 PM
Enumerating objects: 11, done.
Counting objects: 100% (11/11), done.
Delta compression using up to 16 threads
Compressing objects: 100% (6/6), done.
Writing objects: 100% (6/6), 1.04 KiB | 1.04 MiB/s, done.
Total 6 (delta 4), reused 0 (delta 0), pack-reused 0 (from 0)
remote: Resolving deltas: 100% (4/4), completed with 4 local objects.
To github.com:fromnepal/fromnepal.github.io.git
   cf487ba..11de8d4  main -> main
Thursday, August 15, 2024 5:41:48 PM

PS C:\Users\kushal\src\myhtml\fromnepal> cd "C:\Users\kushal\src\mylogging\"; date; git add .; date; git commit --message "add all files" --message "from the terminal"; date; cd "C:\Users\kushal\src\myhtml\fromnepal"; date; yarn; date; yarn run build; date; git add .; date; git commit --message "build application" --message "from the terminal"; date; git pull --rebase origin main; date; git push origin main; date;

Thursday, August 15, 2024 5:42:05 PM
Thursday, August 15, 2024 5:42:05 PM
On branch main
nothing to commit, working tree clean
Thursday, August 15, 2024 5:42:05 PM
Thursday, August 15, 2024 5:42:05 PM
yarn install v1.22.21
[1/4] Resolving packages...
success Already up-to-date.
Done in 0.07s.
Thursday, August 15, 2024 5:42:06 PM
yarn run v1.22.21
$ tsc && vite build
src/codedraw.ts:242:5 - error TS2304: Cannot find name 'docs'.

242     docs = document.getElementById("documentation") as HTMLDivElement;
        ~~~~


Found 1 error in src/codedraw.ts:242

error Command failed with exit code 2.
info Visit https://yarnpkg.com/en/docs/cli/run for documentation about this command.
Thursday, August 15, 2024 5:42:06 PM
Thursday, August 15, 2024 5:42:06 PM
[main c6b06de] build application
 2 files changed, 46 insertions(+), 1 deletion(-)
Thursday, August 15, 2024 5:42:06 PM
From github.com:fromnepal/fromnepal.github.io
 * branch            main       -> FETCH_HEAD
Current branch main is up to date.
Thursday, August 15, 2024 5:42:07 PM
Enumerating objects: 11, done.
Counting objects: 100% (11/11), done.
Delta compression using up to 16 threads
Compressing objects: 100% (6/6), done.
Writing objects: 100% (6/6), 784 bytes | 784.00 KiB/s, done.
Total 6 (delta 4), reused 0 (delta 0), pack-reused 0 (from 0)
remote: Resolving deltas: 100% (4/4), completed with 4 local objects.
To github.com:fromnepal/fromnepal.github.io.git
   11de8d4..c6b06de  main -> main
Thursday, August 15, 2024 5:42:08 PM

PS C:\Users\kushal\src\myhtml\fromnepal>
PS C:\Users\kushal\src\myhtml\fromnepal> cd "C:\Users\kushal\src\mylogging\"; date; git add .; date; git commit --message "add all files" --message "from the terminal"; date; cd "C:\Users\kushal\src\myhtml\fromnepal"; date; yarn; date; yarn run build; date; git add .; date; git commit --message "build application" --message "from the terminal"; date; git pull --rebase origin main; date; git push origin main; date;

Thursday, August 15, 2024 5:42:39 PM
Thursday, August 15, 2024 5:42:39 PM
On branch main
nothing to commit, working tree clean
Thursday, August 15, 2024 5:42:39 PM
Thursday, August 15, 2024 5:42:39 PM
yarn install v1.22.21
[1/4] Resolving packages...
success Already up-to-date.
Done in 0.07s.
Thursday, August 15, 2024 5:42:39 PM
yarn run v1.22.21
$ tsc && vite build
src/codedraw.ts:187:7 - error TS6133: 'docs' is declared but its value is never read.

187   let docs: HTMLDivElement | null = null;
          ~~~~


Found 1 error in src/codedraw.ts:187

error Command failed with exit code 2.
info Visit https://yarnpkg.com/en/docs/cli/run for documentation about this command.
Thursday, August 15, 2024 5:42:40 PM
Thursday, August 15, 2024 5:42:40 PM
[main 94aa211] build application
 1 file changed, 1 insertion(+), 1 deletion(-)
Thursday, August 15, 2024 5:42:40 PM
From github.com:fromnepal/fromnepal.github.io
 * branch            main       -> FETCH_HEAD
Current branch main is up to date.
Thursday, August 15, 2024 5:42:40 PM
Enumerating objects: 7, done.
Counting objects: 100% (7/7), done.
Delta compression using up to 16 threads
Compressing objects: 100% (4/4), done.
Writing objects: 100% (4/4), 460 bytes | 460.00 KiB/s, done.
Total 4 (delta 2), reused 0 (delta 0), pack-reused 0 (from 0)
remote: Resolving deltas: 100% (2/2), completed with 2 local objects.
To github.com:fromnepal/fromnepal.github.io.git
   c6b06de..94aa211  main -> main
Thursday, August 15, 2024 5:42:41 PM

PS C:\Users\kushal\src\myhtml\fromnepal> cd "C:\Users\kushal\src\mylogging\"; date; git add .; date; git commit --message "add all files" --message "from the terminal"; date; cd "C:\Users\kushal\src\myhtml\fromnepal"; date; yarn; date; yarn run build; date; git add .; date; git commit --message "build application" --message "from the terminal"; date; git pull --rebase origin main; date; git push origin main; date;

Thursday, August 15, 2024 5:43:24 PM
Thursday, August 15, 2024 5:43:24 PM
On branch main
nothing to commit, working tree clean
Thursday, August 15, 2024 5:43:24 PM
Thursday, August 15, 2024 5:43:24 PM
yarn install v1.22.21
[1/4] Resolving packages...
success Already up-to-date.
Done in 0.06s.
Thursday, August 15, 2024 5:43:24 PM
yarn run v1.22.21
$ tsc && vite build
vite v5.2.13 building for production...
✓ 5 modules transformed.
docs/index.html                 0.53 kB │ gzip: 0.32 kB
docs/assets/index-DYhv0y2B.css  4.60 kB │ gzip: 1.63 kB
docs/assets/index-BUJcqj8w.js   4.81 kB │ gzip: 2.11 kB
✓ built in 213ms
Done in 2.03s.
Thursday, August 15, 2024 5:43:26 PM
warning: in the working copy of 'docs/assets/index-BUJcqj8w.js', LF will be replaced by CRLF the next time Git touches it
warning: in the working copy of 'docs/assets/index-DYhv0y2B.css', LF will be replaced by CRLF the next time Git touches it
warning: in the working copy of 'docs/index.html', LF will be replaced by CRLF the next time Git touches it
Thursday, August 15, 2024 5:43:27 PM
[main 9a0f92c] build application
 2 files changed, 721 insertions(+), 2 deletions(-)
Thursday, August 15, 2024 5:43:27 PM
From github.com:fromnepal/fromnepal.github.io
 * branch            main       -> FETCH_HEAD
Current branch main is up to date.
Thursday, August 15, 2024 5:43:28 PM
Enumerating objects: 11, done.
Counting objects: 100% (11/11), done.
Delta compression using up to 16 threads
Compressing objects: 100% (6/6), done.
Writing objects: 100% (6/6), 3.91 KiB | 3.92 MiB/s, done.
Total 6 (delta 3), reused 0 (delta 0), pack-reused 0 (from 0)
remote: Resolving deltas: 100% (3/3), completed with 3 local objects.
To github.com:fromnepal/fromnepal.github.io.git
   94aa211..9a0f92c  main -> main
Thursday, August 15, 2024 5:43:29 PM

PS C:\Users\kushal\src\myhtml\fromnepal> cd "C:\Users\kushal\src\mylogging\"; date; git add .; date; git commit --message "add all files" --message "from the terminal"; date; cd "C:\Users\kushal\src\myhtml\fromnepal"; date; yarn; date; yarn run build; date; git add .; date; git commit --message "build application" --message "from the terminal"; date; git pull --rebase origin main; date; git push origin main; date;

Thursday, August 15, 2024 5:43:36 PM
Thursday, August 15, 2024 5:43:36 PM
On branch main
nothing to commit, working tree clean
Thursday, August 15, 2024 5:43:36 PM
Thursday, August 15, 2024 5:43:36 PM
yarn install v1.22.21
[1/4] Resolving packages...
success Already up-to-date.
Done in 0.06s.
Thursday, August 15, 2024 5:43:36 PM
yarn run v1.22.21
$ tsc && vite build
vite v5.2.13 building for production...
✓ 5 modules transformed.
docs/index.html                 0.53 kB │ gzip: 0.32 kB
docs/assets/index-DYhv0y2B.css  4.60 kB │ gzip: 1.63 kB
docs/assets/index-BUJcqj8w.js   4.81 kB │ gzip: 2.11 kB
✓ built in 181ms
Done in 0.93s.
Thursday, August 15, 2024 5:43:37 PM
warning: in the working copy of 'docs/assets/index-BUJcqj8w.js', LF will be replaced by CRLF the next time Git touches it
warning: in the working copy of 'docs/assets/index-DYhv0y2B.css', LF will be replaced by CRLF the next time Git touches it
warning: in the working copy of 'docs/index.html', LF will be replaced by CRLF the next time Git touches it
Thursday, August 15, 2024 5:43:37 PM
[main 8e44345] build application
 2 files changed, 272 insertions(+)
Thursday, August 15, 2024 5:43:37 PM
From github.com:fromnepal/fromnepal.github.io
 * branch            main       -> FETCH_HEAD
Current branch main is up to date.
Thursday, August 15, 2024 5:43:38 PM
Enumerating objects: 9, done.
Counting objects: 100% (9/9), done.
Delta compression using up to 16 threads
Compressing objects: 100% (5/5), done.
Writing objects: 100% (5/5), 933 bytes | 933.00 KiB/s, done.
Total 5 (delta 4), reused 0 (delta 0), pack-reused 0 (from 0)
remote: Resolving deltas: 100% (4/4), completed with 4 local objects.
To github.com:fromnepal/fromnepal.github.io.git
   9a0f92c..8e44345  main -> main
Thursday, August 15, 2024 5:43:39 PM

PS C:\Users\kushal\src\myhtml\fromnepal> cd "C:\Users\kushal\src\mylogging\"; date; git add .; date; git commit --message "add all files" --message "from the terminal"; date; cd "C:\Users\kushal\src\myhtml\fromnepal"; date; yarn; date; yarn run build; date; git add .; date; git commit --message "build application" --message "from the terminal"; date; git pull --rebase origin main; date; git push origin main; date;

Thursday, August 15, 2024 5:45:09 PM
Thursday, August 15, 2024 5:45:09 PM
On branch main
nothing to commit, working tree clean
Thursday, August 15, 2024 5:45:09 PM
Thursday, August 15, 2024 5:45:09 PM
yarn install v1.22.21
[1/4] Resolving packages...
success Already up-to-date.
Done in 0.06s.
Thursday, August 15, 2024 5:45:09 PM
yarn run v1.22.21
$ tsc && vite build
vite v5.2.13 building for production...
✓ 5 modules transformed.
docs/index.html                 0.53 kB │ gzip: 0.32 kB
docs/assets/index-DYhv0y2B.css  4.60 kB │ gzip: 1.63 kB
docs/assets/index-BUJcqj8w.js   4.81 kB │ gzip: 2.11 kB
✓ built in 139ms
Done in 0.89s.
Thursday, August 15, 2024 5:45:10 PM
warning: in the working copy of 'docs/assets/index-BUJcqj8w.js', LF will be replaced by CRLF the next time Git touches it
warning: in the working copy of 'docs/assets/index-DYhv0y2B.css', LF will be replaced by CRLF the next time Git touches it
warning: in the working copy of 'docs/index.html', LF will be replaced by CRLF the next time Git touches it
Thursday, August 15, 2024 5:45:11 PM
[main cd3540c] build application
 4 files changed, 94 insertions(+), 2 deletions(-)
Thursday, August 15, 2024 5:45:11 PM
From github.com:fromnepal/fromnepal.github.io
 * branch            main       -> FETCH_HEAD
Current branch main is up to date.
Thursday, August 15, 2024 5:45:12 PM
Enumerating objects: 13, done.
Counting objects: 100% (13/13), done.
Delta compression using up to 16 threads
Compressing objects: 100% (7/7), done.
Writing objects: 100% (7/7), 838 bytes | 838.00 KiB/s, done.
Total 7 (delta 6), reused 0 (delta 0), pack-reused 0 (from 0)
remote: Resolving deltas: 100% (6/6), completed with 6 local objects.
To github.com:fromnepal/fromnepal.github.io.git
   8e44345..cd3540c  main -> main
Thursday, August 15, 2024 5:45:12 PM

PS C:\Users\kushal\src\myhtml\fromnepal> cd "C:\Users\kushal\src\mylogging\"; date; git add .; date; git commit --message "add all files" --message "from the terminal"; date; cd "C:\Users\kushal\src\myhtml\fromnepal"; date; yarn; date; yarn run build; date; git add .; date; git commit --message "build application" --message "from the terminal"; date; git pull --rebase origin main; date; git push origin main; date;

Thursday, August 15, 2024 5:47:23 PM
Thursday, August 15, 2024 5:47:23 PM
On branch main
nothing to commit, working tree clean
Thursday, August 15, 2024 5:47:23 PM
Thursday, August 15, 2024 5:47:23 PM
yarn install v1.22.21
[1/4] Resolving packages...
success Already up-to-date.
Done in 0.06s.
Thursday, August 15, 2024 5:47:23 PM
yarn run v1.22.21
$ tsc && vite build
vite v5.2.13 building for production...
✓ 5 modules transformed.
docs/index.html                 0.53 kB │ gzip: 0.32 kB
docs/assets/index-DYhv0y2B.css  4.60 kB │ gzip: 1.63 kB
docs/assets/index-BUJcqj8w.js   4.81 kB │ gzip: 2.11 kB
✓ built in 169ms
Done in 1.00s.
Thursday, August 15, 2024 5:47:24 PM
warning: in the working copy of 'docs/assets/index-BUJcqj8w.js', LF will be replaced by CRLF the next time Git touches it
warning: in the working copy of 'docs/assets/index-DYhv0y2B.css', LF will be replaced by CRLF the next time Git touches it
warning: in the working copy of 'docs/index.html', LF will be replaced by CRLF the next time Git touches it
Thursday, August 15, 2024 5:47:25 PM
[main 0d3547c] build application
 2 files changed, 90 insertions(+)
Thursday, August 15, 2024 5:47:25 PM
From github.com:fromnepal/fromnepal.github.io
 * branch            main       -> FETCH_HEAD
Current branch main is up to date.
Thursday, August 15, 2024 5:47:26 PM
Enumerating objects: 9, done.
Counting objects: 100% (9/9), done.
Delta compression using up to 16 threads
Compressing objects: 100% (5/5), done.
Writing objects: 100% (5/5), 603 bytes | 603.00 KiB/s, done.
Total 5 (delta 4), reused 0 (delta 0), pack-reused 0 (from 0)
remote: Resolving deltas: 100% (4/4), completed with 4 local objects.
To github.com:fromnepal/fromnepal.github.io.git
   cd3540c..0d3547c  main -> main
Thursday, August 15, 2024 5:47:26 PM

PS C:\Users\kushal\src\myhtml\fromnepal> cd "C:\Users\kushal\src\mylogging\"; date; git add .; date; git commit --message "add all files" --message "from the terminal"; date; cd "C:\Users\kushal\src\myhtml\fromnepal"; date; yarn; date; yarn run build; date; git add .; date; git commit --message "build application" --message "from the terminal"; date; git pull --rebase origin main; date; git push origin main; date;

Thursday, August 15, 2024 5:48:35 PM
Thursday, August 15, 2024 5:48:35 PM
On branch main
nothing to commit, working tree clean
Thursday, August 15, 2024 5:48:36 PM
Thursday, August 15, 2024 5:48:36 PM
yarn install v1.22.21
[1/4] Resolving packages...
success Already up-to-date.
Done in 0.06s.
Thursday, August 15, 2024 5:48:36 PM
yarn run v1.22.21
$ tsc && vite build
vite v5.2.13 building for production...
✓ 5 modules transformed.
docs/index.html                 0.53 kB │ gzip: 0.32 kB
docs/assets/index-DYhv0y2B.css  4.60 kB │ gzip: 1.63 kB
docs/assets/index-BUJcqj8w.js   4.81 kB │ gzip: 2.11 kB
✓ built in 144ms
Done in 0.90s.
Thursday, August 15, 2024 5:48:37 PM
warning: in the working copy of 'docs/assets/index-BUJcqj8w.js', LF will be replaced by CRLF the next time Git touches it
warning: in the working copy of 'docs/assets/index-DYhv0y2B.css', LF will be replaced by CRLF the next time Git touches it
warning: in the working copy of 'docs/index.html', LF will be replaced by CRLF the next time Git touches it
Thursday, August 15, 2024 5:48:37 PM
[main 8c4cbe3] build application
 2 files changed, 2 insertions(+)
Thursday, August 15, 2024 5:48:37 PM
From github.com:fromnepal/fromnepal.github.io
 * branch            main       -> FETCH_HEAD
Current branch main is up to date.
Thursday, August 15, 2024 5:48:38 PM
Enumerating objects: 11, done.
Counting objects: 100% (11/11), done.
Delta compression using up to 16 threads
Compressing objects: 100% (6/6), done.
Writing objects: 100% (6/6), 587 bytes | 587.00 KiB/s, done.
Total 6 (delta 5), reused 0 (delta 0), pack-reused 0 (from 0)
remote: Resolving deltas: 100% (5/5), completed with 5 local objects.
To github.com:fromnepal/fromnepal.github.io.git
   0d3547c..8c4cbe3  main -> main
Thursday, August 15, 2024 5:48:39 PM

PS C:\Users\kushal\src\myhtml\fromnepal> cd "C:\Users\kushal\src\mylogging\"; date; git add .; date; git commit --message "add all files" --message "from the terminal"; date; cd "C:\Users\kushal\src\myhtml\fromnepal"; date; yarn; date; yarn run build; date; git add .; date; git commit --message "build application" --message "from the terminal"; date; git pull --rebase origin main; date; git push origin main; date;

Thursday, August 15, 2024 5:52:07 PM
Thursday, August 15, 2024 5:52:07 PM
On branch main
nothing to commit, working tree clean
Thursday, August 15, 2024 5:52:07 PM
Thursday, August 15, 2024 5:52:07 PM
yarn install v1.22.21
[1/4] Resolving packages...
success Already up-to-date.
Done in 0.07s.
Thursday, August 15, 2024 5:52:07 PM
yarn run v1.22.21
$ tsc && vite build
vite v5.2.13 building for production...
✓ 5 modules transformed.
docs/index.html                 0.53 kB │ gzip: 0.32 kB
docs/assets/index-DYhv0y2B.css  4.60 kB │ gzip: 1.63 kB
docs/assets/index-DlmTeNAq.js   2.94 kB │ gzip: 1.31 kB
✓ built in 165ms
Done in 1.06s.
Thursday, August 15, 2024 5:52:08 PM
warning: in the working copy of 'docs/assets/index-DYhv0y2B.css', LF will be replaced by CRLF the next time Git touches it
warning: in the working copy of 'docs/index.html', LF will be replaced by CRLF the next time Git touches it
warning: in the working copy of 'src/main.ts', LF will be replaced by CRLF the next time Git touches it
warning: in the working copy of 'docs/assets/index-DlmTeNAq.js', LF will be replaced by CRLF the next time Git touches it
Thursday, August 15, 2024 5:52:09 PM
[main 156a941] build application
 8 files changed, 190 insertions(+), 74 deletions(-)
 delete mode 100644 docs/assets/index-BUJcqj8w.js
 create mode 100644 docs/assets/index-DlmTeNAq.js
Thursday, August 15, 2024 5:52:09 PM
From github.com:fromnepal/fromnepal.github.io
 * branch            main       -> FETCH_HEAD
Current branch main is up to date.
Thursday, August 15, 2024 5:52:10 PM
Enumerating objects: 22, done.
Counting objects: 100% (22/22), done.
Delta compression using up to 16 threads
Compressing objects: 100% (12/12), done.
Writing objects: 100% (12/12), 2.52 KiB | 2.52 MiB/s, done.
Total 12 (delta 8), reused 0 (delta 0), pack-reused 0 (from 0)
remote: Resolving deltas: 100% (8/8), completed with 8 local objects.
To github.com:fromnepal/fromnepal.github.io.git
   8c4cbe3..156a941  main -> main
Thursday, August 15, 2024 5:52:11 PM

PS C:\Users\kushal\src\myhtml\fromnepal> yarn add --dev typescript@latest vite@latest
yarn add v1.22.21
[1/4] Resolving packages...
[2/4] Fetching packages...
[3/4] Linking dependencies...
[4/4] Building fresh packages...
success Saved lockfile.
success Saved 6 new dependencies.
info Direct dependencies
├─ typescript@5.5.4
└─ vite@5.4.1
info All dependencies
├─ @esbuild/win32-x64@0.21.5
├─ esbuild@0.21.5
├─ picocolors@1.0.1
├─ postcss@8.4.41
├─ typescript@5.5.4
└─ vite@5.4.1
Done in 2.22s.
PS C:\Users\kushal\src\myhtml\fromnepal> cd "C:\Users\kushal\src\mylogging\"; date; git add .; date; git commit --message "add all files" --message "from the terminal"; date; cd "C:\Users\kushal\src\myhtml\fromnepal"; date; yarn; date; yarn run build; date; git add .; date; git commit --message "build application" --message "from the terminal"; date; git pull --rebase origin main; date; git push origin main; date;

Thursday, August 15, 2024 5:54:35 PM
Thursday, August 15, 2024 5:54:35 PM
On branch main
nothing to commit, working tree clean
Thursday, August 15, 2024 5:54:35 PM
Thursday, August 15, 2024 5:54:35 PM
yarn install v1.22.21
[1/4] Resolving packages...
success Already up-to-date.
Done in 0.06s.
Thursday, August 15, 2024 5:54:35 PM
yarn run v1.22.21
$ tsc && vite build
vite v5.4.1 building for production...
✓ 5 modules transformed.
docs/index.html                 0.53 kB │ gzip: 0.32 kB
docs/assets/index-DYhv0y2B.css  4.60 kB │ gzip: 1.63 kB
docs/assets/index-DlmTeNAq.js   2.94 kB │ gzip: 1.31 kB
✓ built in 162ms
Done in 1.49s.
Thursday, August 15, 2024 5:54:37 PM
warning: in the working copy of 'docs/assets/index-DYhv0y2B.css', LF will be replaced by CRLF the next time Git touches it
warning: in the working copy of 'docs/assets/index-DlmTeNAq.js', LF will be replaced by CRLF the next time Git touches it
warning: in the working copy of 'docs/index.html', LF will be replaced by CRLF the next time Git touches it
warning: in the working copy of 'package.json', LF will be replaced by CRLF the next time Git touches it
Thursday, August 15, 2024 5:54:38 PM
[main e8c6434] build application
 4 files changed, 295 insertions(+), 161 deletions(-)
Thursday, August 15, 2024 5:54:38 PM
From github.com:fromnepal/fromnepal.github.io
 * branch            main       -> FETCH_HEAD
Current branch main is up to date.
Thursday, August 15, 2024 5:54:39 PM
Enumerating objects: 13, done.
Counting objects: 100% (13/13), done.
Delta compression using up to 16 threads
Compressing objects: 100% (7/7), done.
Writing objects: 100% (7/7), 4.50 KiB | 4.50 MiB/s, done.
Total 7 (delta 6), reused 0 (delta 0), pack-reused 0 (from 0)
remote: Resolving deltas: 100% (6/6), completed with 6 local objects.
To github.com:fromnepal/fromnepal.github.io.git
   156a941..e8c6434  main -> main
Thursday, August 15, 2024 5:54:40 PM

PS C:\Users\kushal\src\myhtml\fromnepal> dir

    Directory: C:\Users\kushal\src\myhtml\fromnepal

Mode                 LastWriteTime         Length Name
----                 -------------         ------ ----
d----           8/15/2024  5:54 PM                docs
d----           8/15/2024  5:54 PM                node_modules
d----           8/15/2024  5:54 PM                public
d----           8/15/2024  5:27 PM                src
-a---           4/28/2024  6:19 PM            253 .gitignore
-a---           6/10/2024 10:21 AM            430 index.html
-a---           8/15/2024  5:54 PM            365 package.json
-a---            6/9/2024  1:01 PM           3100 README.md
-a---           8/15/2024  5:35 PM            596 tsconfig.json
-a---            6/9/2024 10:20 AM            134 vite.config.ts
-a---           8/15/2024  5:54 PM          17564 yarn.lock

PS C:\Users\kushal\src\myhtml\fromnepal> dir src

    Directory: C:\Users\kushal\src\myhtml\fromnepal\src

Mode                 LastWriteTime         Length Name
----                 -------------         ------ ----
-a---           8/15/2024  5:49 PM           9488 codedraw.ts
-a---           8/15/2024  5:51 PM           4160 main.ts
-a---            6/9/2024 12:29 PM            179 styles.css
-a---           4/28/2024  6:19 PM             38 vite-env.d.ts

PS C:\Users\kushal\src\myhtml\fromnepal> cd "C:\Users\kushal\src\mylogging\"; date; git add .; date; git commit --message "add all files" --message "from the terminal"; date; cd "C:\Users\kushal\src\myhtml\fromnepal"; date; yarn; date; yarn run build; date; git add .; date; git commit --message "build application" --message "from the terminal"; date; git pull --rebase origin main; date; git push origin main; date;

Thursday, August 15, 2024 5:59:57 PM
Thursday, August 15, 2024 5:59:57 PM
On branch main
nothing to commit, working tree clean
Thursday, August 15, 2024 5:59:57 PM
Thursday, August 15, 2024 5:59:57 PM
yarn install v1.22.21
[1/4] Resolving packages...
success Already up-to-date.
Done in 0.06s.
Thursday, August 15, 2024 5:59:57 PM
yarn run v1.22.21
$ tsc && vite build
vite v5.4.1 building for production...
✓ 6 modules transformed.
x Build failed in 60ms
error during build:
[vite]: Rollup failed to resolve import "codemirror" from "C:/Users/kushal/src/myhtml/fromnepal/src/codedraw.ts".
This is most likely unintended because it can break your application at runtime.
If you do want to externalize this module explicitly add it to
`build.rollupOptions.external`
    at viteWarn (file:///C:/Users/kushal/src/myhtml/fromnepal/node_modules/vite/dist/node/chunks/dep-Cy9twKMn.js:65471:17)
    at onRollupWarning (file:///C:/Users/kushal/src/myhtml/fromnepal/node_modules/vite/dist/node/chunks/dep-Cy9twKMn.js:65503:5)
    at onwarn (file:///C:/Users/kushal/src/myhtml/fromnepal/node_modules/vite/dist/node/chunks/dep-Cy9twKMn.js:65166:7)
    at file:///C:/Users/kushal/src/myhtml/fromnepal/node_modules/rollup/dist/es/shared/node-entry.js:18514:13
    at Object.logger [as onLog] (file:///C:/Users/kushal/src/myhtml/fromnepal/node_modules/rollup/dist/es/shared/node-entry.js:20162:9)
    at ModuleLoader.handleInvalidResolvedId (file:///C:/Users/kushal/src/myhtml/fromnepal/node_modules/rollup/dist/es/shared/node-entry.js:19104:26)
    at file:///C:/Users/kushal/src/myhtml/fromnepal/node_modules/rollup/dist/es/shared/node-entry.js:19062:26
error Command failed with exit code 1.
info Visit https://yarnpkg.com/en/docs/cli/run for documentation about this command.
Thursday, August 15, 2024 5:59:58 PM
warning: in the working copy of 'src/main.ts', LF will be replaced by CRLF the next time Git touches it
Thursday, August 15, 2024 5:59:58 PM
[main 0aee8f3] build application
 3 files changed, 78 insertions(+), 2 deletions(-)
Thursday, August 15, 2024 5:59:58 PM
From github.com:fromnepal/fromnepal.github.io
 * branch            main       -> FETCH_HEAD
Current branch main is up to date.
Thursday, August 15, 2024 5:59:59 PM
Enumerating objects: 15, done.
Counting objects: 100% (15/15), done.
Delta compression using up to 16 threads
Compressing objects: 100% (8/8), done.
Writing objects: 100% (8/8), 1.22 KiB | 1.22 MiB/s, done.
Total 8 (delta 7), reused 0 (delta 0), pack-reused 0 (from 0)
remote: Resolving deltas: 100% (7/7), completed with 7 local objects.
To github.com:fromnepal/fromnepal.github.io.git
   e8c6434..0aee8f3  main -> main
Thursday, August 15, 2024 6:00:02 PM

PS C:\Users\kushal\src\myhtml\fromnepal> cd "C:\Users\kushal\src\mylogging\"; date; git add .; date; git commit --message "add all files" --message "from the terminal"; date; cd "C:\Users\kushal\src\myhtml\fromnepal"; date; yarn; date; yarn run build; date; git add .; date; git commit --message "build application" --message "from the terminal"; date; git pull --rebase origin main; date; git push origin main; date;

Thursday, August 15, 2024 6:00:46 PM
Thursday, August 15, 2024 6:00:46 PM
On branch main
nothing to commit, working tree clean
Thursday, August 15, 2024 6:00:46 PM
Thursday, August 15, 2024 6:00:46 PM
yarn install v1.22.21
[1/4] Resolving packages...
success Already up-to-date.
Done in 0.07s.
Thursday, August 15, 2024 6:00:47 PM
yarn run v1.22.21
$ tsc && vite build
vite v5.4.1 building for production...
✓ 5 modules transformed.
docs/index.html                 0.53 kB │ gzip: 0.32 kB
docs/assets/index-DYhv0y2B.css  4.60 kB │ gzip: 1.63 kB
docs/assets/index-DlmTeNAq.js   2.94 kB │ gzip: 1.31 kB
✓ built in 201ms
Done in 1.55s.
Thursday, August 15, 2024 6:00:48 PM
warning: in the working copy of 'docs/assets/index-DYhv0y2B.css', LF will be replaced by CRLF the next time Git touches it
warning: in the working copy of 'docs/assets/index-DlmTeNAq.js', LF will be replaced by CRLF the next time Git touches it
warning: in the working copy of 'docs/index.html', LF will be replaced by CRLF the next time Git touches it
warning: in the working copy of 'src/main.ts', LF will be replaced by CRLF the next time Git touches it
Thursday, August 15, 2024 6:00:49 PM
[main 16378a1] build application
 3 files changed, 76 insertions(+), 2 deletions(-)
Thursday, August 15, 2024 6:00:49 PM
From github.com:fromnepal/fromnepal.github.io
 * branch            main       -> FETCH_HEAD
Current branch main is up to date.
Thursday, August 15, 2024 6:00:50 PM
Enumerating objects: 15, done.
Counting objects: 100% (15/15), done.
Delta compression using up to 16 threads
Compressing objects: 100% (8/8), done.
Writing objects: 100% (8/8), 1.18 KiB | 1.18 MiB/s, done.
Total 8 (delta 7), reused 0 (delta 0), pack-reused 0 (from 0)
remote: Resolving deltas: 100% (7/7), completed with 7 local objects.
To github.com:fromnepal/fromnepal.github.io.git
   0aee8f3..16378a1  main -> main
Thursday, August 15, 2024 6:00:51 PM

PS C:\Users\kushal\src\myhtml\fromnepal> cd "C:\Users\kushal\src\mylogging\"; date; git add .; date; git commit --message "add all files" --message "from the terminal"; date; cd "C:\Users\kushal\src\myhtml\fromnepal"; date; yarn; date; yarn run build; date; git add .; date; git commit --message "build application" --message "from the terminal"; date; git pull --rebase origin main; date; git push origin main; date;

Thursday, August 15, 2024 6:01:21 PM
Thursday, August 15, 2024 6:01:21 PM
On branch main
nothing to commit, working tree clean
Thursday, August 15, 2024 6:01:21 PM
Thursday, August 15, 2024 6:01:21 PM
yarn install v1.22.21
[1/4] Resolving packages...
success Already up-to-date.
Done in 0.07s.
Thursday, August 15, 2024 6:01:22 PM
yarn run v1.22.21
$ tsc && vite build
tsconfig.json:11:35 - error TS5096: Option 'allowImportingTsExtensions' can only be used when either 'noEmit' or 'emitDeclarationOnly' is set.

11     "allowImportingTsExtensions": true,
                                     ~~~~


Found 1 error in tsconfig.json:11

error Command failed with exit code 2.
info Visit https://yarnpkg.com/en/docs/cli/run for documentation about this command.
Thursday, August 15, 2024 6:01:22 PM
warning: in the working copy of 'tsconfig.json', LF will be replaced by CRLF the next time Git touches it
warning: in the working copy of 'src/codedraw.js', LF will be replaced by CRLF the next time Git touches it
warning: in the working copy of 'src/main.js', LF will be replaced by CRLF the next time Git touches it
Thursday, August 15, 2024 6:01:22 PM
[main f025f5a] build application
 3 files changed, 398 insertions(+), 1 deletion(-)
 create mode 100644 src/codedraw.js
 create mode 100644 src/main.js
Thursday, August 15, 2024 6:01:23 PM
From github.com:fromnepal/fromnepal.github.io
 * branch            main       -> FETCH_HEAD
Current branch main is up to date.
Thursday, August 15, 2024 6:01:23 PM
Enumerating objects: 9, done.
Counting objects: 100% (9/9), done.
Delta compression using up to 16 threads
Compressing objects: 100% (6/6), done.
Writing objects: 100% (6/6), 4.70 KiB | 4.70 MiB/s, done.
Total 6 (delta 2), reused 0 (delta 0), pack-reused 0 (from 0)
remote: Resolving deltas: 100% (2/2), completed with 2 local objects.
To github.com:fromnepal/fromnepal.github.io.git
   16378a1..f025f5a  main -> main
Thursday, August 15, 2024 6:01:24 PM

PS C:\Users\kushal\src\myhtml\fromnepal> cd "C:\Users\kushal\src\mylogging\"; date; git add .; date; git commit --message "add all files" --message "from the terminal"; date; cd "C:\Users\kushal\src\myhtml\fromnepal"; date; yarn; date; yarn run build; date; git add .; date; git commit --message "build application" --message "from the terminal"; date; git pull --rebase origin main; date; git push origin main; date;

Thursday, August 15, 2024 6:01:42 PM
Thursday, August 15, 2024 6:01:42 PM
On branch main
nothing to commit, working tree clean
Thursday, August 15, 2024 6:01:43 PM
Thursday, August 15, 2024 6:01:43 PM
yarn install v1.22.21
[1/4] Resolving packages...
success Already up-to-date.
Done in 0.06s.
Thursday, August 15, 2024 6:01:43 PM
yarn run v1.22.21
$ tsc && vite build
vite v5.4.1 building for production...
✓ 5 modules transformed.
docs/index.html                 0.53 kB │ gzip: 0.32 kB
docs/assets/index-DYhv0y2B.css  4.60 kB │ gzip: 1.63 kB
docs/assets/index-DlmTeNAq.js   2.94 kB │ gzip: 1.31 kB
✓ built in 172ms
Done in 1.04s.
Thursday, August 15, 2024 6:01:44 PM
warning: in the working copy of 'docs/assets/index-DYhv0y2B.css', LF will be replaced by CRLF the next time Git touches it
warning: in the working copy of 'docs/assets/index-DlmTeNAq.js', LF will be replaced by CRLF the next time Git touches it
warning: in the working copy of 'docs/index.html', LF will be replaced by CRLF the next time Git touches it
warning: in the working copy of 'src/codedraw.js', LF will be replaced by CRLF the next time Git touches it
warning: in the working copy of 'src/main.js', LF will be replaced by CRLF the next time Git touches it
warning: in the working copy of 'tsconfig.json', LF will be replaced by CRLF the next time Git touches it
Thursday, August 15, 2024 6:01:44 PM
[main e52885b] build application
 1 file changed, 1 insertion(+), 1 deletion(-)
Thursday, August 15, 2024 6:01:44 PM
From github.com:fromnepal/fromnepal.github.io
 * branch            main       -> FETCH_HEAD
Current branch main is up to date.
Thursday, August 15, 2024 6:01:45 PM
Enumerating objects: 5, done.
Counting objects: 100% (5/5), done.
Delta compression using up to 16 threads
Compressing objects: 100% (3/3), done.
Writing objects: 100% (3/3), 308 bytes | 308.00 KiB/s, done.
Total 3 (delta 2), reused 0 (delta 0), pack-reused 0 (from 0)
remote: Resolving deltas: 100% (2/2), completed with 2 local objects.
To github.com:fromnepal/fromnepal.github.io.git
   f025f5a..e52885b  main -> main
Thursday, August 15, 2024 6:01:46 PM

PS C:\Users\kushal\src\myhtml\fromnepal> cd "C:\Users\kushal\src\mylogging\"; date; git add .; date; git commit --message "add all files" --message "from the terminal"; date; cd "C:\Users\kushal\src\myhtml\fromnepal"; date; yarn; date; yarn run build; date; git add .; date; git commit --message "build application" --message "from the terminal"; date; git pull --rebase origin main; date; git push origin main; date;

Thursday, August 15, 2024 6:03:02 PM
Thursday, August 15, 2024 6:03:02 PM
On branch main
nothing to commit, working tree clean
Thursday, August 15, 2024 6:03:02 PM
Thursday, August 15, 2024 6:03:02 PM
yarn install v1.22.21
[1/4] Resolving packages...
success Already up-to-date.
Done in 0.06s.
Thursday, August 15, 2024 6:03:02 PM
yarn run v1.22.21
$ tsc && vite build
vite v5.4.1 building for production...
✓ 5 modules transformed.
docs/index.html                 0.53 kB │ gzip: 0.32 kB
docs/assets/index-DYhv0y2B.css  4.60 kB │ gzip: 1.63 kB
docs/assets/index-DlmTeNAq.js   2.94 kB │ gzip: 1.31 kB
✓ built in 141ms
Done in 0.90s.
Thursday, August 15, 2024 6:03:03 PM
warning: in the working copy of 'docs/assets/index-DYhv0y2B.css', LF will be replaced by CRLF the next time Git touches it
warning: in the working copy of 'docs/assets/index-DlmTeNAq.js', LF will be replaced by CRLF the next time Git touches it
warning: in the working copy of 'docs/index.html', LF will be replaced by CRLF the next time Git touches it
warning: in the working copy of 'tsconfig.json', LF will be replaced by CRLF the next time Git touches it
Thursday, August 15, 2024 6:03:03 PM
[main 4b61add] build application
 1 file changed, 2 insertions(+), 2 deletions(-)
Thursday, August 15, 2024 6:03:04 PM
From github.com:fromnepal/fromnepal.github.io
 * branch            main       -> FETCH_HEAD
Current branch main is up to date.
Thursday, August 15, 2024 6:03:04 PM
Enumerating objects: 5, done.
Counting objects: 100% (5/5), done.
Delta compression using up to 16 threads
Compressing objects: 100% (3/3), done.
Writing objects: 100% (3/3), 315 bytes | 315.00 KiB/s, done.
Total 3 (delta 2), reused 0 (delta 0), pack-reused 0 (from 0)
remote: Resolving deltas: 100% (2/2), completed with 2 local objects.
To github.com:fromnepal/fromnepal.github.io.git
   e52885b..4b61add  main -> main
Thursday, August 15, 2024 6:03:05 PM

PS C:\Users\kushal\src\myhtml\fromnepal> cd "C:\Users\kushal\src\mylogging\"; date; git add .; date; git commit --message "add all files" --message "from the terminal"; date; cd "C:\Users\kushal\src\myhtml\fromnepal"; date; yarn; date; yarn run build; date; git add .; date; git commit --message "build application" --message "from the terminal"; date; git pull --rebase origin main; date; git push origin main; date;

Thursday, August 15, 2024 6:04:12 PM
Thursday, August 15, 2024 6:04:12 PM
On branch main
nothing to commit, working tree clean
Thursday, August 15, 2024 6:04:12 PM
Thursday, August 15, 2024 6:04:12 PM
yarn install v1.22.21
[1/4] Resolving packages...
success Already up-to-date.
Done in 0.06s.
Thursday, August 15, 2024 6:04:13 PM
yarn run v1.22.21
$ tsc && vite build
vite v5.4.1 building for production...
✓ 5 modules transformed.
docs/index.html                 0.53 kB │ gzip: 0.32 kB
docs/assets/index-DYhv0y2B.css  4.60 kB │ gzip: 1.63 kB
docs/assets/index-DlmTeNAq.js   2.94 kB │ gzip: 1.31 kB
✓ built in 139ms
Done in 0.89s.
Thursday, August 15, 2024 6:04:14 PM
warning: in the working copy of 'docs/assets/index-DYhv0y2B.css', LF will be replaced by CRLF the next time Git touches it
warning: in the working copy of 'docs/assets/index-DlmTeNAq.js', LF will be replaced by CRLF the next time Git touches it
warning: in the working copy of 'docs/index.html', LF will be replaced by CRLF the next time Git touches it
Thursday, August 15, 2024 6:04:14 PM
[main 7561991] build application
 4 files changed, 488 insertions(+), 4 deletions(-)
Thursday, August 15, 2024 6:04:14 PM
From github.com:fromnepal/fromnepal.github.io
 * branch            main       -> FETCH_HEAD
Current branch main is up to date.
Thursday, August 15, 2024 6:04:15 PM
Enumerating objects: 13, done.
Counting objects: 100% (13/13), done.
Delta compression using up to 16 threads
Compressing objects: 100% (7/7), done.
Writing objects: 100% (7/7), 1.88 KiB | 1.88 MiB/s, done.
Total 7 (delta 6), reused 0 (delta 0), pack-reused 0 (from 0)
remote: Resolving deltas: 100% (6/6), completed with 6 local objects.
To github.com:fromnepal/fromnepal.github.io.git
   4b61add..7561991  main -> main
Thursday, August 15, 2024 6:04:16 PM

PS C:\Users\kushal\src\myhtml\fromnepal> cd "C:\Users\kushal\src\mylogging\"; date; git add .; date; git commit --message "add all files" --message "from the terminal"; date; cd "C:\Users\kushal\src\myhtml\fromnepal"; date; yarn; date; yarn run build; date; git add .; date; git commit --message "build application" --message "from the terminal"; date; git pull --rebase origin main; date; git push origin main; date;

Thursday, August 15, 2024 6:04:22 PM
Thursday, August 15, 2024 6:04:22 PM
On branch main
nothing to commit, working tree clean
Thursday, August 15, 2024 6:04:22 PM
Thursday, August 15, 2024 6:04:22 PM
yarn install v1.22.21
[1/4] Resolving packages...
success Already up-to-date.
Done in 0.06s.
Thursday, August 15, 2024 6:04:22 PM
yarn run v1.22.21
$ tsc && vite build
vite v5.4.1 building for production...
✓ 5 modules transformed.
docs/index.html                 0.53 kB │ gzip: 0.32 kB
docs/assets/index-DYhv0y2B.css  4.60 kB │ gzip: 1.63 kB
docs/assets/index-DlmTeNAq.js   2.94 kB │ gzip: 1.31 kB
✓ built in 137ms
Done in 0.89s.
Thursday, August 15, 2024 6:04:23 PM
warning: in the working copy of 'docs/assets/index-DYhv0y2B.css', LF will be replaced by CRLF the next time Git touches it
warning: in the working copy of 'docs/assets/index-DlmTeNAq.js', LF will be replaced by CRLF the next time Git touches it
warning: in the working copy of 'docs/index.html', LF will be replaced by CRLF the next time Git touches it
Thursday, August 15, 2024 6:04:24 PM
[main 287b45e] build application
 2 files changed, 90 insertions(+)
Thursday, August 15, 2024 6:04:24 PM
From github.com:fromnepal/fromnepal.github.io
 * branch            main       -> FETCH_HEAD
Current branch main is up to date.
Thursday, August 15, 2024 6:04:25 PM
Enumerating objects: 9, done.
Counting objects: 100% (9/9), done.
Delta compression using up to 16 threads
Compressing objects: 100% (5/5), done.
Writing objects: 100% (5/5), 607 bytes | 607.00 KiB/s, done.
Total 5 (delta 4), reused 0 (delta 0), pack-reused 0 (from 0)
remote: Resolving deltas: 100% (4/4), completed with 4 local objects.
To github.com:fromnepal/fromnepal.github.io.git
   7561991..287b45e  main -> main
Thursday, August 15, 2024 6:04:26 PM

PS C:\Users\kushal\src\myhtml\fromnepal> cd "C:\Users\kushal\src\mylogging\"; date; git add .; date; git commit --message "add all files" --message "from the terminal"; date; cd "C:\Users\kushal\src\myhtml\fromnepal"; date; yarn; date; yarn run build; date; git add .; date; git commit --message "build application" --message "from the terminal"; date; git pull --rebase origin main; date; git push origin main; date;

Thursday, August 15, 2024 6:04:34 PM
Thursday, August 15, 2024 6:04:34 PM
On branch main
nothing to commit, working tree clean
Thursday, August 15, 2024 6:04:34 PM
Thursday, August 15, 2024 6:04:34 PM
yarn install v1.22.21
[1/4] Resolving packages...
success Already up-to-date.
Done in 0.06s.
Thursday, August 15, 2024 6:04:34 PM
yarn run v1.22.21
$ tsc && vite build
vite v5.4.1 building for production...
✓ 5 modules transformed.
docs/index.html                 0.53 kB │ gzip: 0.32 kB
docs/assets/index-DYhv0y2B.css  4.60 kB │ gzip: 1.63 kB
docs/assets/index-DlmTeNAq.js   2.94 kB │ gzip: 1.31 kB
✓ built in 138ms
Done in 0.90s.
Thursday, August 15, 2024 6:04:35 PM
warning: in the working copy of 'docs/assets/index-DYhv0y2B.css', LF will be replaced by CRLF the next time Git touches it
warning: in the working copy of 'docs/assets/index-DlmTeNAq.js', LF will be replaced by CRLF the next time Git touches it
warning: in the working copy of 'docs/index.html', LF will be replaced by CRLF the next time Git touches it
Thursday, August 15, 2024 6:04:36 PM
[main aa5e7ae] build application
 2 files changed, 90 insertions(+)
Thursday, August 15, 2024 6:04:36 PM
From github.com:fromnepal/fromnepal.github.io
 * branch            main       -> FETCH_HEAD
Current branch main is up to date.
Thursday, August 15, 2024 6:04:36 PM
Enumerating objects: 9, done.
Counting objects: 100% (9/9), done.
Delta compression using up to 16 threads
Compressing objects: 100% (5/5), done.
Writing objects: 100% (5/5), 610 bytes | 610.00 KiB/s, done.
Total 5 (delta 4), reused 0 (delta 0), pack-reused 0 (from 0)
remote: Resolving deltas: 100% (4/4), completed with 4 local objects.
To github.com:fromnepal/fromnepal.github.io.git
   287b45e..aa5e7ae  main -> main
Thursday, August 15, 2024 6:04:38 PM

PS C:\Users\kushal\src\myhtml\fromnepal> cd "C:\Users\kushal\src\mylogging\"; date; git add .; date; git commit --message "add all files" --message "from the terminal"; date; cd "C:\Users\kushal\src\myhtml\fromnepal"; date; yarn; date; yarn run build; date; git add .; date; git commit --message "build application" --message "from the terminal"; date; git pull --rebase origin main; date; git push origin main; date;

Thursday, August 15, 2024 6:07:20 PM
Thursday, August 15, 2024 6:07:20 PM
On branch main
nothing to commit, working tree clean
Thursday, August 15, 2024 6:07:20 PM
Thursday, August 15, 2024 6:07:20 PM
yarn install v1.22.21
[1/4] Resolving packages...
success Already up-to-date.
Done in 0.06s.
Thursday, August 15, 2024 6:07:20 PM
yarn run v1.22.21
$ tsc && vite build
vite v5.4.1 building for production...
✓ 5 modules transformed.
docs/index.html                 0.53 kB │ gzip: 0.32 kB
docs/assets/index-DYhv0y2B.css  4.60 kB │ gzip: 1.63 kB
docs/assets/index-DlmTeNAq.js   2.94 kB │ gzip: 1.31 kB
✓ built in 173ms
Done in 1.05s.
Thursday, August 15, 2024 6:07:21 PM
warning: in the working copy of 'docs/assets/index-DYhv0y2B.css', LF will be replaced by CRLF the next time Git touches it
warning: in the working copy of 'docs/assets/index-DlmTeNAq.js', LF will be replaced by CRLF the next time Git touches it
warning: in the working copy of 'docs/index.html', LF will be replaced by CRLF the next time Git touches it
Thursday, August 15, 2024 6:07:22 PM
[main e80cd0b] build application
 4 files changed, 136 insertions(+), 2 deletions(-)
Thursday, August 15, 2024 6:07:22 PM
From github.com:fromnepal/fromnepal.github.io
 * branch            main       -> FETCH_HEAD
Current branch main is up to date.
Thursday, August 15, 2024 6:07:23 PM
Enumerating objects: 19, done.
Counting objects: 100% (19/19), done.
Delta compression using up to 16 threads
Compressing objects: 100% (9/9), done.
Writing objects: 100% (10/10), 1.05 KiB | 1.05 MiB/s, done.
Total 10 (delta 7), reused 0 (delta 0), pack-reused 0 (from 0)
remote: Resolving deltas: 100% (7/7), completed with 7 local objects.
To github.com:fromnepal/fromnepal.github.io.git
   aa5e7ae..e80cd0b  main -> main
Thursday, August 15, 2024 6:07:23 PM

PS C:\Users\kushal\src\myhtml\fromnepal> cd "C:\Users\kushal\src\mylogging\"; date; git add .; date; git commit --message "add all files" --message "from the terminal"; date; cd "C:\Users\kushal\src\myhtml\fromnepal"; date; yarn; date; yarn run build; date; git add .; date; git commit --message "build application" --message "from the terminal"; date; git pull --rebase origin main; date; git push origin main; date;