PowerShell 7.4.6
PS C:\Users\kushal> ssh colorado
ssh: Could not resolve hostname colorado: No such host is known.
PS C:\Users\kushal> tail -f /var/log/syslog
tail: The term 'tail' is not recognized as a name of a cmdlet, function, script file, or executable program.
Check the spelling of the name, or if a path was included, verify that the path is correct and try again.
PS C:\Users\kushal> ssh colorado
Linux colorado 6.1.0-27-amd64 #1 SMP PREEMPT_DYNAMIC Debian 6.1.115-1 (2024-11-01) x86_64

The programs included with the Debian GNU/Linux system are free software;
the exact distribution terms for each program are described in the
individual files in /usr/share/doc/*/copyright.

Debian GNU/Linux comes with ABSOLUTELY NO WARRANTY, to the extent
permitted by applicable law.
Last login: Fri Nov 22 20:18:33 2024 from fe80::975c:f636:bfb:5026%enp3s0
kushal@colorado:~$ tail -f /var/log/syslog
tail: cannot open '/var/log/syslog' for reading: No such file or directory
tail: no files remaining
kushal@colorado:~$ sudo tail -f /var/log/syslog
[sudo] password for kushal:
tail: cannot open '/var/log/syslog' for reading: No such file or directory
tail: no files remaining
kushal@colorado:~$ journalctl -u syslog
Hint: You are currently not seeing messages from other users and the system.
      Users in groups 'adm', 'systemd-journal' can see all messages.
      Pass -q to turn off this notice.
-- No entries --
kushal@colorado:~$ sudo journalctl -u syslog
-- No entries --
kushal@colorado:~$ crontab -e
No modification made
kushal@colorado:~$ No modification made
kushal@colorado:~$ time bash ~/src/angular/coloradoquiz/update.sh; time bash ~/source/angulareighteen/update.sh; time bash ~/src/angular/mycontacts/update.sh;
ping: sock4.fd: 3 (socktype: SOCK_RAW), sock6.fd: 4 (socktype: SOCK_RAW), hints.ai_family: AF_UNSPEC

[master e39547198] add timestamp
 2 files changed, 25 insertions(+), 310 deletions(-)
[master 5e8423360] begin add system status
 2 files changed, 39 insertions(+)
[master 42d377df1] add system status
 1 file changed, 6 insertions(+)
[master faf5c63d4] end add system status
 1 file changed, 1 insertion(+)
[master 6fb8d342c] begin update node
 2 files changed, 29 insertions(+)
Installing latest LTS version.
v22.11.0 is already installed.
Now using node v22.11.0 (npm v10.9.0)

real    0m0.824s
user    0m0.457s
sys     0m0.137s
Now using node v22.11.0 (npm v10.9.0)

real    0m0.257s
user    0m0.264s
sys     0m0.049s

changed 297 packages in 18s

52 packages are looking for funding
  run `npm fund` for details

real    0m18.150s
user    0m11.215s
sys     0m2.467s

real    0m1.459s
user    0m1.206s
sys     0m0.244s

real    0m0.887s
user    0m1.330s
sys     0m0.106s
[master b78fda401] end update node
 2 files changed, 67 insertions(+)
On branch master
Your branch is ahead of 'origin/master' by 6 commits.
  (use "git push" to publish your local commits)

nothing to commit, working tree clean
yarn run v1.22.22
$ ng update @angular/core @angular/cli @angular/material @angular/localize
Using package manager: yarn
Collecting installed dependencies...
Found 31 dependencies.
Fetching dependency metadata from registry...
Package '@angular/core' is already up to date.
Package '@angular/cli' is already up to date.
Package '@angular/material' is already up to date.
Package '@angular/localize' is already up to date.
Done in 2.40s.

real    0m2.663s
user    0m1.774s
sys     0m0.303s
On branch master
Your branch is ahead of 'origin/master' by 6 commits.
  (use "git push" to publish your local commits)

nothing to commit, working tree clean

real    0m3.603s
user    0m3.783s
sys     0m0.402s
[master 65911fc51] begin prepare to build angular
 2 files changed, 36 insertions(+)

real    0m15.867s
user    0m34.477s
sys     0m2.120s
[master f9faa6981] end prepare to build angular
 1 file changed, 17 insertions(+)
[master 8a228eee3] begin prepare to unit test angular
 2 files changed, 28 insertions(+), 130 deletions(-)
- Generating browser application bundles (phase: setup)...
✔ Browser application bundle generation complete.
✔ Browser application bundle generation complete.
✔ Browser application bundle generation complete.
✔ Browser application bundle generation complete.
error Command failed with exit code 1.

real    0m54.066s
user    0m41.537s
sys     0m4.030s
[master 06b8ef3ad] end prepare to unit test angular
 2 files changed, 176 insertions(+)

real    0m0.336s
user    0m0.279s
sys     0m0.053s
[master 1fef3d171] add timestamp
 2 files changed, 33 insertions(+)
From github.com:teamkushal/coloradoquiz
 * branch                master     -> FETCH_HEAD
Current branch master is up to date.
On branch master
Your branch is ahead of 'origin/master' by 12 commits.
  (use "git push" to publish your local commits)

nothing to commit, working tree clean
Enumerating objects: 52, done.
Counting objects: 100% (52/52), done.
Delta compression using up to 4 threads
Compressing objects: 100% (44/44), done.
Writing objects: 100% (46/46), 6.12 KiB | 1.22 MiB/s, done.
Total 46 (delta 32), reused 1 (delta 0), pack-reused 0
remote: Resolving deltas: 100% (32/32), completed with 6 local objects.
To github.com:teamkushal/coloradoquiz.git
   8bd8f4ae7..1fef3d171  master -> master

real    2m3.220s
user    1m36.893s
sys     0m10.708s
Sat Nov 23 07:46:56 AM EST 2024
/home/kushal/source/angulareighteen/update.sh: line 10: nvm: command not found
/home/kushal/source/angulareighteen/update.sh: line 11: nvm: command not found
v22.11.0
10.9.0

changed 1 package in 803ms
Sat Nov 23 07:46:57 AM EST 2024
Sat Nov 23 07:46:57 AM EST 2024
yarn install v1.22.22
info No lockfile found.
[1/4] Resolving packages...
warning karma > glob@7.2.3: Glob versions prior to v9 are no longer supported
warning karma > rimraf@3.0.2: Rimraf versions prior to v4 are no longer supported
warning karma > rimraf > glob@7.2.3: Glob versions prior to v9 are no longer supported
warning karma > glob > inflight@1.0.6: This module is not supported, and leaks memory. Do not use it. Check out lru-cache if you want a good and tested way to coalesce async requests by a key value, which is much more comprehensive and powerful.
[2/4] Fetching packages...
[3/4] Linking dependencies...
warning "@angular-devkit/build-angular > @vitejs/plugin-basic-ssl@1.1.0" has unmet peer dependency "vite@^3.0.0 || ^4.0.0 || ^5.0.0".
warning "@angular-devkit/build-angular > @angular/build > @inquirer/confirm@5.0.2" has unmet peer dependency "@types/node@>=18".
warning "@angular-devkit/build-angular > @angular/build > @inquirer/confirm > @inquirer/type@3.0.1" has unmet peer dependency "@types/node@>=18".
warning "@angular/cli > @inquirer/prompts@7.1.0" has unmet peer dependency "@types/node@>=18".
warning "@angular/cli > @inquirer/prompts > @inquirer/checkbox@4.0.2" has unmet peer dependency "@types/node@>=18".
warning "@angular/cli > @inquirer/prompts > @inquirer/number@3.0.2" has unmet peer dependency "@types/node@>=18".
warning "@angular/cli > @inquirer/prompts > @inquirer/expand@4.0.2" has unmet peer dependency "@types/node@>=18".
warning "@angular/cli > @inquirer/prompts > @inquirer/editor@4.1.0" has unmet peer dependency "@types/node@>=18".
warning "@angular/cli > @inquirer/prompts > @inquirer/password@4.0.2" has unmet peer dependency "@types/node@>=18".
warning "@angular/cli > @inquirer/prompts > @inquirer/rawlist@4.0.2" has unmet peer dependency "@types/node@>=18".
warning "@angular/cli > @inquirer/prompts > @inquirer/search@3.0.2" has unmet peer dependency "@types/node@>=18".
warning "@angular/cli > @inquirer/prompts > @inquirer/select@4.0.2" has unmet peer dependency "@types/node@>=18".
warning "@angular/cli > @inquirer/prompts > @inquirer/input@4.0.2" has unmet peer dependency "@types/node@>=18".
[4/4] Building fresh packages...
success Saved lockfile.
Done in 15.91s.

real    0m16.267s
user    0m14.496s
sys     0m2.758s
Sat Nov 23 07:47:13 AM EST 2024
On branch master
Your branch is up to date with 'origin/master'.

Changes not staged for commit:
  (use "git add <file>..." to update what will be committed)
  (use "git restore <file>..." to discard changes in working directory)
        modified:   yarn.lock

no changes added to commit (use "git add" and/or "git commit -a")
[master ef9a580] add all files
 1 file changed, 96 insertions(+), 96 deletions(-)
From github.com:angulareighteen/angulareighteen.github.io
 * branch            master     -> FETCH_HEAD
Current branch master is up to date.
Enumerating objects: 5, done.
Counting objects: 100% (5/5), done.
Delta compression using up to 4 threads
Compressing objects: 100% (3/3), done.
Writing objects: 100% (3/3), 3.02 KiB | 618.00 KiB/s, done.
Total 3 (delta 2), reused 0 (delta 0), pack-reused 0
remote: Resolving deltas: 100% (2/2), completed with 2 local objects.
To github.com:angulareighteen/angulareighteen.github.io.git
   9e51571..ef9a580  master -> master
yarn install v1.22.22
[1/4] Resolving packages...
success Already up-to-date.
Done in 0.62s.
yarn run v1.22.22
$ ng update
Using package manager: yarn
Collecting installed dependencies...
Found 27 dependencies.
    We analyzed your package.json and everything seems to be in order. Good work!
Done in 2.70s.
yarn run v1.22.22
$ ng build
Initial chunk files   | Names         |  Raw size | Estimated transfer size
chunk-I6WO6DMZ.js     | -             | 114.11 kB |                33.70 kB
main-ZYUJU5LJ.js      | main          |  98.22 kB |                25.34 kB
styles-U4H6PSGJ.css   | styles        |  53.25 kB |                 5.25 kB
polyfills-FFHMD2TL.js | polyfills     |  34.52 kB |                11.28 kB

                      | Initial total | 300.09 kB |                75.57 kB

Lazy chunk files      | Names         |  Raw size | Estimated transfer size
chunk-6VKC6WYA.js     | browser       |  67.49 kB |                17.70 kB

Application bundle generation complete. [8.478 seconds]

▲ [WARNING] angular:styles/component:css;802bd11d2fffcfccea9b81d73128145c62e67559689fbf7b080b6d250733a2b1;/home/kushal/source/angulareighteen/src/app/app.component.html exceeded maximum budget. Budget 2.05 kB was not met by 878 bytes with a total of 2.93 kB.


Output location: /home/kushal/source/angulareighteen/docs

Done in 9.85s.
On branch master
Your branch is up to date with 'origin/master'.

nothing to commit, working tree clean
On branch master
Your branch is up to date with 'origin/master'.

nothing to commit, working tree clean
From github.com:angulareighteen/angulareighteen.github.io
 * branch            master     -> FETCH_HEAD
Already up to date.
Everything up-to-date
yarn run v1.22.22
$ ng test
✔ Browser application bundle generation complete.
23 11 2024 07:47:47.289:INFO [karma-server]: Karma v6.4.4 server started at http://localhost:9876/
23 11 2024 07:47:47.291:INFO [launcher]: Launching browsers FirefoxHeadless with concurrency unlimited
23 11 2024 07:47:47.301:INFO [launcher]: Starting browser Firefox
23 11 2024 07:47:51.330:INFO [Firefox 128.0 (Linux x86_64)]: Connected on socket smW5omabZtqSch8mAAAB with id 59589864
Firefox 128.0 (Linux x86_64): Executed 3 of 3 SUCCESS (0.328 secs / 0.299 secs)
TOTAL: 3 SUCCESS
Done in 21.74s.
yarn run v1.22.22
$ ng update @angular/core @angular/cli @angular/material
Using package manager: yarn
Collecting installed dependencies...
Found 27 dependencies.
Fetching dependency metadata from registry...
Package '@angular/core' is already up to date.
Package '@angular/cli' is already up to date.
Package '@angular/material' is already up to date.
Done in 1.43s.
On branch master
Your branch is up to date with 'origin/master'.

nothing to commit, working tree clean
From github.com:angulareighteen/angulareighteen.github.io
 * branch            master     -> FETCH_HEAD
Already up to date.
Everything up-to-date
Latest version:     1.0.30001683
Installed version:  1.0.30001683
caniuse-lite is up to date
caniuse-lite has been successfully updated

No target browser changes
On branch master
Your branch is up to date with 'origin/master'.

nothing to commit, working tree clean
On branch master
Your branch is up to date with 'origin/master'.

nothing to commit, working tree clean
From github.com:angulareighteen/angulareighteen.github.io
 * branch            master     -> FETCH_HEAD
Already up to date.
Everything up-to-date
* remote origin
  Fetch URL: git@github.com:angulareighteen/angulareighteen.github.io.git
  Push  URL: git@github.com:angulareighteen/angulareighteen.github.io.git
  HEAD branch: master
  Remote branch:
    master tracked
  Local branch configured for 'git pull':
    master merges with remote master
  Local ref configured for 'git push':
    master pushes to master (up to date)
Sat Nov 23 07:48:01 AM EST 2024

real    1m5.181s
user    1m26.085s
sys     0m8.775s
Sat Nov 23 07:48:01 AM EST 2024
/home/kushal/src/angular/mycontacts/update.sh: line 10: nvm: command not found
/home/kushal/src/angular/mycontacts/update.sh: line 11: nvm: command not found
v22.11.0
10.9.0

changed 1 package in 774ms
Sat Nov 23 07:48:02 AM EST 2024
Sat Nov 23 07:48:02 AM EST 2024
yarn install v1.22.22
info No lockfile found.
[1/4] Resolving packages...
warning karma > glob@7.2.3: Glob versions prior to v9 are no longer supported
warning karma > rimraf@3.0.2: Rimraf versions prior to v4 are no longer supported
warning karma > rimraf > glob@7.2.3: Glob versions prior to v9 are no longer supported
warning karma > glob > inflight@1.0.6: This module is not supported, and leaks memory. Do not use it. Check out lru-cache if you want a good and tested way to coalesce async requests by a key value, which is much more comprehensive and powerful.
warning karma-coverage-istanbul-reporter > istanbul-lib-source-maps > rimraf@2.7.1: Rimraf versions prior to v4 are no longer supported
warning karma-coverage-istanbul-reporter > istanbul-lib-source-maps > rimraf > glob@7.2.3: Glob versions prior to v9 are no longer supported
[2/4] Fetching packages...
[3/4] Linking dependencies...
warning "@angular-devkit/build-angular > @vitejs/plugin-basic-ssl@1.1.0" has unmet peer dependency "vite@^3.0.0 || ^4.0.0 || ^5.0.0".
[4/4] Building fresh packages...
success Saved lockfile.
Done in 15.82s.

real    0m16.068s
user    0m12.740s
sys     0m2.172s
Sat Nov 23 07:48:18 AM EST 2024
On branch master
Changes not staged for commit:
  (use "git add <file>..." to update what will be committed)
  (use "git restore <file>..." to discard changes in working directory)
        modified:   yarn.lock

no changes added to commit (use "git add" and/or "git commit -a")
[master 6333d28] add all files
 1 file changed, 96 insertions(+), 96 deletions(-)
From github.com:kusl/mycontacts
 * branch            master     -> FETCH_HEAD
Current branch master is up to date.
Enumerating objects: 9, done.
Counting objects: 100% (9/9), done.
Delta compression using up to 4 threads
Compressing objects: 100% (6/6), done.
Writing objects: 100% (6/6), 4.28 KiB | 876.00 KiB/s, done.
Total 6 (delta 3), reused 0 (delta 0), pack-reused 0
remote: Resolving deltas: 100% (3/3), completed with 2 local objects.
To github.com:kusl/mycontacts.git
   dafd680..6333d28  master -> master
yarn install v1.22.22
[1/4] Resolving packages...
success Already up-to-date.
Done in 0.62s.
yarn run v1.22.22
$ ng update
Using package manager: yarn
Collecting installed dependencies...
Found 28 dependencies.
    We analyzed your package.json and everything seems to be in order. Good work!
Done in 2.92s.
yarn run v1.22.22
$ ng build --base-href=mycontacts
Initial chunk files | Names         |  Raw size | Estimated transfer size
chunk-Z3QRDSSJ.js   | -             | 119.77 kB |                35.11 kB
main-4IGC7X44.js    | main          | 106.09 kB |                27.13 kB
styles-CXQUZ3PB.css | styles        |   6.98 kB |                 1.13 kB

                    | Initial total | 232.84 kB |                63.37 kB

Lazy chunk files    | Names         |  Raw size | Estimated transfer size
chunk-QOEJKQYO.js   | browser       |  67.49 kB |                17.70 kB

Application bundle generation complete. [4.857 seconds]

Output location: /home/kushal/src/angular/mycontacts/dist/mycontacts

Done in 6.15s.
On branch master
nothing to commit, working tree clean
On branch master
nothing to commit, working tree clean
From github.com:kusl/mycontacts
 * branch            master     -> FETCH_HEAD
Already up to date.
Everything up-to-date
yarn run v1.22.22
$ ng test
✔ Browser application bundle generation complete.
23 11 2024 07:48:44.160:INFO [karma-server]: Karma v6.4.4 server started at http://localhost:9876/
23 11 2024 07:48:44.165:INFO [launcher]: Launching browsers FirefoxHeadless with concurrency unlimited
23 11 2024 07:48:44.191:INFO [launcher]: Starting browser Firefox
23 11 2024 07:48:47.903:INFO [Firefox 128.0 (Linux x86_64)]: Connected on socket vMSsyXsOUJEhBNzUAAAB with id 3393560
Firefox 128.0 (Linux x86_64): Executed 3 of 3 SUCCESS (0.333 secs / 0.309 secs)
TOTAL: 3 SUCCESS
TOTAL: 3 SUCCESS
Done in 16.81s.
yarn run v1.22.22
$ ng update @angular/core @angular/cli @angular/material
Using package manager: yarn
Collecting installed dependencies...
Found 28 dependencies.
Fetching dependency metadata from registry...
Package '@angular/core' is already up to date.
Package '@angular/cli' is already up to date.
Package '@angular/material' is already up to date.
Done in 1.48s.
On branch master
nothing to commit, working tree clean
From github.com:kusl/mycontacts
 * branch            master     -> FETCH_HEAD
Already up to date.
Everything up-to-date
Latest version:     1.0.30001683
Installed version:  1.0.30001683
caniuse-lite is up to date
caniuse-lite has been successfully updated

No target browser changes
On branch master
nothing to commit, working tree clean
On branch master
nothing to commit, working tree clean
From github.com:kusl/mycontacts
 * branch            master     -> FETCH_HEAD
Already up to date.
Everything up-to-date
* remote origin
  Fetch URL: git@github.com:kusl/mycontacts.git
  Push  URL: git@github.com:kusl/mycontacts.git
  HEAD branch: master
  Remote branch:
    master tracked
  Local ref configured for 'git push':
    master pushes to master (up to date)
Sat Nov 23 07:48:57 AM EST 2024

real    0m56.454s
user    1m1.904s
sys     0m7.650s
kushal@colorado:~$ exit
logout
Connection to colorado closed.
PS C:\Users\kushal> cd "C:\Users\kushal\src\myhtml\fromnepal\public\notes\2024\11\23"; convert flair.png -resize 600x flair-small.jpg
Invalid Parameter - -resize
PS C:\Users\kushal\src\myhtml\fromnepal\public\notes\2024\11\23> cd "C:\Users\kushal\src\myhtml\fromnepal\public\notes\2024\11\23"; magick -version; magick convert flair.png -resize 600x flair-small.jpg
Version: ImageMagick 7.1.1-41 Q16-HDRI x64 bbdcbf7:20241116 https://imagemagick.org
Copyright: (C) 1999 ImageMagick Studio LLC
License: https://imagemagick.org/script/license.php
Features: Channel-masks(64-bit) Cipher DPC HDRI Modules OpenCL OpenMP(2.0)
Delegates (built-in): bzlib cairo flif freetype gslib heic jng jp2 jpeg jxl lcms lqr lzma openexr pangocairo png ps raqm raw rsvg tiff webp xml zip zlib
Compiler: Visual Studio 2022 (194234433)
WARNING: The convert command is deprecated in IMv7, use "magick" instead of "convert" or "magick convert"

PS C:\Users\kushal\src\myhtml\fromnepal\public\notes\2024\11\23> cd "C:\Users\kushal\src\myhtml\fromnepal\public\notes\2024\11\23"; magick -version; magick convert flair.png -resize 1200x flair-medium.jpg
Version: ImageMagick 7.1.1-41 Q16-HDRI x64 bbdcbf7:20241116 https://imagemagick.org
Copyright: (C) 1999 ImageMagick Studio LLC
License: https://imagemagick.org/script/license.php
Features: Channel-masks(64-bit) Cipher DPC HDRI Modules OpenCL OpenMP(2.0)
Delegates (built-in): bzlib cairo flif freetype gslib heic jng jp2 jpeg jxl lcms lqr lzma openexr pangocairo png ps raqm raw rsvg tiff webp xml zip zlib
Compiler: Visual Studio 2022 (194234433)
WARNING: The convert command is deprecated in IMv7, use "magick" instead of "convert" or "magick convert"

PS C:\Users\kushal\src\myhtml\fromnepal\public\notes\2024\11\23> cd "C:\Users\kushal\src\myhtml\fromnepal\public\notes\2024\11\23"; magick -version; magick convert flair.png -resize 1600x flair-large.jpg
Version: ImageMagick 7.1.1-41 Q16-HDRI x64 bbdcbf7:20241116 https://imagemagick.org
Copyright: (C) 1999 ImageMagick Studio LLC
License: https://imagemagick.org/script/license.php
Features: Channel-masks(64-bit) Cipher DPC HDRI Modules OpenCL OpenMP(2.0)
Delegates (built-in): bzlib cairo flif freetype gslib heic jng jp2 jpeg jxl lcms lqr lzma openexr pangocairo png ps raqm raw rsvg tiff webp xml zip zlib
Compiler: Visual Studio 2022 (194234433)
WARNING: The convert command is deprecated in IMv7, use "magick" instead of "convert" or "magick convert"

PS C:\Users\kushal\src\myhtml\fromnepal\public\notes\2024\11\23> C:\Users\kushal\src\myhtml\fromnepal\public\omnibus.ps1
Transcript started, output file is C:\Users\kushal\src\myhtml\fromnepal\public\notes\output.txt

Saturday, November 23, 2024 8:25:05 AM
     Removed 926 files, 454.2MiB total
Saturday, November 23, 2024 8:25:06 AM
   Compiling windows_x86_64_msvc v0.52.6
   Compiling proc-macro2 v1.0.89
   Compiling unicode-ident v1.0.13
   Compiling pin-project-lite v0.2.15
   Compiling bytes v1.8.0
   Compiling autocfg v1.4.0
   Compiling itoa v1.0.11
   Compiling futures-core v0.3.31
   Compiling futures-sink v0.3.31
   Compiling fnv v1.0.7
   Compiling once_cell v1.20.2
   Compiling memchr v2.7.4
   Compiling cfg-if v1.0.0
   Compiling pin-utils v0.1.0
   Compiling httparse v1.9.5
   Compiling hashbrown v0.15.0
   Compiling equivalent v1.0.1
   Compiling futures-io v0.3.31
   Compiling futures-task v0.3.31
   Compiling serde v1.0.213
   Compiling windows_x86_64_msvc v0.48.5
   Compiling atomic-waker v1.1.2
   Compiling native-tls v0.2.12
   Compiling tracing-core v0.1.32
   Compiling tinyvec_macros v0.1.1
   Compiling try-lock v0.2.5
   Compiling tinyvec v1.8.0
   Compiling futures-channel v0.3.31
   Compiling percent-encoding v2.3.1
   Compiling want v0.3.1
   Compiling smallvec v1.13.2
   Compiling http v1.1.0
   Compiling byteorder v1.5.0
   Compiling tracing v0.1.40
   Compiling form_urlencoded v1.2.1
   Compiling getrandom v0.2.15
   Compiling tower-service v0.3.3
   Compiling windows-targets v0.52.6
   Compiling indexmap v2.6.0
   Compiling unicode-bidi v0.3.17
   Compiling slab v0.4.9
   Compiling ryu v1.0.18
   Compiling windows-sys v0.52.0
   Compiling windows-sys v0.59.0
   Compiling windows-result v0.2.0
   Compiling serde_json v1.0.132
   Compiling rand_core v0.6.4
   Compiling windows-strings v0.1.0
   Compiling windows-targets v0.48.5
   Compiling rustls-pki-types v1.10.0
   Compiling thiserror v1.0.65
   Compiling quote v1.0.37
   Compiling futures-util v0.3.31
   Compiling windows-registry v0.2.0
   Compiling windows-sys v0.48.0
   Compiling sync_wrapper v1.0.1
   Compiling unicode-normalization v0.1.24
   Compiling syn v2.0.85
   Compiling encoding_rs v0.8.35
   Compiling base64 v0.22.1
   Compiling http-body v1.0.1
   Compiling rustls-pemfile v2.2.0
   Compiling mime v0.3.17
   Compiling ipnet v2.10.1
   Compiling log v0.4.22
   Compiling dotenv v0.15.0
   Compiling idna v0.5.0
   Compiling url v2.5.2
   Compiling zerocopy-derive v0.7.35
   Compiling serde_derive v1.0.213
   Compiling thiserror-impl v1.0.65
   Compiling socket2 v0.5.7
   Compiling mio v1.0.2
   Compiling home v0.5.9
   Compiling http-body-util v0.1.2
   Compiling zerocopy v0.7.35
   Compiling etcetera v0.8.0
   Compiling tokio v1.41.0
   Compiling ppv-lite86 v0.2.20
   Compiling rand_chacha v0.3.1
   Compiling rand v0.8.5
   Compiling schannel v0.1.26
   Compiling tokio-util v0.7.12
   Compiling tokio-native-tls v0.3.1
   Compiling h2 v0.4.6
   Compiling serde_urlencoded v0.7.1
   Compiling hyper v1.5.0
   Compiling hyper-util v0.1.9
   Compiling hyper-tls v0.6.0
   Compiling reqwest v0.12.8
   Compiling helloworld v0.1.1 (C:\Users\kushal\RustroverProjects\helloworld)
warning: struct `Graph` is never constructed
 --> src\graph.rs:3:12
  |
3 | pub struct Graph {
  |            ^^^^^
  |
  = note: `#[warn(dead_code)]` on by default

warning: associated items `new`, `add_node`, `add_edge`, `bfs`, `dfs`, and `dfs_recursive` are never used
  --> src\graph.rs:8:12
   |
7  | impl Graph {
   | ---------- associated items in this implementation
8  |     pub fn new() -> Self {
   |            ^^^
...
14 |     pub fn add_node(&mut self, value: &str) {
   |            ^^^^^^^^
...
18 |     pub fn add_edge(&mut self, from: &str, to: &str) {
   |            ^^^^^^^^
...
24 |     pub fn bfs(&self, start: &str) -> Vec<String> {
   |            ^^^
...
48 |     pub fn dfs(&self, start: &str) -> Vec<String> {
   |            ^^^
...
55 |     fn dfs_recursive(&self, node: &str, visited: &mut HashMap<String, bool>, result: &mut Vec<String>) {
   |        ^^^^^^^^^^^^^

warning: `helloworld` (bin "helloworld") generated 2 warnings
    Finished `dev` profile [unoptimized + debuginfo] target(s) in 12.52s
Saturday, November 23, 2024 8:25:18 AM
   Compiling helloworld v0.1.1 (C:\Users\kushal\RustroverProjects\helloworld)
    Finished `test` profile [unoptimized + debuginfo] target(s) in 0.72s
     Running unittests src/main.rs (target\debug\deps\helloworld-358f72777eb128ff.exe)

running 24 tests
test greatest_common_divisor::tests::test_large_composite_numbers ... ok
test graph::tests::test_bfs ... ok
test graph::tests::test_dfs ... ok
test greatest_common_divisor::tests::test_large_numbers_performance ... ok
test greatest_common_divisor::tests::test_both_are_zero ... ok
test greatest_common_divisor::tests::test_mixed_numbers ... ok
test greatest_common_divisor::tests::test_gcd ... ok
test greatest_common_divisor::tests::test_zero_input_3 ... ok
test greatest_common_divisor::tests::test_large_numbers_performance_single ... ok
test greatest_common_divisor::tests::test_large_prime_numbers ... ok
test greatest_common_divisor::tests::test_large_numbers ... ok
test greatest_common_divisor::tests::test_one_is_one ... ok
test greatest_common_divisor::tests::test_prime_numbers ... ok
test greatest_common_divisor::tests::test_zero_input ... ok
test greatest_common_divisor::tests::test_one_is_zero ... ok
test my_data_types::tests::test_not_a_number ... ok
test my_math::tests::test_add ... ok
test greatest_common_divisor::tests::test_large_numbers_performance_multiple ... ok
test my_math::tests::test_add_multiply_ambiguous ... ok
test my_math::tests::test_add_zero ... ok
test my_math::tests::test_multiply ... ok
test my_math::tests::test_multiply_zero ... ok
test shadowing::tests::test_shadow ... ok
test shadowing::tests::test_shadow_string_length ... ok

test result: ok. 24 passed; 0 failed; 0 ignored; 0 measured; 0 filtered out; finished in 0.00s

Saturday, November 23, 2024 8:25:19 AM
Saturday, November 23, 2024 8:25:19 AM
On branch master
Your branch is up to date with 'origin/master'.

nothing to commit, working tree clean
Saturday, November 23, 2024 8:25:19 AM
On branch master
Your branch is up to date with 'origin/master'.

nothing to commit, working tree clean
Saturday, November 23, 2024 8:25:19 AM
From github.com:kusl/hellorust20240711
 * branch            master     -> FETCH_HEAD
 = [up to date]      master     -> origin/master
Already up to date.
Saturday, November 23, 2024 8:25:20 AM
Pushing to github.com:kusl/hellorust20240711.git
To github.com:kusl/hellorust20240711.git
 = [up to date]      master -> master
updating local tracking ref 'refs/remotes/origin/master'
Everything up-to-date
Saturday, November 23, 2024 8:25:20 AM
warning: in the working copy of 'docs/icon_cube.svg', LF will be replaced by CRLF the next time Git touches it
warning: in the working copy of 'docs/icon_fork.svg', LF will be replaced by CRLF the next time Git touches it
warning: in the working copy of 'docs/icon_info-circled.svg', LF will be replaced by CRLF the next time Git touches it
warning: in the working copy of 'docs/icon_info-circled_dark.svg', LF will be replaced by CRLF the next time Git touches it
warning: in the working copy of 'docs/icon_minus.svg', LF will be replaced by CRLF the next time Git touches it
warning: in the working copy of 'docs/icon_plus.svg', LF will be replaced by CRLF the next time Git touches it
warning: in the working copy of 'docs/icon_search-minus.svg', LF will be replaced by CRLF the next time Git touches it
warning: in the working copy of 'docs/icon_search-plus.svg', LF will be replaced by CRLF the next time Git touches it
warning: in the working copy of 'docs/icon_sponsor.svg', LF will be replaced by CRLF the next time Git touches it
warning: in the working copy of 'docs/icon_star.svg', LF will be replaced by CRLF the next time Git touches it
warning: in the working copy of 'docs/icon_star_dark.svg', LF will be replaced by CRLF the next time Git touches it
warning: in the working copy of 'docs/icon_up-dir.svg', LF will be replaced by CRLF the next time Git touches it
warning: in the working copy of 'docs/icon_up-dir_active.svg', LF will be replaced by CRLF the next time Git touches it
warning: in the working copy of 'docs/icon_up-down-dir.svg', LF will be replaced by CRLF the next time Git touches it
warning: in the working copy of 'docs/icon_up-down-dir_dark.svg', LF will be replaced by CRLF the next time Git touches it
warning: in the working copy of 'docs/icon_wrench.svg', LF will be replaced by CRLF the next time Git touches it
Saturday, November 23, 2024 8:26:55 AM
On branch master
Your branch is up to date with 'origin/master'.

Changes to be committed:
  (use "git restore --staged <file>..." to unstage)
        modified:   docs/hellolib_BabysFirstDynamicProgrammingMethods.html
        modified:   docs/hellolib_BubbleSort.html
        modified:   docs/hellolib_CurrentWeather.html
        modified:   docs/hellolib_DesignDynamicArray.html
        modified:   docs/hellolib_DotnetNineGuid.html
        modified:   docs/hellolib_Entity.html
        modified:   docs/hellolib_FindClosestNumberToZero.html
        modified:   docs/hellolib_Graph.html
        modified:   docs/hellolib_Knapsack.html
        modified:   docs/hellolib_KnapsackItem.html
        modified:   docs/hellolib_ListNode.html
        modified:   docs/hellolib_MergeSort.html
        modified:   docs/hellolib_MergeSortedArray.html
        modified:   docs/hellolib_MergeStringsAlternately.html
        modified:   docs/hellolib_MinimumCoin.html
        modified:   docs/hellolib_MyCleaner.html
        modified:   docs/hellolib_MySearch.html
        modified:   docs/hellolib_PascalTriangle.html
        modified:   docs/hellolib_PasswordSettings.html
        modified:   docs/hellolib_Person.html
        modified:   docs/hellolib_PersonFactory.html
        modified:   docs/hellolib_Revocation.html
        modified:   docs/hellolib_RomanToInteger.html
        modified:   docs/hellolib_SinglyLinkedList.html
        modified:   docs/hellolib_SinglyLinkedListAddTwoNumbers.html
        modified:   docs/hellolib_SinglyLinkedListNode.html
        modified:   docs/hellolib_TwoSum.html
        modified:   docs/hellolib_Weather.html
        modified:   docs/hellolib_WeatherFetchException.html
        modified:   docs/index.htm
        modified:   docs/index.html
        modified:   dotnet.txt
        modified:   tests/dotnet.txt

Saturday, November 23, 2024 8:26:55 AM
[master f96edec] build application
 33 files changed, 501 insertions(+), 432 deletions(-)
Saturday, November 23, 2024 8:26:55 AM
From github.com:patstha/mydotnet
 * branch            master     -> FETCH_HEAD
 = [up to date]      master     -> origin/master
Current branch master is up to date.
Saturday, November 23, 2024 8:26:55 AM
Pushing to github.com:patstha/mydotnet.git
Enumerating objects: 71, done.
Counting objects: 100% (71/71), done.
Delta compression using up to 16 threads
Compressing objects: 100% (36/36), done.
Writing objects: 100% (36/36), 6.04 KiB | 2.01 MiB/s, done.
Total 36 (delta 35), reused 0 (delta 0), pack-reused 0 (from 0)
remote: Resolving deltas: 100% (35/35), completed with 35 local objects.
To github.com:patstha/mydotnet.git
   0132db7..f96edec  master -> master
updating local tracking ref 'refs/remotes/origin/master'
Saturday, November 23, 2024 8:26:56 AM
Saturday, November 23, 2024 8:26:56 AM
yarn install v1.22.21
[1/4] Resolving packages...
success Already up-to-date.
Done in 0.06s.
Saturday, November 23, 2024 8:26:57 AM
yarn run v1.22.21
$ tsc && vite build
vite v5.4.8 building for production...
✓ 5 modules transformed.
docs/index.html                0.27 kB │ gzip: 0.22 kB
docs/assets/index-D1OKu7AJ.js  8.63 kB │ gzip: 3.19 kB
✓ built in 120ms
Done in 1.11s.
Saturday, November 23, 2024 8:26:58 AM
warning: in the working copy of 'docs/assets/index-D1OKu7AJ.js', LF will be replaced by CRLF the next time Git touches it
warning: in the working copy of 'docs/index.html', LF will be replaced by CRLF the next time Git touches it
Saturday, November 23, 2024 8:26:58 AM
On branch kus-2024-10-30-modules
nothing to commit, working tree clean
Saturday, November 23, 2024 8:26:58 AM
On branch kus-2024-10-30-modules
nothing to commit, working tree clean
Saturday, November 23, 2024 8:26:58 AM
From github.com:matchthree/matchthree.github.io
 * branch            master     -> FETCH_HEAD
Current branch kus-2024-10-30-modules is up to date.
Saturday, November 23, 2024 8:26:59 AM
Everything up-to-date
Saturday, November 23, 2024 8:26:59 AM
Saturday, November 23, 2024 8:26:59 AM
Saturday, November 23, 2024 8:26:59 AM
On branch main
nothing to commit, working tree clean
Saturday, November 23, 2024 8:26:59 AM
Saturday, November 23, 2024 8:26:59 AM
Saturday, November 23, 2024 8:27:00 AM
Image downloaded successfully to C:\Users\kushal\src\myhtml\fromnepal\public\notes\earth.jpeg
Saturday, November 23, 2024 8:27:00 AM
Saturday, November 23, 2024 8:27:00 AM
yarn install v1.22.21
[1/4] Resolving packages...
success Already up-to-date.
Done in 0.08s.
Saturday, November 23, 2024 8:27:00 AM
yarn run v1.22.21
$ tsc && vite build
vite v5.4.11 building for production...
✓ 5 modules transformed.
docs/index.html                 0.53 kB │ gzip: 0.32 kB
docs/assets/index-C7fM1CLc.css  4.60 kB │ gzip: 1.63 kB
docs/assets/index-CG30pmQG.js   2.94 kB │ gzip: 1.31 kB
✓ built in 3.76s
Done in 4.98s.
Saturday, November 23, 2024 8:27:06 AM
Transcript stopped, output file is C:\Users\kushal\src\myhtml\fromnepal\public\notes\output.txt
warning: in the working copy of 'docs/assets/index-C7fM1CLc.css', LF will be replaced by CRLF the next time Git touches it
warning: in the working copy of 'docs/assets/index-CG30pmQG.js', LF will be replaced by CRLF the next time Git touches it
warning: in the working copy of 'docs/index.html', LF will be replaced by CRLF the next time Git touches it
warning: in the working copy of 'docs/notes/2024/11/15/hybridcache.en.vtt', LF will be replaced by CRLF the next time Git touches it
warning: in the working copy of 'docs/notes/2024/11/15/l1-show.en.vtt', LF will be replaced by CRLF the next time Git touches it
warning: in the working copy of 'docs/notes/2024/11/15/modernwinforms.en.vtt', LF will be replaced by CRLF the next time Git touches it
warning: in the working copy of 'docs/notes/2024/11/15/myvtt.en.vtt', LF will be replaced by CRLF the next time Git touches it
warning: in the working copy of 'docs/notes/2024/11/15/myvtt.en.vtt.en.vtt', LF will be replaced by CRLF the next time Git touches it
warning: in the working copy of 'docs/notes/2024/11/15/nyt-podcasts-trump-cabinet-picks.en.vtt', LF will be replaced by CRLF the next time Git touches it
warning: in the working copy of 'docs/notes/2024/11/15/tldr-global.en.vtt', LF will be replaced by CRLF the next time Git touches it
warning: in the working copy of 'docs/notes/2024/11/18/november2024a/.gitattributes', LF will be replaced by CRLF the next time Git touches it
warning: in the working copy of 'docs/notes/2024/11/18/november2024a/.gitignore', LF will be replaced by CRLF the next time Git touches it
warning: in the working copy of 'docs/notes/2024/11/18/november2024a/build.gradle.kts', LF will be replaced by CRLF the next time Git touches it
warning: in the working copy of 'docs/notes/2024/11/18/november2024a/gradle/wrapper/gradle-wrapper.properties', LF will be replaced by CRLF the next time Git touches it
warning: in the working copy of 'docs/notes/2024/11/18/november2024a/settings.gradle.kts', LF will be replaced by CRLF the next time Git touches it
warning: in the working copy of 'docs/notes/2024/11/18/november2024a/src/main/kotlin/com/github/kusl/november2024a/November2024aApplication.kt', LF will be replaced by CRLF the next time Git touches it
warning: in the working copy of 'docs/notes/2024/11/18/november2024a/src/main/resources/application.properties', LF will be replaced by CRLF the next time Git touches it
warning: in the working copy of 'docs/notes/2024/11/18/november2024a/src/test/kotlin/com/github/kusl/november2024a/November2024aApplicationTests.kt', LF will be replaced by CRLF the next time Git touches it
warning: in the working copy of 'docs/notes/2024/11/18/requirements.txt', LF will be replaced by CRLF the next time Git touches it
warning: in the working copy of 'docs/notes/A3B318B569046159E1DD6616D2E646D9434350E6.asc', LF will be replaced by CRLF the next time Git touches it
warning: in the working copy of 'docs/notes/Nationalism, Explained [AXz0kbMKPu0].en.vtt', LF will be replaced by CRLF the next time Git touches it
warning: in the working copy of 'docs/notes/favicon_io/about.txt', LF will be replaced by CRLF the next time Git touches it
warning: in the working copy of 'docs/notes/yt/3-blue-1-brown-llm-LPZh9BOjkQs.en.vtt', LF will be replaced by CRLF the next time Git touches it
warning: in the working copy of 'docs/notes/yt/aoc-Eh7bFt7oUto.en.vtt', LF will be replaced by CRLF the next time Git touches it
warning: in the working copy of 'docs/notes/yt/aoc-WoP9BJiItSI.en.vtt', LF will be replaced by CRLF the next time Git touches it
warning: in the working copy of 'docs/notes/yt/asianometry-mm-wave-5g.en.vtt', LF will be replaced by CRLF the next time Git touches it
warning: in the working copy of 'docs/notes/yt/bravos-ILJ41tmQAQ8.en.vtt', LF will be replaced by CRLF the next time Git touches it
warning: in the working copy of 'docs/notes/yt/coffee-software-DSbuyscXX7I.en.vtt', LF will be replaced by CRLF the next time Git touches it
warning: in the working copy of 'docs/notes/yt/continuous-delivery-_zUkNrUp0Ok.en.vtt', LF will be replaced by CRLF the next time Git touches it
warning: in the working copy of 'docs/notes/yt/continuous-delivery-pair-programming-5TTsIkmtKUg.en.vtt', LF will be replaced by CRLF the next time Git touches it
warning: in the working copy of 'docs/notes/yt/diabetes-PsQj2Hg1oFM.en.vtt', LF will be replaced by CRLF the next time Git touches it
warning: in the working copy of 'docs/notes/yt/diabetes-PsQj2Hg1oFM.hi.vtt', LF will be replaced by CRLF the next time Git touches it
warning: in the working copy of 'docs/notes/yt/diabetes-Yys5zeoDi2E.en.vtt', LF will be replaced by CRLF the next time Git touches it
warning: in the working copy of 'docs/notes/yt/dotnet-new-c-sharp-13-japXYFS9YPQ.en.vtt', LF will be replaced by CRLF the next time Git touches it
warning: in the working copy of 'docs/notes/yt/enrico-7nnyv4yJGJc.en.vtt', LF will be replaced by CRLF the next time Git touches it
warning: in the working copy of 'docs/notes/yt/escuela-XdI2e8QqzbQ.en.vtt', LF will be replaced by CRLF the next time Git touches it
warning: in the working copy of 'docs/notes/yt/first-ring-wnfcFflmvLo.en.vtt', LF will be replaced by CRLF the next time Git touches it
warning: in the working copy of 'docs/notes/yt/germany-_ywqDbHiMrs.en.vtt', LF will be replaced by CRLF the next time Git touches it
warning: in the working copy of 'docs/notes/yt/hankschannel-nuclear-16203Tks_0I.en.vtt', LF will be replaced by CRLF the next time Git touches it
warning: in the working copy of 'docs/notes/yt/l1-icydock-3KCaS7EK6Rc.en.vtt', LF will be replaced by CRLF the next time Git touches it
warning: in the working copy of 'docs/notes/yt/l1show-EI5iZ4LNsyQ.en.vtt', LF will be replaced by CRLF the next time Git touches it
warning: in the working copy of 'docs/notes/yt/mileage-mike-ring-road-DhZH0KbcwX4.en.vtt', LF will be replaced by CRLF the next time Git touches it
warning: in the working copy of 'docs/notes/yt/mit-rto-4ec_yZCWOCY.en.vtt', LF will be replaced by CRLF the next time Git touches it
warning: in the working copy of 'docs/notes/yt/msnbc-EmvYGLySOVE.en.vtt', LF will be replaced by CRLF the next time Git touches it
warning: in the working copy of 'docs/notes/yt/ndc-oA7xeRyxMSo.en.vtt', LF will be replaced by CRLF the next time Git touches it
warning: in the working copy of 'docs/notes/yt/nytimes-Dj05EvWQ8NY.en.vtt', LF will be replaced by CRLF the next time Git touches it
warning: in the working copy of 'docs/notes/yt/nytimes-X_gotjGG4ug.en.vtt', LF will be replaced by CRLF the next time Git touches it
warning: in the working copy of 'docs/notes/yt/nytimes-daily-bernie-xvYvfOcEFXI.en.vtt', LF will be replaced by CRLF the next time Git touches it
warning: in the working copy of 'docs/notes/yt/nytimes-l7s8QizovG8.en.vtt', LF will be replaced by CRLF the next time Git touches it
warning: in the working copy of 'docs/notes/yt/nytimes-ukraine-c_z8OoYWjQ0.en.vtt', LF will be replaced by CRLF the next time Git touches it
warning: in the working copy of 'docs/notes/yt/otago-kotlin-multiplatform.en.vtt', LF will be replaced by CRLF the next time Git touches it
warning: in the working copy of 'docs/notes/yt/road-guy-rob-K1TFOK4_07s.en.vtt', LF will be replaced by CRLF the next time Git touches it
warning: in the working copy of 'docs/notes/yt/the-economist-kyiv-xn-AnTYs2H8.en.vtt', LF will be replaced by CRLF the next time Git touches it
warning: in the working copy of 'docs/notes/yt/the-millitary-show-china-hellscape.en.vtt', LF will be replaced by CRLF the next time Git touches it
warning: in the working copy of 'docs/notes/yt/tldr-global-Lj0J3ioOnIY.en.vtt', LF will be replaced by CRLF the next time Git touches it
warning: in the working copy of 'docs/notes/yt/tldr-news-eu-COEfdZVTFCQ.en.vtt', LF will be replaced by CRLF the next time Git touches it
warning: in the working copy of 'docs/notes/yt/tldr-news-global-2024-11-16-a8NmPDUdzhU.en.vtt', LF will be replaced by CRLF the next time Git touches it
warning: in the working copy of 'docs/notes/yt/trudeau-immigration-vOB7-dbYuCc.en.vtt', LF will be replaced by CRLF the next time Git touches it
warning: in the working copy of 'docs/notes/yt/ufd-amd-BJjdGxRRh2E.en.vtt', LF will be replaced by CRLF the next time Git touches it
warning: in the working copy of 'docs/notes/yt/versed-h_rsF8eVPqY.en.vtt', LF will be replaced by CRLF the next time Git touches it
warning: in the working copy of 'docs/notes/yt/vivienne-yang-FR6hhULZLfw.en.vtt', LF will be replaced by CRLF the next time Git touches it
warning: in the working copy of 'docs/notes/yt/william-spaniel-polling-hhaNiF5aCCY.en.vtt', LF will be replaced by CRLF the next time Git touches it
warning: in the working copy of 'docs/notes/ytotago-kotlin-multiplatform.en.vtt', LF will be replaced by CRLF the next time Git touches it
Saturday, November 23, 2024 8:27:25 AM
On branch main
Your branch is ahead of 'origin/main' by 10 commits.
  (use "git push" to publish your local commits)

Changes to be committed:
  (use "git restore --staged <file>..." to unstage)
        new file:   docs/notes/2024/11/23/flair-large.jpg
        new file:   docs/notes/2024/11/23/flair-medium.jpg
        new file:   docs/notes/2024/11/23/flair-small.jpg
        new file:   docs/notes/2024/11/23/flair.html
        new file:   docs/notes/2024/11/23/flair.png
        new file:   docs/notes/2024/11/23/sample.html
        modified:   docs/notes/earth.jpeg
        modified:   docs/notes/output.txt
        modified:   docs/powershell.txt
        modified:   public/notes/earth.jpeg
        modified:   public/notes/output.txt
        modified:   public/powershell.txt

Saturday, November 23, 2024 8:27:25 AM
[main 94fe9b8a] build application
 12 files changed, 824 insertions(+), 5569 deletions(-)
 create mode 100644 docs/notes/2024/11/23/flair-large.jpg
 create mode 100644 docs/notes/2024/11/23/flair-medium.jpg
 create mode 100644 docs/notes/2024/11/23/flair-small.jpg
 create mode 100644 docs/notes/2024/11/23/flair.html
 create mode 100644 docs/notes/2024/11/23/flair.png
 create mode 100644 docs/notes/2024/11/23/sample.html
Saturday, November 23, 2024 8:27:25 AM
From github.com:fromnepal/fromnepal.github.io
 * branch              main       -> FETCH_HEAD
Current branch main is up to date.
Saturday, November 23, 2024 8:27:26 AM
Enumerating objects: 102, done.
Counting objects: 100% (100/100), done.
Delta compression using up to 16 threads
Compressing objects: 100% (90/90), done.
Writing objects: 100% (90/90), 22.44 MiB | 6.99 MiB/s, done.
Total 90 (delta 69), reused 0 (delta 0), pack-reused 0 (from 0)
remote: Resolving deltas: 100% (69/69), completed with 8 local objects.
To github.com:fromnepal/fromnepal.github.io.git
   60ae9322..94fe9b8a  main -> main
Saturday, November 23, 2024 8:27:31 AM

PS C:\Users\kushal\src\myhtml\fromnepal> C:\Users\kushal\src\myhtml\fromnepal\public\omnibus.ps1
