PowerShell 7.4.6
PS C:\Users\kushal>
PS C:\Users\kushal> ssh colorado
Linux colorado 6.1.0-27-amd64 #1 SMP PREEMPT_DYNAMIC Debian 6.1.115-1 (2024-11-01) x86_64

The programs included with the Debian GNU/Linux system are free software;
the exact distribution terms for each program are described in the
individual files in /usr/share/doc/*/copyright.

Debian GNU/Linux comes with ABSOLUTELY NO WARRANTY, to the extent
permitted by applicable law.
Last login: Fri Nov 22 06:29:20 2024 from fe80::975c:f636:bfb:5026%enp3s0
kushal@colorado:~$ time bash ~/src/angular/coloradoquiz/update.sh; time bash ~/source/angulareighteen/update.sh; time bash ~/src/angular/mycontacts/update.sh;
ping: sock4.fd: 3 (socktype: SOCK_RAW), sock6.fd: 4 (socktype: SOCK_RAW), hints.ai_family: AF_UNSPEC

[master d341be746] add timestamp
 2 files changed, 25 insertions(+), 309 deletions(-)
[master 95dba100e] begin add system status
 2 files changed, 39 insertions(+)
[master e9ed08a77] add system status
 1 file changed, 6 insertions(+)
[master 6043c35cf] end add system status
 1 file changed, 1 insertion(+)
[master 4a9466e8f] begin update node
 2 files changed, 29 insertions(+)
Installing latest LTS version.
v22.11.0 is already installed.
Now using node v22.11.0 (npm v10.9.0)

real    0m0.661s
user    0m0.447s
sys     0m0.122s
Now using node v22.11.0 (npm v10.9.0)

real    0m0.258s
user    0m0.244s
sys     0m0.072s

changed 297 packages in 22s

52 packages are looking for funding
  run `npm fund` for details

real    0m22.187s
user    0m11.278s
sys     0m2.366s

real    0m1.448s
user    0m1.136s
sys     0m0.230s

real    0m0.896s
user    0m1.359s
sys     0m0.091s
[master 9cff7eeef] end update node
 2 files changed, 67 insertions(+)
On branch master
Your branch is ahead of 'origin/master' by 6 commits.
  (use "git push" to publish your local commits)

nothing to commit, working tree clean
yarn run v1.22.22
$ ng update @angular/core @angular/cli @angular/material @angular/localize
Using package manager: yarn
Collecting installed dependencies...
Found 31 dependencies.
Fetching dependency metadata from registry...
Package '@angular/core' is already up to date.
Package '@angular/cli' is already up to date.
Package '@angular/material' is already up to date.
Package '@angular/localize' is already up to date.
Done in 2.56s.

real    0m2.830s
user    0m1.680s
sys     0m0.372s
On branch master
Your branch is ahead of 'origin/master' by 6 commits.
  (use "git push" to publish your local commits)

nothing to commit, working tree clean

real    0m3.648s
user    0m3.839s
sys     0m0.387s
[master ce9d06ba4] begin prepare to build angular
 2 files changed, 37 insertions(+)

real    0m15.155s
user    0m32.391s
sys     0m2.091s
[master c52cd37fc] end prepare to build angular
 1 file changed, 17 insertions(+)
[master c1d2b5bb3] begin prepare to unit test angular
 2 files changed, 28 insertions(+), 381 deletions(-)
- Generating browser application bundles (phase: setup)...
✔ Browser application bundle generation complete.
✔ Browser application bundle generation complete.
✔ Browser application bundle generation complete.
✔ Browser application bundle generation complete.
error Command failed with exit code 1.

real    0m57.990s
user    0m41.032s
sys     0m5.047s
[master 129ad3a30] end prepare to unit test angular
 2 files changed, 303 insertions(+)

real    0m0.383s
user    0m0.264s
sys     0m0.070s
[master d689064f8] add timestamp
 2 files changed, 33 insertions(+)
From github.com:teamkushal/coloradoquiz
 * branch                master     -> FETCH_HEAD
Current branch master is up to date.
On branch master
Your branch is ahead of 'origin/master' by 12 commits.
  (use "git push" to publish your local commits)

nothing to commit, working tree clean
Enumerating objects: 52, done.
Counting objects: 100% (52/52), done.
Delta compression using up to 4 threads
Compressing objects: 100% (44/44), done.
Writing objects: 100% (46/46), 6.39 KiB | 2.13 MiB/s, done.
Total 46 (delta 32), reused 1 (delta 0), pack-reused 0
remote: Resolving deltas: 100% (32/32), completed with 6 local objects.
To github.com:teamkushal/coloradoquiz.git
   dad2ae9a3..d689064f8  master -> master

real    2m10.530s
user    1m34.265s
sys     0m11.625s
Fri Nov 22 07:43:31 PM EST 2024
/home/kushal/source/angulareighteen/update.sh: line 10: nvm: command not found
/home/kushal/source/angulareighteen/update.sh: line 11: nvm: command not found
v22.11.0
10.9.0

changed 1 package in 1s
Fri Nov 22 07:43:33 PM EST 2024
Fri Nov 22 07:43:33 PM EST 2024
yarn install v1.22.22
info No lockfile found.
[1/4] Resolving packages...
warning karma > glob@7.2.3: Glob versions prior to v9 are no longer supported
warning karma > rimraf@3.0.2: Rimraf versions prior to v4 are no longer supported
warning karma > rimraf > glob@7.2.3: Glob versions prior to v9 are no longer supported
warning karma > glob > inflight@1.0.6: This module is not supported, and leaks memory. Do not use it. Check out lru-cache if you want a good and tested way to coalesce async requests by a key value, which is much more comprehensive and powerful.
[2/4] Fetching packages...
[3/4] Linking dependencies...
warning "@angular-devkit/build-angular > @vitejs/plugin-basic-ssl@1.1.0" has unmet peer dependency "vite@^3.0.0 || ^4.0.0 || ^5.0.0".
warning "@angular-devkit/build-angular > @angular/build > @inquirer/confirm@5.0.2" has unmet peer dependency "@types/node@>=18".
warning "@angular-devkit/build-angular > @angular/build > @inquirer/confirm > @inquirer/type@3.0.1" has unmet peer dependency "@types/node@>=18".
warning "@angular/cli > @inquirer/prompts@7.1.0" has unmet peer dependency "@types/node@>=18".
warning "@angular/cli > @inquirer/prompts > @inquirer/editor@4.1.0" has unmet peer dependency "@types/node@>=18".
warning "@angular/cli > @inquirer/prompts > @inquirer/input@4.0.2" has unmet peer dependency "@types/node@>=18".
warning "@angular/cli > @inquirer/prompts > @inquirer/search@3.0.2" has unmet peer dependency "@types/node@>=18".
warning "@angular/cli > @inquirer/prompts > @inquirer/select@4.0.2" has unmet peer dependency "@types/node@>=18".
warning "@angular/cli > @inquirer/prompts > @inquirer/password@4.0.2" has unmet peer dependency "@types/node@>=18".
warning "@angular/cli > @inquirer/prompts > @inquirer/rawlist@4.0.2" has unmet peer dependency "@types/node@>=18".
warning "@angular/cli > @inquirer/prompts > @inquirer/expand@4.0.2" has unmet peer dependency "@types/node@>=18".
warning "@angular/cli > @inquirer/prompts > @inquirer/number@3.0.2" has unmet peer dependency "@types/node@>=18".
warning "@angular/cli > @inquirer/prompts > @inquirer/checkbox@4.0.2" has unmet peer dependency "@types/node@>=18".
[4/4] Building fresh packages...
success Saved lockfile.
Done in 23.29s.

real    0m23.663s
user    0m13.244s
sys     0m2.547s
Fri Nov 22 07:43:56 PM EST 2024
On branch master
Your branch is up to date with 'origin/master'.

Changes not staged for commit:
  (use "git add <file>..." to update what will be committed)
  (use "git restore <file>..." to discard changes in working directory)
        modified:   yarn.lock

no changes added to commit (use "git add" and/or "git commit -a")
[master 9e51571] add all files
 1 file changed, 3 insertions(+), 3 deletions(-)
From github.com:angulareighteen/angulareighteen.github.io
 * branch            master     -> FETCH_HEAD
Current branch master is up to date.
Enumerating objects: 5, done.
Counting objects: 100% (5/5), done.
Delta compression using up to 4 threads
Compressing objects: 100% (3/3), done.
Writing objects: 100% (3/3), 474 bytes | 474.00 KiB/s, done.
Total 3 (delta 2), reused 0 (delta 0), pack-reused 0
remote: Resolving deltas: 100% (2/2), completed with 2 local objects.
To github.com:angulareighteen/angulareighteen.github.io.git
   c315b4c..9e51571  master -> master
yarn install v1.22.22
[1/4] Resolving packages...
success Already up-to-date.
Done in 0.61s.
yarn run v1.22.22
$ ng update
Using package manager: yarn
Collecting installed dependencies...
Found 27 dependencies.
    We analyzed your package.json and everything seems to be in order. Good work!
Done in 3.36s.
yarn run v1.22.22
$ ng build
Initial chunk files   | Names         |  Raw size | Estimated transfer size
chunk-I6WO6DMZ.js     | -             | 114.11 kB |                33.70 kB
main-ZYUJU5LJ.js      | main          |  98.22 kB |                25.34 kB
styles-U4H6PSGJ.css   | styles        |  53.25 kB |                 5.25 kB
polyfills-FFHMD2TL.js | polyfills     |  34.52 kB |                11.28 kB

                      | Initial total | 300.09 kB |                75.57 kB

Lazy chunk files      | Names         |  Raw size | Estimated transfer size
chunk-6VKC6WYA.js     | browser       |  67.49 kB |                17.70 kB

Application bundle generation complete. [8.219 seconds]

▲ [WARNING] angular:styles/component:css;802bd11d2fffcfccea9b81d73128145c62e67559689fbf7b080b6d250733a2b1;/home/kushal/source/angulareighteen/src/app/app.component.html exceeded maximum budget. Budget 2.05 kB was not met by 878 bytes with a total of 2.93 kB.


Output location: /home/kushal/source/angulareighteen/docs

Done in 9.51s.
On branch master
Your branch is up to date with 'origin/master'.

nothing to commit, working tree clean
On branch master
Your branch is up to date with 'origin/master'.

nothing to commit, working tree clean
From github.com:angulareighteen/angulareighteen.github.io
 * branch            master     -> FETCH_HEAD
Already up to date.
Everything up-to-date
yarn run v1.22.22
$ ng test
✔ Browser application bundle generation complete.
22 11 2024 19:44:31.027:INFO [karma-server]: Karma v6.4.4 server started at http://localhost:9876/
22 11 2024 19:44:31.029:INFO [launcher]: Launching browsers FirefoxHeadless with concurrency unlimited
22 11 2024 19:44:31.041:INFO [launcher]: Starting browser Firefox
22 11 2024 19:44:35.077:INFO [Firefox 128.0 (Linux x86_64)]: Connected on socket cNvf563M-pYhSavrAAAB with id 21452766
Firefox 128.0 (Linux x86_64): Executed 3 of 3 SUCCESS (0.365 secs / 0.324 secs)
TOTAL: 3 SUCCESS
Done in 21.60s.
yarn run v1.22.22
$ ng update @angular/core @angular/cli @angular/material
Using package manager: yarn
Collecting installed dependencies...
Found 27 dependencies.
Fetching dependency metadata from registry...
Package '@angular/core' is already up to date.
Package '@angular/cli' is already up to date.
Package '@angular/material' is already up to date.
Done in 1.57s.
On branch master
Your branch is up to date with 'origin/master'.

nothing to commit, working tree clean
From github.com:angulareighteen/angulareighteen.github.io
 * branch            master     -> FETCH_HEAD
Already up to date.
Everything up-to-date
Latest version:     1.0.30001683
Installed version:  1.0.30001683
caniuse-lite is up to date
caniuse-lite has been successfully updated

No target browser changes
On branch master
Your branch is up to date with 'origin/master'.

nothing to commit, working tree clean
On branch master
Your branch is up to date with 'origin/master'.

nothing to commit, working tree clean
From github.com:angulareighteen/angulareighteen.github.io
 * branch            master     -> FETCH_HEAD
Already up to date.
Everything up-to-date
* remote origin
  Fetch URL: git@github.com:angulareighteen/angulareighteen.github.io.git
  Push  URL: git@github.com:angulareighteen/angulareighteen.github.io.git
  HEAD branch: master
  Remote branch:
    master tracked
  Local branch configured for 'git pull':
    master merges with remote master
  Local ref configured for 'git push':
    master pushes to master (up to date)
Fri Nov 22 07:44:44 PM EST 2024

real    1m12.654s
user    1m23.174s
sys     0m8.979s
Fri Nov 22 07:44:44 PM EST 2024
/home/kushal/src/angular/mycontacts/update.sh: line 10: nvm: command not found
/home/kushal/src/angular/mycontacts/update.sh: line 11: nvm: command not found
v22.11.0
10.9.0

changed 1 package in 786ms
Fri Nov 22 07:44:45 PM EST 2024
Fri Nov 22 07:44:45 PM EST 2024
yarn install v1.22.22
info No lockfile found.
[1/4] Resolving packages...
warning karma > glob@7.2.3: Glob versions prior to v9 are no longer supported
warning karma > rimraf@3.0.2: Rimraf versions prior to v4 are no longer supported
warning karma > rimraf > glob@7.2.3: Glob versions prior to v9 are no longer supported
warning karma > glob > inflight@1.0.6: This module is not supported, and leaks memory. Do not use it. Check out lru-cache if you want a good and tested way to coalesce async requests by a key value, which is much more comprehensive and powerful.
warning karma-coverage-istanbul-reporter > istanbul-lib-source-maps > rimraf@2.7.1: Rimraf versions prior to v4 are no longer supported
warning karma-coverage-istanbul-reporter > istanbul-lib-source-maps > rimraf > glob@7.2.3: Glob versions prior to v9 are no longer supported
[2/4] Fetching packages...
[3/4] Linking dependencies...
warning "@angular-devkit/build-angular > @vitejs/plugin-basic-ssl@1.1.0" has unmet peer dependency "vite@^3.0.0 || ^4.0.0 || ^5.0.0".
[4/4] Building fresh packages...
success Saved lockfile.
Done in 15.46s.

real    0m15.707s
user    0m12.978s
sys     0m2.187s
Fri Nov 22 07:45:01 PM EST 2024
On branch master
Changes not staged for commit:
  (use "git add <file>..." to update what will be committed)
  (use "git restore <file>..." to discard changes in working directory)
        modified:   yarn.lock

no changes added to commit (use "git add" and/or "git commit -a")
[master 1851be7] add all files
 1 file changed, 3 insertions(+), 3 deletions(-)
From github.com:kusl/mycontacts
 * branch            master     -> FETCH_HEAD
Current branch master is up to date.
Enumerating objects: 14, done.
Counting objects: 100% (14/14), done.
Delta compression using up to 4 threads
Compressing objects: 100% (9/9), done.
Writing objects: 100% (9/9), 1.40 KiB | 1.40 MiB/s, done.
Total 9 (delta 6), reused 0 (delta 0), pack-reused 0
remote: Resolving deltas: 100% (6/6), completed with 5 local objects.
To github.com:kusl/mycontacts.git
   3944bfe..1851be7  master -> master
yarn install v1.22.22
[1/4] Resolving packages...
success Already up-to-date.
Done in 0.63s.
yarn run v1.22.22
$ ng update
Using package manager: yarn
Collecting installed dependencies...
Found 28 dependencies.
    We analyzed your package.json and everything seems to be in order. Good work!
Done in 3.14s.
yarn run v1.22.22
$ ng build
Initial chunk files | Names         |  Raw size | Estimated transfer size
chunk-Z3QRDSSJ.js   | -             | 119.77 kB |                35.11 kB
main-4IGC7X44.js    | main          | 106.09 kB |                27.13 kB
styles-CXQUZ3PB.css | styles        |   6.98 kB |                 1.13 kB

                    | Initial total | 232.84 kB |                63.37 kB

Lazy chunk files    | Names         |  Raw size | Estimated transfer size
chunk-QOEJKQYO.js   | browser       |  67.49 kB |                17.70 kB

Application bundle generation complete. [4.640 seconds]

Output location: /home/kushal/src/angular/mycontacts/dist/mycontacts

Done in 5.88s.
On branch master
nothing to commit, working tree clean
On branch master
nothing to commit, working tree clean
From github.com:kusl/mycontacts
 * branch            master     -> FETCH_HEAD
Already up to date.
Everything up-to-date
yarn run v1.22.22
$ ng test
✔ Browser application bundle generation complete.
22 11 2024 19:45:26.681:INFO [karma-server]: Karma v6.4.4 server started at http://localhost:9876/
22 11 2024 19:45:26.685:INFO [launcher]: Launching browsers FirefoxHeadless with concurrency unlimited
22 11 2024 19:45:26.701:INFO [launcher]: Starting browser Firefox
22 11 2024 19:45:30.812:INFO [Firefox 128.0 (Linux x86_64)]: Connected on socket 3n3tvJASeuTBPf6LAAAB with id 99146495
Firefox 128.0 (Linux x86_64) AppComponent should have the 'mycontacts' title FAILED
        Expected 'My Contacts' to equal 'mycontacts'.
        <Jasmine>
        1675/</<@main.js:34:23
        <Jasmine>
Firefox 128.0 (Linux x86_64): Executed 3 of 3 (1 FAILED) (0 secs / 0.507 secs)
Firefox 128.0 (Linux x86_64) AppComponent should have the 'mycontacts' title FAILED
        Expected 'My Contacts' to equal 'mycontacts'.
        <Jasmine>
        1675/</<@main.js:34:23
Firefox 128.0 (Linux x86_64): Executed 3 of 3 (1 FAILED) (0.535 secs / 0.507 secs)
TOTAL: 1 FAILED, 2 SUCCESS
TOTAL: 1 FAILED, 2 SUCCESS
error Command failed with exit code 1.
info Visit https://yarnpkg.com/en/docs/cli/run for documentation about this command.
yarn run v1.22.22
$ ng update @angular/core @angular/cli @angular/material
Using package manager: yarn
Collecting installed dependencies...
Found 28 dependencies.
Fetching dependency metadata from registry...
Package '@angular/core' is already up to date.
Package '@angular/cli' is already up to date.
Package '@angular/material' is already up to date.
Done in 1.80s.
On branch master
nothing to commit, working tree clean
From github.com:kusl/mycontacts
 * branch            master     -> FETCH_HEAD
Already up to date.
Everything up-to-date
Latest version:     1.0.30001683
Installed version:  1.0.30001683
caniuse-lite is up to date
caniuse-lite has been successfully updated

No target browser changes
On branch master
nothing to commit, working tree clean
On branch master
nothing to commit, working tree clean
From github.com:kusl/mycontacts
 * branch            master     -> FETCH_HEAD
Already up to date.
Everything up-to-date
* remote origin
  Fetch URL: git@github.com:kusl/mycontacts.git
  Push  URL: git@github.com:kusl/mycontacts.git
  HEAD branch: master
  Remote branch:
    master tracked
  Local ref configured for 'git push':
    master pushes to master (up to date)
Fri Nov 22 07:45:40 PM EST 2024

real    0m56.243s
user    1m1.926s
sys     0m7.733s
kushal@colorado:~$ time bash ~/src/angular/coloradoquiz/update.sh; time bash ~/source/angulareighteen/update.sh; time bash ~/src/angular/mycontacts/update.sh;
ping: sock4.fd: 3 (socktype: SOCK_RAW), sock6.fd: 4 (socktype: SOCK_RAW), hints.ai_family: AF_UNSPEC

[master 9c244fc1b] add timestamp
 2 files changed, 25 insertions(+), 310 deletions(-)
[master 02c6a6083] begin add system status
 2 files changed, 39 insertions(+)
[master 8f43f94a6] add system status
 1 file changed, 6 insertions(+)
[master 4d095276f] end add system status
 1 file changed, 1 insertion(+)
[master 709c2dde9] begin update node
 2 files changed, 29 insertions(+)
Installing latest LTS version.
v22.11.0 is already installed.
Now using node v22.11.0 (npm v10.9.0)

real    0m0.623s
user    0m0.430s
sys     0m0.113s
Now using node v22.11.0 (npm v10.9.0)

real    0m0.258s
user    0m0.236s
sys     0m0.078s

changed 297 packages in 23s

52 packages are looking for funding
  run `npm fund` for details

real    0m22.817s
user    0m10.663s
sys     0m2.632s

real    0m1.437s
user    0m1.146s
sys     0m0.227s

real    0m0.882s
user    0m1.333s
sys     0m0.084s
[master d588aa0d2] end update node
 2 files changed, 67 insertions(+)
On branch master
Your branch is ahead of 'origin/master' by 6 commits.
  (use "git push" to publish your local commits)

nothing to commit, working tree clean
yarn run v1.22.22
$ ng update @angular/core @angular/cli @angular/material @angular/localize
Using package manager: yarn
Collecting installed dependencies...
Found 31 dependencies.
Fetching dependency metadata from registry...
Package '@angular/core' is already up to date.
Package '@angular/cli' is already up to date.
Package '@angular/material' is already up to date.
Package '@angular/localize' is already up to date.
Done in 2.14s.

real    0m2.401s
user    0m1.637s
sys     0m0.349s
On branch master
Your branch is ahead of 'origin/master' by 6 commits.
  (use "git push" to publish your local commits)

nothing to commit, working tree clean

real    0m3.481s
user    0m3.773s
sys     0m0.406s
[master d9c891686] begin prepare to build angular
 2 files changed, 37 insertions(+)

real    0m15.230s
user    0m32.906s
sys     0m1.978s
[master 37a8d81d4] end prepare to build angular
 1 file changed, 17 insertions(+)
[master 09e9be93c] begin prepare to unit test angular
 2 files changed, 28 insertions(+), 275 deletions(-)
- Generating browser application bundles (phase: setup)...
✔ Browser application bundle generation complete.
✔ Browser application bundle generation complete.
✔ Browser application bundle generation complete.
✔ Browser application bundle generation complete.
error Command failed with exit code 1.

real    0m55.461s
user    0m41.454s
sys     0m4.718s
[master efbecd157] end prepare to unit test angular
 2 files changed, 406 insertions(+)

real    0m0.416s
user    0m0.271s
sys     0m0.072s
[master 47ab05432] add timestamp
 2 files changed, 33 insertions(+)
From github.com:teamkushal/coloradoquiz
 * branch                master     -> FETCH_HEAD
Current branch master is up to date.
On branch master
Your branch is ahead of 'origin/master' by 12 commits.
  (use "git push" to publish your local commits)

nothing to commit, working tree clean
Enumerating objects: 52, done.
Counting objects: 100% (52/52), done.
Delta compression using up to 4 threads
Compressing objects: 100% (44/44), done.
Writing objects: 100% (46/46), 6.98 KiB | 2.33 MiB/s, done.
Total 46 (delta 32), reused 1 (delta 0), pack-reused 0
remote: Resolving deltas: 100% (32/32), completed with 6 local objects.
To github.com:teamkushal/coloradoquiz.git
   d689064f8..47ab05432  master -> master

real    2m8.571s
user    1m34.447s
sys     0m11.443s
Fri Nov 22 07:54:19 PM EST 2024
/home/kushal/source/angulareighteen/update.sh: line 10: nvm: command not found
/home/kushal/source/angulareighteen/update.sh: line 11: nvm: command not found
v22.11.0
10.9.0

changed 1 package in 1s
Fri Nov 22 07:54:20 PM EST 2024
Fri Nov 22 07:54:20 PM EST 2024
yarn install v1.22.22
info No lockfile found.
[1/4] Resolving packages...
warning karma > glob@7.2.3: Glob versions prior to v9 are no longer supported
warning karma > rimraf@3.0.2: Rimraf versions prior to v4 are no longer supported
warning karma > rimraf > glob@7.2.3: Glob versions prior to v9 are no longer supported
warning karma > glob > inflight@1.0.6: This module is not supported, and leaks memory. Do not use it. Check out lru-cache if you want a good and tested way to coalesce async requests by a key value, which is much more comprehensive and powerful.
[2/4] Fetching packages...
[3/4] Linking dependencies...
warning "@angular-devkit/build-angular > @vitejs/plugin-basic-ssl@1.1.0" has unmet peer dependency "vite@^3.0.0 || ^4.0.0 || ^5.0.0".
warning "@angular-devkit/build-angular > @angular/build > @inquirer/confirm@5.0.2" has unmet peer dependency "@types/node@>=18".
warning "@angular-devkit/build-angular > @angular/build > @inquirer/confirm > @inquirer/type@3.0.1" has unmet peer dependency "@types/node@>=18".
warning "@angular/cli > @inquirer/prompts@7.1.0" has unmet peer dependency "@types/node@>=18".
warning "@angular/cli > @inquirer/prompts > @inquirer/expand@4.0.2" has unmet peer dependency "@types/node@>=18".
warning "@angular/cli > @inquirer/prompts > @inquirer/checkbox@4.0.2" has unmet peer dependency "@types/node@>=18".
warning "@angular/cli > @inquirer/prompts > @inquirer/editor@4.1.0" has unmet peer dependency "@types/node@>=18".
warning "@angular/cli > @inquirer/prompts > @inquirer/password@4.0.2" has unmet peer dependency "@types/node@>=18".
warning "@angular/cli > @inquirer/prompts > @inquirer/number@3.0.2" has unmet peer dependency "@types/node@>=18".
warning "@angular/cli > @inquirer/prompts > @inquirer/search@3.0.2" has unmet peer dependency "@types/node@>=18".
warning "@angular/cli > @inquirer/prompts > @inquirer/select@4.0.2" has unmet peer dependency "@types/node@>=18".
warning "@angular/cli > @inquirer/prompts > @inquirer/rawlist@4.0.2" has unmet peer dependency "@types/node@>=18".
warning "@angular/cli > @inquirer/prompts > @inquirer/input@4.0.2" has unmet peer dependency "@types/node@>=18".
[4/4] Building fresh packages...
success Saved lockfile.
Done in 17.50s.

real    0m17.863s
user    0m12.876s
sys     0m2.230s
Fri Nov 22 07:54:38 PM EST 2024
On branch master
Your branch is up to date with 'origin/master'.

nothing to commit, working tree clean
On branch master
Your branch is up to date with 'origin/master'.

nothing to commit, working tree clean
From github.com:angulareighteen/angulareighteen.github.io
 * branch            master     -> FETCH_HEAD
Already up to date.
Everything up-to-date
yarn install v1.22.22
[1/4] Resolving packages...
success Already up-to-date.
Done in 0.60s.
yarn run v1.22.22
$ ng update
Using package manager: yarn
Collecting installed dependencies...
Found 27 dependencies.
    We analyzed your package.json and everything seems to be in order. Good work!
Done in 2.77s.
yarn run v1.22.22
$ ng build
Initial chunk files   | Names         |  Raw size | Estimated transfer size
chunk-I6WO6DMZ.js     | -             | 114.11 kB |                33.70 kB
main-ZYUJU5LJ.js      | main          |  98.22 kB |                25.34 kB
styles-U4H6PSGJ.css   | styles        |  53.25 kB |                 5.25 kB
polyfills-FFHMD2TL.js | polyfills     |  34.52 kB |                11.28 kB

                      | Initial total | 300.09 kB |                75.57 kB

Lazy chunk files      | Names         |  Raw size | Estimated transfer size
chunk-6VKC6WYA.js     | browser       |  67.49 kB |                17.70 kB

Application bundle generation complete. [8.485 seconds]

▲ [WARNING] angular:styles/component:css;802bd11d2fffcfccea9b81d73128145c62e67559689fbf7b080b6d250733a2b1;/home/kushal/source/angulareighteen/src/app/app.component.html exceeded maximum budget. Budget 2.05 kB was not met by 878 bytes with a total of 2.93 kB.


Output location: /home/kushal/source/angulareighteen/docs

Done in 9.74s.
On branch master
Your branch is up to date with 'origin/master'.

nothing to commit, working tree clean
On branch master
Your branch is up to date with 'origin/master'.

nothing to commit, working tree clean
From github.com:angulareighteen/angulareighteen.github.io
 * branch            master     -> FETCH_HEAD
Already up to date.
Everything up-to-date
yarn run v1.22.22
$ ng test
✔ Browser application bundle generation complete.
22 11 2024 19:55:02.624:INFO [karma-server]: Karma v6.4.4 server started at http://localhost:9876/
22 11 2024 19:55:02.626:INFO [launcher]: Launching browsers FirefoxHeadless with concurrency unlimited
22 11 2024 19:55:02.636:INFO [launcher]: Starting browser Firefox
22 11 2024 19:55:05.776:INFO [Firefox 128.0 (Linux x86_64)]: Connected on socket ChVGwJfNSrZ9G42mAAAB with id 65874822
Firefox 128.0 (Linux x86_64): Executed 3 of 3 SUCCESS (0.283 secs / 0.223 secs)
TOTAL: 3 SUCCESS
Done in 11.55s.
yarn run v1.22.22
$ ng update @angular/core @angular/cli @angular/material
Using package manager: yarn
Collecting installed dependencies...
Found 27 dependencies.
Fetching dependency metadata from registry...
Package '@angular/core' is already up to date.
Package '@angular/cli' is already up to date.
Package '@angular/material' is already up to date.
Done in 1.80s.
On branch master
Your branch is up to date with 'origin/master'.

nothing to commit, working tree clean
From github.com:angulareighteen/angulareighteen.github.io
 * branch            master     -> FETCH_HEAD
Already up to date.
Everything up-to-date
Latest version:     1.0.30001683
Installed version:  1.0.30001683
caniuse-lite is up to date
caniuse-lite has been successfully updated

No target browser changes
On branch master
Your branch is up to date with 'origin/master'.

nothing to commit, working tree clean
On branch master
Your branch is up to date with 'origin/master'.

nothing to commit, working tree clean
From github.com:angulareighteen/angulareighteen.github.io
 * branch            master     -> FETCH_HEAD
Already up to date.
Everything up-to-date
* remote origin
  Fetch URL: git@github.com:angulareighteen/angulareighteen.github.io.git
  Push  URL: git@github.com:angulareighteen/angulareighteen.github.io.git
  HEAD branch: master
  Remote branch:
    master tracked
  Local branch configured for 'git pull':
    master merges with remote master
  Local ref configured for 'git push':
    master pushes to master (up to date)
Fri Nov 22 07:55:15 PM EST 2024

real    0m56.408s
user    0m59.769s
sys     0m7.234s
Fri Nov 22 07:55:15 PM EST 2024
/home/kushal/src/angular/mycontacts/update.sh: line 10: nvm: command not found
/home/kushal/src/angular/mycontacts/update.sh: line 11: nvm: command not found
v22.11.0
10.9.0

changed 1 package in 786ms
Fri Nov 22 07:55:16 PM EST 2024
Fri Nov 22 07:55:16 PM EST 2024
yarn install v1.22.22
info No lockfile found.
[1/4] Resolving packages...
warning karma > glob@7.2.3: Glob versions prior to v9 are no longer supported
warning karma > rimraf@3.0.2: Rimraf versions prior to v4 are no longer supported
warning karma > rimraf > glob@7.2.3: Glob versions prior to v9 are no longer supported
warning karma > glob > inflight@1.0.6: This module is not supported, and leaks memory. Do not use it. Check out lru-cache if you want a good and tested way to coalesce async requests by a key value, which is much more comprehensive and powerful.
warning karma-coverage-istanbul-reporter > istanbul-lib-source-maps > rimraf@2.7.1: Rimraf versions prior to v4 are no longer supported
warning karma-coverage-istanbul-reporter > istanbul-lib-source-maps > rimraf > glob@7.2.3: Glob versions prior to v9 are no longer supported
[2/4] Fetching packages...
[3/4] Linking dependencies...
warning "@angular-devkit/build-angular > @vitejs/plugin-basic-ssl@1.1.0" has unmet peer dependency "vite@^3.0.0 || ^4.0.0 || ^5.0.0".
[4/4] Building fresh packages...
success Saved lockfile.
Done in 16.37s.

real    0m16.630s
user    0m12.700s
sys     0m1.998s
Fri Nov 22 07:55:33 PM EST 2024
On branch master
nothing to commit, working tree clean
On branch master
nothing to commit, working tree clean
From github.com:kusl/mycontacts
 * branch            master     -> FETCH_HEAD
Current branch master is up to date.
Enumerating objects: 13, done.
Counting objects: 100% (13/13), done.
Delta compression using up to 4 threads
Compressing objects: 100% (8/8), done.
Writing objects: 100% (8/8), 1.26 KiB | 1.26 MiB/s, done.
Total 8 (delta 6), reused 0 (delta 0), pack-reused 0
remote: Resolving deltas: 100% (6/6), completed with 5 local objects.
To github.com:kusl/mycontacts.git
   1851be7..9574f3c  master -> master
yarn install v1.22.22
[1/4] Resolving packages...
success Already up-to-date.
Done in 0.63s.
yarn run v1.22.22
$ ng update
Using package manager: yarn
Collecting installed dependencies...
Found 28 dependencies.
    We analyzed your package.json and everything seems to be in order. Good work!
Done in 3.02s.
yarn run v1.22.22
$ ng build
Initial chunk files | Names         |  Raw size | Estimated transfer size
chunk-Z3QRDSSJ.js   | -             | 119.77 kB |                35.11 kB
main-4IGC7X44.js    | main          | 106.09 kB |                27.13 kB
styles-CXQUZ3PB.css | styles        |   6.98 kB |                 1.13 kB

                    | Initial total | 232.84 kB |                63.37 kB

Lazy chunk files    | Names         |  Raw size | Estimated transfer size
chunk-QOEJKQYO.js   | browser       |  67.49 kB |                17.70 kB

Application bundle generation complete. [4.597 seconds]

Output location: /home/kushal/src/angular/mycontacts/dist/mycontacts

Done in 5.87s.
On branch master
Untracked files:
  (use "git add <file>..." to include in what will be committed)
        docs/

nothing added to commit but untracked files present (use "git add" to track)
[master a25d5d4] add all files
 8 files changed, 409 insertions(+)
 create mode 100644 docs/3rdpartylicenses.txt
 create mode 100644 docs/browser/chunk-QOEJKQYO.js
 create mode 100644 docs/browser/chunk-Z3QRDSSJ.js
 create mode 100644 docs/browser/favicon.ico
 create mode 100644 docs/browser/index.html
 create mode 100644 docs/browser/main-4IGC7X44.js
 create mode 100644 docs/browser/styles-CXQUZ3PB.css
 create mode 100644 docs/prerendered-routes.json
From github.com:kusl/mycontacts
 * branch            master     -> FETCH_HEAD
Current branch master is up to date.
Enumerating objects: 13, done.
Counting objects: 100% (13/13), done.
Delta compression using up to 4 threads
Compressing objects: 100% (11/11), done.
Writing objects: 100% (12/12), 100.66 KiB | 6.71 MiB/s, done.
Total 12 (delta 1), reused 0 (delta 0), pack-reused 0
remote: Resolving deltas: 100% (1/1), completed with 1 local object.
To github.com:kusl/mycontacts.git
   9574f3c..a25d5d4  master -> master
yarn run v1.22.22
$ ng test
✔ Browser application bundle generation complete.
22 11 2024 19:55:55.229:INFO [karma-server]: Karma v6.4.4 server started at http://localhost:9876/
22 11 2024 19:55:55.231:INFO [launcher]: Launching browsers FirefoxHeadless with concurrency unlimited
22 11 2024 19:55:55.240:INFO [launcher]: Starting browser Firefox
22 11 2024 19:55:58.602:INFO [Firefox 128.0 (Linux x86_64)]: Connected on socket MlkEd58Hh1azEpVTAAAB with id 37239963
Firefox 128.0 (Linux x86_64): Executed 3 of 3 SUCCESS (0.266 secs / 0.236 secs)
TOTAL: 3 SUCCESS
TOTAL: 3 SUCCESS
Done in 12.26s.
yarn run v1.22.22
$ ng update @angular/core @angular/cli @angular/material
Using package manager: yarn
Collecting installed dependencies...
Found 28 dependencies.
Fetching dependency metadata from registry...
Package '@angular/core' is already up to date.
Package '@angular/cli' is already up to date.
Package '@angular/material' is already up to date.
Done in 1.58s.
On branch master
nothing to commit, working tree clean
From github.com:kusl/mycontacts
 * branch            master     -> FETCH_HEAD
Already up to date.
Everything up-to-date
Latest version:     1.0.30001683
Installed version:  1.0.30001683
caniuse-lite is up to date
caniuse-lite has been successfully updated

No target browser changes
On branch master
nothing to commit, working tree clean
On branch master
nothing to commit, working tree clean
From github.com:kusl/mycontacts
 * branch            master     -> FETCH_HEAD
Already up to date.
Everything up-to-date
* remote origin
  Fetch URL: git@github.com:kusl/mycontacts.git
  Push  URL: git@github.com:kusl/mycontacts.git
  HEAD branch: master
  Remote branch:
    master tracked
  Local ref configured for 'git push':
    master pushes to master (up to date)
Fri Nov 22 07:56:07 PM EST 2024

real    0m52.263s
user    0m49.193s
sys     0m6.515s
kushal@colorado:~$ sudo echo "Current date and time: $(date)"; free -h; df -h; sudo ip addr; time ping -c 20 pcna.duckdns.org; time ping -c 20 kalimati.duckdns.org; time ping -c 20 colorado.duckdns.org; sudo echo "Current date and time: $(date)"; export DEBIAN_FRONTEND=noninteractive; time sudo apt update; time sudo apt -y upgrade; time sudo apt -y full-upgrade; time sudo apt -y autoremove; time sudo reboot;
[sudo] password for kushal:
Current date and time: Fri Nov 22 07:57:04 PM EST 2024
               total        used        free      shared  buff/cache   available
Mem:           3.7Gi       1.7Gi       1.3Gi       8.7Mi       1.1Gi       2.1Gi
Swap:          975Mi       698Mi       277Mi
Filesystem                     Size  Used Avail Use% Mounted on
udev                           1.9G     0  1.9G   0% /dev
tmpfs                          381M  1.5M  380M   1% /run
/dev/mapper/colorado--vg-root  915G  415G  454G  48% /
tmpfs                          1.9G     0  1.9G   0% /dev/shm
tmpfs                          5.0M  8.0K  5.0M   1% /run/lock
/dev/sda1                      455M  149M  282M  35% /boot
tmpfs                          381M   60K  381M   1% /run/user/113
tmpfs                          381M   52K  381M   1% /run/user/1000
1: lo: <LOOPBACK,UP,LOWER_UP> mtu 65536 qdisc noqueue state UNKNOWN group default qlen 1000
    link/loopback 00:00:00:00:00:00 brd 00:00:00:00:00:00
    inet 127.0.0.1/8 scope host lo
       valid_lft forever preferred_lft forever
    inet6 ::1/128 scope host noprefixroute
       valid_lft forever preferred_lft forever
2: enp3s0: <BROADCAST,MULTICAST,UP,LOWER_UP> mtu 1500 qdisc fq_codel state UP group default qlen 1000
    link/ether d0:67:e5:18:40:c1 brd ff:ff:ff:ff:ff:ff
    inet 192.168.0.102/24 brd 192.168.0.255 scope global dynamic noprefixroute enp3s0
       valid_lft 6542sec preferred_lft 6542sec
    inet6 fe80::d267:e5ff:fe18:40c1/64 scope link noprefixroute
       valid_lft forever preferred_lft forever
3: wlx34e894d0564e: <NO-CARRIER,BROADCAST,MULTICAST,UP> mtu 1500 qdisc mq state DOWN group default qlen 1000
    link/ether 34:e8:94:d0:56:4e brd ff:ff:ff:ff:ff:ff
4: docker0: <BROADCAST,MULTICAST,UP,LOWER_UP> mtu 1500 qdisc noqueue state UP group default
    link/ether 02:42:22:9e:b3:91 brd ff:ff:ff:ff:ff:ff
    inet 172.17.0.1/16 brd 172.17.255.255 scope global docker0
       valid_lft forever preferred_lft forever
    inet6 fe80::42:22ff:fe9e:b391/64 scope link
       valid_lft forever preferred_lft forever
5: br-2f8ddf5bc2ec: <NO-CARRIER,BROADCAST,MULTICAST,UP> mtu 1500 qdisc noqueue state DOWN group default
    link/ether 02:42:91:97:1a:64 brd ff:ff:ff:ff:ff:ff
    inet 172.19.0.1/16 brd 172.19.255.255 scope global br-2f8ddf5bc2ec
       valid_lft forever preferred_lft forever
6: br-44e2aa3623ed: <NO-CARRIER,BROADCAST,MULTICAST,UP> mtu 1500 qdisc noqueue state DOWN group default
    link/ether 02:42:55:8d:ac:a8 brd ff:ff:ff:ff:ff:ff
    inet 172.18.0.1/16 brd 172.18.255.255 scope global br-44e2aa3623ed
       valid_lft forever preferred_lft forever
8: veth39eb629@if7: <BROADCAST,MULTICAST,UP,LOWER_UP> mtu 1500 qdisc noqueue master docker0 state UP group default
    link/ether 32:3c:fa:aa:7f:c2 brd ff:ff:ff:ff:ff:ff link-netnsid 0
    inet6 fe80::303c:faff:feaa:7fc2/64 scope link
       valid_lft forever preferred_lft forever
10: veth4826be4@if9: <BROADCAST,MULTICAST,UP,LOWER_UP> mtu 1500 qdisc noqueue master docker0 state UP group default
    link/ether ea:60:80:fe:89:33 brd ff:ff:ff:ff:ff:ff link-netnsid 1
    inet6 fe80::e860:80ff:fefe:8933/64 scope link
       valid_lft forever preferred_lft forever
PING pcna.duckdns.org (70.104.195.206) 56(84) bytes of data.
64 bytes from pool-70-104-195-206.nrflva.fios.verizon.net (70.104.195.206): icmp_seq=1 ttl=64 time=2.06 ms
64 bytes from pool-70-104-195-206.nrflva.fios.verizon.net (70.104.195.206): icmp_seq=2 ttl=64 time=1.11 ms
64 bytes from pool-70-104-195-206.nrflva.fios.verizon.net (70.104.195.206): icmp_seq=3 ttl=64 time=5.60 ms
64 bytes from pool-70-104-195-206.nrflva.fios.verizon.net (70.104.195.206): icmp_seq=4 ttl=64 time=1.67 ms
64 bytes from pool-70-104-195-206.nrflva.fios.verizon.net (70.104.195.206): icmp_seq=5 ttl=64 time=1.28 ms
64 bytes from pool-70-104-195-206.nrflva.fios.verizon.net (70.104.195.206): icmp_seq=6 ttl=64 time=1.27 ms
64 bytes from pool-70-104-195-206.nrflva.fios.verizon.net (70.104.195.206): icmp_seq=7 ttl=64 time=1.44 ms
64 bytes from pool-70-104-195-206.nrflva.fios.verizon.net (70.104.195.206): icmp_seq=8 ttl=64 time=4.90 ms
64 bytes from pool-70-104-195-206.nrflva.fios.verizon.net (70.104.195.206): icmp_seq=9 ttl=64 time=2.43 ms
64 bytes from pool-70-104-195-206.nrflva.fios.verizon.net (70.104.195.206): icmp_seq=10 ttl=64 time=2.05 ms
64 bytes from pool-70-104-195-206.nrflva.fios.verizon.net (70.104.195.206): icmp_seq=11 ttl=64 time=1.77 ms
64 bytes from pool-70-104-195-206.nrflva.fios.verizon.net (70.104.195.206): icmp_seq=12 ttl=64 time=1.59 ms
64 bytes from pool-70-104-195-206.nrflva.fios.verizon.net (70.104.195.206): icmp_seq=13 ttl=64 time=18.3 ms
64 bytes from pool-70-104-195-206.nrflva.fios.verizon.net (70.104.195.206): icmp_seq=14 ttl=64 time=1.38 ms
64 bytes from pool-70-104-195-206.nrflva.fios.verizon.net (70.104.195.206): icmp_seq=15 ttl=64 time=1.39 ms
64 bytes from pool-70-104-195-206.nrflva.fios.verizon.net (70.104.195.206): icmp_seq=16 ttl=64 time=12.0 ms
64 bytes from pool-70-104-195-206.nrflva.fios.verizon.net (70.104.195.206): icmp_seq=17 ttl=64 time=1.47 ms
64 bytes from pool-70-104-195-206.nrflva.fios.verizon.net (70.104.195.206): icmp_seq=18 ttl=64 time=0.975 ms
64 bytes from pool-70-104-195-206.nrflva.fios.verizon.net (70.104.195.206): icmp_seq=19 ttl=64 time=1.41 ms
64 bytes from pool-70-104-195-206.nrflva.fios.verizon.net (70.104.195.206): icmp_seq=20 ttl=64 time=1.29 ms

--- pcna.duckdns.org ping statistics ---
20 packets transmitted, 20 received, 0% packet loss, time 19029ms
rtt min/avg/max/mdev = 0.975/3.269/18.271/4.245 ms

real    0m19.069s
user    0m0.005s
sys     0m0.004s
PING kalimati.duckdns.org (70.104.195.206) 56(84) bytes of data.
64 bytes from pool-70-104-195-206.nrflva.fios.verizon.net (70.104.195.206): icmp_seq=1 ttl=64 time=1.12 ms
64 bytes from pool-70-104-195-206.nrflva.fios.verizon.net (70.104.195.206): icmp_seq=2 ttl=64 time=1.46 ms
64 bytes from pool-70-104-195-206.nrflva.fios.verizon.net (70.104.195.206): icmp_seq=3 ttl=64 time=6.95 ms
64 bytes from pool-70-104-195-206.nrflva.fios.verizon.net (70.104.195.206): icmp_seq=4 ttl=64 time=15.5 ms
64 bytes from pool-70-104-195-206.nrflva.fios.verizon.net (70.104.195.206): icmp_seq=5 ttl=64 time=3.57 ms
64 bytes from pool-70-104-195-206.nrflva.fios.verizon.net (70.104.195.206): icmp_seq=6 ttl=64 time=13.6 ms
64 bytes from pool-70-104-195-206.nrflva.fios.verizon.net (70.104.195.206): icmp_seq=7 ttl=64 time=13.5 ms
64 bytes from pool-70-104-195-206.nrflva.fios.verizon.net (70.104.195.206): icmp_seq=8 ttl=64 time=6.71 ms
64 bytes from pool-70-104-195-206.nrflva.fios.verizon.net (70.104.195.206): icmp_seq=9 ttl=64 time=1.44 ms
64 bytes from pool-70-104-195-206.nrflva.fios.verizon.net (70.104.195.206): icmp_seq=10 ttl=64 time=2.30 ms
64 bytes from pool-70-104-195-206.nrflva.fios.verizon.net (70.104.195.206): icmp_seq=11 ttl=64 time=1.21 ms
64 bytes from pool-70-104-195-206.nrflva.fios.verizon.net (70.104.195.206): icmp_seq=12 ttl=64 time=1.45 ms
64 bytes from pool-70-104-195-206.nrflva.fios.verizon.net (70.104.195.206): icmp_seq=13 ttl=64 time=1.51 ms
64 bytes from pool-70-104-195-206.nrflva.fios.verizon.net (70.104.195.206): icmp_seq=14 ttl=64 time=1.09 ms
64 bytes from pool-70-104-195-206.nrflva.fios.verizon.net (70.104.195.206): icmp_seq=15 ttl=64 time=1.26 ms
64 bytes from pool-70-104-195-206.nrflva.fios.verizon.net (70.104.195.206): icmp_seq=16 ttl=64 time=3.22 ms
64 bytes from pool-70-104-195-206.nrflva.fios.verizon.net (70.104.195.206): icmp_seq=17 ttl=64 time=1.12 ms
64 bytes from pool-70-104-195-206.nrflva.fios.verizon.net (70.104.195.206): icmp_seq=18 ttl=64 time=1.16 ms
64 bytes from pool-70-104-195-206.nrflva.fios.verizon.net (70.104.195.206): icmp_seq=19 ttl=64 time=3.04 ms
64 bytes from pool-70-104-195-206.nrflva.fios.verizon.net (70.104.195.206): icmp_seq=20 ttl=64 time=1.13 ms

--- kalimati.duckdns.org ping statistics ---
20 packets transmitted, 20 received, 0% packet loss, time 19028ms
rtt min/avg/max/mdev = 1.092/4.115/15.456/4.565 ms

real    0m19.073s
user    0m0.004s
sys     0m0.006s
PING colorado.duckdns.org (70.104.195.206) 56(84) bytes of data.
64 bytes from pool-70-104-195-206.nrflva.fios.verizon.net (70.104.195.206): icmp_seq=1 ttl=64 time=1.15 ms
64 bytes from pool-70-104-195-206.nrflva.fios.verizon.net (70.104.195.206): icmp_seq=2 ttl=64 time=1.53 ms
64 bytes from pool-70-104-195-206.nrflva.fios.verizon.net (70.104.195.206): icmp_seq=3 ttl=64 time=20.3 ms
64 bytes from pool-70-104-195-206.nrflva.fios.verizon.net (70.104.195.206): icmp_seq=4 ttl=64 time=2.99 ms
64 bytes from pool-70-104-195-206.nrflva.fios.verizon.net (70.104.195.206): icmp_seq=5 ttl=64 time=1.17 ms
64 bytes from pool-70-104-195-206.nrflva.fios.verizon.net (70.104.195.206): icmp_seq=6 ttl=64 time=9.47 ms
64 bytes from pool-70-104-195-206.nrflva.fios.verizon.net (70.104.195.206): icmp_seq=7 ttl=64 time=10.3 ms
64 bytes from pool-70-104-195-206.nrflva.fios.verizon.net (70.104.195.206): icmp_seq=8 ttl=64 time=1.41 ms
64 bytes from pool-70-104-195-206.nrflva.fios.verizon.net (70.104.195.206): icmp_seq=9 ttl=64 time=1.98 ms
64 bytes from pool-70-104-195-206.nrflva.fios.verizon.net (70.104.195.206): icmp_seq=10 ttl=64 time=7.32 ms
64 bytes from pool-70-104-195-206.nrflva.fios.verizon.net (70.104.195.206): icmp_seq=11 ttl=64 time=1.55 ms
64 bytes from pool-70-104-195-206.nrflva.fios.verizon.net (70.104.195.206): icmp_seq=12 ttl=64 time=1.05 ms
64 bytes from pool-70-104-195-206.nrflva.fios.verizon.net (70.104.195.206): icmp_seq=13 ttl=64 time=3.96 ms
64 bytes from pool-70-104-195-206.nrflva.fios.verizon.net (70.104.195.206): icmp_seq=14 ttl=64 time=1.60 ms
64 bytes from pool-70-104-195-206.nrflva.fios.verizon.net (70.104.195.206): icmp_seq=15 ttl=64 time=1.53 ms
64 bytes from pool-70-104-195-206.nrflva.fios.verizon.net (70.104.195.206): icmp_seq=16 ttl=64 time=15.7 ms
64 bytes from pool-70-104-195-206.nrflva.fios.verizon.net (70.104.195.206): icmp_seq=17 ttl=64 time=5.48 ms
64 bytes from pool-70-104-195-206.nrflva.fios.verizon.net (70.104.195.206): icmp_seq=18 ttl=64 time=4.83 ms
64 bytes from pool-70-104-195-206.nrflva.fios.verizon.net (70.104.195.206): icmp_seq=19 ttl=64 time=4.58 ms
64 bytes from pool-70-104-195-206.nrflva.fios.verizon.net (70.104.195.206): icmp_seq=20 ttl=64 time=39.2 ms

--- colorado.duckdns.org ping statistics ---
20 packets transmitted, 20 received, 0% packet loss, time 19029ms
rtt min/avg/max/mdev = 1.054/6.851/39.190/9.004 ms

real    0m19.130s
user    0m0.005s
sys     0m0.005s
Current date and time: Fri Nov 22 07:58:06 PM EST 2024
Hit:1 http://deb.debian.org/debian bookworm InRelease
Get:2 http://security.debian.org/debian-security bookworm-security InRelease [48.0 kB]
Get:3 http://deb.debian.org/debian bookworm-updates InRelease [55.4 kB]
Get:4 http://security.debian.org/debian-security bookworm-security/main Sources [126 kB]
Get:5 http://security.debian.org/debian-security bookworm-security/main amd64 Packages [204 kB]
Fetched 434 kB in 1s (778 kB/s)
Reading package lists... Done
Building dependency tree... Done
Reading state information... Done
All packages are up to date.

real    0m1.872s
user    0m0.001s
sys     0m0.010s
Reading package lists... Done
Building dependency tree... Done
Reading state information... Done
Calculating upgrade... Done
0 upgraded, 0 newly installed, 0 to remove and 0 not upgraded.

real    0m0.541s
user    0m0.007s
sys     0m0.003s
Reading package lists... Done
Building dependency tree... Done
Reading state information... Done
Calculating upgrade... Done
0 upgraded, 0 newly installed, 0 to remove and 0 not upgraded.

real    0m0.572s
user    0m0.006s
sys     0m0.005s
Reading package lists... Done
Building dependency tree... Done
Reading state information... Done
0 upgraded, 0 newly installed, 0 to remove and 0 not upgraded.

real    0m0.487s
user    0m0.002s
sys     0m0.006s

Broadcast message from root@colorado on pts/5 (Fri 2024-11-22 19:58:10 EST):

The system will reboot now!


real    0m0.053s
user    0m0.000s
sys     0m0.009s
kushal@colorado:~$ Connection to colorado closed by remote host.
Connection to colorado closed.
PS C:\Users\kushal> ssh kusfedoravm
kushal@kusfedoravm's password:
Last login: Thu Nov 21 08:12:19 2024 from fe80::975c:f636:bfb:5026%eth0
kushal@kusfedoravm:~$ ip addr; sudo echo "Current date and time: $(date)"; free -h; df -h; time ping -c 20 pcna.duckdns.org; time ping -c 20 kalimati.duckdns.org; time ping -c 20 colorado.duckdns.org; sudo echo "Current date and time: $(date)"; time sudo dnf offline-upgrade download -y && time sudo dnf offline-upgrade reboot -y;
1: lo: <LOOPBACK,UP,LOWER_UP> mtu 65536 qdisc noqueue state UNKNOWN group default qlen 1000
    link/loopback 00:00:00:00:00:00 brd 00:00:00:00:00:00
    inet 127.0.0.1/8 scope host lo
       valid_lft forever preferred_lft forever
    inet6 ::1/128 scope host noprefixroute
       valid_lft forever preferred_lft forever
2: eth0: <BROADCAST,MULTICAST,UP,LOWER_UP> mtu 1500 qdisc mq state UP group default qlen 1000
    link/ether 00:15:5d:00:0f:02 brd ff:ff:ff:ff:ff:ff
    inet 192.168.0.94/24 brd 192.168.0.255 scope global dynamic noprefixroute eth0
       valid_lft 6637sec preferred_lft 6637sec
    inet6 fe80::e9d4:f8c2:22bf:21a9/64 scope link noprefixroute
       valid_lft forever preferred_lft forever
[sudo] password for kushal:
Current date and time: Fri Nov 22 07:58:39 PM EST 2024
               total        used        free      shared  buff/cache   available
Mem:           7.7Gi       944Mi       5.1Gi        14Mi       2.0Gi       6.8Gi
Swap:          7.7Gi          0B       7.7Gi
Filesystem      Size  Used Avail Use% Mounted on
/dev/sda3        31G  5.7G   24G  20% /
devtmpfs        4.0M     0  4.0M   0% /dev
tmpfs           3.9G  8.0K  3.9G   1% /dev/shm
efivarfs        128M  6.8K  128M   1% /sys/firmware/efi/efivars
tmpfs           1.6G  1.2M  1.6G   1% /run
tmpfs           1.0M     0  1.0M   0% /run/credentials/systemd-journald.service
tmpfs           1.0M     0  1.0M   0% /run/credentials/systemd-network-generator.service
tmpfs           1.0M     0  1.0M   0% /run/credentials/systemd-udev-load-credentials.service
tmpfs           1.0M     0  1.0M   0% /run/credentials/systemd-tmpfiles-setup-dev-early.service
tmpfs           1.0M     0  1.0M   0% /run/credentials/systemd-sysctl.service
tmpfs           1.0M     0  1.0M   0% /run/credentials/systemd-tmpfiles-setup-dev.service
tmpfs           1.0M     0  1.0M   0% /run/credentials/systemd-vconsole-setup.service
tmpfs           3.9G  8.0K  3.9G   1% /tmp
/dev/sda3        31G  5.7G   24G  20% /home
/dev/sda2       974M  341M  567M  38% /boot
/dev/sda1       599M   20M  580M   4% /boot/efi
tmpfs           1.0M     0  1.0M   0% /run/credentials/systemd-tmpfiles-setup.service
tmpfs           1.0M     0  1.0M   0% /run/credentials/systemd-resolved.service
tmpfs           794M   88K  794M   1% /run/user/42
tmpfs           794M   72K  794M   1% /run/user/1000
PING pcna.duckdns.org (70.104.195.206) 56(84) bytes of data.
64 bytes from pool-70-104-195-206.nrflva.fios.verizon.net (70.104.195.206): icmp_seq=1 ttl=64 time=0.458 ms
64 bytes from pool-70-104-195-206.nrflva.fios.verizon.net (70.104.195.206): icmp_seq=2 ttl=64 time=0.552 ms
64 bytes from pool-70-104-195-206.nrflva.fios.verizon.net (70.104.195.206): icmp_seq=3 ttl=64 time=0.332 ms
64 bytes from pool-70-104-195-206.nrflva.fios.verizon.net (70.104.195.206): icmp_seq=4 ttl=64 time=0.429 ms
64 bytes from pool-70-104-195-206.nrflva.fios.verizon.net (70.104.195.206): icmp_seq=5 ttl=64 time=0.505 ms
64 bytes from pool-70-104-195-206.nrflva.fios.verizon.net (70.104.195.206): icmp_seq=6 ttl=64 time=0.376 ms
64 bytes from pool-70-104-195-206.nrflva.fios.verizon.net (70.104.195.206): icmp_seq=7 ttl=64 time=0.354 ms
64 bytes from pool-70-104-195-206.nrflva.fios.verizon.net (70.104.195.206): icmp_seq=8 ttl=64 time=0.651 ms
64 bytes from pool-70-104-195-206.nrflva.fios.verizon.net (70.104.195.206): icmp_seq=9 ttl=64 time=0.569 ms
64 bytes from pool-70-104-195-206.nrflva.fios.verizon.net (70.104.195.206): icmp_seq=10 ttl=64 time=0.453 ms
64 bytes from pool-70-104-195-206.nrflva.fios.verizon.net (70.104.195.206): icmp_seq=11 ttl=64 time=0.373 ms
64 bytes from pool-70-104-195-206.nrflva.fios.verizon.net (70.104.195.206): icmp_seq=12 ttl=64 time=0.427 ms
64 bytes from pool-70-104-195-206.nrflva.fios.verizon.net (70.104.195.206): icmp_seq=13 ttl=64 time=0.540 ms
64 bytes from pool-70-104-195-206.nrflva.fios.verizon.net (70.104.195.206): icmp_seq=14 ttl=64 time=0.415 ms
64 bytes from pool-70-104-195-206.nrflva.fios.verizon.net (70.104.195.206): icmp_seq=15 ttl=64 time=0.475 ms
64 bytes from pool-70-104-195-206.nrflva.fios.verizon.net (70.104.195.206): icmp_seq=16 ttl=64 time=0.445 ms
64 bytes from pool-70-104-195-206.nrflva.fios.verizon.net (70.104.195.206): icmp_seq=17 ttl=64 time=0.764 ms
64 bytes from pool-70-104-195-206.nrflva.fios.verizon.net (70.104.195.206): icmp_seq=18 ttl=64 time=0.405 ms
64 bytes from pool-70-104-195-206.nrflva.fios.verizon.net (70.104.195.206): icmp_seq=19 ttl=64 time=0.478 ms
64 bytes from pool-70-104-195-206.nrflva.fios.verizon.net (70.104.195.206): icmp_seq=20 ttl=64 time=0.567 ms

--- pcna.duckdns.org ping statistics ---
20 packets transmitted, 20 received, 0% packet loss, time 19431ms
rtt min/avg/max/mdev = 0.332/0.478/0.764/0.103 ms

real    0m19.475s
user    0m0.001s
sys     0m0.005s
PING kalimati.duckdns.org (70.104.195.206) 56(84) bytes of data.
64 bytes from pool-70-104-195-206.nrflva.fios.verizon.net (70.104.195.206): icmp_seq=1 ttl=64 time=0.568 ms
64 bytes from pool-70-104-195-206.nrflva.fios.verizon.net (70.104.195.206): icmp_seq=2 ttl=64 time=0.407 ms
64 bytes from pool-70-104-195-206.nrflva.fios.verizon.net (70.104.195.206): icmp_seq=3 ttl=64 time=0.354 ms
64 bytes from pool-70-104-195-206.nrflva.fios.verizon.net (70.104.195.206): icmp_seq=4 ttl=64 time=0.592 ms
64 bytes from pool-70-104-195-206.nrflva.fios.verizon.net (70.104.195.206): icmp_seq=5 ttl=64 time=0.451 ms
64 bytes from pool-70-104-195-206.nrflva.fios.verizon.net (70.104.195.206): icmp_seq=6 ttl=64 time=0.357 ms
64 bytes from pool-70-104-195-206.nrflva.fios.verizon.net (70.104.195.206): icmp_seq=7 ttl=64 time=0.480 ms
64 bytes from pool-70-104-195-206.nrflva.fios.verizon.net (70.104.195.206): icmp_seq=8 ttl=64 time=0.308 ms
64 bytes from pool-70-104-195-206.nrflva.fios.verizon.net (70.104.195.206): icmp_seq=9 ttl=64 time=0.345 ms
64 bytes from pool-70-104-195-206.nrflva.fios.verizon.net (70.104.195.206): icmp_seq=10 ttl=64 time=0.354 ms
64 bytes from pool-70-104-195-206.nrflva.fios.verizon.net (70.104.195.206): icmp_seq=11 ttl=64 time=0.739 ms
64 bytes from pool-70-104-195-206.nrflva.fios.verizon.net (70.104.195.206): icmp_seq=12 ttl=64 time=1.26 ms
64 bytes from pool-70-104-195-206.nrflva.fios.verizon.net (70.104.195.206): icmp_seq=13 ttl=64 time=0.388 ms
64 bytes from pool-70-104-195-206.nrflva.fios.verizon.net (70.104.195.206): icmp_seq=14 ttl=64 time=0.405 ms
64 bytes from pool-70-104-195-206.nrflva.fios.verizon.net (70.104.195.206): icmp_seq=15 ttl=64 time=0.297 ms
64 bytes from pool-70-104-195-206.nrflva.fios.verizon.net (70.104.195.206): icmp_seq=16 ttl=64 time=0.339 ms
64 bytes from pool-70-104-195-206.nrflva.fios.verizon.net (70.104.195.206): icmp_seq=17 ttl=64 time=0.322 ms
64 bytes from pool-70-104-195-206.nrflva.fios.verizon.net (70.104.195.206): icmp_seq=18 ttl=64 time=0.887 ms
64 bytes from pool-70-104-195-206.nrflva.fios.verizon.net (70.104.195.206): icmp_seq=19 ttl=64 time=0.441 ms
64 bytes from pool-70-104-195-206.nrflva.fios.verizon.net (70.104.195.206): icmp_seq=20 ttl=64 time=0.413 ms

--- kalimati.duckdns.org ping statistics ---
20 packets transmitted, 20 received, 0% packet loss, time 19415ms
rtt min/avg/max/mdev = 0.297/0.485/1.257/0.229 ms

real    0m19.456s
user    0m0.001s
sys     0m0.004s
PING colorado.duckdns.org (70.104.195.206) 56(84) bytes of data.
64 bytes from pool-70-104-195-206.nrflva.fios.verizon.net (70.104.195.206): icmp_seq=1 ttl=64 time=0.430 ms
64 bytes from pool-70-104-195-206.nrflva.fios.verizon.net (70.104.195.206): icmp_seq=2 ttl=64 time=0.395 ms
64 bytes from pool-70-104-195-206.nrflva.fios.verizon.net (70.104.195.206): icmp_seq=3 ttl=64 time=0.366 ms
64 bytes from pool-70-104-195-206.nrflva.fios.verizon.net (70.104.195.206): icmp_seq=4 ttl=64 time=0.605 ms
64 bytes from pool-70-104-195-206.nrflva.fios.verizon.net (70.104.195.206): icmp_seq=5 ttl=64 time=0.391 ms
64 bytes from pool-70-104-195-206.nrflva.fios.verizon.net (70.104.195.206): icmp_seq=6 ttl=64 time=0.739 ms
64 bytes from pool-70-104-195-206.nrflva.fios.verizon.net (70.104.195.206): icmp_seq=7 ttl=64 time=0.391 ms
64 bytes from pool-70-104-195-206.nrflva.fios.verizon.net (70.104.195.206): icmp_seq=8 ttl=64 time=0.573 ms
64 bytes from pool-70-104-195-206.nrflva.fios.verizon.net (70.104.195.206): icmp_seq=9 ttl=64 time=1.23 ms
64 bytes from pool-70-104-195-206.nrflva.fios.verizon.net (70.104.195.206): icmp_seq=10 ttl=64 time=0.552 ms
64 bytes from pool-70-104-195-206.nrflva.fios.verizon.net (70.104.195.206): icmp_seq=11 ttl=64 time=0.376 ms
64 bytes from pool-70-104-195-206.nrflva.fios.verizon.net (70.104.195.206): icmp_seq=12 ttl=64 time=0.443 ms
64 bytes from pool-70-104-195-206.nrflva.fios.verizon.net (70.104.195.206): icmp_seq=13 ttl=64 time=0.417 ms
64 bytes from pool-70-104-195-206.nrflva.fios.verizon.net (70.104.195.206): icmp_seq=14 ttl=64 time=0.345 ms
64 bytes from pool-70-104-195-206.nrflva.fios.verizon.net (70.104.195.206): icmp_seq=15 ttl=64 time=0.412 ms
64 bytes from pool-70-104-195-206.nrflva.fios.verizon.net (70.104.195.206): icmp_seq=16 ttl=64 time=0.375 ms
64 bytes from pool-70-104-195-206.nrflva.fios.verizon.net (70.104.195.206): icmp_seq=17 ttl=64 time=0.567 ms
64 bytes from pool-70-104-195-206.nrflva.fios.verizon.net (70.104.195.206): icmp_seq=18 ttl=64 time=0.539 ms
64 bytes from pool-70-104-195-206.nrflva.fios.verizon.net (70.104.195.206): icmp_seq=19 ttl=64 time=0.579 ms
64 bytes from pool-70-104-195-206.nrflva.fios.verizon.net (70.104.195.206): icmp_seq=20 ttl=64 time=0.445 ms

--- colorado.duckdns.org ping statistics ---
20 packets transmitted, 20 received, 0% packet loss, time 19481ms
rtt min/avg/max/mdev = 0.345/0.508/1.231/0.194 ms

real    0m19.520s
user    0m0.001s
sys     0m0.004s
Current date and time: Fri Nov 22 07:59:41 PM EST 2024
Updating and loading repositories:
 Fedora 41 - x86_64 - Updates                                                                                                                                                                                                                                                       100% | 130.9 KiB/s |  30.4 KiB |  00m00s
 Fedora 41 - x86_64 - Updates                                                                                                                                                                                                                                                       100% |   1.8 MiB/s |   1.3 MiB |  00m01s
Repositories loaded.
Package                                                                                                       Arch                   Version                                                                                                       Repository                                                           Size
Upgrading:
 fedora-release-common                                                                                        noarch                 41-28                                                                                                         updates                                                          19.7 KiB
   replacing fedora-release-common                                                                            noarch                 41-27                                                                                                         @stored_transaction                                              19.6 KiB
 fedora-release-identity-workstation                                                                          noarch                 41-28                                                                                                         updates                                                           2.2 KiB
   replacing fedora-release-identity-workstation                                                              noarch                 41-27                                                                                                         @stored_transaction                                               2.2 KiB
 fedora-release-workstation                                                                                   noarch                 41-28                                                                                                         updates                                                           0.0   B
   replacing fedora-release-workstation                                                                       noarch                 41-27                                                                                                         @stored_transaction                                               0.0   B
 grub2-common                                                                                                 noarch                 1:2.12-13.fc41                                                                                                updates                                                           6.1 MiB
   replacing grub2-common                                                                                     noarch                 1:2.12-10.fc41                                                                                                fedora                                                            6.1 MiB
 grub2-efi-ia32                                                                                               x86_64                 1:2.12-13.fc41                                                                                                updates                                                           5.2 MiB
   replacing grub2-efi-ia32                                                                                   x86_64                 1:2.12-10.fc41                                                                                                fedora                                                            5.2 MiB
 grub2-efi-ia32-cdboot                                                                                        x86_64                 1:2.12-13.fc41                                                                                                updates                                                           5.2 MiB
   replacing grub2-efi-ia32-cdboot                                                                            x86_64                 1:2.12-10.fc41                                                                                                fedora                                                            5.2 MiB
 grub2-efi-x64                                                                                                x86_64                 1:2.12-13.fc41                                                                                                updates                                                           6.2 MiB
   replacing grub2-efi-x64                                                                                    x86_64                 1:2.12-10.fc41                                                                                                fedora                                                            6.2 MiB
 grub2-efi-x64-cdboot                                                                                         x86_64                 1:2.12-13.fc41                                                                                                updates                                                           6.2 MiB
   replacing grub2-efi-x64-cdboot                                                                             x86_64                 1:2.12-10.fc41                                                                                                fedora                                                            6.2 MiB
 grub2-pc                                                                                                     x86_64                 1:2.12-13.fc41                                                                                                updates                                                          31.0   B
   replacing grub2-pc                                                                                         x86_64                 1:2.12-10.fc41                                                                                                fedora                                                           31.0   B
 grub2-pc-modules                                                                                             noarch                 1:2.12-13.fc41                                                                                                updates                                                           3.2 MiB
   replacing grub2-pc-modules                                                                                 noarch                 1:2.12-10.fc41                                                                                                fedora                                                            3.2 MiB
 grub2-tools                                                                                                  x86_64                 1:2.12-13.fc41                                                                                                updates                                                           7.7 MiB
   replacing grub2-tools                                                                                      x86_64                 1:2.12-10.fc41                                                                                                fedora                                                            7.7 MiB
 grub2-tools-efi                                                                                              x86_64                 1:2.12-13.fc41                                                                                                updates                                                           2.5 MiB
   replacing grub2-tools-efi                                                                                  x86_64                 1:2.12-10.fc41                                                                                                fedora                                                            2.5 MiB
 grub2-tools-extra                                                                                            x86_64                 1:2.12-13.fc41                                                                                                updates                                                           5.0 MiB
   replacing grub2-tools-extra                                                                                x86_64                 1:2.12-10.fc41                                                                                                fedora                                                            5.0 MiB
 grub2-tools-minimal                                                                                          x86_64                 1:2.12-13.fc41                                                                                                updates                                                           3.0 MiB
   replacing grub2-tools-minimal                                                                              x86_64                 1:2.12-10.fc41                                                                                                fedora                                                            3.0 MiB
 libsndfile                                                                                                   x86_64                 1.2.2-5.fc41                                                                                                  updates                                                         534.0 KiB
   replacing libsndfile                                                                                       x86_64                 1.2.2-4.fc41                                                                                                  fedora                                                          534.0 KiB
 selinux-policy                                                                                               noarch                 41.26-1.fc41                                                                                                  updates                                                          31.4 KiB
   replacing selinux-policy                                                                                   noarch                 41.25-1.fc41                                                                                                  @stored_transaction                                              31.4 KiB
 selinux-policy-targeted                                                                                      noarch                 41.26-1.fc41                                                                                                  updates                                                          18.6 MiB
   replacing selinux-policy-targeted                                                                          noarch                 41.25-1.fc41                                                                                                  @stored_transaction                                              18.6 MiB

Transaction Summary:
 Upgrading:         17 packages
 Replacing:         17 package

Total size of inbound packages is 21 MiB. Need to download 21 MiB.
After this operation, 5 KiB extra will be used (install 69 MiB, remove 69 MiB).
[ 1/17] fedora-release-workstation-0:41-28.noarch                                                                                                                                                                                                                                   100% |  60.8 KiB/s |  12.7 KiB |  00m00s
[ 2/17] fedora-release-identity-workstation-0:41-28.noarch                                                                                                                                                                                                                          100% |  52.7 KiB/s |  15.1 KiB |  00m00s
[ 3/17] fedora-release-common-0:41-28.noarch                                                                                                                                                                                                                                        100% |  80.1 KiB/s |  23.5 KiB |  00m00s
[ 4/17] grub2-tools-minimal-1:2.12-13.fc41.x86_64                                                                                                                                                                                                                                   100% |   1.4 MiB/s | 610.0 KiB |  00m00s
[ 5/17] grub2-common-1:2.12-13.fc41.noarch                                                                                                                                                                                                                                          100% |   1.9 MiB/s |   1.0 MiB |  00m01s
[ 6/17] grub2-tools-extra-1:2.12-13.fc41.x86_64                                                                                                                                                                                                                                     100% |   1.6 MiB/s | 831.8 KiB |  00m00s
[ 7/17] grub2-tools-efi-1:2.12-13.fc41.x86_64                                                                                                                                                                                                                                       100% |   4.0 MiB/s | 542.1 KiB |  00m00s
[ 8/17] grub2-pc-1:2.12-13.fc41.x86_64                                                                                                                                                                                                                                              100% | 206.8 KiB/s |  16.3 KiB |  00m00s
[ 9/17] grub2-tools-1:2.12-13.fc41.x86_64                                                                                                                                                                                                                                           100% |   8.5 MiB/s |   1.8 MiB |  00m00s
[10/17] grub2-pc-modules-1:2.12-13.fc41.noarch                                                                                                                                                                                                                                      100% |   5.4 MiB/s |   1.1 MiB |  00m00s
[11/17] grub2-efi-ia32-cdboot-1:2.12-13.fc41.x86_64                                                                                                                                                                                                                                 100% |  10.2 MiB/s |   2.1 MiB |  00m00s
[12/17] grub2-efi-x64-1:2.12-13.fc41.x86_64                                                                                                                                                                                                                                         100% |   8.2 MiB/s |   2.1 MiB |  00m00s
[13/17] grub2-efi-x64-cdboot-1:2.12-13.fc41.x86_64                                                                                                                                                                                                                                  100% |   7.5 MiB/s |   2.1 MiB |  00m00s
[14/17] grub2-efi-ia32-1:2.12-13.fc41.x86_64                                                                                                                                                                                                                                        100% |   8.6 MiB/s |   2.1 MiB |  00m00s
[15/17] libsndfile-0:1.2.2-5.fc41.x86_64                                                                                                                                                                                                                                            100% | 773.5 KiB/s | 213.5 KiB |  00m00s
[16/17] selinux-policy-0:41.26-1.fc41.noarch                                                                                                                                                                                                                                        100% | 193.2 KiB/s |  53.7 KiB |  00m00s
[17/17] selinux-policy-targeted-0:41.26-1.fc41.noarch                                                                                                                                                                                                                               100% |   6.2 MiB/s |   6.7 MiB |  00m01s
----------------------------------------------------------------------------------------------------------------------------------------------------------------------------------------------------------------------------------------------------------------------------------------------------------------------------
[17/17] Total                                                                                                                                                                                                                                                                       100% |   7.4 MiB/s |  21.2 MiB |  00m03s
Testing offline transaction
Transaction stored to be performed offline. Run `dnf5 offline reboot` to reboot and run the transaction. To cancel the transaction and delete the downloaded files, use `dnf5 offline clean`.
Complete!

real    0m6.298s
user    0m0.007s
sys     0m0.019s
The system will now reboot to perform the offline transaction initiated by the following command:
        dnf offline-upgrade download -y

real    0m0.176s
user    0m0.012s
sys     0m0.012s
kushal@kusfedoravm:~$ Connection to kusfedoravm closed by remote host.
Connection to kusfedoravm closed.
PS C:\Users\kushal> ssh colorado
Linux colorado 6.1.0-27-amd64 #1 SMP PREEMPT_DYNAMIC Debian 6.1.115-1 (2024-11-01) x86_64

The programs included with the Debian GNU/Linux system are free software;
the exact distribution terms for each program are described in the
individual files in /usr/share/doc/*/copyright.

Debian GNU/Linux comes with ABSOLUTELY NO WARRANTY, to the extent
permitted by applicable law.
Last login: Fri Nov 22 19:41:15 2024 from fe80::975c:f636:bfb:5026%enp3s0
kushal@colorado:~$ cd /home/kushal/src/small/; docker run --name dab --restart=unless-stopped --publish 5000:5000 --detach --mount type=bind,source=$(pwd)/dab-config.json,target=/App/dab-config.json,readonly mcr.microsoft.com/azure-databases/data-api-builder
docker: Error response from daemon: Conflict. The container name "/dab" is already in use by container "5cbb5fcb6347a0aaea84639af85425900823048251b992443c2b32c811f6a13b". You have to remove (or rename) that container to be able to reuse that name.
See 'docker run --help'.
kushal@colorado:~/src/small$ docker ps
CONTAINER ID   IMAGE                    COMMAND                  CREATED        STATUS                   PORTS                                       NAMES
79664f33b7d8   louislam/uptime-kuma:1   "/usr/bin/dumb-init …"   9 months ago   Up 4 minutes (healthy)   0.0.0.0:3001->3001/tcp, :::3001->3001/tcp   uptime-kuma
kushal@colorado:~/src/small$ docker rm 5cbb5fcb6347a0aaea84639af85425900823048251b992443c2b32c811f6a13b
5cbb5fcb6347a0aaea84639af85425900823048251b992443c2b32c811f6a13b
kushal@colorado:~/src/small$ cd /home/kushal/src/small/; docker run --name dab --restart=unless-stopped --publish 5000:5000 --detach --mount type=bind,source=$(pwd)/dab-config.json,target=/App/dab-config.json,readonly mcr.microsoft.com/azure-databases/data-api-builder
f02de4bec190e57a1575e96e861072698470d229a621fbcbd53333154a5d6927
kushal@colorado:~/src/small$ time bash ~/src/angular/coloradoquiz/update.sh; time bash ~/source/angulareighteen/update.sh; time bash ~/src/angular/mycontacts/update.sh;
ping: sock4.fd: 3 (socktype: SOCK_RAW), sock6.fd: 4 (socktype: SOCK_RAW), hints.ai_family: AF_UNSPEC

[master 8db42bc1c] add timestamp
 2 files changed, 25 insertions(+), 310 deletions(-)
[master f4ce28b17] begin add system status
 2 files changed, 39 insertions(+)
[master 596b87e58] add system status
 1 file changed, 6 insertions(+)
[master 66b80cae6] end add system status
 1 file changed, 1 insertion(+)
[master 7593c338c] begin update node
 2 files changed, 29 insertions(+)
Installing latest LTS version.
v22.11.0 is already installed.
Now using node v22.11.0 (npm v10.9.0)

real    0m0.940s
user    0m0.472s
sys     0m0.130s
Now using node v22.11.0 (npm v10.9.0)

real    0m0.258s
user    0m0.244s
sys     0m0.072s

changed 297 packages in 19s

52 packages are looking for funding
  run `npm fund` for details

real    0m18.877s
user    0m10.934s
sys     0m2.349s

real    0m1.427s
user    0m1.241s
sys     0m0.188s

real    0m0.881s
user    0m1.356s
sys     0m0.062s
[master fb3025656] end update node
 2 files changed, 67 insertions(+)
On branch master
Your branch is ahead of 'origin/master' by 6 commits.
  (use "git push" to publish your local commits)

nothing to commit, working tree clean
yarn run v1.22.22
$ ng update @angular/core @angular/cli @angular/material @angular/localize
Using package manager: yarn
Collecting installed dependencies...
Found 31 dependencies.
Fetching dependency metadata from registry...
Package '@angular/core' is already up to date.
Package '@angular/cli' is already up to date.
Package '@angular/material' is already up to date.
Package '@angular/localize' is already up to date.
Done in 2.55s.

real    0m2.801s
user    0m1.714s
sys     0m0.363s
On branch master
Your branch is ahead of 'origin/master' by 6 commits.
  (use "git push" to publish your local commits)

nothing to commit, working tree clean

real    0m3.584s
user    0m3.811s
sys     0m0.376s
[master 815a31c97] begin prepare to build angular
 2 files changed, 37 insertions(+)

real    0m16.165s
user    0m35.085s
sys     0m2.139s
[master ae15948da] end prepare to build angular
 1 file changed, 17 insertions(+)
[master f0cb52224] begin prepare to unit test angular
 2 files changed, 28 insertions(+), 378 deletions(-)
- Generating browser application bundles (phase: setup)...
✔ Browser application bundle generation complete.
✔ Browser application bundle generation complete.
✔ Browser application bundle generation complete.
✔ Browser application bundle generation complete.
error Command failed with exit code 1.

real    0m53.929s
user    0m41.502s
sys     0m4.143s
[master 7fef7ae2c] end prepare to unit test angular
 2 files changed, 158 insertions(+)

real    0m0.375s
user    0m0.259s
sys     0m0.084s
[master 8bd8f4ae7] add timestamp
 2 files changed, 33 insertions(+)
From github.com:teamkushal/coloradoquiz
 * branch                master     -> FETCH_HEAD
Current branch master is up to date.
On branch master
Your branch is ahead of 'origin/master' by 12 commits.
  (use "git push" to publish your local commits)

nothing to commit, working tree clean
Enumerating objects: 52, done.
Counting objects: 100% (52/52), done.
Delta compression using up to 4 threads
Compressing objects: 100% (44/44), done.
Writing objects: 100% (46/46), 6.10 KiB | 2.03 MiB/s, done.
Total 46 (delta 32), reused 1 (delta 0), pack-reused 0
remote: Resolving deltas: 100% (32/32), completed with 6 local objects.
To github.com:teamkushal/coloradoquiz.git
   47ab05432..8bd8f4ae7  master -> master

real    2m5.287s
user    1m37.300s
sys     0m10.690s
Fri Nov 22 08:09:51 PM EST 2024
/home/kushal/source/angulareighteen/update.sh: line 10: nvm: command not found
/home/kushal/source/angulareighteen/update.sh: line 11: nvm: command not found
v22.11.0
10.9.0

changed 1 package in 902ms
Fri Nov 22 08:09:52 PM EST 2024
Fri Nov 22 08:09:52 PM EST 2024
yarn install v1.22.22
info No lockfile found.
[1/4] Resolving packages...
warning karma > glob@7.2.3: Glob versions prior to v9 are no longer supported
warning karma > rimraf@3.0.2: Rimraf versions prior to v4 are no longer supported
warning karma > rimraf > glob@7.2.3: Glob versions prior to v9 are no longer supported
warning karma > glob > inflight@1.0.6: This module is not supported, and leaks memory. Do not use it. Check out lru-cache if you want a good and tested way to coalesce async requests by a key value, which is much more comprehensive and powerful.
[2/4] Fetching packages...
[3/4] Linking dependencies...
warning "@angular-devkit/build-angular > @vitejs/plugin-basic-ssl@1.1.0" has unmet peer dependency "vite@^3.0.0 || ^4.0.0 || ^5.0.0".
warning "@angular-devkit/build-angular > @angular/build > @inquirer/confirm@5.0.2" has unmet peer dependency "@types/node@>=18".
warning "@angular-devkit/build-angular > @angular/build > @inquirer/confirm > @inquirer/type@3.0.1" has unmet peer dependency "@types/node@>=18".
warning "@angular/cli > @inquirer/prompts@7.1.0" has unmet peer dependency "@types/node@>=18".
warning "@angular/cli > @inquirer/prompts > @inquirer/editor@4.1.0" has unmet peer dependency "@types/node@>=18".
warning "@angular/cli > @inquirer/prompts > @inquirer/search@3.0.2" has unmet peer dependency "@types/node@>=18".
warning "@angular/cli > @inquirer/prompts > @inquirer/select@4.0.2" has unmet peer dependency "@types/node@>=18".
warning "@angular/cli > @inquirer/prompts > @inquirer/expand@4.0.2" has unmet peer dependency "@types/node@>=18".
warning "@angular/cli > @inquirer/prompts > @inquirer/rawlist@4.0.2" has unmet peer dependency "@types/node@>=18".
warning "@angular/cli > @inquirer/prompts > @inquirer/password@4.0.2" has unmet peer dependency "@types/node@>=18".
warning "@angular/cli > @inquirer/prompts > @inquirer/input@4.0.2" has unmet peer dependency "@types/node@>=18".
warning "@angular/cli > @inquirer/prompts > @inquirer/checkbox@4.0.2" has unmet peer dependency "@types/node@>=18".
warning "@angular/cli > @inquirer/prompts > @inquirer/number@3.0.2" has unmet peer dependency "@types/node@>=18".
[4/4] Building fresh packages...
success Saved lockfile.
Done in 15.91s.

real    0m16.265s
user    0m12.342s
sys     0m2.287s
Fri Nov 22 08:10:08 PM EST 2024
On branch master
Your branch is up to date with 'origin/master'.

nothing to commit, working tree clean
On branch master
Your branch is up to date with 'origin/master'.

nothing to commit, working tree clean
From github.com:angulareighteen/angulareighteen.github.io
 * branch            master     -> FETCH_HEAD
Already up to date.
Everything up-to-date
yarn install v1.22.22
[1/4] Resolving packages...
success Already up-to-date.
Done in 0.62s.
yarn run v1.22.22
$ ng update
Using package manager: yarn
Collecting installed dependencies...
Found 27 dependencies.
    We analyzed your package.json and everything seems to be in order. Good work!
Done in 3.61s.
yarn run v1.22.22
$ ng build
Initial chunk files   | Names         |  Raw size | Estimated transfer size
chunk-I6WO6DMZ.js     | -             | 114.11 kB |                33.70 kB
main-ZYUJU5LJ.js      | main          |  98.22 kB |                25.34 kB
styles-U4H6PSGJ.css   | styles        |  53.25 kB |                 5.25 kB
polyfills-FFHMD2TL.js | polyfills     |  34.52 kB |                11.28 kB

                      | Initial total | 300.09 kB |                75.57 kB

Lazy chunk files      | Names         |  Raw size | Estimated transfer size
chunk-6VKC6WYA.js     | browser       |  67.49 kB |                17.70 kB

Application bundle generation complete. [8.751 seconds]

▲ [WARNING] angular:styles/component:css;802bd11d2fffcfccea9b81d73128145c62e67559689fbf7b080b6d250733a2b1;/home/kushal/source/angulareighteen/src/app/app.component.html exceeded maximum budget. Budget 2.05 kB was not met by 878 bytes with a total of 2.93 kB.


Output location: /home/kushal/source/angulareighteen/docs

Done in 10.07s.
On branch master
Your branch is up to date with 'origin/master'.

nothing to commit, working tree clean
On branch master
Your branch is up to date with 'origin/master'.

nothing to commit, working tree clean
From github.com:angulareighteen/angulareighteen.github.io
 * branch            master     -> FETCH_HEAD
Already up to date.
Everything up-to-date
yarn run v1.22.22
$ ng test
✔ Browser application bundle generation complete.
22 11 2024 20:10:34.240:INFO [karma-server]: Karma v6.4.4 server started at http://localhost:9876/
22 11 2024 20:10:34.242:INFO [launcher]: Launching browsers FirefoxHeadless with concurrency unlimited
22 11 2024 20:10:34.252:INFO [launcher]: Starting browser Firefox
22 11 2024 20:10:36.894:INFO [Firefox 128.0 (Linux x86_64)]: Connected on socket oa8OTtS3-BRFk2JLAAAB with id 44014732
Firefox 128.0 (Linux x86_64): Executed 3 of 3 SUCCESS (0.259 secs / 0.208 secs)
TOTAL: 3 SUCCESS
Done in 11.13s.
yarn run v1.22.22
$ ng update @angular/core @angular/cli @angular/material
Using package manager: yarn
Collecting installed dependencies...
Found 27 dependencies.
Fetching dependency metadata from registry...
Package '@angular/core' is already up to date.
Package '@angular/cli' is already up to date.
Package '@angular/material' is already up to date.
Done in 1.67s.
On branch master
Your branch is up to date with 'origin/master'.

nothing to commit, working tree clean
From github.com:angulareighteen/angulareighteen.github.io
 * branch            master     -> FETCH_HEAD
Already up to date.
Everything up-to-date
Latest version:     1.0.30001683
Installed version:  1.0.30001683
caniuse-lite is up to date
caniuse-lite has been successfully updated

No target browser changes
On branch master
Your branch is up to date with 'origin/master'.

nothing to commit, working tree clean
On branch master
Your branch is up to date with 'origin/master'.

nothing to commit, working tree clean
From github.com:angulareighteen/angulareighteen.github.io
 * branch            master     -> FETCH_HEAD
Already up to date.
Everything up-to-date
* remote origin
  Fetch URL: git@github.com:angulareighteen/angulareighteen.github.io.git
  Push  URL: git@github.com:angulareighteen/angulareighteen.github.io.git
  HEAD branch: master
  Remote branch:
    master tracked
  Local branch configured for 'git pull':
    master merges with remote master
  Local ref configured for 'git push':
    master pushes to master (up to date)
Fri Nov 22 08:10:46 PM EST 2024

real    0m55.645s
user    1m0.599s
sys     0m6.580s
Fri Nov 22 08:10:46 PM EST 2024
/home/kushal/src/angular/mycontacts/update.sh: line 10: nvm: command not found
/home/kushal/src/angular/mycontacts/update.sh: line 11: nvm: command not found
v22.11.0
10.9.0

changed 1 package in 769ms
Fri Nov 22 08:10:47 PM EST 2024
Fri Nov 22 08:10:47 PM EST 2024
yarn install v1.22.22
info No lockfile found.
[1/4] Resolving packages...
warning karma > glob@7.2.3: Glob versions prior to v9 are no longer supported
warning karma > rimraf@3.0.2: Rimraf versions prior to v4 are no longer supported
warning karma > rimraf > glob@7.2.3: Glob versions prior to v9 are no longer supported
warning karma > glob > inflight@1.0.6: This module is not supported, and leaks memory. Do not use it. Check out lru-cache if you want a good and tested way to coalesce async requests by a key value, which is much more comprehensive and powerful.
warning karma-coverage-istanbul-reporter > istanbul-lib-source-maps > rimraf@2.7.1: Rimraf versions prior to v4 are no longer supported
warning karma-coverage-istanbul-reporter > istanbul-lib-source-maps > rimraf > glob@7.2.3: Glob versions prior to v9 are no longer supported
[2/4] Fetching packages...
[3/4] Linking dependencies...
warning "@angular-devkit/build-angular > @vitejs/plugin-basic-ssl@1.1.0" has unmet peer dependency "vite@^3.0.0 || ^4.0.0 || ^5.0.0".
[4/4] Building fresh packages...
success Saved lockfile.
Done in 16.14s.

real    0m16.396s
user    0m12.712s
sys     0m1.941s
Fri Nov 22 08:11:04 PM EST 2024
On branch master
nothing to commit, working tree clean
On branch master
nothing to commit, working tree clean
From github.com:kusl/mycontacts
 * branch            master     -> FETCH_HEAD
Current branch master is up to date.
Enumerating objects: 5, done.
Counting objects: 100% (5/5), done.
Delta compression using up to 4 threads
Compressing objects: 100% (3/3), done.
Writing objects: 100% (3/3), 321 bytes | 321.00 KiB/s, done.
Total 3 (delta 2), reused 0 (delta 0), pack-reused 0
remote: Resolving deltas: 100% (2/2), completed with 2 local objects.
To github.com:kusl/mycontacts.git
   a25d5d4..ef9e6db  master -> master
yarn install v1.22.22
[1/4] Resolving packages...
success Already up-to-date.
Done in 0.63s.
yarn run v1.22.22
$ ng update
Using package manager: yarn
Collecting installed dependencies...
Found 28 dependencies.
    We analyzed your package.json and everything seems to be in order. Good work!
Done in 3.52s.
yarn run v1.22.22
$ ng build
Initial chunk files | Names         |  Raw size | Estimated transfer size
chunk-Z3QRDSSJ.js   | -             | 119.77 kB |                35.11 kB
main-4IGC7X44.js    | main          | 106.09 kB |                27.13 kB
styles-CXQUZ3PB.css | styles        |   6.98 kB |                 1.13 kB

                    | Initial total | 232.84 kB |                63.37 kB

Lazy chunk files    | Names         |  Raw size | Estimated transfer size
chunk-QOEJKQYO.js   | browser       |  67.49 kB |                17.70 kB

Application bundle generation complete. [4.835 seconds]

Output location: /home/kushal/src/angular/mycontacts/dist/mycontacts

Done in 6.13s.
On branch master
Changes not staged for commit:
  (use "git add/rm <file>..." to update what will be committed)
  (use "git restore <file>..." to discard changes in working directory)
        deleted:    docs/3rdpartylicenses.txt
        deleted:    docs/browser/chunk-QOEJKQYO.js
        deleted:    docs/browser/chunk-Z3QRDSSJ.js
        deleted:    docs/browser/favicon.ico
        deleted:    docs/browser/index.html
        deleted:    docs/browser/main-4IGC7X44.js
        deleted:    docs/browser/styles-CXQUZ3PB.css
        deleted:    docs/prerendered-routes.json

Untracked files:
  (use "git add <file>..." to include in what will be committed)
        docs/chunk-QOEJKQYO.js
        docs/chunk-Z3QRDSSJ.js
        docs/favicon.ico
        docs/index.html
        docs/main-4IGC7X44.js
        docs/styles-CXQUZ3PB.css

no changes added to commit (use "git add" and/or "git commit -a")
[master 00ac8f0] add all files
 8 files changed, 384 deletions(-)
 delete mode 100644 docs/3rdpartylicenses.txt
 rename docs/{browser => }/chunk-QOEJKQYO.js (100%)
 rename docs/{browser => }/chunk-Z3QRDSSJ.js (100%)
 rename docs/{browser => }/favicon.ico (100%)
 rename docs/{browser => }/index.html (100%)
 rename docs/{browser => }/main-4IGC7X44.js (100%)
 delete mode 100644 docs/prerendered-routes.json
 rename docs/{browser => }/styles-CXQUZ3PB.css (100%)
From github.com:kusl/mycontacts
 * branch            master     -> FETCH_HEAD
Current branch master is up to date.
Enumerating objects: 3, done.
Counting objects: 100% (3/3), done.
Delta compression using up to 4 threads
Compressing objects: 100% (2/2), done.
Writing objects: 100% (2/2), 265 bytes | 265.00 KiB/s, done.
Total 2 (delta 1), reused 0 (delta 0), pack-reused 0
remote: Resolving deltas: 100% (1/1), completed with 1 local object.
To github.com:kusl/mycontacts.git
   ef9e6db..00ac8f0  master -> master
yarn run v1.22.22
$ ng test
✔ Browser application bundle generation complete.
22 11 2024 20:11:26.039:INFO [karma-server]: Karma v6.4.4 server started at http://localhost:9876/
22 11 2024 20:11:26.042:INFO [launcher]: Launching browsers FirefoxHeadless with concurrency unlimited
22 11 2024 20:11:26.052:INFO [launcher]: Starting browser Firefox
22 11 2024 20:11:28.695:INFO [Firefox 128.0 (Linux x86_64)]: Connected on socket _WzO401ZxlCQ8aAAAAAB with id 45045350
Firefox 128.0 (Linux x86_64): Executed 3 of 3 SUCCESS (0.255 secs / 0.236 secs)
TOTAL: 3 SUCCESS
TOTAL: 3 SUCCESS
Done in 11.17s.
yarn run v1.22.22
$ ng update @angular/core @angular/cli @angular/material
Using package manager: yarn
Collecting installed dependencies...
Found 28 dependencies.
Fetching dependency metadata from registry...
Package '@angular/core' is already up to date.
Package '@angular/cli' is already up to date.
Package '@angular/material' is already up to date.
Done in 1.99s.
On branch master
nothing to commit, working tree clean
From github.com:kusl/mycontacts
 * branch            master     -> FETCH_HEAD
Already up to date.
Everything up-to-date
Latest version:     1.0.30001683
Installed version:  1.0.30001683
caniuse-lite is up to date
caniuse-lite has been successfully updated

No target browser changes
On branch master
nothing to commit, working tree clean
On branch master
nothing to commit, working tree clean
From github.com:kusl/mycontacts
 * branch            master     -> FETCH_HEAD
Already up to date.
Everything up-to-date
* remote origin
  Fetch URL: git@github.com:kusl/mycontacts.git
  Push  URL: git@github.com:kusl/mycontacts.git
  HEAD branch: master
  Remote branch:
    master tracked
  Local ref configured for 'git push':
    master pushes to master (up to date)
Fri Nov 22 08:11:38 PM EST 2024

real    0m51.951s
user    0m49.736s
sys     0m6.106s
kushal@colorado:~/src/small$ crontab -e
crontab: installing new crontab
kushal@colorado:~/src/small$ sudo echo "Current date and time: $(date)"; free -h; df -h; sudo ip addr; time ping -c 20 pcna.duckdns.org; time ping -c 20 kalimati.duckdns.org; time ping -c 20 colorado.duckdns.org; sudo echo "Current date and time: $(date)"; export DEBIAN_FRONTEND=noninteractive; time sudo apt update; time sudo apt -y upgrade; time sudo apt -y full-upgrade; time sudo apt -y autoremove; time sudo reboot;
[sudo] password for kushal:
Current date and time: Fri Nov 22 08:13:57 PM EST 2024
               total        used        free      shared  buff/cache   available
Mem:           3.7Gi       1.3Gi       1.0Gi        39Mi       1.7Gi       2.4Gi
Swap:          975Mi        23Mi       952Mi
Filesystem                     Size  Used Avail Use% Mounted on
udev                           1.9G     0  1.9G   0% /dev
tmpfs                          381M  1.5M  380M   1% /run
/dev/mapper/colorado--vg-root  915G  415G  454G  48% /
tmpfs                          1.9G     0  1.9G   0% /dev/shm
tmpfs                          5.0M  8.0K  5.0M   1% /run/lock
/dev/sda1                      455M  149M  282M  35% /boot
tmpfs                          381M   60K  381M   1% /run/user/113
tmpfs                          381M   52K  381M   1% /run/user/1000
1: lo: <LOOPBACK,UP,LOWER_UP> mtu 65536 qdisc noqueue state UNKNOWN group default qlen 1000
    link/loopback 00:00:00:00:00:00 brd 00:00:00:00:00:00
    inet 127.0.0.1/8 scope host lo
       valid_lft forever preferred_lft forever
    inet6 ::1/128 scope host noprefixroute
       valid_lft forever preferred_lft forever
2: enp3s0: <BROADCAST,MULTICAST,UP,LOWER_UP> mtu 1500 qdisc fq_codel state UP group default qlen 1000
    link/ether d0:67:e5:18:40:c1 brd ff:ff:ff:ff:ff:ff
    inet 192.168.0.102/24 brd 192.168.0.255 scope global dynamic noprefixroute enp3s0
       valid_lft 6278sec preferred_lft 6278sec
    inet6 fe80::d267:e5ff:fe18:40c1/64 scope link noprefixroute
       valid_lft forever preferred_lft forever
3: wlx34e894d0564e: <NO-CARRIER,BROADCAST,MULTICAST,UP> mtu 1500 qdisc mq state DOWN group default qlen 1000
    link/ether 34:e8:94:d0:56:4e brd ff:ff:ff:ff:ff:ff
4: br-2f8ddf5bc2ec: <NO-CARRIER,BROADCAST,MULTICAST,UP> mtu 1500 qdisc noqueue state DOWN group default
    link/ether 02:42:b5:6c:8f:b9 brd ff:ff:ff:ff:ff:ff
    inet 172.19.0.1/16 brd 172.19.255.255 scope global br-2f8ddf5bc2ec
       valid_lft forever preferred_lft forever
5: br-44e2aa3623ed: <NO-CARRIER,BROADCAST,MULTICAST,UP> mtu 1500 qdisc noqueue state DOWN group default
    link/ether 02:42:80:9d:d2:c3 brd ff:ff:ff:ff:ff:ff
    inet 172.18.0.1/16 brd 172.18.255.255 scope global br-44e2aa3623ed
       valid_lft forever preferred_lft forever
6: docker0: <BROADCAST,MULTICAST,UP,LOWER_UP> mtu 1500 qdisc noqueue state UP group default
    link/ether 02:42:7e:6c:15:57 brd ff:ff:ff:ff:ff:ff
    inet 172.17.0.1/16 brd 172.17.255.255 scope global docker0
       valid_lft forever preferred_lft forever
    inet6 fe80::42:7eff:fe6c:1557/64 scope link
       valid_lft forever preferred_lft forever
8: veth3cc9b75@if7: <BROADCAST,MULTICAST,UP,LOWER_UP> mtu 1500 qdisc noqueue master docker0 state UP group default
    link/ether fa:aa:7f:89:f4:2d brd ff:ff:ff:ff:ff:ff link-netnsid 0
    inet6 fe80::f8aa:7fff:fe89:f42d/64 scope link
       valid_lft forever preferred_lft forever
10: veth693a666@if9: <BROADCAST,MULTICAST,UP,LOWER_UP> mtu 1500 qdisc noqueue master docker0 state UP group default
    link/ether 2e:9a:23:ef:a0:4b brd ff:ff:ff:ff:ff:ff link-netnsid 1
    inet6 fe80::2c9a:23ff:feef:a04b/64 scope link
       valid_lft forever preferred_lft forever
PING pcna.duckdns.org (70.104.195.206) 56(84) bytes of data.
64 bytes from pool-70-104-195-206.nrflva.fios.verizon.net (70.104.195.206): icmp_seq=1 ttl=64 time=1.08 ms
64 bytes from pool-70-104-195-206.nrflva.fios.verizon.net (70.104.195.206): icmp_seq=2 ttl=64 time=1.22 ms
64 bytes from pool-70-104-195-206.nrflva.fios.verizon.net (70.104.195.206): icmp_seq=3 ttl=64 time=49.7 ms
64 bytes from pool-70-104-195-206.nrflva.fios.verizon.net (70.104.195.206): icmp_seq=4 ttl=64 time=2.69 ms
64 bytes from pool-70-104-195-206.nrflva.fios.verizon.net (70.104.195.206): icmp_seq=5 ttl=64 time=2.50 ms
64 bytes from pool-70-104-195-206.nrflva.fios.verizon.net (70.104.195.206): icmp_seq=6 ttl=64 time=1.12 ms
64 bytes from pool-70-104-195-206.nrflva.fios.verizon.net (70.104.195.206): icmp_seq=7 ttl=64 time=1.30 ms
64 bytes from pool-70-104-195-206.nrflva.fios.verizon.net (70.104.195.206): icmp_seq=8 ttl=64 time=1.29 ms
64 bytes from pool-70-104-195-206.nrflva.fios.verizon.net (70.104.195.206): icmp_seq=9 ttl=64 time=17.7 ms
64 bytes from pool-70-104-195-206.nrflva.fios.verizon.net (70.104.195.206): icmp_seq=10 ttl=64 time=8.26 ms
64 bytes from pool-70-104-195-206.nrflva.fios.verizon.net (70.104.195.206): icmp_seq=11 ttl=64 time=1.53 ms
64 bytes from pool-70-104-195-206.nrflva.fios.verizon.net (70.104.195.206): icmp_seq=12 ttl=64 time=1.43 ms
64 bytes from pool-70-104-195-206.nrflva.fios.verizon.net (70.104.195.206): icmp_seq=13 ttl=64 time=1.85 ms
64 bytes from pool-70-104-195-206.nrflva.fios.verizon.net (70.104.195.206): icmp_seq=14 ttl=64 time=14.9 ms
64 bytes from pool-70-104-195-206.nrflva.fios.verizon.net (70.104.195.206): icmp_seq=15 ttl=64 time=1.69 ms
64 bytes from pool-70-104-195-206.nrflva.fios.verizon.net (70.104.195.206): icmp_seq=16 ttl=64 time=1.44 ms
64 bytes from pool-70-104-195-206.nrflva.fios.verizon.net (70.104.195.206): icmp_seq=17 ttl=64 time=3.63 ms
64 bytes from pool-70-104-195-206.nrflva.fios.verizon.net (70.104.195.206): icmp_seq=18 ttl=64 time=1.48 ms
64 bytes from pool-70-104-195-206.nrflva.fios.verizon.net (70.104.195.206): icmp_seq=19 ttl=64 time=1.98 ms
64 bytes from pool-70-104-195-206.nrflva.fios.verizon.net (70.104.195.206): icmp_seq=20 ttl=64 time=1.15 ms

--- pcna.duckdns.org ping statistics ---
20 packets transmitted, 20 received, 0% packet loss, time 19028ms
rtt min/avg/max/mdev = 1.084/5.897/49.678/11.024 ms

real    0m19.071s
user    0m0.003s
sys     0m0.006s
PING kalimati.duckdns.org (70.104.195.206) 56(84) bytes of data.
64 bytes from pool-70-104-195-206.nrflva.fios.verizon.net (70.104.195.206): icmp_seq=1 ttl=64 time=1.04 ms
64 bytes from pool-70-104-195-206.nrflva.fios.verizon.net (70.104.195.206): icmp_seq=2 ttl=64 time=4.05 ms
64 bytes from pool-70-104-195-206.nrflva.fios.verizon.net (70.104.195.206): icmp_seq=3 ttl=64 time=19.2 ms
64 bytes from pool-70-104-195-206.nrflva.fios.verizon.net (70.104.195.206): icmp_seq=4 ttl=64 time=1.73 ms
64 bytes from pool-70-104-195-206.nrflva.fios.verizon.net (70.104.195.206): icmp_seq=5 ttl=64 time=1.71 ms
64 bytes from pool-70-104-195-206.nrflva.fios.verizon.net (70.104.195.206): icmp_seq=6 ttl=64 time=1.17 ms
64 bytes from pool-70-104-195-206.nrflva.fios.verizon.net (70.104.195.206): icmp_seq=7 ttl=64 time=18.0 ms
64 bytes from pool-70-104-195-206.nrflva.fios.verizon.net (70.104.195.206): icmp_seq=8 ttl=64 time=7.33 ms
64 bytes from pool-70-104-195-206.nrflva.fios.verizon.net (70.104.195.206): icmp_seq=9 ttl=64 time=3.65 ms
64 bytes from pool-70-104-195-206.nrflva.fios.verizon.net (70.104.195.206): icmp_seq=10 ttl=64 time=1.17 ms
64 bytes from pool-70-104-195-206.nrflva.fios.verizon.net (70.104.195.206): icmp_seq=11 ttl=64 time=1.16 ms
64 bytes from pool-70-104-195-206.nrflva.fios.verizon.net (70.104.195.206): icmp_seq=12 ttl=64 time=1.09 ms
64 bytes from pool-70-104-195-206.nrflva.fios.verizon.net (70.104.195.206): icmp_seq=13 ttl=64 time=48.1 ms
64 bytes from pool-70-104-195-206.nrflva.fios.verizon.net (70.104.195.206): icmp_seq=14 ttl=64 time=1.42 ms
64 bytes from pool-70-104-195-206.nrflva.fios.verizon.net (70.104.195.206): icmp_seq=15 ttl=64 time=1.16 ms
64 bytes from pool-70-104-195-206.nrflva.fios.verizon.net (70.104.195.206): icmp_seq=16 ttl=64 time=1.48 ms
64 bytes from pool-70-104-195-206.nrflva.fios.verizon.net (70.104.195.206): icmp_seq=17 ttl=64 time=1.38 ms
64 bytes from pool-70-104-195-206.nrflva.fios.verizon.net (70.104.195.206): icmp_seq=18 ttl=64 time=2.90 ms
64 bytes from pool-70-104-195-206.nrflva.fios.verizon.net (70.104.195.206): icmp_seq=19 ttl=64 time=1.46 ms
64 bytes from pool-70-104-195-206.nrflva.fios.verizon.net (70.104.195.206): icmp_seq=20 ttl=64 time=18.8 ms

--- kalimati.duckdns.org ping statistics ---
20 packets transmitted, 20 received, 0% packet loss, time 19027ms
rtt min/avg/max/mdev = 1.041/6.902/48.095/11.229 ms

real    0m19.107s
user    0m0.005s
sys     0m0.005s
PING colorado.duckdns.org (70.104.195.206) 56(84) bytes of data.
64 bytes from pool-70-104-195-206.nrflva.fios.verizon.net (70.104.195.206): icmp_seq=1 ttl=64 time=42.1 ms
64 bytes from pool-70-104-195-206.nrflva.fios.verizon.net (70.104.195.206): icmp_seq=2 ttl=64 time=1.17 ms
64 bytes from pool-70-104-195-206.nrflva.fios.verizon.net (70.104.195.206): icmp_seq=3 ttl=64 time=1.53 ms
64 bytes from pool-70-104-195-206.nrflva.fios.verizon.net (70.104.195.206): icmp_seq=4 ttl=64 time=1.81 ms
64 bytes from pool-70-104-195-206.nrflva.fios.verizon.net (70.104.195.206): icmp_seq=5 ttl=64 time=5.51 ms
64 bytes from pool-70-104-195-206.nrflva.fios.verizon.net (70.104.195.206): icmp_seq=6 ttl=64 time=1.31 ms
64 bytes from pool-70-104-195-206.nrflva.fios.verizon.net (70.104.195.206): icmp_seq=7 ttl=64 time=1.24 ms
64 bytes from pool-70-104-195-206.nrflva.fios.verizon.net (70.104.195.206): icmp_seq=8 ttl=64 time=1.19 ms
64 bytes from pool-70-104-195-206.nrflva.fios.verizon.net (70.104.195.206): icmp_seq=9 ttl=64 time=4.56 ms
64 bytes from pool-70-104-195-206.nrflva.fios.verizon.net (70.104.195.206): icmp_seq=10 ttl=64 time=8.64 ms
64 bytes from pool-70-104-195-206.nrflva.fios.verizon.net (70.104.195.206): icmp_seq=11 ttl=64 time=1.30 ms
64 bytes from pool-70-104-195-206.nrflva.fios.verizon.net (70.104.195.206): icmp_seq=12 ttl=64 time=1.21 ms
64 bytes from pool-70-104-195-206.nrflva.fios.verizon.net (70.104.195.206): icmp_seq=13 ttl=64 time=1.10 ms
64 bytes from pool-70-104-195-206.nrflva.fios.verizon.net (70.104.195.206): icmp_seq=14 ttl=64 time=1.85 ms
64 bytes from pool-70-104-195-206.nrflva.fios.verizon.net (70.104.195.206): icmp_seq=15 ttl=64 time=21.7 ms
64 bytes from pool-70-104-195-206.nrflva.fios.verizon.net (70.104.195.206): icmp_seq=16 ttl=64 time=3.23 ms
64 bytes from pool-70-104-195-206.nrflva.fios.verizon.net (70.104.195.206): icmp_seq=17 ttl=64 time=1.82 ms
64 bytes from pool-70-104-195-206.nrflva.fios.verizon.net (70.104.195.206): icmp_seq=18 ttl=64 time=1.41 ms
64 bytes from pool-70-104-195-206.nrflva.fios.verizon.net (70.104.195.206): icmp_seq=19 ttl=64 time=1.10 ms
64 bytes from pool-70-104-195-206.nrflva.fios.verizon.net (70.104.195.206): icmp_seq=20 ttl=64 time=14.7 ms

--- colorado.duckdns.org ping statistics ---
20 packets transmitted, 20 received, 0% packet loss, time 19028ms
rtt min/avg/max/mdev = 1.095/5.922/42.077/9.792 ms

real    0m19.130s
user    0m0.000s
sys     0m0.010s
Current date and time: Fri Nov 22 08:15:07 PM EST 2024
Hit:1 http://security.debian.org/debian-security bookworm-security InRelease
Hit:2 http://deb.debian.org/debian bookworm InRelease
Hit:3 http://deb.debian.org/debian bookworm-updates InRelease
Reading package lists... Done
Building dependency tree... Done
Reading state information... Done
All packages are up to date.

real    0m1.846s
user    0m0.004s
sys     0m0.009s
Reading package lists... Done
Building dependency tree... Done
Reading state information... Done
Calculating upgrade... Done
0 upgraded, 0 newly installed, 0 to remove and 0 not upgraded.

real    0m0.555s
user    0m0.003s
sys     0m0.009s
Reading package lists... Done
Building dependency tree... Done
Reading state information... Done
Calculating upgrade... Done
0 upgraded, 0 newly installed, 0 to remove and 0 not upgraded.

real    0m0.584s
user    0m0.005s
sys     0m0.005s
Reading package lists... Done
Building dependency tree... Done
Reading state information... Done
0 upgraded, 0 newly installed, 0 to remove and 0 not upgraded.

real    0m0.493s
user    0m0.000s
sys     0m0.008s

Broadcast message from root@colorado on pts/6 (Fri 2024-11-22 20:15:11 EST):

The system will reboot now!


real    0m0.047s
user    0m0.008s
sys     0m0.000s
kushal@colorado:~/src/small$ Connection to colorado closed by remote host.
Connection to colorado closed.
PS C:\Users\kushal> C:\Users\kushal\src\myhtml\fromnepal\public\omnibus.ps1
