PowerShell 7.4.5
PS C:\Users\kushal> cd "C:\Users\kushal\src\mylogging\"; date; git add .; date; git commit --message "add all files" --message "from the terminal"; date; cd "C:\Users\kushal\src\myhtml\fromnepal"; date; yarn;date; yarn run build; date; git add .; date; git commit --message "build application" --message "from the terminal"; date; git pull --rebase origin main; date; git push origin main; date;

Wednesday, August 28, 2024 5:26:22 AM
Wednesday, August 28, 2024 5:26:22 AM
On branch main
nothing to commit, working tree clean
Wednesday, August 28, 2024 5:26:22 AM
Wednesday, August 28, 2024 5:26:22 AM
yarn install v1.22.21
[1/4] Resolving packages...
success Already up-to-date.
Done in 0.07s.
Wednesday, August 28, 2024 5:26:23 AM
yarn run v1.22.21
$ tsc && vite build
vite v5.4.1 building for production...
âœ“ 5 modules transformed.
docs/index.html                 0.53 kB â”‚ gzip: 0.32 kB
docs/assets/index-DYhv0y2B.css  4.60 kB â”‚ gzip: 1.63 kB
docs/assets/index-DlmTeNAq.js   2.94 kB â”‚ gzip: 1.31 kB
âœ“ built in 209ms
Done in 1.00s.
Wednesday, August 28, 2024 5:26:24 AM
warning: in the working copy of 'docs/assets/index-DYhv0y2B.css', LF will be replaced by CRLF the next time Git touches it
warning: in the working copy of 'docs/assets/index-DlmTeNAq.js', LF will be replaced by CRLF the next time Git touches it
warning: in the working copy of 'docs/index.html', LF will be replaced by CRLF the next time Git touches it
Wednesday, August 28, 2024 5:26:25 AM
[main 32c230b] build application
 2 files changed, 560 insertions(+), 4860 deletions(-)
Wednesday, August 28, 2024 5:26:25 AM
From github.com:fromnepal/fromnepal.github.io
 * branch            main       -> FETCH_HEAD
Current branch main is up to date.
Wednesday, August 28, 2024 5:26:25 AM
Enumerating objects: 9, done.
Counting objects: 100% (9/9), done.
Delta compression using up to 16 threads
Compressing objects: 100% (5/5), done.
Writing objects: 100% (5/5), 3.98 KiB | 1.99 MiB/s, done.
Total 5 (delta 4), reused 0 (delta 0), pack-reused 0 (from 0)
remote: Resolving deltas: 100% (4/4), completed with 4 local objects.
To github.com:fromnepal/fromnepal.github.io.git
   fb90431..32c230b  main -> main
Wednesday, August 28, 2024 5:26:26 AM

PS C:\Users\kushal\src\myhtml\fromnepal>
PS C:\Users\kushal\src\myhtml\fromnepal> cd "C:\Users\kushal\src\mylogging\"; date; git add .; date; git commit --message "add all files" --message "from the terminal"; date; cd "C:\Users\kushal\src\myhtml\fromnepal"; date; yarn; date; yarn run build; date; git add .; date; git commit --message "build application" --message "from the terminal"; date; git pull --rebase origin main; date; git push origin main; date;

Wednesday, August 28, 2024 3:22:21 PM
Wednesday, August 28, 2024 3:22:21 PM
On branch main
nothing to commit, working tree clean
Wednesday, August 28, 2024 3:22:21 PM
Wednesday, August 28, 2024 3:22:21 PM
yarn install v1.22.21
[1/4] Resolving packages...
success Already up-to-date.
Done in 0.07s.
Wednesday, August 28, 2024 3:22:21 PM
yarn run v1.22.21
$ tsc && vite build
vite v5.4.1 building for production...
âœ“ 5 modules transformed.
docs/index.html                 0.53 kB â”‚ gzip: 0.32 kB
docs/assets/index-DYhv0y2B.css  4.60 kB â”‚ gzip: 1.63 kB
docs/assets/index-DlmTeNAq.js   2.94 kB â”‚ gzip: 1.31 kB
âœ“ built in 300ms
Done in 1.33s.
Wednesday, August 28, 2024 3:22:23 PM
warning: in the working copy of 'docs/assets/index-DYhv0y2B.css', LF will be replaced by CRLF the next time Git touches it
warning: in the working copy of 'docs/assets/index-DlmTeNAq.js', LF will be replaced by CRLF the next time Git touches it
warning: in the working copy of 'docs/index.html', LF will be replaced by CRLF the next time Git touches it
Wednesday, August 28, 2024 3:22:24 PM
On branch main
Your branch is up to date with 'origin/main'.

nothing to commit, working tree clean
Wednesday, August 28, 2024 3:22:24 PM
From github.com:fromnepal/fromnepal.github.io
 * branch            main       -> FETCH_HEAD
Already up to date.
Wednesday, August 28, 2024 3:22:25 PM
Everything up-to-date
Wednesday, August 28, 2024 3:22:25 PM

PS C:\Users\kushal\src\myhtml\fromnepal> $url = "https://www.instagram.com/reel/C-HXZqwRVF8"; $tempDir = "C:\Temp\yt-dlp"; New-Item -ItemType Directory -Path $tempDir -Force; yt-dlp.exe --verbose --write-sub --sub-lang en --restrict-filenames --add-metadata -f "bestvideo[ext=mp4]+bestaudio[ext=m4a]/mp4" --sponsorblock-mark all --sponsorblock-remove all --merge-output-format mp4 -o "$tempDir\%(title)s.%(ext)s" $url; $videoFile = Get-ChildItem -Path $tempDir -Filter *.mp4 | Select-Object -First 1; $subtitleFile = Get-ChildItem -Path $tempDir -Filter *.vtt | Select-Object -First 1; if ($subtitleFile) { $subtitlePath = $subtitleFile.FullName; ffmpeg -i "$($videoFile.FullName)" -vf "subtitles='$subtitlePath':force_style='FontName=Arial,FontSize=24'" -c:v libx264 -c:a aac -strict experimental -movflags +faststart "$tempDir\$($videoFile.BaseName)_reencoded.mp4" } else { ffmpeg -i "$($videoFile.FullName)" -c:v libx264 -c:a aac -strict experimental -movflags +faststart "$tempDir\$($videoFile.BaseName)_reencoded.mp4" }; Move-Item -Path "$tempDir\$($videoFile.BaseName)_reencoded.mp4" -Destination "\\TP-Share\G\shared\jellyfin\shows\downloaded"; Remove-Item -Path $tempDir -Recurse -Force

    Directory: C:\Temp

Mode                 LastWriteTime         Length Name
----                 -------------         ------ ----
d----           8/28/2024  6:43 PM                yt-dlp
[debug] Command-line config: ['--verbose', '--write-sub', '--sub-lang', 'en', '--restrict-filenames', '--add-metadata', '-f', 'bestvideo[ext=mp4]+bestaudio[ext=m4a]/mp4', '--sponsorblock-mark', 'all', '--sponsorblock-remove', 'all', '--merge-output-format', 'mp4', '-o', 'C:\\Temp\\yt-dlp\\%(title)s.%(ext)s', 'https://www.instagram.com/reel/C-HXZqwRVF8']
[debug] Portable config "C:\Users\kushal\scoop\apps\yt-dlp\current\yt-dlp.conf": []
[debug] Encodings: locale cp1252, fs utf-8, pref cp1252, out utf-8, error utf-8, screen utf-8
[debug] yt-dlp version stable@2024.08.06 from yt-dlp/yt-dlp [4d9231208] (win_exe)
[debug] Python 3.8.10 (CPython AMD64 64bit) - Windows-10-10.0.22631-SP0 (OpenSSL 1.1.1k  25 Mar 2021)
[debug] exe versions: ffmpeg 7.0.2-full_build-www.gyan.dev (setts), ffprobe 7.0.2-full_build-www.gyan.dev
[debug] Optional libraries: Cryptodome-3.20.0, brotli-1.1.0, certifi-2024.07.04, curl_cffi-0.5.10, mutagen-1.47.0, requests-2.32.3, sqlite3-3.35.5, urllib3-2.2.2, websockets-12.0
[debug] Proxy map: {}
[debug] Request Handlers: urllib, requests, websockets, curl_cffi
[debug] Loaded 1830 extractors
[Instagram] Extracting URL: https://www.instagram.com/reel/C-HXZqwRVF8
[Instagram] C-HXZqwRVF8: Setting up session
[Instagram] C-HXZqwRVF8: Downloading JSON metadata
[debug] Formats sorted by: hasvid, ie_pref, lang, quality, res, fps, hdr:12(7), vcodec:vp9.2(10), channels, acodec, size, br, asr, proto, vext, aext, hasaud, source, id
[SponsorBlock] SponsorBlock is not supported for Instagram
[info] C-HXZqwRVF8: Downloading 1 format(s): dash-2233818083641297v+dash-26228820650067208ad
[info] There are no subtitles for the requested languages
[debug] Invoking http downloader on "https://scontent-iad3-1.cdninstagram.com/v/t39.25447-16/453603877_511594641323187_3721322265462935902_n.mp4?_nc_cat=102&ccb=1-7&_nc_sid=9a5d50&efg=eyJ2ZW5jb2RlX3RhZyI6ImlnLXhwdmRzLmNsaXBzLmMyLUMzLmRhc2hfcjJldmV2cDktcjFnZW4ydnA5X3E5MCIsInZpZGVvX2lkIjpudWxsfQ%3D%3D&_nc_ohc=ibxPx3y-cmAQ7kNvgHiHKai&_nc_ht=scontent-iad3-1.cdninstagram.com&oh=00_AYCxHFkCmlce_TGQS8kT30O2ZIyJxQPfUql6S7C6BI-xhA&oe=66D593B1"
[debug] File locking is not supported. Proceeding without locking
[download] Destination: C:\Temp\yt-dlp\Video_by_robert_etong.fdash-2233818083641297v.mp4
[download] 100% of    6.85MiB in 00:00:00 at 18.61MiB/s
[debug] Invoking http downloader on "https://scontent-iad3-1.cdninstagram.com/v/t50.33967-16/452167919_1701799613967388_3519888100764495221_n.mp4?_nc_cat=110&ccb=1-7&_nc_sid=9a5d50&efg=eyJ2ZW5jb2RlX3RhZyI6ImlnLXhwdmRzLmNsaXBzLmMyLUMzLmRhc2hfbG5faGVhYWNfdmJyM19hdWRpbyIsInZpZGVvX2lkIjpudWxsfQ%3D%3D&_nc_ohc=II6HPEXxEIEQ7kNvgHPHjzo&_nc_ht=scontent-iad3-1.cdninstagram.com&oh=00_AYAOSrQEB35k3cfY4bj1om6gmrZGSkb4kLAM0rmVd3FUeA&oe=66D5600F"
[download] Destination: C:\Temp\yt-dlp\Video_by_robert_etong.fdash-26228820650067208ad.m4a
[download] 100% of  267.65KiB in 00:00:00 at 10.54MiB/s
[Merger] Merging formats into "C:\Temp\yt-dlp\Video_by_robert_etong.mp4"
[debug] ffmpeg command line: ffmpeg -y -loglevel repeat+info -i file:C:\Temp\yt-dlp\Video_by_robert_etong.fdash-2233818083641297v.mp4 -i file:C:\Temp\yt-dlp\Video_by_robert_etong.fdash-26228820650067208ad.m4a-c copy -map 0:v:0 -map 1:a:0 -movflags +faststart file:C:\Temp\yt-dlp\Video_by_robert_etong.temp.mp4
Deleting original file C:\Temp\yt-dlp\Video_by_robert_etong.fdash-2233818083641297v.mp4 (pass -k to keep)
Deleting original file C:\Temp\yt-dlp\Video_by_robert_etong.fdash-26228820650067208ad.m4a (pass -k to keep)
[ModifyChapters] SponsorBlock information is unavailable
[Metadata] Adding metadata to "C:\Temp\yt-dlp\Video_by_robert_etong.mp4"
[debug] ffmpeg command line: ffmpeg -y -loglevel repeat+info -i file:C:\Temp\yt-dlp\Video_by_robert_etong.mp4 -map 0 -dn -ignore_unknown -c copy -write_id3v1 1 -metadata "title=Video by robert_etong" -metadata "date=20240801" -metadata "description=Our house in Foshan, Guangdong can be exported to the world #etonghouse#tinyhome#resorts #capsule #airbnb #tinyhouse #mobilehouse
#prefabhouse" -metadata "synopsis=Our house in Foshan, Guangdong can be exported to the world #etonghouse#tinyhome#resorts #capsule #airbnb #tinyhouse #mobilehouse
#prefabhouse" -metadata "purl=https://www.instagram.com/reel/C-HXZqwRVF8" -metadata "comment=https://www.instagram.com/reel/C-HXZqwRVF8" -metadata "artist=Robert Etong" -movflags +faststart file:C:\Temp\yt-dlp\Video_by_robert_etong.temp.mp4
ffmpeg version 7.0.2-full_build-www.gyan.dev Copyright (c) 2000-2024 the FFmpeg developers
  built with gcc 13.2.0 (Rev5, Built by MSYS2 project)
  configuration: --enable-gpl --enable-version3 --enable-static --disable-w32threads --disable-autodetect --enable-fontconfig --enable-iconv --enable-gnutls --enable-libxml2 --enable-gmp --enable-bzlib --enable-lzma --enable-libsnappy --enable-zlib --enable-librist --enable-libsrt --enable-libssh --enable-libzmq --enable-avisynth --enable-libbluray --enable-libcaca --enable-sdl2 --enable-libaribb24 --enable-libaribcaption --enable-libdav1d --enable-libdavs2 --enable-libuavs3d --enable-libxevd --enable-libzvbi --enable-librav1e --enable-libsvtav1 --enable-libwebp --enable-libx264 --enable-libx265 --enable-libxavs2 --enable-libxeve --enable-libxvid --enable-libaom --enable-libjxl --enable-libopenjpeg --enable-libvpx --enable-mediafoundation --enable-libass --enable-frei0r --enable-libfreetype --enable-libfribidi --enable-libharfbuzz --enable-liblensfun --enable-libvidstab --enable-libvmaf --enable-libzimg --enable-amf --enable-cuda-llvm --enable-cuvid --enable-dxva2 --enable-d3d11va --enable-d3d12va --enable-ffnvcodec --enable-libvpl --enable-nvdec --enable-nvenc --enable-vaapi --enable-libshaderc --enable-vulkan --enable-libplacebo --enable-opencl --enable-libcdio --enable-libgme --enable-libmodplug --enable-libopenmpt --enable-libopencore-amrwb --enable-libmp3lame --enable-libshine --enable-libtheora --enable-libtwolame --enable-libvo-amrwbenc --enable-libcodec2 --enable-libilbc --enable-libgsm --enable-libopencore-amrnb --enable-libopus --enable-libspeex --enable-libvorbis --enable-ladspa --enable-libbs2b --enable-libflite --enable-libmysofa --enable-librubberband --enable-libsoxr --enable-chromaprint
  libavutil      59.  8.100 / 59.  8.100
  libavcodec     61.  3.100 / 61.  3.100
  libavformat    61.  1.100 / 61.  1.100
  libavdevice    61.  1.100 / 61.  1.100
  libavfilter    10.  1.100 / 10.  1.100
  libswscale      8.  1.100 /  8.  1.100
  libswresample   5.  1.100 /  5.  1.100
  libpostproc    58.  1.100 / 58.  1.100
Input #0, mov,mp4,m4a,3gp,3g2,mj2, from 'C:\Temp\yt-dlp\Video_by_robert_etong.mp4':
  Metadata:
    major_brand     : isom
    minor_version   : 512
    compatible_brands: isomiso2mp41
    title           : Video by robert_etong
    artist          : Robert Etong
    date            : 20240801
    encoder         : Lavf61.1.100
    comment         : https://www.instagram.com/reel/C-HXZqwRVF8
    description     : Our house in Foshan, Guangdong can be exported to the world #etonghouse#tinyhome#resorts #capsule #airbnb #tinyhouse #mobilehouse
                    : #prefabhouse
    synopsis        : Our house in Foshan, Guangdong can be exported to the world #etonghouse#tinyhome#resorts #capsule #airbnb #tinyhouse #mobilehouse
                    : #prefabhouse
  Duration: 00:00:32.77, start: 0.000000, bitrate: 1823 kb/s
  Stream #0:0[0x1](und): Video: vp9 (Profile 0) (vp09 / 0x39307076), yuv420p(tv, bt709), 1080x1920, 1754 kb/s, 30 fps, 30 tbr, 15360 tbn (default)
      Metadata:
        handler_name    : VideoHandler
        vendor_id       : [0][0][0][0]
        encoder         : VPC Coding
  Stream #0:1[0x2](und): Audio: aac (HE-AAC) (mp4a / 0x6134706D), 44100 Hz, stereo, fltp, 65 kb/s (default)
      Metadata:
        handler_name    : SoundHandler
        vendor_id       : [0][0][0][0]
Stream mapping:
  Stream #0:0 -> #0:0 (vp9 (native) -> h264 (libx264))
  Stream #0:1 -> #0:1 (aac (native) -> aac (native))
Press [q] to stop, [?] for help
[libx264 @ 0000022888e26980] using cpu capabilities: MMX2 SSE2Fast SSSE3 SSE4.2 AVX FMA3 BMI2 AVX2
[libx264 @ 0000022888e26980] profile High, level 4.0, 4:2:0, 8-bit
[libx264 @ 0000022888e26980] 264 - core 164 r3191 4613ac3 - H.264/MPEG-4 AVC codec - Copyleft 2003-2024 - http://www.videolan.org/x264.html - options: cabac=1 ref=3 deblock=1:0:0 analyse=0x3:0x113 me=hex subme=7 psy=1 psy_rd=1.00:0.00 mixed_ref=1 me_range=16 chroma_me=1 trellis=1 8x8dct=1 cqm=0 deadzone=21,11 fast_pskip=1 chroma_qp_offset=-2 threads=24 lookahead_threads=4 sliced_threads=0 nr=0 decimate=1 interlaced=0 bluray_compat=0 constrained_intra=0 bframes=3 b_pyramid=2 b_adapt=1 b_bias=0 direct=1 weightb=1 open_gop=0 weightp=2 keyint=250 keyint_min=25 scenecut=40 intra_refresh=0 rc_lookahead=40 rc=crf mbtree=1 crf=23.0 qcomp=0.60 qpmin=0 qpmax=69 qpstep=4 ip_ratio=1.40 aq=1:1.00
Output #0, mp4, to 'C:\Temp\yt-dlp\Video_by_robert_etong_reencoded.mp4':
  Metadata:
    major_brand     : isom
    minor_version   : 512
    compatible_brands: isomiso2mp41
    title           : Video by robert_etong
    artist          : Robert Etong
    date            : 20240801
    synopsis        : Our house in Foshan, Guangdong can be exported to the world #etonghouse#tinyhome#resorts #capsule #airbnb #tinyhouse #mobilehouse
                    : #prefabhouse
    comment         : https://www.instagram.com/reel/C-HXZqwRVF8
    description     : Our house in Foshan, Guangdong can be exported to the world #etonghouse#tinyhome#resorts #capsule #airbnb #tinyhouse #mobilehouse
                    : #prefabhouse
    encoder         : Lavf61.1.100
  Stream #0:0(und): Video: h264 (avc1 / 0x31637661), yuv420p(tv, bt709, progressive), 1080x1920, q=2-31, 30 fps, 15360 tbn (default)
      Metadata:
        handler_name    : VideoHandler
        vendor_id       : [0][0][0][0]
        encoder         : Lavc61.3.100 libx264
      Side data:
        cpb: bitrate max/min/avg: 0/0/0 buffer size: 0 vbv_delay: N/A
  Stream #0:1(und): Audio: aac (LC) (mp4a / 0x6134706D), 44100 Hz, stereo, fltp, 128 kb/s (default)
      Metadata:
        handler_name    : SoundHandler
        vendor_id       : [0][0][0][0]
        encoder         : Lavc61.3.100 aac
[mp4 @ 000002288889b140] Starting second pass: moving the moov atom to the beginning of the file
[out#0/mp4 @ 000002288889b040] video:11184KiB audio:521KiB subtitle:0KiB other streams:0KiB global headers:0KiB muxing overhead: 0.310993%
frame=  982 fps=135 q=-1.0 Lsize=   11742KiB time=00:00:32.66 bitrate=2944.5kbits/s speed=4.51x
[libx264 @ 0000022888e26980] frame I:18    Avg QP:18.65  size: 91581
[libx264 @ 0000022888e26980] frame P:270   Avg QP:22.39  size: 22494
[libx264 @ 0000022888e26980] frame B:694   Avg QP:25.27  size:  5375
[libx264 @ 0000022888e26980] consecutive B-frames:  4.7%  2.0%  3.7% 89.6%
[libx264 @ 0000022888e26980] mb I  I16..4: 17.6% 61.5% 20.9%
[libx264 @ 0000022888e26980] mb P  I16..4:  5.9% 11.0%  0.9%  P16..4: 35.5%  8.8%  3.5%  0.0%  0.0%    skip:34.5%
[libx264 @ 0000022888e26980] mb B  I16..4:  0.5%  0.5%  0.0%  B16..8: 35.5%  1.8%  0.2%  direct: 0.8%  skip:60.5%  L0:46.6% L1:50.5% BI: 2.9%
[libx264 @ 0000022888e26980] 8x8 transform intra:60.4% inter:84.7%
[libx264 @ 0000022888e26980] coded y,uvDC,uvAC intra: 29.7% 27.2% 7.2% inter: 5.2% 5.4% 0.1%
[libx264 @ 0000022888e26980] i16 v,h,dc,p: 50% 22%  6% 22%
[libx264 @ 0000022888e26980] i8 v,h,dc,ddl,ddr,vr,hd,vl,hu: 39% 20% 23%  2%  3%  3%  4%  2%  3%
[libx264 @ 0000022888e26980] i4 v,h,dc,ddl,ddr,vr,hd,vl,hu: 41% 21% 10%  3%  5%  5%  7%  3%  4%
[libx264 @ 0000022888e26980] i8c dc,h,v,p: 58% 16% 23%  2%
[libx264 @ 0000022888e26980] Weighted P-Frames: Y:0.7% UV:0.7%
[libx264 @ 0000022888e26980] ref P L0: 60.4% 15.9% 17.6%  6.1%  0.0%
[libx264 @ 0000022888e26980] ref B L0: 89.3%  8.7%  2.0%
[libx264 @ 0000022888e26980] ref B L1: 96.0%  4.0%
[libx264 @ 0000022888e26980] kb/s:2798.81
[aac @ 0000022888e02040] Qavg: 888.463

PS C:\Users\kushal\src\myhtml\fromnepal> $url = "https://www.instagram.com/reel/C_LEIvltKM6"; $tempDir = "C:\Temp\yt-dlp"; New-Item -ItemType Directory -Path $tempDir -Force; yt-dlp.exe --verbose --write-sub --sub-lang en --restrict-filenames --add-metadata -f "bestvideo[ext=mp4]+bestaudio[ext=m4a]/mp4" --sponsorblock-mark all --sponsorblock-remove all --merge-output-format mp4 -o "$tempDir\%(title)s.%(ext)s" $url; $videoFile = Get-ChildItem -Path $tempDir -Filter *.mp4 | Select-Object -First 1; $subtitleFile = Get-ChildItem -Path $tempDir -Filter *.vtt | Select-Object -First 1; if ($subtitleFile) { $subtitlePath = $subtitleFile.FullName; ffmpeg -i "$($videoFile.FullName)" -vf "subtitles='$subtitlePath':force_style='FontName=Arial,FontSize=24'" -c:v libx264 -c:a aac -strict experimental -movflags +faststart "$tempDir\$($videoFile.BaseName)_reencoded.mp4" } else { ffmpeg -i "$($videoFile.FullName)" -c:v libx264 -c:a aac -strict experimental -movflags +faststart "$tempDir\$($videoFile.BaseName)_reencoded.mp4" }; Move-Item -Path "$tempDir\$($videoFile.BaseName)_reencoded.mp4" -Destination "\\TP-Share\G\shared\jellyfin\shows\downloaded"; Remove-Item -Path $tempDir -Recurse -Force

    Directory: C:\Temp

Mode                 LastWriteTime         Length Name
----                 -------------         ------ ----
d----           8/28/2024  6:43 PM                yt-dlp
[debug] Command-line config: ['--verbose', '--write-sub', '--sub-lang', 'en', '--restrict-filenames', '--add-metadata', '-f', 'bestvideo[ext=mp4]+bestaudio[ext=m4a]/mp4', '--sponsorblock-mark', 'all', '--sponsorblock-remove', 'all', '--merge-output-format', 'mp4', '-o', 'C:\\Temp\\yt-dlp\\%(title)s.%(ext)s', 'https://www.instagram.com/reel/C_LEIvltKM6']
[debug] Portable config "C:\Users\kushal\scoop\apps\yt-dlp\current\yt-dlp.conf": []
[debug] Encodings: locale cp1252, fs utf-8, pref cp1252, out utf-8, error utf-8, screen utf-8
[debug] yt-dlp version stable@2024.08.06 from yt-dlp/yt-dlp [4d9231208] (win_exe)
[debug] Python 3.8.10 (CPython AMD64 64bit) - Windows-10-10.0.22631-SP0 (OpenSSL 1.1.1k  25 Mar 2021)
[debug] exe versions: ffmpeg 7.0.2-full_build-www.gyan.dev (setts), ffprobe 7.0.2-full_build-www.gyan.dev
[debug] Optional libraries: Cryptodome-3.20.0, brotli-1.1.0, certifi-2024.07.04, curl_cffi-0.5.10, mutagen-1.47.0, requests-2.32.3, sqlite3-3.35.5, urllib3-2.2.2, websockets-12.0
[debug] Proxy map: {}
[debug] Request Handlers: urllib, requests, websockets, curl_cffi
[debug] Loaded 1830 extractors
[Instagram] Extracting URL: https://www.instagram.com/reel/C_LEIvltKM6
[Instagram] C_LEIvltKM6: Setting up session
[Instagram] C_LEIvltKM6: Downloading JSON metadata
[debug] Formats sorted by: hasvid, ie_pref, lang, quality, res, fps, hdr:12(7), vcodec:vp9.2(10), channels, acodec, size, br, asr, proto, vext, aext, hasaud, source, id
[SponsorBlock] SponsorBlock is not supported for Instagram
[info] C_LEIvltKM6: Downloading 1 format(s): dash-1219340035966894v+dash-526535133311129ad
[info] There are no subtitles for the requested languages
[debug] Invoking http downloader on "https://instagram.fagc3-1.fna.fbcdn.net/o1/v/t16/f2/m69/An8BW3bG8LpYY9zPXyLIIb80np8h01g9e0-SenbIzP9RQ8qOZ-ygWMhBY3kcLkyK3S5b80PAaAgrboy96-RGGhFA.mp4?efg=eyJvaWxfdXJsZ2VuX2FwcF9pZCI6OTM2NjE5NzQzMzkyNDU5LCJjbGllbnRfbmFtZSI6ImlnIiwidmlkZW9faWQiOm51bGwsInZlbmNvZGVfdGFnIjoiaWcteHB2ZHMuY2xpcHMuYzItQzMuZGFzaF9yMmV2ZXZwOS1yMWdlbjJ2cDlfcTkwIn0&_nc_ht=instagram.fagc3-1.fna.fbcdn.net&_nc_cat=103&strext=1&ccb=9-4&oh=00_AYC416YDmgEQ5EYYGr8-8a91iqBtM0BqQflzlXF3VYUBZw&oe=66D16F58&_nc_sid=9ca052"
[debug] File locking is not supported. Proceeding without locking
[download] Destination: C:\Temp\yt-dlp\Video_by_solar24news.fdash-1219340035966894v.mp4
[download] 100% of    3.07MiB in 00:00:00 at 10.58MiB/s
[debug] Invoking http downloader on "https://instagram.fagc3-1.fna.fbcdn.net/o1/v/t16/f2/m69/An_R-nD5atPHqiOwRGK4VNQoK0-4yi2YenVYe8EjJRkpFcXTsxAXP1PnLa_Yh3mGRWecLsg_b6bod--oCZCt0PPm.mp4?efg=eyJvaWxfdXJsZ2VuX2FwcF9pZCI6OTM2NjE5NzQzMzkyNDU5LCJjbGllbnRfbmFtZSI6ImlnIiwidmlkZW9faWQiOm51bGwsInZlbmNvZGVfdGFnIjoiaWcteHB2ZHMuY2xpcHMuYzItQzMuZGFzaF9sbl9oZWFhY192YnIzX2F1ZGlvIn0&_nc_ht=instagram.fagc3-1.fna.fbcdn.net&_nc_cat=102&strext=1&ccb=9-4&oh=00_AYBbXWAiBBBdTJDhzRmpNgYxnKytLfNK34wLVHe7dMFtuA&oe=66D19F9F&_nc_sid=9ca052"
[download] Destination: C:\Temp\yt-dlp\Video_by_solar24news.fdash-526535133311129ad.m4a
[download] 100% of   81.90KiB in 00:00:00 at 2.96MiB/s
[Merger] Merging formats into "C:\Temp\yt-dlp\Video_by_solar24news.mp4"
[debug] ffmpeg command line: ffmpeg -y -loglevel repeat+info -i file:C:\Temp\yt-dlp\Video_by_solar24news.fdash-1219340035966894v.mp4 -i file:C:\Temp\yt-dlp\Video_by_solar24news.fdash-526535133311129ad.m4a -c copy -map 0:v:0 -map 1:a:0 -movflags +faststart file:C:\Temp\yt-dlp\Video_by_solar24news.temp.mp4
Deleting original file C:\Temp\yt-dlp\Video_by_solar24news.fdash-526535133311129ad.m4a (pass -k to keep)
Deleting original file C:\Temp\yt-dlp\Video_by_solar24news.fdash-1219340035966894v.mp4 (pass -k to keep)
[ModifyChapters] SponsorBlock information is unavailable
[Metadata] Adding metadata to "C:\Temp\yt-dlp\Video_by_solar24news.mp4"
[debug] ffmpeg command line: ffmpeg -y -loglevel repeat+info -i file:C:\Temp\yt-dlp\Video_by_solar24news.mp4 -map 0 -dn -ignore_unknown -c copy -write_id3v1 1 -metadata "title=Video by solar24news" -metadata "date=20240827" -metadata "description=Viva Las Vegas ğŸ”†
Our partner @raulibrackets recently launched an app, which accurately calculates the components needed for your solar panel system based on local weather conditions, roof material, panel size, the panel fieldshape and roof slope.
Link in bio. ğŸ”†
.
ğŸ“½ Vincent Aviator
.
#solarpanels #solar24news #solarpower" -metadata "synopsis=Viva Las Vegas ğŸ”†
Our partner @raulibrackets recently launched an app, which accurately calculates the components needed for your solar panel system based on local weather conditions, roof material, panel size, the panel fieldshape and roof slope.
Link in bio. ğŸ”†
.
ğŸ“½ Vincent Aviator
.
#solarpanels #solar24news #solarpower" -metadata "purl=https://www.instagram.com/reel/C_LEIvltKM6" -metadata "comment=https://www.instagram.com/reel/C_LEIvltKM6" -metadata "artist=Solar24news" -movflags +faststart file:C:\Temp\yt-dlp\Video_by_solar24news.temp.mp4
ffmpeg version 7.0.2-full_build-www.gyan.dev Copyright (c) 2000-2024 the FFmpeg developers
  built with gcc 13.2.0 (Rev5, Built by MSYS2 project)
  configuration: --enable-gpl --enable-version3 --enable-static --disable-w32threads --disable-autodetect --enable-fontconfig --enable-iconv --enable-gnutls --enable-libxml2 --enable-gmp --enable-bzlib --enable-lzma --enable-libsnappy --enable-zlib --enable-librist --enable-libsrt --enable-libssh --enable-libzmq --enable-avisynth --enable-libbluray --enable-libcaca --enable-sdl2 --enable-libaribb24 --enable-libaribcaption --enable-libdav1d --enable-libdavs2 --enable-libuavs3d --enable-libxevd --enable-libzvbi --enable-librav1e --enable-libsvtav1 --enable-libwebp --enable-libx264 --enable-libx265 --enable-libxavs2 --enable-libxeve --enable-libxvid --enable-libaom --enable-libjxl --enable-libopenjpeg --enable-libvpx --enable-mediafoundation --enable-libass --enable-frei0r --enable-libfreetype --enable-libfribidi --enable-libharfbuzz --enable-liblensfun --enable-libvidstab --enable-libvmaf --enable-libzimg --enable-amf --enable-cuda-llvm --enable-cuvid --enable-dxva2 --enable-d3d11va --enable-d3d12va --enable-ffnvcodec --enable-libvpl --enable-nvdec --enable-nvenc --enable-vaapi --enable-libshaderc --enable-vulkan --enable-libplacebo --enable-opencl --enable-libcdio --enable-libgme --enable-libmodplug --enable-libopenmpt --enable-libopencore-amrwb --enable-libmp3lame --enable-libshine --enable-libtheora --enable-libtwolame --enable-libvo-amrwbenc --enable-libcodec2 --enable-libilbc --enable-libgsm --enable-libopencore-amrnb --enable-libopus --enable-libspeex --enable-libvorbis --enable-ladspa --enable-libbs2b --enable-libflite --enable-libmysofa --enable-librubberband --enable-libsoxr --enable-chromaprint
  libavutil      59.  8.100 / 59.  8.100
  libavcodec     61.  3.100 / 61.  3.100
  libavformat    61.  1.100 / 61.  1.100
  libavdevice    61.  1.100 / 61.  1.100
  libavfilter    10.  1.100 / 10.  1.100
  libswscale      8.  1.100 /  8.  1.100
  libswresample   5.  1.100 /  5.  1.100
  libpostproc    58.  1.100 / 58.  1.100
Input #0, mov,mp4,m4a,3gp,3g2,mj2, from 'C:\Temp\yt-dlp\Video_by_solar24news.mp4':
  Metadata:
    major_brand     : isom
    minor_version   : 512
    compatible_brands: isomiso2mp41
    title           : Video by solar24news
    artist          : Solar24news
    date            : 20240827
    encoder         : Lavf61.1.100
    comment         : https://www.instagram.com/reel/C_LEIvltKM6
    description     : Viva Las Vegas ğŸ”†
                    : Our partner @raulibrackets recently launched an app, which accurately calculates the components needed for your solar panel system based on local weather conditions, roof material, panelsize, the panel field shape and roof slope.
                    : Link in bio. ğŸ”†
                    : .
                    : ğŸ“½ Vincent Aviator
                    : .
                    : #solarpanels #solar24news #solarpower
    synopsis        : Viva Las Vegas ğŸ”†
                    : Our partner @raulibrackets recently launched an app, which accurately calculates the components needed for your solar panel system based on local weather conditions, roof material, panelsize, the panel field shape and roof slope.
                    : Link in bio. ğŸ”†
                    : .
                    : ğŸ“½ Vincent Aviator
                    : .
                    : #solarpanels #solar24news #solarpower
  Duration: 00:00:08.06, start: 0.000000, bitrate: 3284 kb/s
  Stream #0:0[0x1](und): Video: vp9 (Profile 0) (vp09 / 0x39307076), yuv420p(tv, bt470bg/bt470bg/smpte170m), 720x1280, 3206 kb/s, 30 fps, 30 tbr, 15360 tbn (default)
      Metadata:
        handler_name    : VideoHandler
        vendor_id       : [0][0][0][0]
        encoder         : VPC Coding
  Stream #0:1[0x2](und): Audio: aac (HE-AAC) (mp4a / 0x6134706D), 44100 Hz, stereo, fltp, 79 kb/s (default)
      Metadata:
        handler_name    : SoundHandler
        vendor_id       : [0][0][0][0]
Stream mapping:
  Stream #0:0 -> #0:0 (vp9 (native) -> h264 (libx264))
  Stream #0:1 -> #0:1 (aac (native) -> aac (native))
Press [q] to stop, [?] for help
[libx264 @ 000001ebc01b3bc0] using cpu capabilities: MMX2 SSE2Fast SSSE3 SSE4.2 AVX FMA3 BMI2 AVX2
[libx264 @ 000001ebc01b3bc0] profile High, level 3.1, 4:2:0, 8-bit
[libx264 @ 000001ebc01b3bc0] 264 - core 164 r3191 4613ac3 - H.264/MPEG-4 AVC codec - Copyleft 2003-2024 - http://www.videolan.org/x264.html - options: cabac=1 ref=3 deblock=1:0:0 analyse=0x3:0x113 me=hex subme=7 psy=1 psy_rd=1.00:0.00 mixed_ref=1 me_range=16 chroma_me=1 trellis=1 8x8dct=1 cqm=0 deadzone=21,11 fast_pskip=1 chroma_qp_offset=-2 threads=24 lookahead_threads=4 sliced_threads=0 nr=0 decimate=1 interlaced=0 bluray_compat=0 constrained_intra=0 bframes=3 b_pyramid=2 b_adapt=1 b_bias=0 direct=1 weightb=1 open_gop=0 weightp=2 keyint=250 keyint_min=25 scenecut=40 intra_refresh=0 rc_lookahead=40 rc=crf mbtree=1 crf=23.0 qcomp=0.60 qpmin=0 qpmax=69 qpstep=4 ip_ratio=1.40 aq=1:1.00
Output #0, mp4, to 'C:\Temp\yt-dlp\Video_by_solar24news_reencoded.mp4':
  Metadata:
    major_brand     : isom
    minor_version   : 512
    compatible_brands: isomiso2mp41
    title           : Video by solar24news
    artist          : Solar24news
    date            : 20240827
    synopsis        : Viva Las Vegas ğŸ”†
                    : Our partner @raulibrackets recently launched an app, which accurately calculates the components needed for your solar panel system based on local weather conditions, roof material, panelsize, the panel field shape and roof slope.
                    : Link in bio. ğŸ”†
                    : .
                    : ğŸ“½ Vincent Aviator
                    : .
                    : #solarpanels #solar24news #solarpower
    comment         : https://www.instagram.com/reel/C_LEIvltKM6
    description     : Viva Las Vegas ğŸ”†
                    : Our partner @raulibrackets recently launched an app, which accurately calculates the components needed for your solar panel system based on local weather conditions, roof material, panelsize, the panel field shape and roof slope.
                    : Link in bio. ğŸ”†
                    : .
                    : ğŸ“½ Vincent Aviator
                    : .
                    : #solarpanels #solar24news #solarpower
    encoder         : Lavf61.1.100
  Stream #0:0(und): Video: h264 (avc1 / 0x31637661), yuv420p(tv, bt470bg/bt470bg/smpte170m, progressive), 720x1280, q=2-31, 30 fps, 15360 tbn (default)
      Metadata:
        handler_name    : VideoHandler
        vendor_id       : [0][0][0][0]
        encoder         : Lavc61.3.100 libx264
      Side data:
        cpb: bitrate max/min/avg: 0/0/0 buffer size: 0 vbv_delay: N/A
  Stream #0:1(und): Audio: aac (LC) (mp4a / 0x6134706D), 44100 Hz, stereo, fltp, 128 kb/s (default)
      Metadata:
        handler_name    : SoundHandler
        vendor_id       : [0][0][0][0]
        encoder         : Lavc61.3.100 aac
[mp4 @ 000001ebbfbd5000] Starting second pass: moving the moov atom to the beginning of the file
[out#0/mp4 @ 000001ebbfbda1c0] video:3286KiB audio:127KiB subtitle:0KiB other streams:0KiB global headers:0KiB muxing overhead: 0.305135%
frame=  241 fps=173 q=-1.0 Lsize=    3423KiB time=00:00:07.96 bitrate=3520.2kbits/s speed=5.72x
[libx264 @ 000001ebc01b3bc0] frame I:1     Avg QP:24.25  size:176647
[libx264 @ 000001ebc01b3bc0] frame P:110   Avg QP:24.83  size: 25430
[libx264 @ 000001ebc01b3bc0] frame B:130   Avg QP:27.65  size:  2998
[libx264 @ 000001ebc01b3bc0] consecutive B-frames: 23.2% 13.3%  3.7% 59.8%
[libx264 @ 000001ebc01b3bc0] mb I  I16..4:  0.6% 86.1% 13.3%
[libx264 @ 000001ebc01b3bc0] mb P  I16..4:  3.8% 11.3%  1.1%  P16..4: 38.8% 16.9% 11.8%  0.0%  0.0%    skip:16.2%
[libx264 @ 000001ebc01b3bc0] mb B  I16..4:  0.4%  0.3%  0.0%  B16..8: 43.9%  3.2%  0.3%  direct: 0.7%  skip:51.1%  L0:44.0% L1:48.4% BI: 7.6%
[libx264 @ 000001ebc01b3bc0] 8x8 transform intra:69.3% inter:72.8%
[libx264 @ 000001ebc01b3bc0] coded y,uvDC,uvAC intra: 54.4% 44.7% 7.2% inter: 18.0% 14.7% 0.1%
[libx264 @ 000001ebc01b3bc0] i16 v,h,dc,p: 12% 58% 10% 20%
[libx264 @ 000001ebc01b3bc0] i8 v,h,dc,ddl,ddr,vr,hd,vl,hu: 14% 20% 27%  4%  9%  8%  7%  5%  6%
[libx264 @ 000001ebc01b3bc0] i4 v,h,dc,ddl,ddr,vr,hd,vl,hu: 14% 21% 16%  5% 12% 10%  9%  5%  6%
[libx264 @ 000001ebc01b3bc0] i8c dc,h,v,p: 52% 32% 12%  3%
[libx264 @ 000001ebc01b3bc0] Weighted P-Frames: Y:16.4% UV:2.7%
[libx264 @ 000001ebc01b3bc0] ref P L0: 72.3% 20.2%  6.2%  1.2%  0.2%
[libx264 @ 000001ebc01b3bc0] ref B L0: 96.7%  2.9%  0.4%
[libx264 @ 000001ebc01b3bc0] ref B L1: 98.3%  1.7%
[libx264 @ 000001ebc01b3bc0] kb/s:3349.72
[aac @ 000001ebc0187580] Qavg: 439.087

PS C:\Users\kushal\src\myhtml\fromnepal> cd "C:\Users\kushal\src\mylogging\"; date; git add .; date; git commit --message "add all files" --message "from the terminal"; date; cd "C:\Users\kushal\src\myhtml\fromnepal"; date; yarn; date; yarn run build; date; git add .; date; git commit --message "build application" --message "from the terminal"; date; git pull --rebase origin main; date; git push origin main; date;

Wednesday, August 28, 2024 6:59:18 PM
Wednesday, August 28, 2024 6:59:19 PM
[main 91673061] add all files
 1 file changed, 39 insertions(+)
 create mode 100644 src/recruiting/alan-huesing.txt
Wednesday, August 28, 2024 6:59:19 PM
Wednesday, August 28, 2024 6:59:19 PM
yarn install v1.22.21
[1/4] Resolving packages...
success Already up-to-date.
Done in 0.09s.
Wednesday, August 28, 2024 6:59:19 PM
yarn run v1.22.21
$ tsc && vite build
vite v5.4.1 building for production...
âœ“ 5 modules transformed.
docs/index.html                 0.53 kB â”‚ gzip: 0.32 kB
docs/assets/index-DYhv0y2B.css  4.60 kB â”‚ gzip: 1.63 kB
docs/assets/index-DlmTeNAq.js   2.94 kB â”‚ gzip: 1.31 kB
âœ“ built in 314ms
Done in 1.96s.
Wednesday, August 28, 2024 6:59:21 PM
warning: in the working copy of 'docs/assets/index-DYhv0y2B.css', LF will be replaced by CRLF the next time Git touches it
warning: in the working copy of 'docs/assets/index-DlmTeNAq.js', LF will be replaced by CRLF the next time Git touches it
warning: in the working copy of 'docs/index.html', LF will be replaced by CRLF the next time Git touches it
Wednesday, August 28, 2024 6:59:23 PM
[main 4014088] build application
 2 files changed, 690 insertions(+), 658 deletions(-)
Wednesday, August 28, 2024 6:59:23 PM
From github.com:fromnepal/fromnepal.github.io
 * branch            main       -> FETCH_HEAD
Current branch main is up to date.
Wednesday, August 28, 2024 6:59:25 PM
Enumerating objects: 9, done.
Counting objects: 100% (9/9), done.
Delta compression using up to 16 threads
Compressing objects: 100% (5/5), done.
Writing objects: 100% (5/5), 7.61 KiB | 7.61 MiB/s, done.
Total 5 (delta 3), reused 0 (delta 0), pack-reused 0 (from 0)
remote: Resolving deltas: 100% (3/3), completed with 3 local objects.
To github.com:fromnepal/fromnepal.github.io.git
   32c230b..4014088  main -> main
Wednesday, August 28, 2024 6:59:26 PM

PS C:\Users\kushal\src\myhtml\fromnepal> cd "C:\Users\kushal\src\mylogging\"; date; git add .; date; git commit --message "add all files" --message "from the terminal"; date; cd "C:\Users\kushal\src\myhtml\fromnepal"; date; yarn; date; yarn run build; date; git add .; date; git commit --message "build application" --message "from the terminal"; date; git pull --rebase origin main; date; git push origin main; date;

Wednesday, August 28, 2024 7:01:04 PM
Wednesday, August 28, 2024 7:01:04 PM
[main 09fc973e] add all files
 1 file changed, 78 insertions(+), 1 deletion(-)
Wednesday, August 28, 2024 7:01:04 PM
Wednesday, August 28, 2024 7:01:04 PM
yarn install v1.22.21
[1/4] Resolving packages...
success Already up-to-date.
Done in 0.06s.
Wednesday, August 28, 2024 7:01:04 PM
yarn run v1.22.21
$ tsc && vite build
vite v5.4.1 building for production...
âœ“ 5 modules transformed.
docs/index.html                 0.53 kB â”‚ gzip: 0.32 kB
docs/assets/index-DYhv0y2B.css  4.60 kB â”‚ gzip: 1.63 kB
docs/assets/index-DlmTeNAq.js   2.94 kB â”‚ gzip: 1.31 kB
âœ“ built in 204ms
Done in 1.11s.
Wednesday, August 28, 2024 7:01:05 PM
warning: in the working copy of 'docs/assets/index-DYhv0y2B.css', LF will be replaced by CRLF the next time Git touches it
warning: in the working copy of 'docs/assets/index-DlmTeNAq.js', LF will be replaced by CRLF the next time Git touches it
warning: in the working copy of 'docs/index.html', LF will be replaced by CRLF the next time Git touches it
Wednesday, August 28, 2024 7:01:06 PM
On branch main
Your branch is up to date with 'origin/main'.

nothing to commit, working tree clean
Wednesday, August 28, 2024 7:01:06 PM
From github.com:fromnepal/fromnepal.github.io
 * branch            main       -> FETCH_HEAD
Already up to date.
Wednesday, August 28, 2024 7:01:07 PM
Everything up-to-date
Wednesday, August 28, 2024 7:01:07 PM

PS C:\Users\kushal\src\myhtml\fromnepal> cd "C:\Users\kushal\src\mylogging\"; date; git add .; date; git commit --message "add all files" --message "from the terminal"; date; cd "C:\Users\kushal\src\myhtml\fromnepal"; date; yarn; date; yarn run build; date; git add .; date; git commit --message "build application" --message "from the terminal"; date; git pull --rebase origin main; date; git push origin main; date;

Wednesday, August 28, 2024 7:07:28 PM
Wednesday, August 28, 2024 7:07:28 PM
On branch main
nothing to commit, working tree clean
Wednesday, August 28, 2024 7:07:28 PM
Wednesday, August 28, 2024 7:07:28 PM
yarn install v1.22.21
[1/4] Resolving packages...
success Already up-to-date.
Done in 0.06s.
Wednesday, August 28, 2024 7:07:29 PM
yarn run v1.22.21
$ tsc && vite build
vite v5.4.1 building for production...
âœ“ 5 modules transformed.
docs/index.html                 0.53 kB â”‚ gzip: 0.32 kB
docs/assets/index-DYhv0y2B.css  4.60 kB â”‚ gzip: 1.63 kB
docs/assets/index-DlmTeNAq.js   2.94 kB â”‚ gzip: 1.31 kB
âœ“ built in 253ms
Done in 1.13s.
Wednesday, August 28, 2024 7:07:30 PM
warning: in the working copy of 'docs/assets/index-DYhv0y2B.css', LF will be replaced by CRLF the next time Git touches it
warning: in the working copy of 'docs/assets/index-DlmTeNAq.js', LF will be replaced by CRLF the next time Git touches it
warning: in the working copy of 'docs/index.html', LF will be replaced by CRLF the next time Git touches it
Wednesday, August 28, 2024 7:07:31 PM
[main b1db3ca] build application
 2 files changed, 62 insertions(+)
 create mode 100644 docs/notes/2024/08/28/reginald.txt
 create mode 100644 public/notes/2024/08/28/reginald.txt
Wednesday, August 28, 2024 7:07:31 PM
From github.com:fromnepal/fromnepal.github.io
 * branch            main       -> FETCH_HEAD
Current branch main is up to date.
Wednesday, August 28, 2024 7:07:31 PM
Enumerating objects: 15, done.
Counting objects: 100% (15/15), done.
Delta compression using up to 16 threads
Compressing objects: 100% (7/7), done.
Writing objects: 100% (9/9), 2.11 KiB | 2.11 MiB/s, done.
Total 9 (delta 5), reused 0 (delta 0), pack-reused 0 (from 0)
remote: Resolving deltas: 100% (5/5), completed with 5 local objects.
To github.com:fromnepal/fromnepal.github.io.git
   4014088..b1db3ca  main -> main
Wednesday, August 28, 2024 7:07:32 PM

PS C:\Users\kushal\src\myhtml\fromnepal> cd "C:\Users\kushal\src\mylogging\"; date; git add .; date; git commit --message "add all files" --message "from the terminal"; date; cd "C:\Users\kushal\src\myhtml\fromnepal"; date; yarn; date; yarn run build; date; git add .; date; git commit --message "build application" --message "from the terminal"; date; git pull --rebase origin main; date; git push origin main; date;

Wednesday, August 28, 2024 7:08:51 PM
Wednesday, August 28, 2024 7:08:52 PM
On branch main
nothing to commit, working tree clean
Wednesday, August 28, 2024 7:08:52 PM
Wednesday, August 28, 2024 7:08:52 PM
yarn install v1.22.21
[1/4] Resolving packages...
success Already up-to-date.
Done in 0.07s.
Wednesday, August 28, 2024 7:08:52 PM
yarn run v1.22.21
$ tsc && vite build
vite v5.4.1 building for production...
âœ“ 5 modules transformed.
docs/index.html                 0.53 kB â”‚ gzip: 0.32 kB
docs/assets/index-DYhv0y2B.css  4.60 kB â”‚ gzip: 1.63 kB
docs/assets/index-DlmTeNAq.js   2.94 kB â”‚ gzip: 1.31 kB
âœ“ built in 272ms
Done in 1.54s.
Wednesday, August 28, 2024 7:08:53 PM
warning: in the working copy of 'docs/assets/index-DYhv0y2B.css', LF will be replaced by CRLF the next time Git touches it
warning: in the working copy of 'docs/assets/index-DlmTeNAq.js', LF will be replaced by CRLF the next time Git touches it
warning: in the working copy of 'docs/index.html', LF will be replaced by CRLF the next time Git touches it
Wednesday, August 28, 2024 7:08:54 PM
[main 8a714d1] build application
 4 files changed, 318 insertions(+), 34 deletions(-)
Wednesday, August 28, 2024 7:08:54 PM
From github.com:fromnepal/fromnepal.github.io
 * branch            main       -> FETCH_HEAD
Current branch main is up to date.
Wednesday, August 28, 2024 7:08:55 PM
Enumerating objects: 19, done.
Counting objects: 100% (19/19), done.
Delta compression using up to 16 threads
Compressing objects: 100% (8/8), done.
Writing objects: 100% (10/10), 5.49 KiB | 2.75 MiB/s, done.
Total 10 (delta 6), reused 0 (delta 0), pack-reused 0 (from 0)
remote: Resolving deltas: 100% (6/6), completed with 6 local objects.
To github.com:fromnepal/fromnepal.github.io.git
   b1db3ca..8a714d1  main -> main
Wednesday, August 28, 2024 7:08:56 PM

PS C:\Users\kushal\src\myhtml\fromnepal> cd "C:\Users\kushal\src\mylogging\"; date; git add .; date; git commit --message "add all files" --message "from the terminal"; date; cd "C:\Users\kushal\src\myhtml\fromnepal"; date; yarn; date; yarn run build; date; git add .; date; git commit --message "build application" --message "from the terminal"; date; git pull --rebase origin main; date; git push origin main; date;

Wednesday, August 28, 2024 7:15:41 PM
Wednesday, August 28, 2024 7:15:41 PM
On branch main
nothing to commit, working tree clean
Wednesday, August 28, 2024 7:15:41 PM
Wednesday, August 28, 2024 7:15:41 PM
yarn install v1.22.21
[1/4] Resolving packages...
success Already up-to-date.
Done in 0.07s.
Wednesday, August 28, 2024 7:15:41 PM
yarn run v1.22.21
$ tsc && vite build
vite v5.4.1 building for production...
âœ“ 5 modules transformed.
docs/index.html                 0.53 kB â”‚ gzip: 0.32 kB
docs/assets/index-DYhv0y2B.css  4.60 kB â”‚ gzip: 1.63 kB
docs/assets/index-DlmTeNAq.js   2.94 kB â”‚ gzip: 1.31 kB
âœ“ built in 271ms
Done in 1.18s.
Wednesday, August 28, 2024 7:15:42 PM
warning: in the working copy of 'docs/assets/index-DYhv0y2B.css', LF will be replaced by CRLF the next time Git touches it
warning: in the working copy of 'docs/assets/index-DlmTeNAq.js', LF will be replaced by CRLF the next time Git touches it
warning: in the working copy of 'docs/index.html', LF will be replaced by CRLF the next time Git touches it
Wednesday, August 28, 2024 7:15:43 PM
[main 98bc83d] build application
 4 files changed, 260 insertions(+)
 create mode 100644 docs/notes/2024/08/28/reginald.html
 create mode 100644 public/notes/2024/08/28/reginald.html
Wednesday, August 28, 2024 7:15:43 PM
From github.com:fromnepal/fromnepal.github.io
 * branch            main       -> FETCH_HEAD
Current branch main is up to date.
Wednesday, August 28, 2024 7:15:44 PM
Enumerating objects: 18, done.
Counting objects: 100% (18/18), done.
Delta compression using up to 16 threads
Compressing objects: 100% (9/9), done.
Writing objects: 100% (10/10), 219.41 KiB | 18.28 MiB/s, done.
Total 10 (delta 6), reused 0 (delta 0), pack-reused 0 (from 0)
remote: Resolving deltas: 100% (6/6), completed with 6 local objects.
To github.com:fromnepal/fromnepal.github.io.git
   8a714d1..98bc83d  main -> main
Wednesday, August 28, 2024 7:15:45 PM

PS C:\Users\kushal\src\myhtml\fromnepal> cd "C:\Users\kushal\src\mylogging\"; date; git add .; date; git commit --message "add all files" --message "from the terminal"; date; cd "C:\Users\kushal\src\myhtml\fromnepal"; date; yarn; date; yarn run build; date; git add .; date; git commit --message "build application" --message "from the terminal"; date; git pull --rebase origin main; date; git push origin main; date;