PowerShell 7.4.5
PS C:\Users\kushal> cd "C:\Users\kushal\src\mylogging\"; date; git add .; date; git commit --message "add all files" --message "from the terminal"; date; cd "C:\Users\kushal\src\myhtml\fromnepal"; date; yarn;date; yarn run build; date; git add .; date; git commit --message "build application" --message "from the terminal"; date; git pull --rebase origin main; date; git push origin main; date;

Wednesday, September 11, 2024 7:18:29 PM
Wednesday, September 11, 2024 7:18:29 PM
On branch main
nothing to commit, working tree clean
Wednesday, September 11, 2024 7:18:29 PM
Wednesday, September 11, 2024 7:18:29 PM
yarn install v1.22.21
[1/4] Resolving packages...
success Already up-to-date.
Done in 0.06s.
Wednesday, September 11, 2024 7:18:29 PM
yarn run v1.22.21
$ tsc && vite build
vite v5.4.1 building for production...
✓ 5 modules transformed.
docs/index.html                 0.53 kB │ gzip: 0.32 kB
docs/assets/index-DYhv0y2B.css  4.60 kB │ gzip: 1.63 kB
docs/assets/index-DlmTeNAq.js   2.94 kB │ gzip: 1.31 kB
✓ built in 254ms
Done in 1.02s.
Wednesday, September 11, 2024 7:18:30 PM
warning: in the working copy of 'docs/assets/index-DYhv0y2B.css', LF will be replaced by CRLF the next time Git touches it
warning: in the working copy of 'docs/assets/index-DlmTeNAq.js', LF will be replaced by CRLF the next time Git touches it
warning: in the working copy of 'docs/index.html', LF will be replaced by CRLF the next time Git touches it
Wednesday, September 11, 2024 7:18:32 PM
[main 5951ad4] build application
 2 files changed, 1120 insertions(+)
Wednesday, September 11, 2024 7:18:32 PM
From github.com:fromnepal/fromnepal.github.io
 * branch            main       -> FETCH_HEAD
Current branch main is up to date.
Wednesday, September 11, 2024 7:18:33 PM
Enumerating objects: 9, done.
Counting objects: 100% (9/9), done.
Delta compression using up to 16 threads
Compressing objects: 100% (5/5), done.
Writing objects: 100% (5/5), 4.17 KiB | 2.09 MiB/s, done.
Total 5 (delta 4), reused 0 (delta 0), pack-reused 0 (from 0)
remote: Resolving deltas: 100% (4/4), completed with 4 local objects.
To github.com:fromnepal/fromnepal.github.io.git
   42b1a70..5951ad4  main -> main
Wednesday, September 11, 2024 7:18:34 PM

PS C:\Users\kushal\src\myhtml\fromnepal> cd "C:\Users\kushal\src\mylogging\"; date; git add .; date; git commit --message "add all files" --message "from the terminal"; date; cd "C:\Users\kushal\src\myhtml\fromnepal"; date; yarn; date; yarn run build; date; git add .; date; git commit --message "build application" --message "from the terminal"; date; git pull --rebase origin main; date; git push origin main; date;

Wednesday, September 11, 2024 7:20:40 PM
Wednesday, September 11, 2024 7:20:40 PM
[main 6c1ad15f] add all files
 2 files changed, 246 insertions(+)
 create mode 100644 src/recruiting/luzontech-2024-09-11.md
 create mode 100644 src/resume/kushal-hada-2024-09-11.docx
Wednesday, September 11, 2024 7:20:40 PM
Wednesday, September 11, 2024 7:20:40 PM
yarn install v1.22.21
[1/4] Resolving packages...
success Already up-to-date.
Done in 0.06s.
Wednesday, September 11, 2024 7:20:40 PM
yarn run v1.22.21
$ tsc && vite build
vite v5.4.1 building for production...
✓ 5 modules transformed.
docs/index.html                 0.53 kB │ gzip: 0.32 kB
docs/assets/index-DYhv0y2B.css  4.60 kB │ gzip: 1.63 kB
docs/assets/index-DlmTeNAq.js   2.94 kB │ gzip: 1.31 kB
✓ built in 274ms
Done in 1.06s.
Wednesday, September 11, 2024 7:20:41 PM
warning: in the working copy of 'docs/assets/index-DYhv0y2B.css', LF will be replaced by CRLF the next time Git touches it
warning: in the working copy of 'docs/assets/index-DlmTeNAq.js', LF will be replaced by CRLF the next time Git touches it
warning: in the working copy of 'docs/index.html', LF will be replaced by CRLF the next time Git touches it
Wednesday, September 11, 2024 7:20:43 PM
On branch main
Your branch is up to date with 'origin/main'.

nothing to commit, working tree clean
Wednesday, September 11, 2024 7:20:43 PM
From github.com:fromnepal/fromnepal.github.io
 * branch            main       -> FETCH_HEAD
Already up to date.
Wednesday, September 11, 2024 7:20:44 PM
Everything up-to-date
Wednesday, September 11, 2024 7:20:44 PM

PS C:\Users\kushal\src\myhtml\fromnepal> cd "C:\Users\kushal\src\mylogging\"; date; git add .; date; git commit --message "add all files" --message "from the terminal"; date; cd "C:\Users\kushal\src\myhtml\fromnepal"; date; yarn; date; yarn run build; date; git add .; date; git commit --message "build application" --message "from the terminal"; date; git pull --rebase origin main; date; git push origin main; date;

Wednesday, September 11, 2024 7:33:24 PM
Wednesday, September 11, 2024 7:33:24 PM
[main 63bf7a29] add all files
 3 files changed, 0 insertions(+), 0 deletions(-)
 create mode 100644 src/recruiting/tinker.txt
 create mode 100644 src/resume/kushal-hada-2024-09-11.pdf
Wednesday, September 11, 2024 7:33:24 PM
Wednesday, September 11, 2024 7:33:24 PM
yarn install v1.22.21
[1/4] Resolving packages...
success Already up-to-date.
Done in 0.07s.
Wednesday, September 11, 2024 7:33:24 PM
yarn run v1.22.21
$ tsc && vite build
vite v5.4.1 building for production...
✓ 5 modules transformed.
docs/index.html                 0.53 kB │ gzip: 0.32 kB
docs/assets/index-DYhv0y2B.css  4.60 kB │ gzip: 1.63 kB
docs/assets/index-DlmTeNAq.js   2.94 kB │ gzip: 1.31 kB
✓ built in 357ms
Done in 1.35s.
Wednesday, September 11, 2024 7:33:26 PM
warning: in the working copy of 'docs/assets/index-DYhv0y2B.css', LF will be replaced by CRLF the next time Git touches it
warning: in the working copy of 'docs/assets/index-DlmTeNAq.js', LF will be replaced by CRLF the next time Git touches it
warning: in the working copy of 'docs/index.html', LF will be replaced by CRLF the next time Git touches it
Wednesday, September 11, 2024 7:33:27 PM
On branch main
Your branch is up to date with 'origin/main'.

nothing to commit, working tree clean
Wednesday, September 11, 2024 7:33:28 PM
From github.com:fromnepal/fromnepal.github.io
 * branch            main       -> FETCH_HEAD
Already up to date.
Wednesday, September 11, 2024 7:33:28 PM
Everything up-to-date
Wednesday, September 11, 2024 7:33:29 PM

PS C:\Users\kushal\src\myhtml\fromnepal> cd "C:\Users\kushal\src\mylogging\"; date; git add .; date; git commit --message "add all files" --message "from the terminal"; date; cd "C:\Users\kushal\src\myhtml\fromnepal"; date; yarn; date; yarn run build; date; git add .; date; git commit --message "build application" --message "from the terminal"; date; git pull --rebase origin main; date; git push origin main; date;

Wednesday, September 11, 2024 7:33:35 PM
Wednesday, September 11, 2024 7:33:35 PM
[main 1d17858b] add all files
 1 file changed, 281 insertions(+)
Wednesday, September 11, 2024 7:33:35 PM
Wednesday, September 11, 2024 7:33:35 PM
yarn install v1.22.21
[1/4] Resolving packages...
success Already up-to-date.
Done in 0.07s.
Wednesday, September 11, 2024 7:33:35 PM
yarn run v1.22.21
$ tsc && vite build
vite v5.4.1 building for production...
✓ 5 modules transformed.
docs/index.html                 0.53 kB │ gzip: 0.32 kB
docs/assets/index-DYhv0y2B.css  4.60 kB │ gzip: 1.63 kB
docs/assets/index-DlmTeNAq.js   2.94 kB │ gzip: 1.31 kB
✓ built in 251ms
Done in 1.01s.
Wednesday, September 11, 2024 7:33:36 PM
warning: in the working copy of 'docs/assets/index-DYhv0y2B.css', LF will be replaced by CRLF the next time Git touches it
warning: in the working copy of 'docs/assets/index-DlmTeNAq.js', LF will be replaced by CRLF the next time Git touches it
warning: in the working copy of 'docs/index.html', LF will be replaced by CRLF the next time Git touches it
Wednesday, September 11, 2024 7:33:37 PM
On branch main
Your branch is up to date with 'origin/main'.

nothing to commit, working tree clean
Wednesday, September 11, 2024 7:33:37 PM
From github.com:fromnepal/fromnepal.github.io
 * branch            main       -> FETCH_HEAD
Already up to date.
Wednesday, September 11, 2024 7:33:38 PM
Everything up-to-date
Wednesday, September 11, 2024 7:33:39 PM

PS C:\Users\kushal\src\myhtml\fromnepal> cd "C:\Users\kushal\src\mylogging\"; date; git add .; date; git commit --message "add all files" --message "from the terminal"; date; cd "C:\Users\kushal\src\myhtml\fromnepal"; date; yarn; date; yarn run build; date; git add .; date; git commit --message "build application" --message "from the terminal"; date; git pull --rebase origin main; date; git push origin main; date;

Wednesday, September 11, 2024 7:33:52 PM
Wednesday, September 11, 2024 7:33:52 PM
[main 89d04096] add all files
 1 file changed, 1 insertion(+), 279 deletions(-)
Wednesday, September 11, 2024 7:33:52 PM
Wednesday, September 11, 2024 7:33:52 PM
yarn install v1.22.21
[1/4] Resolving packages...
success Already up-to-date.
Done in 0.06s.
Wednesday, September 11, 2024 7:33:52 PM
yarn run v1.22.21
$ tsc && vite build
vite v5.4.1 building for production...
✓ 5 modules transformed.
docs/index.html                 0.53 kB │ gzip: 0.32 kB
docs/assets/index-DYhv0y2B.css  4.60 kB │ gzip: 1.63 kB
docs/assets/index-DlmTeNAq.js   2.94 kB │ gzip: 1.31 kB
✓ built in 265ms
Done in 1.02s.
Wednesday, September 11, 2024 7:33:53 PM
warning: in the working copy of 'docs/assets/index-DYhv0y2B.css', LF will be replaced by CRLF the next time Git touches it
warning: in the working copy of 'docs/assets/index-DlmTeNAq.js', LF will be replaced by CRLF the next time Git touches it
warning: in the working copy of 'docs/index.html', LF will be replaced by CRLF the next time Git touches it
Wednesday, September 11, 2024 7:33:55 PM
On branch main
Your branch is up to date with 'origin/main'.

nothing to commit, working tree clean
Wednesday, September 11, 2024 7:33:55 PM
From github.com:fromnepal/fromnepal.github.io
 * branch            main       -> FETCH_HEAD
Already up to date.
Wednesday, September 11, 2024 7:33:55 PM
Everything up-to-date
Wednesday, September 11, 2024 7:33:56 PM

PS C:\Users\kushal\src\myhtml\fromnepal> cd "C:\Users\kushal\src\mylogging\"; date; git add .; date; git commit --message "add all files" --message "from the terminal"; date; cd "C:\Users\kushal\src\myhtml\fromnepal"; date; yarn; date; yarn run build; date; git add .; date; git commit --message "build application" --message "from the terminal"; date; git pull --rebase origin main; date; git push origin main; date;

Wednesday, September 11, 2024 7:34:41 PM
Wednesday, September 11, 2024 7:34:41 PM
[main 6b9d4911] add all files
 1 file changed, 47 insertions(+)
Wednesday, September 11, 2024 7:34:42 PM
Wednesday, September 11, 2024 7:34:42 PM
yarn install v1.22.21
[1/4] Resolving packages...
success Already up-to-date.
Done in 0.06s.
Wednesday, September 11, 2024 7:34:42 PM
yarn run v1.22.21
$ tsc && vite build
vite v5.4.1 building for production...
✓ 5 modules transformed.
docs/index.html                 0.53 kB │ gzip: 0.32 kB
docs/assets/index-DYhv0y2B.css  4.60 kB │ gzip: 1.63 kB
docs/assets/index-DlmTeNAq.js   2.94 kB │ gzip: 1.31 kB
✓ built in 251ms
Done in 1.01s.
Wednesday, September 11, 2024 7:34:43 PM
warning: in the working copy of 'docs/assets/index-DYhv0y2B.css', LF will be replaced by CRLF the next time Git touches it
warning: in the working copy of 'docs/assets/index-DlmTeNAq.js', LF will be replaced by CRLF the next time Git touches it
warning: in the working copy of 'docs/index.html', LF will be replaced by CRLF the next time Git touches it
Wednesday, September 11, 2024 7:34:44 PM
On branch main
Your branch is up to date with 'origin/main'.

nothing to commit, working tree clean
Wednesday, September 11, 2024 7:34:44 PM
From github.com:fromnepal/fromnepal.github.io
 * branch            main       -> FETCH_HEAD
Already up to date.
Wednesday, September 11, 2024 7:34:45 PM
Everything up-to-date
Wednesday, September 11, 2024 7:34:46 PM

PS C:\Users\kushal\src\myhtml\fromnepal> cd "C:\Users\kushal\src\mylogging\"; date; git add .; date; git commit --message "add all files" --message "from the terminal"; date; cd "C:\Users\kushal\src\myhtml\fromnepal"; date; yarn; date; yarn run build; date; git add .; date; git commit --message "build application" --message "from the terminal"; date; git pull --rebase origin main; date; git push origin main; date;

Wednesday, September 11, 2024 7:36:29 PM
Wednesday, September 11, 2024 7:36:29 PM
[main 05095d0d] add all files
 1 file changed, 54 insertions(+)
Wednesday, September 11, 2024 7:36:29 PM
Wednesday, September 11, 2024 7:36:29 PM
yarn install v1.22.21
[1/4] Resolving packages...
success Already up-to-date.
Done in 0.06s.
Wednesday, September 11, 2024 7:36:29 PM
yarn run v1.22.21
$ tsc && vite build
vite v5.4.1 building for production...
✓ 5 modules transformed.
docs/index.html                 0.53 kB │ gzip: 0.32 kB
docs/assets/index-DYhv0y2B.css  4.60 kB │ gzip: 1.63 kB
docs/assets/index-DlmTeNAq.js   2.94 kB │ gzip: 1.31 kB
✓ built in 303ms
Done in 1.16s.
Wednesday, September 11, 2024 7:36:31 PM
warning: in the working copy of 'docs/assets/index-DYhv0y2B.css', LF will be replaced by CRLF the next time Git touches it
warning: in the working copy of 'docs/assets/index-DlmTeNAq.js', LF will be replaced by CRLF the next time Git touches it
warning: in the working copy of 'docs/index.html', LF will be replaced by CRLF the next time Git touches it
Wednesday, September 11, 2024 7:36:32 PM
On branch main
Your branch is up to date with 'origin/main'.

nothing to commit, working tree clean
Wednesday, September 11, 2024 7:36:32 PM
From github.com:fromnepal/fromnepal.github.io
 * branch            main       -> FETCH_HEAD
Already up to date.
Wednesday, September 11, 2024 7:36:33 PM
Everything up-to-date
Wednesday, September 11, 2024 7:36:33 PM

PS C:\Users\kushal\src\myhtml\fromnepal> cd "C:\Users\kushal\src\mylogging\"; date; git add .; date; git commit --message "add all files" --message "from the terminal"; date; cd "C:\Users\kushal\src\myhtml\fromnepal"; date; yarn; date; yarn run build; date; git add .; date; git commit --message "build application" --message "from the terminal"; date; git pull --rebase origin main; date; git push origin main; date;

Wednesday, September 11, 2024 7:36:37 PM
Wednesday, September 11, 2024 7:36:37 PM
On branch main
nothing to commit, working tree clean
Wednesday, September 11, 2024 7:36:37 PM
Wednesday, September 11, 2024 7:36:37 PM
yarn install v1.22.21
[1/4] Resolving packages...
success Already up-to-date.
Done in 0.06s.
Wednesday, September 11, 2024 7:36:37 PM
yarn run v1.22.21
$ tsc && vite build
vite v5.4.1 building for production...
✓ 5 modules transformed.
docs/index.html                 0.53 kB │ gzip: 0.32 kB
docs/assets/index-DYhv0y2B.css  4.60 kB │ gzip: 1.63 kB
docs/assets/index-DlmTeNAq.js   2.94 kB │ gzip: 1.31 kB
✓ built in 249ms
Done in 1.01s.
Wednesday, September 11, 2024 7:36:39 PM
warning: in the working copy of 'docs/assets/index-DYhv0y2B.css', LF will be replaced by CRLF the next time Git touches it
warning: in the working copy of 'docs/assets/index-DlmTeNAq.js', LF will be replaced by CRLF the next time Git touches it
warning: in the working copy of 'docs/index.html', LF will be replaced by CRLF the next time Git touches it
Wednesday, September 11, 2024 7:36:40 PM
On branch main
Your branch is up to date with 'origin/main'.

nothing to commit, working tree clean
Wednesday, September 11, 2024 7:36:40 PM
From github.com:fromnepal/fromnepal.github.io
 * branch            main       -> FETCH_HEAD
Already up to date.
Wednesday, September 11, 2024 7:36:41 PM
Everything up-to-date
Wednesday, September 11, 2024 7:36:41 PM

PS C:\Users\kushal\src\myhtml\fromnepal> cd "C:\Users\kushal\src\mylogging\"; date; git add .; date; git commit --message "add all files" --message "from the terminal"; date; cd "C:\Users\kushal\src\myhtml\fromnepal"; date; yarn; date; yarn run build; date; git add .; date; git commit --message "build application" --message "from the terminal"; date; git pull --rebase origin main; date; git push origin main; date;

Wednesday, September 11, 2024 7:51:14 PM
Wednesday, September 11, 2024 7:51:14 PM
On branch main
nothing to commit, working tree clean
Wednesday, September 11, 2024 7:51:14 PM
Wednesday, September 11, 2024 7:51:14 PM
yarn install v1.22.21
[1/4] Resolving packages...
success Already up-to-date.
Done in 0.06s.
Wednesday, September 11, 2024 7:51:14 PM
yarn run v1.22.21
$ tsc && vite build
vite v5.4.1 building for production...
✓ 5 modules transformed.
docs/index.html                 0.53 kB │ gzip: 0.32 kB
docs/assets/index-DYhv0y2B.css  4.60 kB │ gzip: 1.63 kB
docs/assets/index-DlmTeNAq.js   2.94 kB │ gzip: 1.31 kB
✓ built in 360ms
Done in 1.24s.
Wednesday, September 11, 2024 7:51:15 PM
warning: in the working copy of 'docs/assets/index-DYhv0y2B.css', LF will be replaced by CRLF the next time Git touches it
warning: in the working copy of 'docs/assets/index-DlmTeNAq.js', LF will be replaced by CRLF the next time Git touches it
warning: in the working copy of 'docs/index.html', LF will be replaced by CRLF the next time Git touches it
Wednesday, September 11, 2024 7:51:17 PM
[main 2c241d8] build application
 2 files changed, 0 insertions(+), 0 deletions(-)
 create mode 100644 docs/notes/facebook-grohl.png
 create mode 100644 public/notes/facebook-grohl.png
Wednesday, September 11, 2024 7:51:17 PM
From github.com:fromnepal/fromnepal.github.io
 * branch            main       -> FETCH_HEAD
Current branch main is up to date.
Wednesday, September 11, 2024 7:51:18 PM
Enumerating objects: 10, done.
Counting objects: 100% (10/10), done.
Delta compression using up to 16 threads
Compressing objects: 100% (6/6), done.
Writing objects: 100% (6/6), 1.49 MiB | 4.68 MiB/s, done.
Total 6 (delta 4), reused 0 (delta 0), pack-reused 0 (from 0)
remote: Resolving deltas: 100% (4/4), completed with 4 local objects.
To github.com:fromnepal/fromnepal.github.io.git
   5951ad4..2c241d8  main -> main
Wednesday, September 11, 2024 7:51:19 PM

PS C:\Users\kushal\src\myhtml\fromnepal> cd "C:\Users\kushal\src\mylogging\"; date; git add .; date; git commit --message "add all files" --message "from the terminal"; date; cd "C:\Users\kushal\src\myhtml\fromnepal"; date; yarn; date; yarn run build; date; git add .; date; git commit --message "build application" --message "from the terminal"; date; git pull --rebase origin main; date; git push origin main; date;

Wednesday, September 11, 2024 7:54:14 PM
Wednesday, September 11, 2024 7:54:14 PM
On branch main
nothing to commit, working tree clean
Wednesday, September 11, 2024 7:54:14 PM
Wednesday, September 11, 2024 7:54:14 PM
yarn install v1.22.21
[1/4] Resolving packages...
success Already up-to-date.
Done in 0.06s.
Wednesday, September 11, 2024 7:54:14 PM
yarn run v1.22.21
$ tsc && vite build
vite v5.4.1 building for production...
✓ 5 modules transformed.
docs/index.html                 0.53 kB │ gzip: 0.32 kB
docs/assets/index-DYhv0y2B.css  4.60 kB │ gzip: 1.63 kB
docs/assets/index-DlmTeNAq.js   2.94 kB │ gzip: 1.31 kB
✓ built in 354ms
Done in 1.61s.
Wednesday, September 11, 2024 7:54:16 PM
warning: in the working copy of 'docs/assets/index-DYhv0y2B.css', LF will be replaced by CRLF the next time Git touches it
warning: in the working copy of 'docs/assets/index-DlmTeNAq.js', LF will be replaced by CRLF the next time Git touches it
warning: in the working copy of 'docs/index.html', LF will be replaced by CRLF the next time Git touches it
Wednesday, September 11, 2024 7:54:18 PM
[main a3910d0] build application
 2 files changed, 0 insertions(+), 0 deletions(-)
 create mode 100644 docs/notes/waling-comment.png
 create mode 100644 public/notes/waling-comment.png
Wednesday, September 11, 2024 7:54:18 PM
From github.com:fromnepal/fromnepal.github.io
 * branch            main       -> FETCH_HEAD
Current branch main is up to date.
Wednesday, September 11, 2024 7:54:19 PM
Enumerating objects: 10, done.
Counting objects: 100% (10/10), done.
Delta compression using up to 16 threads
Compressing objects: 100% (6/6), done.
Writing objects: 100% (6/6), 1.77 MiB | 5.70 MiB/s, done.
Total 6 (delta 4), reused 0 (delta 0), pack-reused 0 (from 0)
remote: Resolving deltas: 100% (4/4), completed with 4 local objects.
To github.com:fromnepal/fromnepal.github.io.git
   2c241d8..a3910d0  main -> main
Wednesday, September 11, 2024 7:54:20 PM

PS C:\Users\kushal\src\myhtml\fromnepal> cd "C:\Users\kushal\src\myhtml\fromnepal\public\notes\"; .\download_video.ps1  -url "https://www.facebook.com/reel/9006178896085364"

Wednesday, September 11, 2024 8:05:04 PM

PSPath              : Microsoft.PowerShell.Core\FileSystem::C:\Temp\yt-dlp
PSParentPath        : Microsoft.PowerShell.Core\FileSystem::C:\Temp
PSChildName         : yt-dlp
PSDrive             : C
PSProvider          : Microsoft.PowerShell.Core\FileSystem
PSIsContainer       : True
Name                : yt-dlp
Parent              : C:\Temp
Root                : C:\
Exists              : True
FullName            : C:\Temp\yt-dlp
Extension           :
CreationTime        : 9/11/2024 8:05:04 PM
CreationTimeUtc     : 9/12/2024 12:05:04 AM
LastAccessTime      : 9/11/2024 8:05:04 PM
LastAccessTimeUtc   : 9/12/2024 12:05:04 AM
LastWriteTime       : 9/11/2024 8:05:04 PM
LastWriteTimeUtc    : 9/12/2024 12:05:04 AM
LinkTarget          :
UnixFileMode        : -1
Attributes          : Directory
Mode                : d----
ModeWithoutHardLink : d----
BaseName            : yt-dlp
ResolvedTarget      : C:\Temp\yt-dlp
Target              :
LinkType            :

Wednesday, September 11, 2024 8:05:04 PM
[debug] Command-line config: ['--verbose', '--write-sub', '--sub-lang', 'en', '--restrict-filenames', '--add-metadata', '-f', 'bestvideo[ext=mp4]+bestaudio[ext=m4a]/mp4', '--sponsorblock-mark', 'all', '--sponsorblock-remove', 'all', '--merge-output-format', 'mp4', '-o', 'C:\\Temp\\yt-dlp\\%(id)s.%(ext)s', 'https://www.facebook.com/reel/9006178896085364']
[debug] Portable config "C:\Users\kushal\scoop\apps\yt-dlp\current\yt-dlp.conf": []
[debug] Encodings: locale cp1252, fs utf-8, pref cp1252, out utf-8, error utf-8, screen utf-8
[debug] yt-dlp version stable@2024.08.06 from yt-dlp/yt-dlp [4d9231208] (win_exe)
[debug] Python 3.8.10 (CPython AMD64 64bit) - Windows-10-10.0.22631-SP0 (OpenSSL 1.1.1k  25 Mar 2021)
[debug] exe versions: ffmpeg 7.0.2-full_build-www.gyan.dev (setts), ffprobe 7.0.2-full_build-www.gyan.dev
[debug] Optional libraries: Cryptodome-3.20.0, brotli-1.1.0, certifi-2024.07.04, curl_cffi-0.5.10, mutagen-1.47.0, requests-2.32.3, sqlite3-3.35.5, urllib3-2.2.2, websockets-12.0
[debug] Proxy map: {}
[debug] Request Handlers: urllib, requests, websockets, curl_cffi
[debug] Loaded 1830 extractors
[facebook:reel] Extracting URL: https://www.facebook.com/reel/9006178896085364
[facebook] Extracting URL: https://m.facebook.com/watch/?v=9006178896085364&_rdr
[facebook] 9006178896085364: Downloading webpage
[debug] Formats sorted by: hasvid, ie_pref, lang, quality, res, fps, hdr:12(7), vcodec:vp9.2(10), channels, acodec, size, br, asr, proto, vext, aext, hasaud, source, id
[SponsorBlock] SponsorBlock is not supported for Facebook
[info] 9006178896085364: Downloading 1 format(s): 1532293064047802v+1439720123386189a
[info] There are no subtitles for the requested languages
[debug] Invoking http downloader on "https://video-iad3-1.xx.fbcdn.net/v/t39.25447-2/456535666_813973290723215_3346215003624131248_n.mp4?_nc_cat=101&ccb=1-7&_nc_sid=9a5d50&efg=eyJ2ZW5jb2RlX3RhZyI6ImRhc2hfcjJhdjEtcjFnZW4ydnA5X3E5MCIsInZpZGVvX2lkIjo5MDA2MTc4ODk2MDg1MzY0fQ==&_nc_ohc=ZD436Qxhsa4Q7kNvgEE2IdX&_nc_ht=video-iad3-1.xx&_nc_gid=AC1BJ9xJAdlEMCbt_rXMzql&oh=00_AYBQWifwpN70hQUEflRooM44uh6QjpFJqqbfhr-fdX_7GA&oe=66E80711"
[debug] File locking is not supported. Proceeding without locking
[download] Destination: C:\Temp\yt-dlp\9006178896085364.f1532293064047802v.mp4
[download] 100% of    1.41MiB in 00:00:00 at 5.91MiB/s
[debug] Invoking http downloader on "https://video-iad3-2.xx.fbcdn.net/v/t39.25447-2/456957507_1936518940128939_7022399180320710037_n.mp4?_nc_cat=105&ccb=1-7&_nc_sid=9a5d50&efg=eyJ2ZW5jb2RlX3RhZyI6ImRhc2hfYXVkaW9fYWFjcF80OF9mbm9ybTE0X2ZyYWdfMl9hdWRpbyIsInZpZGVvX2lkIjo5MDA2MTc4ODk2MDg1MzY0fQ==&_nc_ohc=b6mbkAiGa8MQ7kNvgHoa7tF&_nc_ht=video-iad3-2.xx&_nc_gid=AC1BJ9xJAdlEMCbt_rXMzql&oh=00_AYC0S_SZ4PsfLFriWCP5OSdCL8WAuUHtF3J6woIFyaG9MQ&oe=66E7E7E7"
[download] Destination: C:\Temp\yt-dlp\9006178896085364.f1439720123386189a.m4a
[download] 100% of   71.24KiB in 00:00:00 at 519.52KiB/s
[Merger] Merging formats into "C:\Temp\yt-dlp\9006178896085364.mp4"
[debug] ffmpeg command line: ffmpeg -y -loglevel repeat+info -i file:C:\Temp\yt-dlp\9006178896085364.f1532293064047802v.mp4 -i file:C:\Temp\yt-dlp\9006178896085364.f1439720123386189a.m4a -c copy -map 0:v:0 -map 1:a:0 -movflags +faststart file:C:\Temp\yt-dlp\9006178896085364.temp.mp4
Deleting original file C:\Temp\yt-dlp\9006178896085364.f1439720123386189a.m4a (pass -k to keep)
Deleting original file C:\Temp\yt-dlp\9006178896085364.f1532293064047802v.mp4 (pass -k to keep)
[ModifyChapters] SponsorBlock information is unavailable
[Metadata] Adding metadata to "C:\Temp\yt-dlp\9006178896085364.mp4"
[debug] ffmpeg command line: ffmpeg -y -loglevel repeat+info -i file:C:\Temp\yt-dlp\9006178896085364.mp4 -map 0 -dn -ignore_unknown -c copy -write_id3v1 1 -metadata "title=2.6M views · 98K reactions | Chatur jhapali timilai ta k garnu😀 | Sayarani Shrestha | Sayarani Shrestha · Original audio" -metadata "date=20240825" -metadata "description=Chatur jhapali timilai ta k garnu😀. Sayarani Shrestha · Original audio" -metadata "synopsis=Chatur jhapali timilai ta k garnu😀. Sayarani Shrestha · Original audio" -metadata "purl=https://m.facebook.com/watch/?v=9006178896085364&_rdr" -metadata "comment=https://m.facebook.com/watch/?v=9006178896085364&_rdr" -metadata "artist=2.6M views &#xb7; 98K reactions | Chatur jhapali timilai ta k garnu&#x1f600; | Sayarani Shrestha | Sayarani Shrestha &#xb7; Original audio" -movflags +faststart file:C:\Temp\yt-dlp\9006178896085364.temp.mp4
Wednesday, September 11, 2024 8:05:08 PM
Wednesday, September 11, 2024 8:05:08 PM
Wednesday, September 11, 2024 8:05:08 PM

LastWriteTime : 8/25/2024 11:27:12 AM
Length        : 1553189
Name          : 9006178896085364.mp4


LastWriteTime : 8/25/2024 11:27:12 AM
Length        : 1553189
Name          : 9006178896085364.mp4


LastWriteTime : 8/25/2024 11:27:12 AM
Length        : 1553189
Name          : 9006178896085364.mp4

Cleaned video name: 9006178896085364mp4
Cleaned video path: C:\Temp\yt-dlp\9006178896085364mp4
Running ffmpeg without subtitles
ffmpeg -i "C:\Temp\yt-dlp\9006178896085364mp4" -c:v libx264 -c:a aac -strict experimental -movflags +faststart "C:\Temp\yt-dlp\9006178896085364mp4_reencoded.mp4"
ffmpeg version 7.0.2-full_build-www.gyan.dev Copyright (c) 2000-2024 the FFmpeg developers
  built with gcc 13.2.0 (Rev5, Built by MSYS2 project)
  configuration: --enable-gpl --enable-version3 --enable-static --disable-w32threads --disable-autodetect --enable-fontconfig --enable-iconv --enable-gnutls --enable-libxml2 --enable-gmp --enable-bzlib --enable-lzma --enable-libsnappy --enable-zlib --enable-librist --enable-libsrt --enable-libssh --enable-libzmq --enable-avisynth --enable-libbluray --enable-libcaca --enable-sdl2 --enable-libaribb24 --enable-libaribcaption --enable-libdav1d --enable-libdavs2 --enable-libuavs3d --enable-libxevd --enable-libzvbi --enable-librav1e --enable-libsvtav1 --enable-libwebp --enable-libx264 --enable-libx265 --enable-libxavs2 --enable-libxeve --enable-libxvid --enable-libaom --enable-libjxl --enable-libopenjpeg --enable-libvpx --enable-mediafoundation --enable-libass --enable-frei0r --enable-libfreetype --enable-libfribidi --enable-libharfbuzz --enable-liblensfun --enable-libvidstab --enable-libvmaf --enable-libzimg --enable-amf --enable-cuda-llvm --enable-cuvid --enable-dxva2 --enable-d3d11va --enable-d3d12va --enable-ffnvcodec --enable-libvpl --enable-nvdec --enable-nvenc --enable-vaapi --enable-libshaderc --enable-vulkan --enable-libplacebo --enable-opencl --enable-libcdio --enable-libgme --enable-libmodplug --enable-libopenmpt --enable-libopencore-amrwb --enable-libmp3lame --enable-libshine --enable-libtheora --enable-libtwolame --enable-libvo-amrwbenc --enable-libcodec2 --enable-libilbc --enable-libgsm --enable-libopencore-amrnb --enable-libopus --enable-libspeex --enable-libvorbis --enable-ladspa --enable-libbs2b --enable-libflite --enable-libmysofa --enable-librubberband --enable-libsoxr --enable-chromaprint
  libavutil      59.  8.100 / 59.  8.100
  libavcodec     61.  3.100 / 61.  3.100
  libavformat    61.  1.100 / 61.  1.100
  libavdevice    61.  1.100 / 61.  1.100
  libavfilter    10.  1.100 / 10.  1.100
  libswscale      8.  1.100 /  8.  1.100
  libswresample   5.  1.100 /  5.  1.100
  libpostproc    58.  1.100 / 58.  1.100
Input #0, mov,mp4,m4a,3gp,3g2,mj2, from 'C:\Temp\yt-dlp\9006178896085364mp4':
  Metadata:
    major_brand     : isom
    minor_version   : 512
    compatible_brands: isomav01iso2mp41
    title           : 2.6M views · 98K reactions | Chatur jhapali timilai ta k garnu😀 | Sayarani Shrestha | Sayarani Shrestha · Original audio
    artist          : 2.6M views &#xb7; 98K reactions | Chatur jhapali timilai ta k garnu&#x1f600; | Sayarani Shrestha | Sayarani Shrestha &#xb7; Original audio
    date            : 20240825
    encoder         : Lavf61.1.100
    comment         : https://m.facebook.com/watch/?v=9006178896085364&_rdr
    description     : Chatur jhapali timilai ta k garnu😀. Sayarani Shrestha · Original audio
    synopsis        : Chatur jhapali timilai ta k garnu😀. Sayarani Shrestha · Original audio
  Duration: 00:00:11.61, start: 0.000000, bitrate: 1070 kb/s
  Stream #0:0[0x1](und): Video: av1 (libdav1d) (Main) (av01 / 0x31307661), yuv420p(tv, bt709), 576x1024, 1015 kb/s, 29.97 fps, 29.97 tbr, 11988 tbn (default)
      Metadata:
        handler_name    : VideoHandler
        vendor_id       : [0][0][0][0]
        encoder         : AOM Coding
  Stream #0:1[0x2](und): Audio: aac (HE-AAC) (mp4a / 0x6134706D), 44100 Hz, stereo, fltp, 48 kb/s (default)
      Metadata:
        handler_name    : SoundHandler
        vendor_id       : [0][0][0][0]
Stream mapping:
  Stream #0:0 -> #0:0 (av1 (libdav1d) -> h264 (libx264))
  Stream #0:1 -> #0:1 (aac (native) -> aac (native))
Press [q] to stop, [?] for help
[libx264 @ 000002d0399d3d00] using SAR=1/1
[libx264 @ 000002d0399d3d00] using cpu capabilities: MMX2 SSE2Fast SSSE3 SSE4.2 AVX FMA3 BMI2 AVX2
[libx264 @ 000002d0399d3d00] profile High, level 3.1, 4:2:0, 8-bit
[libx264 @ 000002d0399d3d00] 264 - core 164 r3191 4613ac3 - H.264/MPEG-4 AVC codec - Copyleft 2003-2024 - http://www.videolan.org/x264.html - options: cabac=1 ref=3 deblock=1:0:0 analyse=0x3:0x113 me=hex subme=7 psy=1 psy_rd=1.00:0.00 mixed_ref=1 me_range=16 chroma_me=1 trellis=1 8x8dct=1 cqm=0 deadzone=21,11 fast_pskip=1 chroma_qp_offset=-2 threads=24 lookahead_threads=4 sliced_threads=0 nr=0 decimate=1 interlaced=0 bluray_compat=0 constrained_intra=0 bframes=3 b_pyramid=2 b_adapt=1 b_bias=0 direct=1 weightb=1 open_gop=0 weightp=2 keyint=250 keyint_min=25 scenecut=40 intra_refresh=0 rc_lookahead=40 rc=crf mbtree=1 crf=23.0 qcomp=0.60 qpmin=0 qpmax=69 qpstep=4 ip_ratio=1.40 aq=1:1.00
Output #0, mp4, to 'C:\Temp\yt-dlp\9006178896085364mp4_reencoded.mp4':
  Metadata:
    major_brand     : isom
    minor_version   : 512
    compatible_brands: isomav01iso2mp41
    title           : 2.6M views · 98K reactions | Chatur jhapali timilai ta k garnu😀 | Sayarani Shrestha | Sayarani Shrestha · Original audio
    artist          : 2.6M views &#xb7; 98K reactions | Chatur jhapali timilai ta k garnu&#x1f600; | Sayarani Shrestha | Sayarani Shrestha &#xb7; Original audio
    date            : 20240825
    synopsis        : Chatur jhapali timilai ta k garnu😀. Sayarani Shrestha · Original audio
    comment         : https://m.facebook.com/watch/?v=9006178896085364&_rdr
    description     : Chatur jhapali timilai ta k garnu😀. Sayarani Shrestha · Original audio
    encoder         : Lavf61.1.100
  Stream #0:0(und): Video: h264 (avc1 / 0x31637661), yuv420p(tv, bt709, progressive), 576x1024 [SAR 1:1 DAR 9:16], q=2-31, 29.97 fps, 11988 tbn (default)
      Metadata:
        handler_name    : VideoHandler
        vendor_id       : [0][0][0][0]
        encoder         : Lavc61.3.100 libx264
      Side data:
        cpb: bitrate max/min/avg: 0/0/0 buffer size: 0 vbv_delay: N/A
  Stream #0:1(und): Audio: aac (LC) (mp4a / 0x6134706D), 44100 Hz, stereo, fltp, 128 kb/s (default)
      Metadata:
        handler_name    : SoundHandler
        vendor_id       : [0][0][0][0]
        encoder         : Lavc61.3.100 aac
[mp4 @ 000002d03994bf00] Starting second pass: moving the moov atom to the beginning of the file
[out#0/mp4 @ 000002d03994b040] video:2218KiB audio:182KiB subtitle:0KiB other streams:0KiB global headers:0KiB muxing overhead: 0.595544%
frame=  348 fps=0.0 q=-1.0 Lsize=    2414KiB time=00:00:11.54 bitrate=1712.8kbits/s speed=12.1x
[libx264 @ 000002d0399d3d00] frame I:2     Avg QP:21.14  size: 49982
[libx264 @ 000002d0399d3d00] frame P:108   Avg QP:24.07  size: 13928
[libx264 @ 000002d0399d3d00] frame B:238   Avg QP:27.90  size:  2799
[libx264 @ 000002d0399d3d00] consecutive B-frames:  3.4% 15.5%  1.7% 79.3%
[libx264 @ 000002d0399d3d00] mb I  I16..4:  6.7% 82.9% 10.4%
[libx264 @ 000002d0399d3d00] mb P  I16..4:  2.8% 13.8%  0.9%  P16..4: 44.3% 17.5%  6.8%  0.0%  0.0%    skip:13.9%
[libx264 @ 000002d0399d3d00] mb B  I16..4:  0.2%  0.7%  0.0%  B16..8: 40.8%  3.1%  0.4%  direct: 1.3%  skip:53.5%  L0:42.6% L1:48.3% BI: 9.1%
[libx264 @ 000002d0399d3d00] 8x8 transform intra:79.1% inter:81.2%
[libx264 @ 000002d0399d3d00] coded y,uvDC,uvAC intra: 64.1% 61.3% 13.6% inter: 14.8% 10.4% 0.7%
[libx264 @ 000002d0399d3d00] i16 v,h,dc,p: 11% 21%  5% 63%
[libx264 @ 000002d0399d3d00] i8 v,h,dc,ddl,ddr,vr,hd,vl,hu: 15% 18% 15%  8%  8%  7% 10% 10%  9%
[libx264 @ 000002d0399d3d00] i4 v,h,dc,ddl,ddr,vr,hd,vl,hu: 16% 21% 12%  7% 11%  7% 13%  7%  6%
[libx264 @ 000002d0399d3d00] i8c dc,h,v,p: 53% 22% 16%  9%
[libx264 @ 000002d0399d3d00] Weighted P-Frames: Y:2.8% UV:0.0%
[libx264 @ 000002d0399d3d00] ref P L0: 67.5% 19.9%  9.2%  3.3%  0.0%
[libx264 @ 000002d0399d3d00] ref B L0: 95.5%  3.7%  0.8%
[libx264 @ 000002d0399d3d00] ref B L1: 99.0%  1.0%
[libx264 @ 000002d0399d3d00] kb/s:1564.14
[aac @ 000002d0399b72c0] Qavg: 546.451
Wednesday, September 11, 2024 8:05:09 PM
Wednesday, September 11, 2024 8:05:09 PM
Wednesday, September 11, 2024 8:05:09 PM

PS C:\Users\kushal\src\myhtml\fromnepal\public\notes> cd "C:\Users\kushal\src\myhtml\fromnepal\public\notes\"; .\download_video.ps1  -url "https://www.facebook.com/reel/940834744473090"

Wednesday, September 11, 2024 8:07:56 PM

PSPath              : Microsoft.PowerShell.Core\FileSystem::C:\Temp\yt-dlp
PSParentPath        : Microsoft.PowerShell.Core\FileSystem::C:\Temp
PSChildName         : yt-dlp
PSDrive             : C
PSProvider          : Microsoft.PowerShell.Core\FileSystem
PSIsContainer       : True
Name                : yt-dlp
Parent              : C:\Temp
Root                : C:\
Exists              : True
FullName            : C:\Temp\yt-dlp
Extension           :
CreationTime        : 9/11/2024 8:07:56 PM
CreationTimeUtc     : 9/12/2024 12:07:56 AM
LastAccessTime      : 9/11/2024 8:07:56 PM
LastAccessTimeUtc   : 9/12/2024 12:07:56 AM
LastWriteTime       : 9/11/2024 8:07:56 PM
LastWriteTimeUtc    : 9/12/2024 12:07:56 AM
LinkTarget          :
UnixFileMode        : -1
Attributes          : Directory
Mode                : d----
ModeWithoutHardLink : d----
BaseName            : yt-dlp
ResolvedTarget      : C:\Temp\yt-dlp
Target              :
LinkType            :

Wednesday, September 11, 2024 8:07:56 PM
[debug] Command-line config: ['--verbose', '--write-sub', '--sub-lang', 'en', '--restrict-filenames', '--add-metadata', '-f', 'bestvideo[ext=mp4]+bestaudio[ext=m4a]/mp4', '--sponsorblock-mark', 'all', '--sponsorblock-remove', 'all', '--merge-output-format', 'mp4', '-o', 'C:\\Temp\\yt-dlp\\%(id)s.%(ext)s', 'https://www.facebook.com/reel/940834744473090']
[debug] Portable config "C:\Users\kushal\scoop\apps\yt-dlp\current\yt-dlp.conf": []
[debug] Encodings: locale cp1252, fs utf-8, pref cp1252, out utf-8, error utf-8, screen utf-8
[debug] yt-dlp version stable@2024.08.06 from yt-dlp/yt-dlp [4d9231208] (win_exe)
[debug] Python 3.8.10 (CPython AMD64 64bit) - Windows-10-10.0.22631-SP0 (OpenSSL 1.1.1k  25 Mar 2021)
[debug] exe versions: ffmpeg 7.0.2-full_build-www.gyan.dev (setts), ffprobe 7.0.2-full_build-www.gyan.dev
[debug] Optional libraries: Cryptodome-3.20.0, brotli-1.1.0, certifi-2024.07.04, curl_cffi-0.5.10, mutagen-1.47.0, requests-2.32.3, sqlite3-3.35.5, urllib3-2.2.2, websockets-12.0
[debug] Proxy map: {}
[debug] Request Handlers: urllib, requests, websockets, curl_cffi
[debug] Loaded 1830 extractors
[facebook:reel] Extracting URL: https://www.facebook.com/reel/940834744473090
[facebook] Extracting URL: https://m.facebook.com/watch/?v=940834744473090&_rdr
[facebook] 940834744473090: Downloading webpage
[debug] Formats sorted by: hasvid, ie_pref, lang, quality, res, fps, hdr:12(7), vcodec:vp9.2(10), channels, acodec, size, br, asr, proto, vext, aext, hasaud, source, id
[SponsorBlock] SponsorBlock is not supported for Facebook
[info] 940834744473090: Downloading 1 format(s): 1239692900490431v+527259999717012a
[info] There are no subtitles for the requested languages
[debug] Invoking http downloader on "https://video-iad3-2.xx.fbcdn.net/v/t39.25447-2/459272450_1677183356451605_8388381317751267675_n.mp4?_nc_cat=1&ccb=1-7&_nc_sid=9a5d50&efg=eyJ2ZW5jb2RlX3RhZyI6ImRhc2hfcjJhdjEtcjFnZW4ydnA5X3E5MCIsInZpZGVvX2lkIjo5NDA4MzQ3NDQ0NzMwOTB9&_nc_ohc=dgWZck5RZdcQ7kNvgEmetp8&_nc_ht=video-iad3-2.xx&_nc_gid=ARJqDQNhRcXFEj6qQTO2_cC&oh=00_AYB0oC1a5tE9iLAEU7ScYBgoDdcoHGWN3SIRQK1gg95x2g&oe=66E8137E"
[debug] File locking is not supported. Proceeding without locking
[download] Destination: C:\Temp\yt-dlp\940834744473090.f1239692900490431v.mp4
[download] 100% of    1.21MiB in 00:00:00 at 6.82MiB/s
[debug] Invoking http downloader on "https://video-iad3-2.xx.fbcdn.net/v/t39.25447-2/459195763_1054015552781591_5911412852658659326_n.mp4?_nc_cat=1&ccb=1-7&_nc_sid=9a5d50&efg=eyJ2ZW5jb2RlX3RhZyI6ImRhc2hfYXVkaW9fYWFjcF82NF9mbm9ybTE0X2ZyYWdfMl9hdWRpbyIsInZpZGVvX2lkIjo5NDA4MzQ3NDQ0NzMwOTB9&_nc_ohc=grDABB6O-_QQ7kNvgEj7h5O&_nc_ht=video-iad3-2.xx&_nc_gid=ARJqDQNhRcXFEj6qQTO2_cC&oh=00_AYDA8FKXt_CxFtxywYv8jTUQBqNRxzT3DIP23Twt-ZNkQg&oe=66E81D9C"
[download] Destination: C:\Temp\yt-dlp\940834744473090.f527259999717012a.m4a
[download] 100% of  637.19KiB in 00:00:00 at 13.60MiB/s
[Merger] Merging formats into "C:\Temp\yt-dlp\940834744473090.mp4"
[debug] ffmpeg command line: ffmpeg -y -loglevel repeat+info -i file:C:\Temp\yt-dlp\940834744473090.f1239692900490431v.mp4 -i file:C:\Temp\yt-dlp\940834744473090.f527259999717012a.m4a -c copy -map 0:v:0 -map 1:a:0 -movflags +faststart file:C:\Temp\yt-dlp\940834744473090.temp.mp4
Deleting original file C:\Temp\yt-dlp\940834744473090.f1239692900490431v.mp4 (pass -k to keep)
Deleting original file C:\Temp\yt-dlp\940834744473090.f527259999717012a.m4a (pass -k to keep)
[ModifyChapters] SponsorBlock information is unavailable
[Metadata] Adding metadata to "C:\Temp\yt-dlp\940834744473090.mp4"
[debug] ffmpeg command line: ffmpeg -y -loglevel repeat+info -i file:C:\Temp\yt-dlp\940834744473090.mp4 -map 0 -dn -ignore_unknown -c copy -write_id3v1 1 -metadata "title=42K reactions · 5.2K shares | Which iPhone is your favourite 🤔 For the past 16 years, Apple has consistently introduced each new iPhone with the same bold claim: “the most powerful iPhone we’ve ever made.” This phrase has become a hallmark of their product launches, a staple of their marketing strategy. Despite advancements in technology, design, and performance each year, Apple continues to use this familiar slogan to emphasize the incremental improvements over its predecessors. It reflects not only their confidence in the continual evolution of their devices but also highlights the predictable cadence of innovation that fans have come to expect. While the specifics of each new iPhone may change, this tagline serves as a constant reminder of Apple’s commitment to pushing the boundaries of its flagship product. #appleevent #iPhone #iphone16 #reels #funny | Memes 🔞 | amazinghumors · Original audio" -metadata "date=20240911" -metadata "description=Which iPhone is your favourite 🤔 For the past 16 years, Apple has consistently introduced each new iPhone with the samebold claim: “the most powerful..." -metadata "synopsis=Which iPhone is your favourite 🤔 For the past 16 years, Apple has consistently introduced each new iPhone with the same bold claim: “the most powerful..." -metadata "purl=https://m.facebook.com/watch/?v=940834744473090&_rdr" -metadata "comment=https://m.facebook.com/watch/?v=940834744473090&_rdr" -metadata "artist=42K reactions &#xb7; 5.2K shares | Which iPhone is your favourite &#x1f914;

For the past 16 years, Apple has consistently introduced each new iPhone with the same bold claim: &#x201c;the most powerful iPhone we&#x2019;ve ever made.&#x201d;

This phrase has become a hallmark of their product launches, a staple of their marketing strategy. Despite advancements in technology, design, and performance each year, Apple continues to use this familiar slogan to emphasize the incremental improvements over its predecessors.

It reflects not only their confidence in the continual evolution of their devices but also highlights the predictable cadence of innovation that fans have come to expect.

While the specifics of each new iPhone may change, this tagline serves as a constant reminder of Apple&#x2019;s commitment to pushing the boundaries of its flagship product.

#appleevent #iPhone #iphone16 #reels #funny | Memes &#x1f51e; | amazinghumors &#xb7; Original audio" -movflags +faststart file:C:\Temp\yt-dlp\940834744473090.temp.mp4
Wednesday, September 11, 2024 8:07:58 PM
Wednesday, September 11, 2024 8:07:58 PM
Wednesday, September 11, 2024 8:07:58 PM

LastWriteTime : 9/11/2024 5:19:58 AM
Length        : 1944138
Name          : 940834744473090.mp4


LastWriteTime : 9/11/2024 5:19:58 AM
Length        : 1944138
Name          : 940834744473090.mp4


LastWriteTime : 9/11/2024 5:19:58 AM
Length        : 1944138
Name          : 940834744473090.mp4

Cleaned video name: 940834744473090mp4
Cleaned video path: C:\Temp\yt-dlp\940834744473090mp4
Running ffmpeg without subtitles
ffmpeg -i "C:\Temp\yt-dlp\940834744473090mp4" -c:v libx264 -c:a aac -strict experimental -movflags +faststart "C:\Temp\yt-dlp\940834744473090mp4_reencoded.mp4"
ffmpeg version 7.0.2-full_build-www.gyan.dev Copyright (c) 2000-2024 the FFmpeg developers
  built with gcc 13.2.0 (Rev5, Built by MSYS2 project)
  configuration: --enable-gpl --enable-version3 --enable-static --disable-w32threads --disable-autodetect --enable-fontconfig --enable-iconv --enable-gnutls --enable-libxml2 --enable-gmp --enable-bzlib --enable-lzma --enable-libsnappy --enable-zlib --enable-librist --enable-libsrt --enable-libssh --enable-libzmq --enable-avisynth --enable-libbluray --enable-libcaca --enable-sdl2 --enable-libaribb24 --enable-libaribcaption --enable-libdav1d --enable-libdavs2 --enable-libuavs3d --enable-libxevd --enable-libzvbi --enable-librav1e --enable-libsvtav1 --enable-libwebp --enable-libx264 --enable-libx265 --enable-libxavs2 --enable-libxeve --enable-libxvid --enable-libaom --enable-libjxl --enable-libopenjpeg --enable-libvpx --enable-mediafoundation --enable-libass --enable-frei0r --enable-libfreetype --enable-libfribidi --enable-libharfbuzz --enable-liblensfun --enable-libvidstab --enable-libvmaf --enable-libzimg --enable-amf --enable-cuda-llvm --enable-cuvid --enable-dxva2 --enable-d3d11va --enable-d3d12va --enable-ffnvcodec --enable-libvpl --enable-nvdec --enable-nvenc --enable-vaapi --enable-libshaderc --enable-vulkan --enable-libplacebo --enable-opencl --enable-libcdio --enable-libgme --enable-libmodplug --enable-libopenmpt --enable-libopencore-amrwb --enable-libmp3lame --enable-libshine --enable-libtheora --enable-libtwolame --enable-libvo-amrwbenc --enable-libcodec2 --enable-libilbc --enable-libgsm --enable-libopencore-amrnb --enable-libopus --enable-libspeex --enable-libvorbis --enable-ladspa --enable-libbs2b --enable-libflite --enable-libmysofa --enable-librubberband --enable-libsoxr --enable-chromaprint
  libavutil      59.  8.100 / 59.  8.100
  libavcodec     61.  3.100 / 61.  3.100
  libavformat    61.  1.100 / 61.  1.100
  libavdevice    61.  1.100 / 61.  1.100
  libavfilter    10.  1.100 / 10.  1.100
  libswscale      8.  1.100 /  8.  1.100
  libswresample   5.  1.100 /  5.  1.100
  libpostproc    58.  1.100 / 58.  1.100
Input #0, mov,mp4,m4a,3gp,3g2,mj2, from 'C:\Temp\yt-dlp\940834744473090mp4':
  Metadata:
    major_brand     : isom
    minor_version   : 512
    compatible_brands: isomav01iso2mp41
    title           : 42K reactions · 5.2K shares | Which iPhone is your favourite 🤔 For the past 16 years, Apple has consistently introduced each new iPhone with the same bold claim: “the most powerful iPhone we’ve ever made.” This phrase has become a hallmark of th
    artist          : 42K reactions &#xb7; 5.2K shares | Which iPhone is your favourite &#x1f914;
                    :
                    : For the past 16 years, Apple has consistently introduced each new iPhone with the same bold claim: &#x201c;the most powerful iPhone we&#x2019;ve ever made.&#x201d;
                    :
                    : This phrase has become a hallmark of their product launches, a staple of their marketing strategy. Despite advancements in technology, design, and performance each year, Apple continues to use this familiar slogan to emphasize the incremental improvements
                    :
                    : It reflects not only their confidence in the continual evolution of their devices but also highlights the predictable cadence of innovation that fans have come to expect.
                    :
                    : While the specifics of each new iPhone may change, this tagline serves as a constant reminder of Apple&#x2019;s commitment to pushing the boundaries of its flagship product.
                    :
                    : #appleevent #iPhone #iphone16 #reels #funny | Memes &#x1f51e; | amazinghumors &#xb7; Original audio
    date            : 20240911
    encoder         : Lavf61.1.100
    comment         : https://m.facebook.com/watch/?v=940834744473090&_rdr
    description     : Which iPhone is your favourite 🤔 For the past 16 years, Apple has consistently introduced each new iPhone with the same bold claim: “the most powerful...
    synopsis        : Which iPhone is your favourite 🤔 For the past 16 years, Apple has consistently introduced each new iPhone with the same bold claim: “the most powerful...
  Duration: 00:01:19.83, start: 0.000000, bitrate: 194 kb/s
  Stream #0:0[0x1](und): Video: av1 (libdav1d) (Main) (av01 / 0x31307661), yuv420p(tv, bt709), 720x1280, 125 kb/s, 30 fps, 30 tbr, 15360 tbn (default)
      Metadata:
        handler_name    : VideoHandler
        vendor_id       : [0][0][0][0]
        encoder         : AOM Coding
  Stream #0:1[0x2](und): Audio: aac (HE-AAC) (mp4a / 0x6134706D), 44100 Hz, stereo, fltp, 64 kb/s (default)
      Metadata:
        handler_name    : SoundHandler
        vendor_id       : [0][0][0][0]
Stream mapping:
  Stream #0:0 -> #0:0 (av1 (libdav1d) -> h264 (libx264))
  Stream #0:1 -> #0:1 (aac (native) -> aac (native))
Press [q] to stop, [?] for help
[libx264 @ 000001f9b47e1500] using SAR=1/1
[libx264 @ 000001f9b47e1500] using cpu capabilities: MMX2 SSE2Fast SSSE3 SSE4.2 AVX FMA3 BMI2 AVX2
[libx264 @ 000001f9b47e1500] profile High, level 3.1, 4:2:0, 8-bit
[libx264 @ 000001f9b47e1500] 264 - core 164 r3191 4613ac3 - H.264/MPEG-4 AVC codec - Copyleft 2003-2024 - http://www.videolan.org/x264.html - options: cabac=1 ref=3 deblock=1:0:0 analyse=0x3:0x113 me=hex subme=7 psy=1 psy_rd=1.00:0.00 mixed_ref=1 me_range=16 chroma_me=1 trellis=1 8x8dct=1 cqm=0 deadzone=21,11 fast_pskip=1 chroma_qp_offset=-2 threads=24 lookahead_threads=4 sliced_threads=0 nr=0 decimate=1 interlaced=0 bluray_compat=0 constrained_intra=0 bframes=3 b_pyramid=2 b_adapt=1 b_bias=0 direct=1 weightb=1 open_gop=0 weightp=2 keyint=250 keyint_min=25 scenecut=40 intra_refresh=0 rc_lookahead=40 rc=crf mbtree=1 crf=23.0 qcomp=0.60 qpmin=0 qpmax=69 qpstep=4 ip_ratio=1.40 aq=1:1.00
Output #0, mp4, to 'C:\Temp\yt-dlp\940834744473090mp4_reencoded.mp4':
  Metadata:
    major_brand     : isom
    minor_version   : 512
    compatible_brands: isomav01iso2mp41
    title           : 42K reactions · 5.2K shares | Which iPhone is your favourite 🤔 For the past 16 years, Apple has consistently introduced each new iPhone with the same bold claim: “the most powerful iPhone we’ve ever made.” This phrase has become a hallmark of th
    artist          : 42K reactions &#xb7; 5.2K shares | Which iPhone is your favourite &#x1f914;
                    :
                    : For the past 16 years, Apple has consistently introduced each new iPhone with the same bold claim: &#x201c;the most powerful iPhone we&#x2019;ve ever made.&#x201d;
                    :
                    : This phrase has become a hallmark of their product launches, a staple of their marketing strategy. Despite advancements in technology, design, and performance each year, Apple continues to use this familiar slogan to emphasize the incremental improvements
                    :
                    : It reflects not only their confidence in the continual evolution of their devices but also highlights the predictable cadence of innovation that fans have come to expect.
                    :
                    : While the specifics of each new iPhone may change, this tagline serves as a constant reminder of Apple&#x2019;s commitment to pushing the boundaries of its flagship product.
                    :
                    : #appleevent #iPhone #iphone16 #reels #funny | Memes &#x1f51e; | amazinghumors &#xb7; Original audio
    date            : 20240911
    synopsis        : Which iPhone is your favourite 🤔 For the past 16 years, Apple has consistently introduced each new iPhone with the same bold claim: “the most powerful...
    comment         : https://m.facebook.com/watch/?v=940834744473090&_rdr
    description     : Which iPhone is your favourite 🤔 For the past 16 years, Apple has consistently introduced each new iPhone with the same bold claim: “the most powerful...
    encoder         : Lavf61.1.100
  Stream #0:0(und): Video: h264 (avc1 / 0x31637661), yuv420p(tv, bt709, progressive), 720x1280 [SAR 1:1 DAR 9:16], q=2-31, 30 fps, 15360 tbn (default)
      Metadata:
        handler_name    : VideoHandler
        vendor_id       : [0][0][0][0]
        encoder         : Lavc61.3.100 libx264
      Side data:
        cpb: bitrate max/min/avg: 0/0/0 buffer size: 0 vbv_delay: N/A
  Stream #0:1(und): Audio: aac (LC) (mp4a / 0x6134706D), 44100 Hz, stereo, fltp, 128 kb/s (default)
      Metadata:
        handler_name    : SoundHandler
        vendor_id       : [0][0][0][0]
        encoder         : Lavc61.3.100 aac
[mp4 @ 000001f9b4749440] Starting second pass: moving the moov atom to the beginning of the file
[out#0/mp4 @ 000001f9b4778780] video:1931KiB audio:1251KiB subtitle:0KiB other streams:0KiB global headers:0KiB muxing overhead: 2.769362%
frame= 2395 fps=682 q=-1.0 Lsize=    3270KiB time=00:01:19.71 bitrate= 336.1kbits/s speed=22.7x
[libx264 @ 000001f9b47e1500] frame I:10    Avg QP:11.78  size: 18933
[libx264 @ 000001f9b47e1500] frame P:681   Avg QP:16.30  size:  1822
[libx264 @ 000001f9b47e1500] frame B:1704  Avg QP:17.00  size:   321
[libx264 @ 000001f9b47e1500] consecutive B-frames:  2.0%  8.3%  3.4% 86.3%
[libx264 @ 000001f9b47e1500] mb I  I16..4: 56.4% 35.0%  8.5%
[libx264 @ 000001f9b47e1500] mb P  I16..4:  2.4%  4.1%  0.3%  P16..4:  5.0%  1.0%  0.4%  0.0%  0.0%    skip:86.9%
[libx264 @ 000001f9b47e1500] mb B  I16..4:  0.1%  0.1%  0.0%  B16..8:  3.9%  0.2%  0.0%  direct: 0.5%  skip:95.2%  L0:43.7% L1:53.7% BI: 2.7%
[libx264 @ 000001f9b47e1500] 8x8 transform intra:55.6% inter:87.5%
[libx264 @ 000001f9b47e1500] coded y,uvDC,uvAC intra: 18.8% 23.3% 5.0% inter: 0.5% 1.0% 0.0%
[libx264 @ 000001f9b47e1500] i16 v,h,dc,p: 51% 35%  3% 11%
[libx264 @ 000001f9b47e1500] i8 v,h,dc,ddl,ddr,vr,hd,vl,hu: 26% 27% 32%  2%  2%  2%  3%  2%  3%
[libx264 @ 000001f9b47e1500] i4 v,h,dc,ddl,ddr,vr,hd,vl,hu: 28% 32% 15%  3%  5%  5%  6%  3%  4%
[libx264 @ 000001f9b47e1500] i8c dc,h,v,p: 64% 22% 11%  4%
[libx264 @ 000001f9b47e1500] Weighted P-Frames: Y:0.3% UV:0.3%
[libx264 @ 000001f9b47e1500] ref P L0: 73.3%  6.5% 15.6%  4.6%  0.0%
[libx264 @ 000001f9b47e1500] ref B L0: 85.9% 12.2%  1.9%
[libx264 @ 000001f9b47e1500] ref B L1: 97.7%  2.3%
[libx264 @ 000001f9b47e1500] kb/s:198.12
[aac @ 000001f9b47e5d40] Qavg: 743.402
Wednesday, September 11, 2024 8:08:02 PM
Wednesday, September 11, 2024 8:08:02 PM
Wednesday, September 11, 2024 8:08:02 PM

PS C:\Users\kushal\src\myhtml\fromnepal\public\notes> cd "C:\Users\kushal\src\myhtml\fromnepal\public\notes\"; .\download_video.ps1  -url "https://www.instagram.com/reel/C_t1cw5Nb4S/"

Wednesday, September 11, 2024 8:13:47 PM

PSPath              : Microsoft.PowerShell.Core\FileSystem::C:\Temp\yt-dlp
PSParentPath        : Microsoft.PowerShell.Core\FileSystem::C:\Temp
PSChildName         : yt-dlp
PSDrive             : C
PSProvider          : Microsoft.PowerShell.Core\FileSystem
PSIsContainer       : True
Name                : yt-dlp
Parent              : C:\Temp
Root                : C:\
Exists              : True
FullName            : C:\Temp\yt-dlp
Extension           :
CreationTime        : 9/11/2024 8:13:47 PM
CreationTimeUtc     : 9/12/2024 12:13:47 AM
LastAccessTime      : 9/11/2024 8:13:47 PM
LastAccessTimeUtc   : 9/12/2024 12:13:47 AM
LastWriteTime       : 9/11/2024 8:13:47 PM
LastWriteTimeUtc    : 9/12/2024 12:13:47 AM
LinkTarget          :
UnixFileMode        : -1
Attributes          : Directory
Mode                : d----
ModeWithoutHardLink : d----
BaseName            : yt-dlp
ResolvedTarget      : C:\Temp\yt-dlp
Target              :
LinkType            :

Wednesday, September 11, 2024 8:13:47 PM
[debug] Command-line config: ['--verbose', '--write-sub', '--sub-lang', 'en', '--restrict-filenames', '--add-metadata', '-f', 'bestvideo[ext=mp4]+bestaudio[ext=m4a]/mp4', '--sponsorblock-mark', 'all', '--sponsorblock-remove', 'all', '--merge-output-format', 'mp4', '-o', 'C:\\Temp\\yt-dlp\\%(id)s.%(ext)s', 'https://www.instagram.com/reel/C_t1cw5Nb4S/']
[debug] Portable config "C:\Users\kushal\scoop\apps\yt-dlp\current\yt-dlp.conf": []
[debug] Encodings: locale cp1252, fs utf-8, pref cp1252, out utf-8, error utf-8, screen utf-8
[debug] yt-dlp version stable@2024.08.06 from yt-dlp/yt-dlp [4d9231208] (win_exe)
[debug] Python 3.8.10 (CPython AMD64 64bit) - Windows-10-10.0.22631-SP0 (OpenSSL 1.1.1k  25 Mar 2021)
[debug] exe versions: ffmpeg 7.0.2-full_build-www.gyan.dev (setts), ffprobe 7.0.2-full_build-www.gyan.dev
[debug] Optional libraries: Cryptodome-3.20.0, brotli-1.1.0, certifi-2024.07.04, curl_cffi-0.5.10, mutagen-1.47.0, requests-2.32.3, sqlite3-3.35.5, urllib3-2.2.2, websockets-12.0
[debug] Proxy map: {}
[debug] Request Handlers: urllib, requests, websockets, curl_cffi
[debug] Loaded 1830 extractors
[Instagram] Extracting URL: https://www.instagram.com/reel/C_t1cw5Nb4S/
[Instagram] C_t1cw5Nb4S: Setting up session
[Instagram] C_t1cw5Nb4S: Downloading JSON metadata
[debug] Formats sorted by: hasvid, ie_pref, lang, quality, res, fps, hdr:12(7), vcodec:vp9.2(10), channels, acodec, size, br, asr, proto, vext, aext, hasaud, source, id
[SponsorBlock] SponsorBlock is not supported for Instagram
[info] C_t1cw5Nb4S: Downloading 1 format(s): dash-532602805955188v+dash-1048417716935213ad
[info] There are no subtitles for the requested languages
[debug] Invoking http downloader on "https://scontent-iad3-1.cdninstagram.com/v/t39.25447-16/459069936_1648313569290941_7751035234308182201_n.mp4?_nc_cat=101&ccb=1-7&_nc_sid=9a5d50&efg=eyJ2ZW5jb2RlX3RhZyI6ImlnLXhwdmRzLmNsaXBzLmMyLUMzLmRhc2hfcjJldmV2cDktcjFnZW4ydnA5X3E5MCIsInZpZGVvX2lkIjpudWxsfQ%3D%3D&_nc_ohc=Hae20b3WLHQQ7kNvgGz49ug&_nc_ht=scontent-iad3-1.cdninstagram.com&_nc_gid=AvMvaEJtyvSFvXJkC3jmnP5&oh=00_AYBaai4uCej3pEzykuqfiA1qnknyyMkyLBzM0NrWuQAoZQ&oe=66E81144"
[debug] File locking is not supported. Proceeding without locking
[download] Destination: C:\Temp\yt-dlp\C_t1cw5Nb4S.fdash-532602805955188v.mp4
[download] 100% of    3.77MiB in 00:00:00 at 4.69MiB/s
[debug] Invoking http downloader on "https://scontent-iad3-1.cdninstagram.com/v/t50.33967-16/459102313_896202909115184_2769170424424320895_n.mp4?_nc_cat=101&ccb=1-7&_nc_sid=9a5d50&efg=eyJ2ZW5jb2RlX3RhZyI6ImlnLXhwdmRzLmNsaXBzLmMyLUMzLmRhc2hfbG5faGVhYWNfdmJyM19hdWRpbyIsInZpZGVvX2lkIjpudWxsfQ%3D%3D&_nc_ohc=xMOOZu3u0c4Q7kNvgE22ATP&_nc_ht=scontent-iad3-1.cdninstagram.com&_nc_gid=AvMvaEJtyvSFvXJkC3jmnP5&oh=00_AYD-CE6GtI1heJN_KqNoBowhfdy5iBzyvW5lky_Qjrf4Qg&oe=66E7F0C8"
[download] Destination: C:\Temp\yt-dlp\C_t1cw5Nb4S.fdash-1048417716935213ad.m4a
[download] 100% of   91.28KiB in 00:00:00 at 1.02MiB/s
[Merger] Merging formats into "C:\Temp\yt-dlp\C_t1cw5Nb4S.mp4"
[debug] ffmpeg command line: ffmpeg -y -loglevel repeat+info -i file:C:\Temp\yt-dlp\C_t1cw5Nb4S.fdash-532602805955188v.mp4 -i file:C:\Temp\yt-dlp\C_t1cw5Nb4S.fdash-1048417716935213ad.m4a -c copy -map 0:v:0 -map 1:a:0 -movflags +faststart file:C:\Temp\yt-dlp\C_t1cw5Nb4S.temp.mp4
Deleting original file C:\Temp\yt-dlp\C_t1cw5Nb4S.fdash-1048417716935213ad.m4a (pass -k to keep)
Deleting original file C:\Temp\yt-dlp\C_t1cw5Nb4S.fdash-532602805955188v.mp4 (pass -k to keep)
[ModifyChapters] SponsorBlock information is unavailable
[Metadata] Adding metadata to "C:\Temp\yt-dlp\C_t1cw5Nb4S.mp4"
[debug] ffmpeg command line: ffmpeg -y -loglevel repeat+info -i file:C:\Temp\yt-dlp\C_t1cw5Nb4S.mp4 -map 0 -dn -ignore_unknown -c copy -write_id3v1 1 -metadata "title=Video by ourhome.becoming" -metadata "date=20240910" -metadata "description=But for real how does time pass by so quickly when the kids are in school…? 😅 Share with a friend who understands. 😆

#parentinghumor #parentingmemes #backtoschool" -metadata "synopsis=But for real how does time pass by so quickly when the kids are in school…? 😅 Share with a friend who understands. 😆

#parentinghumor #parentingmemes #backtoschool" -metadata "purl=https://www.instagram.com/reel/C_t1cw5Nb4S/" -metadata "comment=https://www.instagram.com/reel/C_t1cw5Nb4S/" -metadata "artist=Lisa Chun" -movflags +faststart file:C:\Temp\yt-dlp\C_t1cw5Nb4S.temp.mp4
Wednesday, September 11, 2024 8:13:53 PM
Wednesday, September 11, 2024 8:13:53 PM
Wednesday, September 11, 2024 8:13:53 PM

LastWriteTime : 9/9/2024 8:16:19 PM
Length        : 4050862
Name          : C_t1cw5Nb4S.mp4


LastWriteTime : 9/9/2024 8:16:19 PM
Length        : 4050862
Name          : C_t1cw5Nb4S.mp4


LastWriteTime : 9/9/2024 8:16:19 PM
Length        : 4050862
Name          : C_t1cw5Nb4S.mp4

Cleaned video name: Ct1cw5Nb4Smp4
Cleaned video path: C:\Temp\yt-dlp\Ct1cw5Nb4Smp4
Running ffmpeg without subtitles
ffmpeg -i "C:\Temp\yt-dlp\Ct1cw5Nb4Smp4" -c:v libx264 -c:a aac -strict experimental -movflags +faststart "C:\Temp\yt-dlp\Ct1cw5Nb4Smp4_reencoded.mp4"
ffmpeg version 7.0.2-full_build-www.gyan.dev Copyright (c) 2000-2024 the FFmpeg developers
  built with gcc 13.2.0 (Rev5, Built by MSYS2 project)
  configuration: --enable-gpl --enable-version3 --enable-static --disable-w32threads --disable-autodetect --enable-fontconfig --enable-iconv --enable-gnutls --enable-libxml2 --enable-gmp --enable-bzlib --enable-lzma --enable-libsnappy --enable-zlib --enable-librist --enable-libsrt --enable-libssh --enable-libzmq --enable-avisynth --enable-libbluray --enable-libcaca --enable-sdl2 --enable-libaribb24 --enable-libaribcaption --enable-libdav1d --enable-libdavs2 --enable-libuavs3d --enable-libxevd --enable-libzvbi --enable-librav1e --enable-libsvtav1 --enable-libwebp --enable-libx264 --enable-libx265 --enable-libxavs2 --enable-libxeve --enable-libxvid --enable-libaom --enable-libjxl --enable-libopenjpeg --enable-libvpx --enable-mediafoundation --enable-libass --enable-frei0r --enable-libfreetype --enable-libfribidi --enable-libharfbuzz --enable-liblensfun --enable-libvidstab --enable-libvmaf --enable-libzimg --enable-amf --enable-cuda-llvm --enable-cuvid --enable-dxva2 --enable-d3d11va --enable-d3d12va --enable-ffnvcodec --enable-libvpl --enable-nvdec --enable-nvenc --enable-vaapi --enable-libshaderc --enable-vulkan --enable-libplacebo --enable-opencl --enable-libcdio --enable-libgme --enable-libmodplug --enable-libopenmpt --enable-libopencore-amrwb --enable-libmp3lame --enable-libshine --enable-libtheora --enable-libtwolame --enable-libvo-amrwbenc --enable-libcodec2 --enable-libilbc --enable-libgsm --enable-libopencore-amrnb --enable-libopus --enable-libspeex --enable-libvorbis --enable-ladspa --enable-libbs2b --enable-libflite --enable-libmysofa --enable-librubberband --enable-libsoxr --enable-chromaprint
  libavutil      59.  8.100 / 59.  8.100
  libavcodec     61.  3.100 / 61.  3.100
  libavformat    61.  1.100 / 61.  1.100
  libavdevice    61.  1.100 / 61.  1.100
  libavfilter    10.  1.100 / 10.  1.100
  libswscale      8.  1.100 /  8.  1.100
  libswresample   5.  1.100 /  5.  1.100
  libpostproc    58.  1.100 / 58.  1.100
Input #0, mov,mp4,m4a,3gp,3g2,mj2, from 'C:\Temp\yt-dlp\Ct1cw5Nb4Smp4':
  Metadata:
    major_brand     : isom
    minor_version   : 512
    compatible_brands: isomiso2mp41
    title           : Video by ourhome.becoming
    artist          : Lisa Chun
    date            : 20240910
    encoder         : Lavf61.1.100
    comment         : https://www.instagram.com/reel/C_t1cw5Nb4S/
    description     : But for real how does time pass by so quickly when the kids are in school…? 😅 Share with a friend who understands. 😆
                    :
                    : #parentinghumor #parentingmemes #backtoschool
    synopsis        : But for real how does time pass by so quickly when the kids are in school…? 😅 Share with a friend who understands. 😆
                    :
                    : #parentinghumor #parentingmemes #backtoschool
  Duration: 00:00:10.47, start: 0.000000, bitrate: 3094 kb/s
  Stream #0:0[0x1](und): Video: vp9 (Profile 0) (vp09 / 0x39307076), yuv420p(tv, bt709), 1080x1920, 3020 kb/s, 30 fps, 30 tbr, 15360 tbn (default)
      Metadata:
        handler_name    : VideoHandler
        vendor_id       : [0][0][0][0]
        encoder         : VPC Coding
  Stream #0:1[0x2](und): Audio: aac (HE-AAC) (mp4a / 0x6134706D), 44100 Hz, stereo, fltp, 68 kb/s (default)
      Metadata:
        handler_name    : SoundHandler
        vendor_id       : [0][0][0][0]
Stream mapping:
  Stream #0:0 -> #0:0 (vp9 (native) -> h264 (libx264))
  Stream #0:1 -> #0:1 (aac (native) -> aac (native))
Press [q] to stop, [?] for help
[libx264 @ 000002a8b6955400] using cpu capabilities: MMX2 SSE2Fast SSSE3 SSE4.2 AVX FMA3 BMI2 AVX2
[libx264 @ 000002a8b6955400] profile High, level 4.0, 4:2:0, 8-bit
[libx264 @ 000002a8b6955400] 264 - core 164 r3191 4613ac3 - H.264/MPEG-4 AVC codec - Copyleft 2003-2024 - http://www.videolan.org/x264.html - options: cabac=1 ref=3 deblock=1:0:0 analyse=0x3:0x113 me=hex subme=7 psy=1 psy_rd=1.00:0.00 mixed_ref=1 me_range=16 chroma_me=1 trellis=1 8x8dct=1 cqm=0 deadzone=21,11 fast_pskip=1 chroma_qp_offset=-2 threads=24 lookahead_threads=4 sliced_threads=0 nr=0 decimate=1 interlaced=0 bluray_compat=0 constrained_intra=0 bframes=3 b_pyramid=2 b_adapt=1 b_bias=0 direct=1 weightb=1 open_gop=0 weightp=2 keyint=250 keyint_min=25 scenecut=40 intra_refresh=0 rc_lookahead=40 rc=crf mbtree=1 crf=23.0 qcomp=0.60 qpmin=0 qpmax=69 qpstep=4 ip_ratio=1.40 aq=1:1.00
Output #0, mp4, to 'C:\Temp\yt-dlp\Ct1cw5Nb4Smp4_reencoded.mp4':
  Metadata:
    major_brand     : isom
    minor_version   : 512
    compatible_brands: isomiso2mp41
    title           : Video by ourhome.becoming
    artist          : Lisa Chun
    date            : 20240910
    synopsis        : But for real how does time pass by so quickly when the kids are in school…? 😅 Share with a friend who understands. 😆
                    :
                    : #parentinghumor #parentingmemes #backtoschool
    comment         : https://www.instagram.com/reel/C_t1cw5Nb4S/
    description     : But for real how does time pass by so quickly when the kids are in school…? 😅 Share with a friend who understands. 😆
                    :
                    : #parentinghumor #parentingmemes #backtoschool
    encoder         : Lavf61.1.100
  Stream #0:0(und): Video: h264 (avc1 / 0x31637661), yuv420p(tv, bt709, progressive), 1080x1920, q=2-31, 30 fps, 15360 tbn (default)
      Metadata:
        handler_name    : VideoHandler
        vendor_id       : [0][0][0][0]
        encoder         : Lavc61.3.100 libx264
      Side data:
        cpb: bitrate max/min/avg: 0/0/0 buffer size: 0 vbv_delay: N/A
  Stream #0:1(und): Audio: aac (LC) (mp4a / 0x6134706D), 44100 Hz, stereo, fltp, 128 kb/s (default)
      Metadata:
        handler_name    : SoundHandler
        vendor_id       : [0][0][0][0]
        encoder         : Lavc61.3.100 aac
[mp4 @ 000002a8b63ab000] Starting second pass: moving the moov atom to the beginning of the file
[out#0/mp4 @ 000002a8b63abec0] video:4731KiB audio:165KiB subtitle:0KiB other streams:0KiB global headers:0KiB muxing overhead: 0.262729%
frame=  314 fps=122 q=-1.0 Lsize=    4910KiB time=00:00:10.40 bitrate=3867.3kbits/s speed=4.05x
[libx264 @ 000002a8b6955400] frame I:4     Avg QP:18.62  size:161865
[libx264 @ 000002a8b6955400] frame P:107   Avg QP:22.99  size: 26296
[libx264 @ 000002a8b6955400] frame B:203   Avg QP:25.22  size:  6813
[libx264 @ 000002a8b6955400] consecutive B-frames:  9.9%  8.9%  8.6% 72.6%
[libx264 @ 000002a8b6955400] mb I  I16..4: 13.1% 64.2% 22.8%
[libx264 @ 000002a8b6955400] mb P  I16..4:  5.5% 18.2%  1.9%  P16..4: 28.3%  6.3%  2.8%  0.0%  0.0%    skip:37.0%
[libx264 @ 000002a8b6955400] mb B  I16..4:  1.0%  2.5%  0.2%  B16..8: 24.8%  1.8%  0.3%  direct: 1.4%  skip:68.1%  L0:47.1% L1:49.5% BI: 3.4%
[libx264 @ 000002a8b6955400] 8x8 transform intra:69.8% inter:82.0%
[libx264 @ 000002a8b6955400] coded y,uvDC,uvAC intra: 45.5% 30.3% 4.1% inter: 7.8% 5.9% 0.0%
[libx264 @ 000002a8b6955400] i16 v,h,dc,p: 27% 34%  8% 31%
[libx264 @ 000002a8b6955400] i8 v,h,dc,ddl,ddr,vr,hd,vl,hu: 25% 21% 18%  4%  7%  7%  7%  5%  6%
[libx264 @ 000002a8b6955400] i4 v,h,dc,ddl,ddr,vr,hd,vl,hu: 27% 23% 11%  5% 11%  8%  7%  5%  5%
[libx264 @ 000002a8b6955400] i8c dc,h,v,p: 60% 20% 18%  2%
[libx264 @ 000002a8b6955400] Weighted P-Frames: Y:5.6% UV:3.7%
[libx264 @ 000002a8b6955400] ref P L0: 70.7% 13.0% 11.5%  4.6%  0.1%
[libx264 @ 000002a8b6955400] ref B L0: 89.3%  8.7%  2.0%
[libx264 @ 000002a8b6955400] ref B L1: 96.2%  3.8%
[libx264 @ 000002a8b6955400] kb/s:3702.54
[aac @ 000002a8b6931280] Qavg: 1761.212
Wednesday, September 11, 2024 8:13:56 PM
Wednesday, September 11, 2024 8:13:56 PM
Wednesday, September 11, 2024 8:13:56 PM

PS C:\Users\kushal\src\myhtml\fromnepal\public\notes> cd "C:\Users\kushal\src\mylogging\"; date; git add .; date; git commit --message "add all files" --message "from the terminal"; date; cd "C:\Users\kushal\src\myhtml\fromnepal"; date; yarn; date; yarn run build; date; git add .; date; git commit --message "build application" --message "from the terminal"; date; git pull --rebase origin main; date; git push origin
 main; date;

Wednesday, September 11, 2024 9:46:49 PM
Wednesday, September 11, 2024 9:46:49 PM
On branch main
nothing to commit, working tree clean
Wednesday, September 11, 2024 9:46:49 PM
Wednesday, September 11, 2024 9:46:49 PM
yarn install v1.22.21
[1/4] Resolving packages...
success Already up-to-date.
Done in 0.06s.
Wednesday, September 11, 2024 9:46:49 PM
yarn run v1.22.21
$ tsc && vite build
vite v5.4.1 building for production...
✓ 5 modules transformed.
docs/index.html                 0.53 kB │ gzip: 0.32 kB
docs/assets/index-DYhv0y2B.css  4.60 kB │ gzip: 1.63 kB
docs/assets/index-DlmTeNAq.js   2.94 kB │ gzip: 1.31 kB
✓ built in 395ms
Done in 1.31s.
Wednesday, September 11, 2024 9:46:50 PM
warning: in the working copy of 'docs/assets/index-DYhv0y2B.css', LF will be replaced by CRLF the next time Git touches it
warning: in the working copy of 'docs/assets/index-DlmTeNAq.js', LF will be replaced by CRLF the next time Git touches it
warning: in the working copy of 'docs/index.html', LF will be replaced by CRLF the next time Git touches it
Wednesday, September 11, 2024 9:46:52 PM
On branch main
Your branch is up to date with 'origin/main'.

nothing to commit, working tree clean
Wednesday, September 11, 2024 9:46:52 PM
From github.com:fromnepal/fromnepal.github.io
 * branch            main       -> FETCH_HEAD
Already up to date.
Wednesday, September 11, 2024 9:46:53 PM
Everything up-to-date
Wednesday, September 11, 2024 9:46:53 PM

PS C:\Users\kushal\src\myhtml\fromnepal> cd "C:\Users\kushal\src\mylogging\"; date; git add .; date; git commit --message "add all files" --message "from the terminal"; date; cd "C:\Users\kushal\src\myhtml\fromnepal"; date; yarn; date; yarn run build; date; git add .; date; git commit --message "build application" --message "from the terminal"; date; git pull --rebase origin main; date; git push origin main; date;

Wednesday, September 11, 2024 9:47:53 PM
Wednesday, September 11, 2024 9:47:53 PM
On branch main
nothing to commit, working tree clean
Wednesday, September 11, 2024 9:47:53 PM
Wednesday, September 11, 2024 9:47:53 PM
yarn install v1.22.21
[1/4] Resolving packages...
success Already up-to-date.
Done in 0.07s.
Wednesday, September 11, 2024 9:47:53 PM
yarn run v1.22.21
$ tsc && vite build
vite v5.4.1 building for production...
✓ 5 modules transformed.
docs/index.html                 0.53 kB │ gzip: 0.32 kB
docs/assets/index-DYhv0y2B.css  4.60 kB │ gzip: 1.63 kB
docs/assets/index-DlmTeNAq.js   2.94 kB │ gzip: 1.31 kB
✓ built in 279ms
Done in 1.05s.
Wednesday, September 11, 2024 9:47:55 PM
warning: in the working copy of 'docs/assets/index-DYhv0y2B.css', LF will be replaced by CRLF the next time Git touches it
warning: in the working copy of 'docs/assets/index-DlmTeNAq.js', LF will be replaced by CRLF the next time Git touches it
warning: in the working copy of 'docs/index.html', LF will be replaced by CRLF the next time Git touches it
Wednesday, September 11, 2024 9:47:56 PM
[main 357d1fa] build application
 6 files changed, 1366 insertions(+), 10366 deletions(-)
 create mode 100644 docs/notes/2024/09/11/opinion.txt
 create mode 100644 docs/notes/2024/09/11/template.html
 create mode 100644 public/notes/2024/09/11/opinion.txt
 create mode 100644 public/notes/2024/09/11/template.html
Wednesday, September 11, 2024 9:47:56 PM
From github.com:fromnepal/fromnepal.github.io
 * branch            main       -> FETCH_HEAD
Current branch main is up to date.
Wednesday, September 11, 2024 9:47:57 PM
Enumerating objects: 19, done.
Counting objects: 100% (19/19), done.
Delta compression using up to 16 threads
Compressing objects: 100% (11/11), done.
Writing objects: 100% (11/11), 9.17 KiB | 1.02 MiB/s, done.
Total 11 (delta 6), reused 0 (delta 0), pack-reused 0 (from 0)
remote: Resolving deltas: 100% (6/6), completed with 6 local objects.
To github.com:fromnepal/fromnepal.github.io.git
   a3910d0..357d1fa  main -> main
Wednesday, September 11, 2024 9:47:58 PM

PS C:\Users\kushal\src\myhtml\fromnepal> cd "C:\Users\kushal\src\mylogging\"; date; git add .; date; git commit --message "add all files" --message "from the terminal"; date; cd "C:\Users\kushal\src\myhtml\fromnepal"; date; yarn; date; yarn run build; date; git add .; date; git commit --message "build application" --message "from the terminal"; date; git pull --rebase origin main; date; git push origin main; date;

Wednesday, September 11, 2024 9:50:34 PM
Wednesday, September 11, 2024 9:50:34 PM
On branch main
nothing to commit, working tree clean
Wednesday, September 11, 2024 9:50:34 PM
Wednesday, September 11, 2024 9:50:34 PM
yarn install v1.22.21
[1/4] Resolving packages...
success Already up-to-date.
Done in 0.06s.
Wednesday, September 11, 2024 9:50:34 PM
yarn run v1.22.21
$ tsc && vite build
vite v5.4.1 building for production...
✓ 5 modules transformed.
docs/index.html                 0.53 kB │ gzip: 0.32 kB
docs/assets/index-DYhv0y2B.css  4.60 kB │ gzip: 1.63 kB
docs/assets/index-DlmTeNAq.js   2.94 kB │ gzip: 1.31 kB
✓ built in 255ms
Done in 1.01s.
Wednesday, September 11, 2024 9:50:35 PM
warning: in the working copy of 'docs/assets/index-DYhv0y2B.css', LF will be replaced by CRLF the next time Git touches it
warning: in the working copy of 'docs/assets/index-DlmTeNAq.js', LF will be replaced by CRLF the next time Git touches it
warning: in the working copy of 'docs/index.html', LF will be replaced by CRLF the next time Git touches it
Wednesday, September 11, 2024 9:50:37 PM
[main 9eaf268] build application
 4 files changed, 92 insertions(+), 18 deletions(-)
 rename docs/notes/2024/09/11/{template.html => opinion.html} (90%)
 rename public/notes/2024/09/11/{template.html => opinion.html} (90%)
Wednesday, September 11, 2024 9:50:37 PM
From github.com:fromnepal/fromnepal.github.io
 * branch            main       -> FETCH_HEAD
Current branch main is up to date.
Wednesday, September 11, 2024 9:50:38 PM
Enumerating objects: 18, done.
Counting objects: 100% (18/18), done.
Delta compression using up to 16 threads
Compressing objects: 100% (10/10), done.
Writing objects: 100% (10/10), 12.89 KiB | 1.43 MiB/s, done.
Total 10 (delta 5), reused 0 (delta 0), pack-reused 0 (from 0)
remote: Resolving deltas: 100% (5/5), completed with 5 local objects.
To github.com:fromnepal/fromnepal.github.io.git
   357d1fa..9eaf268  main -> main
Wednesday, September 11, 2024 9:50:39 PM

PS C:\Users\kushal\src\myhtml\fromnepal>
PS C:\Users\kushal\src\myhtml\fromnepal> cd "C:\Users\kushal\src\mylogging\"; date; git add .; date; git commit --message "add all files" --message "from the terminal"; date; cd "C:\Users\kushal\src\myhtml\fromnepal"; date; yarn; date; yarn run build; date; git add .; date; git commit --message "build application" --message "from the terminal"; date; git pull --rebase origin main; date; git push origin main; date;

Wednesday, September 11, 2024 9:52:06 PM
Wednesday, September 11, 2024 9:52:06 PM
On branch main
nothing to commit, working tree clean
Wednesday, September 11, 2024 9:52:06 PM
Wednesday, September 11, 2024 9:52:06 PM
yarn install v1.22.21
[1/4] Resolving packages...
success Already up-to-date.
Done in 0.06s.
Wednesday, September 11, 2024 9:52:06 PM
yarn run v1.22.21
$ tsc && vite build
vite v5.4.1 building for production...
✓ 5 modules transformed.
docs/index.html                 0.53 kB │ gzip: 0.32 kB
docs/assets/index-DYhv0y2B.css  4.60 kB │ gzip: 1.63 kB
docs/assets/index-DlmTeNAq.js   2.94 kB │ gzip: 1.31 kB
✓ built in 367ms
Done in 1.31s.
Wednesday, September 11, 2024 9:52:08 PM
warning: in the working copy of 'docs/assets/index-DYhv0y2B.css', LF will be replaced by CRLF the next time Git touches it
warning: in the working copy of 'docs/assets/index-DlmTeNAq.js', LF will be replaced by CRLF the next time Git touches it
warning: in the working copy of 'docs/index.html', LF will be replaced by CRLF the next time Git touches it
Wednesday, September 11, 2024 9:52:09 PM
[main 0cc94ea] build application
 4 files changed, 288 insertions(+), 4 deletions(-)
Wednesday, September 11, 2024 9:52:09 PM
From github.com:fromnepal/fromnepal.github.io
 * branch            main       -> FETCH_HEAD
Current branch main is up to date.
Wednesday, September 11, 2024 9:52:10 PM
Enumerating objects: 19, done.
Counting objects: 100% (19/19), done.
Delta compression using up to 16 threads
Compressing objects: 100% (10/10), done.
Writing objects: 100% (10/10), 13.29 KiB | 2.66 MiB/s, done.
Total 10 (delta 6), reused 0 (delta 0), pack-reused 0 (from 0)
remote: Resolving deltas: 100% (6/6), completed with 6 local objects.
To github.com:fromnepal/fromnepal.github.io.git
   9eaf268..0cc94ea  main -> main
Wednesday, September 11, 2024 9:52:11 PM

PS C:\Users\kushal\src\myhtml\fromnepal> cd "\\TP-Share\G\shared\jellyfin\shows\downloaded"; date; pwd; date; yt-dlp.exe --verbose --write-sub --sub-lang en --restrict-filenames --add-metadata -f "bestvideo[ext=mp4]+bestaudio[ext=m4a]/mp4"  --sponsorblock-mark all --sponsorblock-remove all -i "https://nyti.ms/47xBe1B"; date;

Friday, September 13, 2024 5:11:01 AM

Drive        :
Provider     : Microsoft.PowerShell.Core\FileSystem
ProviderPath : \\TP-Share\G\shared\jellyfin\shows\downloaded
Path         : Microsoft.PowerShell.Core\FileSystem::\\TP-Share\G\shared\jellyfin\shows\downloaded

Friday, September 13, 2024 5:11:01 AM
[debug] Command-line config: ['--verbose', '--write-sub', '--sub-lang', 'en', '--restrict-filenames', '--add-metadata', '-f', 'bestvideo[ext=mp4]+bestaudio[ext=m4a]/mp4', '--sponsorblock-mark', 'all', '--sponsorblock-remove', 'all', '-i', 'https://nyti.ms/47xBe1B']
[debug] Portable config "C:\Users\kushal\scoop\apps\yt-dlp\current\yt-dlp.conf": []
[debug] Encodings: locale cp1252, fs utf-8, pref cp1252, out utf-8, error utf-8, screen utf-8
[debug] yt-dlp version stable@2024.08.06 from yt-dlp/yt-dlp [4d9231208] (win_exe)
[debug] Python 3.8.10 (CPython AMD64 64bit) - Windows-10-10.0.22631-SP0 (OpenSSL 1.1.1k  25 Mar 2021)
[debug] exe versions: ffmpeg 7.0.2-full_build-www.gyan.dev (setts), ffprobe 7.0.2-full_build-www.gyan.dev
[debug] Optional libraries: Cryptodome-3.20.0, brotli-1.1.0, certifi-2024.07.04, curl_cffi-0.5.10, mutagen-1.47.0, requests-2.32.3, sqlite3-3.35.5, urllib3-2.2.2, websockets-12.0
[debug] Proxy map: {}
[debug] Request Handlers: urllib, requests, websockets, curl_cffi
[debug] Loaded 1830 extractors
[generic] Extracting URL: https://nyti.ms/47xBe1B
[generic] 47xBe1B: Downloading webpage
[redirect] Following redirect to https://www.nytimes.com/video/business/100000009690433/boeing-union-strike-iam.html?smid=pl-share
[NYTimes] Extracting URL: https://www.nytimes.com/video/business/100000009690433/boeing-union-strike-iam.html?smid=pl-share
[NYTimes] 100000009690433: Downloading JSON from GraphQL API
[NYTimes] 100000009690433: Downloading m3u8 information
[NYTimes] 100000009690433: Downloading m3u8 information
[NYTimes] 100000009690433: Downloading m3u8 information
[NYTimes] 100000009690433: Downloading m3u8 information
[info] 100000009690433: Downloading subtitles: en
[debug] Formats sorted by: hasvid, ie_pref, lang, quality, res, fps, hdr:12(7), vcodec:vp9.2(10), channels, acodec, size, br, asr, proto, vext, aext, hasaud, source, id
[SponsorBlock] SponsorBlock is not supported for NYTimes
[info] 100000009690433: Downloading 1 format(s): hlsfmp4_mobile-3688
[info] Writing video subtitles to: Boeing_Union_Members_Vote_to_Strike-[100000009690433].en.vtt
[debug] Invoking hlsnative downloader on "https://vp.nyt.com/video/hlsfmp4/2024/09/13/123544_1_13vid-boeing_wg_mobile/index-f6.m3u8"
[hlsnative] Downloading m3u8 manifest
[hlsnative] Total fragments: 5
[download] Destination: Boeing_Union_Members_Vote_to_Strike-[100000009690433].en.vtt
[debug] File locking is not supported. Proceeding without locking
[download] 100% of    676.00B in 00:00:01 at 432.96B/s
[debug] Invoking hlsnative downloader on "https://vp.nyt.com/video/hlsfmp4/2024/09/13/123544_1_13vid-boeing_wg_mobile/index-f1-v1-a1.m3u8"
[hlsnative] Downloading m3u8 manifest
[hlsnative] Total fragments: 6
[download] Destination: Boeing_Union_Members_Vote_to_Strike-[100000009690433].mp4
[download] 100% of   18.22MiB in 00:00:09 at 1.98MiB/s
[debug] ffprobe command line: ffprobe -hide_banner -show_format -show_streams -print_format json "file:Boeing_Union_Members_Vote_to_Strike-[100000009690433].mp4"
[ModifyChapters] SponsorBlock information is unavailable
[Metadata] Adding metadata to "Boeing_Union_Members_Vote_to_Strike-[100000009690433].mp4"
[debug] ffmpeg command line: ffmpeg -y -loglevel repeat+info -i "file:Boeing_Union_Members_Vote_to_Strike-[100000009690433].mp4" -map 0 -dn -ignore_unknown -c copy -write_id3v1 1 -metadata "title=Boeing UnionMembers Vote to Strike" -metadata "date=20240913" -metadata "description=Thousands of machinists and aerospace workers walked off the job on Friday, after rejecting a proposal that would have delivered raisesand improvements to benefits but fell short of what the union initially sought." -metadata "synopsis=Thousands of machinists and aerospace workers walked off the job on Friday, after rejecting a proposal thatwould have delivered raises and improvements to benefits but fell short of what the union initially sought." -metadata "purl=https://www.nytimes.com/video/business/100000009690433/boeing-union-strike-iam.html?smid=pl-share" -metadata "comment=https://www.nytimes.com/video/business/100000009690433/boeing-union-strike-iam.html?smid=pl-share" -metadata "artist=Shawn Paik" -movflags +faststart "file:Boeing_Union_Members_Vote_to_Strike-[100000009690433].temp.mp4"
Friday, September 13, 2024 5:11:21 AM

PS Microsoft.PowerShell.Core\FileSystem::\\TP-Share\G\shared\jellyfin\shows\downloaded> cd "C:\Users\kushal\src\mylogging\"; date; git add .; date; git commit --message "add all files" --message "from the terminal"; date; cd "C:\Users\kushal\src\myhtml\fromnepal"; date; yarn; date; yarn run build; date; git add .; date; git commit --message "build application" --message "from the terminal"; date; git pull --rebaseorigin main; date; git push origin main; date;

Friday, September 13, 2024 5:12:53 AM
Friday, September 13, 2024 5:12:53 AM
On branch main
nothing to commit, working tree clean
Friday, September 13, 2024 5:12:53 AM
Friday, September 13, 2024 5:12:53 AM
yarn install v1.22.21
[1/4] Resolving packages...
success Already up-to-date.
Done in 0.15s.
Friday, September 13, 2024 5:12:54 AM
yarn run v1.22.21
$ tsc && vite build
vite v5.4.1 building for production...
✓ 5 modules transformed.
docs/index.html                 0.53 kB │ gzip: 0.32 kB
docs/assets/index-DYhv0y2B.css  4.60 kB │ gzip: 1.63 kB
docs/assets/index-DlmTeNAq.js   2.94 kB │ gzip: 1.31 kB
✓ built in 454ms
Done in 2.16s.
Friday, September 13, 2024 5:12:56 AM
warning: in the working copy of 'docs/assets/index-DYhv0y2B.css', LF will be replaced by CRLF the next time Git touches it
warning: in the working copy of 'docs/assets/index-DlmTeNAq.js', LF will be replaced by CRLF the next time Git touches it
warning: in the working copy of 'docs/index.html', LF will be replaced by CRLF the next time Git touches it
Friday, September 13, 2024 5:12:59 AM
[main ef6751a] build application
 4 files changed, 0 insertions(+), 0 deletions(-)
 create mode 100644 docs/notes/2024/09/13/raygun.txt
 create mode 100644 docs/notes/pixel-promotion.png
 create mode 100644 public/notes/2024/09/13/raygun.txt
 create mode 100644 public/notes/pixel-promotion.png
Friday, September 13, 2024 5:12:59 AM
From github.com:fromnepal/fromnepal.github.io
 * branch            main       -> FETCH_HEAD
Current branch main is up to date.
Friday, September 13, 2024 5:13:00 AM
Enumerating objects: 16, done.
Counting objects: 100% (16/16), done.
Delta compression using up to 16 threads
Compressing objects: 100% (8/8), done.
Writing objects: 100% (10/10), 240.87 KiB | 14.17 MiB/s, done.
Total 10 (delta 5), reused 0 (delta 0), pack-reused 0 (from 0)
remote: Resolving deltas: 100% (5/5), completed with 5 local objects.
To github.com:fromnepal/fromnepal.github.io.git
   0cc94ea..ef6751a  main -> main
Friday, September 13, 2024 5:13:01 AM

PS C:\Users\kushal\src\myhtml\fromnepal> cd "C:\Users\kushal\src\mylogging\"; date; git add .; date; git commit --message "add all files" --message "from the terminal"; date; cd "C:\Users\kushal\src\myhtml\fromnepal"; date; yarn; date; yarn run build; date; git add .; date; git commit --message "build application" --message "from the terminal"; date; git pull --rebase origin main; date; git push origin main; date;

Friday, September 13, 2024 5:13:25 AM
Friday, September 13, 2024 5:13:25 AM
On branch main
nothing to commit, working tree clean
Friday, September 13, 2024 5:13:25 AM
Friday, September 13, 2024 5:13:25 AM
yarn install v1.22.21
[1/4] Resolving packages...
success Already up-to-date.
Done in 0.06s.
Friday, September 13, 2024 5:13:25 AM
yarn run v1.22.21
$ tsc && vite build
vite v5.4.1 building for production...
✓ 5 modules transformed.
docs/index.html                 0.53 kB │ gzip: 0.32 kB
docs/assets/index-DYhv0y2B.css  4.60 kB │ gzip: 1.63 kB
docs/assets/index-DlmTeNAq.js   2.94 kB │ gzip: 1.31 kB
✓ built in 265ms
Done in 1.08s.
Friday, September 13, 2024 5:13:27 AM
warning: in the working copy of 'docs/assets/index-DYhv0y2B.css', LF will be replaced by CRLF the next time Git touches it
warning: in the working copy of 'docs/assets/index-DlmTeNAq.js', LF will be replaced by CRLF the next time Git touches it
warning: in the working copy of 'docs/index.html', LF will be replaced by CRLF the next time Git touches it
Friday, September 13, 2024 5:13:28 AM
[main bcd5185] build application
 4 files changed, 320 insertions(+)
Friday, September 13, 2024 5:13:28 AM
From github.com:fromnepal/fromnepal.github.io
 * branch            main       -> FETCH_HEAD
Current branch main is up to date.
Friday, September 13, 2024 5:13:29 AM
Enumerating objects: 19, done.
Counting objects: 100% (19/19), done.
Delta compression using up to 16 threads
Compressing objects: 100% (9/9), done.
Writing objects: 100% (10/10), 2.93 KiB | 1.46 MiB/s, done.
Total 10 (delta 6), reused 0 (delta 0), pack-reused 0 (from 0)
remote: Resolving deltas: 100% (6/6), completed with 6 local objects.
To github.com:fromnepal/fromnepal.github.io.git
   ef6751a..bcd5185  main -> main
Friday, September 13, 2024 5:13:30 AM

PS C:\Users\kushal\src\myhtml\fromnepal> cd "C:\Users\kushal\src\mylogging\"; date; git add .; date; git commit --message "add all files" --message "from the terminal"; date; cd "C:\Users\kushal\src\myhtml\fromnepal"; date; yarn; date; yarn run build; date; git add .; date; git commit --message "build application" --message "from the terminal"; date; git pull --rebase origin main; date; git push origin main; date;

Friday, September 13, 2024 5:14:28 AM
Friday, September 13, 2024 5:14:28 AM
On branch main
nothing to commit, working tree clean
Friday, September 13, 2024 5:14:28 AM
Friday, September 13, 2024 5:14:28 AM
yarn install v1.22.21
[1/4] Resolving packages...
success Already up-to-date.
Done in 0.06s.
Friday, September 13, 2024 5:14:29 AM
yarn run v1.22.21
$ tsc && vite build
vite v5.4.1 building for production...
✓ 5 modules transformed.
docs/index.html                 0.53 kB │ gzip: 0.32 kB
docs/assets/index-DYhv0y2B.css  4.60 kB │ gzip: 1.63 kB
docs/assets/index-DlmTeNAq.js   2.94 kB │ gzip: 1.31 kB
✓ built in 270ms
Done in 1.03s.
Friday, September 13, 2024 5:14:30 AM
warning: in the working copy of 'docs/assets/index-DYhv0y2B.css', LF will be replaced by CRLF the next time Git touches it
warning: in the working copy of 'docs/assets/index-DlmTeNAq.js', LF will be replaced by CRLF the next time Git touches it
warning: in the working copy of 'docs/index.html', LF will be replaced by CRLF the next time Git touches it
Friday, September 13, 2024 5:14:31 AM
[main 5275760] build application
 2 files changed, 56 insertions(+)
Friday, September 13, 2024 5:14:31 AM
From github.com:fromnepal/fromnepal.github.io
 * branch            main       -> FETCH_HEAD
Current branch main is up to date.
Friday, September 13, 2024 5:14:32 AM
Enumerating objects: 17, done.
Counting objects: 100% (17/17), done.
Delta compression using up to 16 threads
Compressing objects: 100% (8/8), done.
Writing objects: 100% (9/9), 2.74 KiB | 2.74 MiB/s, done.
Total 9 (delta 5), reused 0 (delta 0), pack-reused 0 (from 0)
remote: Resolving deltas: 100% (5/5), completed with 5 local objects.
To github.com:fromnepal/fromnepal.github.io.git
   bcd5185..5275760  main -> main
Friday, September 13, 2024 5:14:33 AM

PS C:\Users\kushal\src\myhtml\fromnepal> cd "C:\Users\kushal\src\mylogging\"; date; git add .; date; git commit --message "add all files" --message "from the terminal"; date; cd "C:\Users\kushal\src\myhtml\fromnepal"; date; yarn; date; yarn run build; date; git add .; date; git commit --message "build application" --message "from the terminal"; date; git pull --rebase origin main; date; git push origin main; date;