PowerShell 7.4.5
PS C:\Users\kushal> ssh kusfedoravm
kushal@kusfedoravm's password:
Last login: Wed Aug 28 05:23:35 2024 from fe80::975c:f636:bfb:5026%eth0
kushal@kusfedoravm:~$ sudo echo "Current date and time: $(date)"; free -h; df -h; time ping -c 20 pcna.duckdns.org; time ping -c 20 kalimati.duckdns.org; time ping -c 20 colorado.duckdns.org; sudo echo "Current date and time: $(date)"; time sudo dnf offline-upgrade download -y && time sudo dnf offline-upgrade reboot;
[sudo] password for kushal:
Sorry, try again.
[sudo] password for kushal:
Current date and time: Sat Aug 31 05:59:56 AM EDT 2024
               total        used        free      shared  buff/cache   available
Mem:           7.7Gi       899Mi       5.5Gi        10Mi       1.7Gi       6.9Gi
Swap:          7.7Gi          0B       7.7Gi
Filesystem      Size  Used Avail Use% Mounted on
/dev/sda3        31G  4.4G   26G  15% /
devtmpfs        4.0M     0  4.0M   0% /dev
tmpfs           3.9G     0  3.9G   0% /dev/shm
efivarfs        128M  6.8K  128M   1% /sys/firmware/efi/efivars
tmpfs           1.6G  1.1M  1.6G   1% /run
tmpfs           3.9G  8.0K  3.9G   1% /tmp
/dev/sda3        31G  4.4G   26G  15% /home
/dev/sda2       974M  336M  571M  38% /boot
/dev/sda1       599M   20M  580M   4% /boot/efi
tmpfs           794M   88K  794M   1% /run/user/42
tmpfs           794M   72K  794M   1% /run/user/1000
PING pcna.duckdns.org (70.104.195.206) 56(84) bytes of data.
64 bytes from pool-70-104-195-206.nrflva.fios.verizon.net (70.104.195.206): icmp_seq=1 ttl=64 time=0.394 ms
64 bytes from pool-70-104-195-206.nrflva.fios.verizon.net (70.104.195.206): icmp_seq=2 ttl=64 time=1.03 ms
64 bytes from pool-70-104-195-206.nrflva.fios.verizon.net (70.104.195.206): icmp_seq=3 ttl=64 time=0.637 ms
64 bytes from pool-70-104-195-206.nrflva.fios.verizon.net (70.104.195.206): icmp_seq=4 ttl=64 time=0.503 ms
64 bytes from pool-70-104-195-206.nrflva.fios.verizon.net (70.104.195.206): icmp_seq=5 ttl=64 time=0.598 ms
64 bytes from pool-70-104-195-206.nrflva.fios.verizon.net (70.104.195.206): icmp_seq=6 ttl=64 time=1.14 ms
64 bytes from pool-70-104-195-206.nrflva.fios.verizon.net (70.104.195.206): icmp_seq=7 ttl=64 time=1.07 ms
64 bytes from pool-70-104-195-206.nrflva.fios.verizon.net (70.104.195.206): icmp_seq=8 ttl=64 time=0.365 ms
64 bytes from pool-70-104-195-206.nrflva.fios.verizon.net (70.104.195.206): icmp_seq=9 ttl=64 time=0.313 ms
64 bytes from pool-70-104-195-206.nrflva.fios.verizon.net (70.104.195.206): icmp_seq=10 ttl=64 time=0.610 ms
64 bytes from pool-70-104-195-206.nrflva.fios.verizon.net (70.104.195.206): icmp_seq=11 ttl=64 time=0.573 ms
64 bytes from pool-70-104-195-206.nrflva.fios.verizon.net (70.104.195.206): icmp_seq=12 ttl=64 time=0.511 ms
64 bytes from pool-70-104-195-206.nrflva.fios.verizon.net (70.104.195.206): icmp_seq=13 ttl=64 time=1.28 ms
64 bytes from pool-70-104-195-206.nrflva.fios.verizon.net (70.104.195.206): icmp_seq=14 ttl=64 time=0.674 ms
64 bytes from pool-70-104-195-206.nrflva.fios.verizon.net (70.104.195.206): icmp_seq=15 ttl=64 time=1.24 ms
64 bytes from pool-70-104-195-206.nrflva.fios.verizon.net (70.104.195.206): icmp_seq=16 ttl=64 time=1.94 ms
64 bytes from pool-70-104-195-206.nrflva.fios.verizon.net (70.104.195.206): icmp_seq=17 ttl=64 time=0.710 ms
64 bytes from pool-70-104-195-206.nrflva.fios.verizon.net (70.104.195.206): icmp_seq=18 ttl=64 time=1.02 ms
64 bytes from pool-70-104-195-206.nrflva.fios.verizon.net (70.104.195.206): icmp_seq=19 ttl=64 time=0.449 ms
64 bytes from pool-70-104-195-206.nrflva.fios.verizon.net (70.104.195.206): icmp_seq=20 ttl=64 time=1.54 ms

--- pcna.duckdns.org ping statistics ---
20 packets transmitted, 20 received, 0% packet loss, time 19290ms
rtt min/avg/max/mdev = 0.313/0.829/1.935/0.423 ms

real    0m19.330s
user    0m0.001s
sys     0m0.005s
PING kalimati.duckdns.org (70.104.195.206) 56(84) bytes of data.
64 bytes from pool-70-104-195-206.nrflva.fios.verizon.net (70.104.195.206): icmp_seq=1 ttl=64 time=0.485 ms
64 bytes from pool-70-104-195-206.nrflva.fios.verizon.net (70.104.195.206): icmp_seq=2 ttl=64 time=0.387 ms
64 bytes from pool-70-104-195-206.nrflva.fios.verizon.net (70.104.195.206): icmp_seq=3 ttl=64 time=0.358 ms
64 bytes from pool-70-104-195-206.nrflva.fios.verizon.net (70.104.195.206): icmp_seq=4 ttl=64 time=0.412 ms
64 bytes from pool-70-104-195-206.nrflva.fios.verizon.net (70.104.195.206): icmp_seq=5 ttl=64 time=0.463 ms
64 bytes from pool-70-104-195-206.nrflva.fios.verizon.net (70.104.195.206): icmp_seq=6 ttl=64 time=0.861 ms
64 bytes from pool-70-104-195-206.nrflva.fios.verizon.net (70.104.195.206): icmp_seq=7 ttl=64 time=0.400 ms
64 bytes from pool-70-104-195-206.nrflva.fios.verizon.net (70.104.195.206): icmp_seq=8 ttl=64 time=0.610 ms
64 bytes from pool-70-104-195-206.nrflva.fios.verizon.net (70.104.195.206): icmp_seq=9 ttl=64 time=0.307 ms
64 bytes from pool-70-104-195-206.nrflva.fios.verizon.net (70.104.195.206): icmp_seq=10 ttl=64 time=0.432 ms
64 bytes from pool-70-104-195-206.nrflva.fios.verizon.net (70.104.195.206): icmp_seq=11 ttl=64 time=0.365 ms
64 bytes from pool-70-104-195-206.nrflva.fios.verizon.net (70.104.195.206): icmp_seq=12 ttl=64 time=0.721 ms
64 bytes from pool-70-104-195-206.nrflva.fios.verizon.net (70.104.195.206): icmp_seq=13 ttl=64 time=0.667 ms
64 bytes from pool-70-104-195-206.nrflva.fios.verizon.net (70.104.195.206): icmp_seq=14 ttl=64 time=0.657 ms
64 bytes from pool-70-104-195-206.nrflva.fios.verizon.net (70.104.195.206): icmp_seq=15 ttl=64 time=0.432 ms
64 bytes from pool-70-104-195-206.nrflva.fios.verizon.net (70.104.195.206): icmp_seq=16 ttl=64 time=0.487 ms
64 bytes from pool-70-104-195-206.nrflva.fios.verizon.net (70.104.195.206): icmp_seq=17 ttl=64 time=0.687 ms
64 bytes from pool-70-104-195-206.nrflva.fios.verizon.net (70.104.195.206): icmp_seq=18 ttl=64 time=0.322 ms
64 bytes from pool-70-104-195-206.nrflva.fios.verizon.net (70.104.195.206): icmp_seq=19 ttl=64 time=0.585 ms
64 bytes from pool-70-104-195-206.nrflva.fios.verizon.net (70.104.195.206): icmp_seq=20 ttl=64 time=0.368 ms

--- kalimati.duckdns.org ping statistics ---
20 packets transmitted, 20 received, 0% packet loss, time 19488ms
rtt min/avg/max/mdev = 0.307/0.500/0.861/0.150 ms

real    0m22.526s
user    0m0.003s
sys     0m0.002s
PING colorado.duckdns.org (70.104.195.206) 56(84) bytes of data.
64 bytes from pool-70-104-195-206.nrflva.fios.verizon.net (70.104.195.206): icmp_seq=1 ttl=64 time=0.394 ms
64 bytes from pool-70-104-195-206.nrflva.fios.verizon.net (70.104.195.206): icmp_seq=2 ttl=64 time=0.567 ms
64 bytes from pool-70-104-195-206.nrflva.fios.verizon.net (70.104.195.206): icmp_seq=3 ttl=64 time=0.424 ms
64 bytes from pool-70-104-195-206.nrflva.fios.verizon.net (70.104.195.206): icmp_seq=4 ttl=64 time=0.359 ms
64 bytes from pool-70-104-195-206.nrflva.fios.verizon.net (70.104.195.206): icmp_seq=5 ttl=64 time=0.342 ms
64 bytes from pool-70-104-195-206.nrflva.fios.verizon.net (70.104.195.206): icmp_seq=6 ttl=64 time=0.502 ms
64 bytes from pool-70-104-195-206.nrflva.fios.verizon.net (70.104.195.206): icmp_seq=7 ttl=64 time=0.472 ms
64 bytes from pool-70-104-195-206.nrflva.fios.verizon.net (70.104.195.206): icmp_seq=8 ttl=64 time=0.389 ms
64 bytes from pool-70-104-195-206.nrflva.fios.verizon.net (70.104.195.206): icmp_seq=9 ttl=64 time=0.318 ms
64 bytes from pool-70-104-195-206.nrflva.fios.verizon.net (70.104.195.206): icmp_seq=10 ttl=64 time=0.491 ms
64 bytes from pool-70-104-195-206.nrflva.fios.verizon.net (70.104.195.206): icmp_seq=11 ttl=64 time=0.368 ms
64 bytes from pool-70-104-195-206.nrflva.fios.verizon.net (70.104.195.206): icmp_seq=12 ttl=64 time=0.382 ms
64 bytes from pool-70-104-195-206.nrflva.fios.verizon.net (70.104.195.206): icmp_seq=13 ttl=64 time=0.901 ms
64 bytes from pool-70-104-195-206.nrflva.fios.verizon.net (70.104.195.206): icmp_seq=14 ttl=64 time=0.986 ms
64 bytes from pool-70-104-195-206.nrflva.fios.verizon.net (70.104.195.206): icmp_seq=15 ttl=64 time=0.525 ms
64 bytes from pool-70-104-195-206.nrflva.fios.verizon.net (70.104.195.206): icmp_seq=16 ttl=64 time=0.356 ms
64 bytes from pool-70-104-195-206.nrflva.fios.verizon.net (70.104.195.206): icmp_seq=17 ttl=64 time=0.356 ms
64 bytes from pool-70-104-195-206.nrflva.fios.verizon.net (70.104.195.206): icmp_seq=18 ttl=64 time=0.467 ms
64 bytes from pool-70-104-195-206.nrflva.fios.verizon.net (70.104.195.206): icmp_seq=19 ttl=64 time=0.320 ms
64 bytes from pool-70-104-195-206.nrflva.fios.verizon.net (70.104.195.206): icmp_seq=20 ttl=64 time=0.436 ms

--- colorado.duckdns.org ping statistics ---
20 packets transmitted, 20 received, 0% packet loss, time 19420ms
rtt min/avg/max/mdev = 0.318/0.467/0.986/0.173 ms

real    0m19.456s
user    0m0.000s
sys     0m0.005s
Current date and time: Sat Aug 31 06:01:08 AM EDT 2024
Fedora 40 - x86_64                                                                                                                                                                                                                                      762 kB/s |  20 MB     00:26
Fedora 40 openh264 (From Cisco) - x86_64                                                                                                                                                                                                                4.7 kB/s | 1.4 kB     00:00
Fedora 40 - x86_64 - Updates                                                                                                                                                                                                                            9.5 MB/s | 9.8 MB     00:01
Last metadata expiration check: 0:00:01 ago on Sat 31 Aug 2024 06:01:40 AM EDT.
Dependencies resolved.
========================================================================================================================================================================================================================================================================================
 Package                                                                       Architecture                                                 Version                                                                 Repository                                                     Size
========================================================================================================================================================================================================================================================================================
Upgrading:
 bubblewrap                                                                    x86_64                                                       0.10.0-1.fc40                                                           updates                                                        63 k
 containers-common                                                             noarch                                                       5:0.60.1-1.fc40                                                         updates                                                        94 k
 containers-common-extra                                                       noarch                                                       5:0.60.1-1.fc40                                                         updates                                                       7.9 k
 gnome-bluetooth                                                               x86_64                                                       1:46.1-1.fc40                                                           updates                                                        44 k
 gnome-bluetooth-libs                                                          x86_64                                                       1:46.1-1.fc40                                                           updates                                                       287 k
 intel-vpl-gpu-rt                                                              x86_64                                                       24.2.5-1.fc40                                                           updates                                                       2.3 M
 less                                                                          x86_64                                                       643-6.fc40                                                              updates                                                       175 k
 libX11                                                                        x86_64                                                       1.8.10-2.fc40                                                           updates                                                       650 k
 libX11-common                                                                 noarch                                                       1.8.10-2.fc40                                                           updates                                                       176 k
 libX11-xcb                                                                    x86_64                                                       1.8.10-2.fc40                                                           updates                                                        12 k
 libdrm                                                                        x86_64                                                       2.4.123-1.fc40                                                          updates                                                       159 k
 libvpl                                                                        x86_64                                                       1:2.12.0-1.fc40                                                         updates                                                       156 k
 microcode_ctl                                                                 x86_64                                                       2:2.1-61.2.fc40                                                         updates                                                       6.8 M
 python3-boto3                                                                 noarch                                                       1.35.7-1.fc40                                                           updates                                                       387 k
 python3-botocore                                                              noarch                                                       1.35.7-1.fc40                                                           updates                                                       7.2 M
 xen-libs                                                                      x86_64                                                       4.18.2-5.fc40                                                           updates                                                       645 k
 xen-licenses                                                                  x86_64                                                       4.18.2-5.fc40                                                           updates                                                        52 k

Transaction Summary
========================================================================================================================================================================================================================================================================================
Upgrade  17 Packages

Total download size: 19 M
DNF will only download packages, install gpg keys, and check the transaction.
Downloading Packages:
(1/17): containers-common-extra-0.60.1-1.fc40.noarch.rpm                                                                                                                                                                                                 62 kB/s | 7.9 kB     00:00
(2/17): bubblewrap-0.10.0-1.fc40.x86_64.rpm                                                                                                                                                                                                             430 kB/s |  63 kB     00:00
(3/17): containers-common-0.60.1-1.fc40.noarch.rpm                                                                                                                                                                                                      610 kB/s |  94 kB     00:00
(4/17): gnome-bluetooth-46.1-1.fc40.x86_64.rpm                                                                                                                                                                                                          771 kB/s |  44 kB     00:00
(5/17): gnome-bluetooth-libs-46.1-1.fc40.x86_64.rpm                                                                                                                                                                                                     3.6 MB/s | 287 kB     00:00
(6/17): less-643-6.fc40.x86_64.rpm                                                                                                                                                                                                                      1.4 MB/s | 175 kB     00:00
(7/17): intel-vpl-gpu-rt-24.2.5-1.fc40.x86_64.rpm                                                                                                                                                                                                        14 MB/s | 2.3 MB     00:00
(8/17): libX11-1.8.10-2.fc40.x86_64.rpm                                                                                                                                                                                                                 5.9 MB/s | 650 kB     00:00
(9/17): libX11-xcb-1.8.10-2.fc40.x86_64.rpm                                                                                                                                                                                                             436 kB/s |  12 kB     00:00
(10/17): libdrm-2.4.123-1.fc40.x86_64.rpm                                                                                                                                                                                                               4.8 MB/s | 159 kB     00:00
(11/17): libvpl-2.12.0-1.fc40.x86_64.rpm                                                                                                                                                                                                                4.8 MB/s | 156 kB     00:00
(12/17): libX11-common-1.8.10-2.fc40.noarch.rpm                                                                                                                                                                                                         1.1 MB/s | 176 kB     00:00
(13/17): python3-boto3-1.35.7-1.fc40.noarch.rpm                                                                                                                                                                                                         1.7 MB/s | 387 kB     00:00
(14/17): xen-libs-4.18.2-5.fc40.x86_64.rpm                                                                                                                                                                                                              7.7 MB/s | 645 kB     00:00
(15/17): xen-licenses-4.18.2-5.fc40.x86_64.rpm                                                                                                                                                                                                          1.4 MB/s |  52 kB     00:00
(16/17): microcode_ctl-2.1-61.2.fc40.x86_64.rpm                                                                                                                                                                                                         9.3 MB/s | 6.8 MB     00:00
(17/17): python3-botocore-1.35.7-1.fc40.noarch.rpm                                                                                                                                                                                                      2.1 MB/s | 7.2 MB     00:03
----------------------------------------------------------------------------------------------------------------------------------------------------------------------------------------------------------------------------------------------------------------------------------------
Total                                                                                                                                                                                                                                                   4.8 MB/s |  19 MB     00:04
Running transaction check
Transaction check succeeded.
Running transaction test
Transaction test succeeded.
Complete!
Transaction saved to /var/lib/dnf/system-upgrade/system-upgrade-transaction.json.
Download complete! Use 'dnf offline-upgrade reboot' to start the upgrade.
To remove cached metadata and transaction use 'dnf offline-upgrade clean'
The downloaded packages were saved in cache until the next successful transaction.
You can remove cached packages by executing 'dnf clean packages'.

real    0m38.958s
user    0m0.014s
sys     0m0.016s

Broadcast message from root@kusfedoravm on pts/1 (Sat 2024-08-31 06:01:47 EDT):

The system will reboot now!

Connection to kusfedoravm closed by remote host.
Connection to kusfedoravm closed.
PS C:\Users\kushal> cd "C:\Users\kushal\src\mylogging\"; date; git add .; date; git commit --message "add all files" --message "from the terminal"; date; cd "C:\Users\kushal\src\myhtml\fromnepal"; date; yarn; date; yarn run build; date; git add .; date; git commit --message "build application" --message "from the terminal"; date; git pull --rebase origin main; date; git push origin main; date;

Saturday, August 31, 2024 6:02:21 AM
Saturday, August 31, 2024 6:02:22 AM
On branch main
nothing to commit, working tree clean
Saturday, August 31, 2024 6:02:22 AM
Saturday, August 31, 2024 6:02:22 AM
yarn install v1.22.21
[1/4] Resolving packages...
success Already up-to-date.
Done in 0.09s.
Saturday, August 31, 2024 6:02:22 AM
yarn run v1.22.21
$ tsc && vite build
vite v5.4.1 building for production...
✓ 5 modules transformed.
docs/index.html                 0.53 kB │ gzip: 0.32 kB
docs/assets/index-DYhv0y2B.css  4.60 kB │ gzip: 1.63 kB
docs/assets/index-DlmTeNAq.js   2.94 kB │ gzip: 1.31 kB
✓ built in 304ms
Done in 1.84s.
Saturday, August 31, 2024 6:02:24 AM
warning: in the working copy of 'docs/assets/index-DYhv0y2B.css', LF will be replaced by CRLF the next time Git touches it
warning: in the working copy of 'docs/assets/index-DlmTeNAq.js', LF will be replaced by CRLF the next time Git touches it
warning: in the working copy of 'docs/index.html', LF will be replaced by CRLF the next time Git touches it
Saturday, August 31, 2024 6:02:26 AM
[main a1054da] build application
 2 files changed, 90 insertions(+)
Saturday, August 31, 2024 6:02:26 AM
From github.com:fromnepal/fromnepal.github.io
 * branch            main       -> FETCH_HEAD
Current branch main is up to date.
Saturday, August 31, 2024 6:02:28 AM
Enumerating objects: 9, done.
Counting objects: 100% (9/9), done.
Delta compression using up to 16 threads
Compressing objects: 100% (5/5), done.
Writing objects: 100% (5/5), 652 bytes | 652.00 KiB/s, done.
Total 5 (delta 4), reused 0 (delta 0), pack-reused 0 (from 0)
remote: Resolving deltas: 100% (4/4), completed with 4 local objects.
To github.com:fromnepal/fromnepal.github.io.git
   5992b14..a1054da  main -> main
Saturday, August 31, 2024 6:02:29 AM

PS C:\Users\kushal\src\myhtml\fromnepal> cd "C:\Users\kushal\src\mylogging\"; date; git add .; date; git commit --message "add all files" --message "from the terminal"; date; cd "C:\Users\kushal\src\myhtml\fromnepal"; date; yarn; date; yarn run build; date; git add .; date; git commit --message "build application" --message "from the terminal"; date; git pull --rebase origin main; date; git push origin main; date;

Saturday, August 31, 2024 6:02:44 AM
Saturday, August 31, 2024 6:02:44 AM
On branch main
nothing to commit, working tree clean
Saturday, August 31, 2024 6:02:44 AM
Saturday, August 31, 2024 6:02:44 AM
yarn install v1.22.21
[1/4] Resolving packages...
success Already up-to-date.
Done in 0.06s.
Saturday, August 31, 2024 6:02:44 AM
yarn run v1.22.21
$ tsc && vite build
vite v5.4.1 building for production...
✓ 5 modules transformed.
docs/index.html                 0.53 kB │ gzip: 0.32 kB
docs/assets/index-DYhv0y2B.css  4.60 kB │ gzip: 1.63 kB
docs/assets/index-DlmTeNAq.js   2.94 kB │ gzip: 1.31 kB
✓ built in 179ms
Done in 0.93s.
Saturday, August 31, 2024 6:02:45 AM
warning: in the working copy of 'docs/assets/index-DYhv0y2B.css', LF will be replaced by CRLF the next time Git touches it
warning: in the working copy of 'docs/assets/index-DlmTeNAq.js', LF will be replaced by CRLF the next time Git touches it
warning: in the working copy of 'docs/index.html', LF will be replaced by CRLF the next time Git touches it
Saturday, August 31, 2024 6:02:46 AM
[main 64bd35c] build application
 2 files changed, 404 insertions(+), 14902 deletions(-)
Saturday, August 31, 2024 6:02:46 AM
From github.com:fromnepal/fromnepal.github.io
 * branch            main       -> FETCH_HEAD
Current branch main is up to date.
Saturday, August 31, 2024 6:02:47 AM
Enumerating objects: 9, done.
Counting objects: 100% (9/9), done.
Delta compression using up to 16 threads
Compressing objects: 100% (5/5), done.
Writing objects: 100% (5/5), 3.82 KiB | 3.82 MiB/s, done.
Total 5 (delta 3), reused 0 (delta 0), pack-reused 0 (from 0)
remote: Resolving deltas: 100% (3/3), completed with 3 local objects.
To github.com:fromnepal/fromnepal.github.io.git
   a1054da..64bd35c  main -> main
Saturday, August 31, 2024 6:02:47 AM

PS C:\Users\kushal\src\myhtml\fromnepal> cd "C:\Users\kushal\src\mylogging\"; date; git add .; date; git commit --message "add all files" --message "from the terminal"; date; cd "C:\Users\kushal\src\myhtml\fromnepal"; date; yarn; date; yarn run build; date; git add .; date; git commit --message "build application" --message "from the terminal"; date; git pull --rebase origin main; date; git push origin main; date;

Saturday, August 31, 2024 6:35:05 PM
Saturday, August 31, 2024 6:35:05 PM
On branch main
nothing to commit, working tree clean
Saturday, August 31, 2024 6:35:05 PM
Saturday, August 31, 2024 6:35:05 PM
yarn install v1.22.21
[1/4] Resolving packages...
success Already up-to-date.
Done in 0.08s.
Saturday, August 31, 2024 6:35:05 PM
yarn run v1.22.21
$ tsc && vite build
vite v5.4.1 building for production...
✓ 5 modules transformed.
docs/index.html                 0.53 kB │ gzip: 0.32 kB
docs/assets/index-DYhv0y2B.css  4.60 kB │ gzip: 1.63 kB
docs/assets/index-DlmTeNAq.js   2.94 kB │ gzip: 1.31 kB
✓ built in 215ms
Done in 1.69s.
Saturday, August 31, 2024 6:35:07 PM
warning: in the working copy of 'docs/assets/index-DYhv0y2B.css', LF will be replaced by CRLF the next time Git touches it
warning: in the working copy of 'docs/assets/index-DlmTeNAq.js', LF will be replaced by CRLF the next time Git touches it
warning: in the working copy of 'docs/index.html', LF will be replaced by CRLF the next time Git touches it
Saturday, August 31, 2024 6:35:08 PM
On branch main
Your branch is up to date with 'origin/main'.

nothing to commit, working tree clean
Saturday, August 31, 2024 6:35:08 PM
From github.com:fromnepal/fromnepal.github.io
 * branch            main       -> FETCH_HEAD
Already up to date.
Saturday, August 31, 2024 6:35:11 PM
Everything up-to-date
Saturday, August 31, 2024 6:35:11 PM

PS C:\Users\kushal\src\myhtml\fromnepal> cd "C:\Users\kushal\src\mylogging\"; date; git add .; date; git commit --message "add all files" --message "from the terminal"; date; cd "C:\Users\kushal\src\myhtml\fromnepal"; date; yarn; date; yarn run build; date; git add .; date; git commit --message "build application" --message "from the terminal"; date; git pull --rebase origin main; date; git push origin main; date;

Saturday, August 31, 2024 6:35:43 PM
Saturday, August 31, 2024 6:35:43 PM
On branch main
nothing to commit, working tree clean
Saturday, August 31, 2024 6:35:43 PM
Saturday, August 31, 2024 6:35:43 PM
yarn install v1.22.21
[1/4] Resolving packages...
success Already up-to-date.
Done in 0.06s.
Saturday, August 31, 2024 6:35:43 PM
yarn run v1.22.21
$ tsc && vite build
vite v5.4.1 building for production...
✓ 5 modules transformed.
docs/index.html                 0.53 kB │ gzip: 0.32 kB
docs/assets/index-DYhv0y2B.css  4.60 kB │ gzip: 1.63 kB
docs/assets/index-DlmTeNAq.js   2.94 kB │ gzip: 1.31 kB
✓ built in 183ms
Done in 0.94s.
Saturday, August 31, 2024 6:35:44 PM
warning: in the working copy of 'docs/assets/index-DYhv0y2B.css', LF will be replaced by CRLF the next time Git touches it
warning: in the working copy of 'docs/assets/index-DlmTeNAq.js', LF will be replaced by CRLF the next time Git touches it
warning: in the working copy of 'docs/index.html', LF will be replaced by CRLF the next time Git touches it
Saturday, August 31, 2024 6:35:45 PM
[main e136b9d] build application
 2 files changed, 1854 insertions(+), 460 deletions(-)
Saturday, August 31, 2024 6:35:45 PM
From github.com:fromnepal/fromnepal.github.io
 * branch            main       -> FETCH_HEAD
Current branch main is up to date.
Saturday, August 31, 2024 6:35:46 PM
Enumerating objects: 9, done.
Counting objects: 100% (9/9), done.
Delta compression using up to 16 threads
Compressing objects: 100% (5/5), done.
Writing objects: 100% (5/5), 3.04 KiB | 3.04 MiB/s, done.
Total 5 (delta 3), reused 0 (delta 0), pack-reused 0 (from 0)
remote: Resolving deltas: 100% (3/3), completed with 3 local objects.
To github.com:fromnepal/fromnepal.github.io.git
   64bd35c..e136b9d  main -> main
Saturday, August 31, 2024 6:35:46 PM

PS C:\Users\kushal\src\myhtml\fromnepal> ssh kusfedoravm
kushal@kusfedoravm's password:
Last login: Sat Aug 31 05:59:54 2024 from fe80::975c:f636:bfb:5026%eth0
kushal@kusfedoravm:~$ sudo echo "Current date and time: $(date)"; free -h; df -h; time ping -c 20 pcna.duckdns.org; time ping -c 20 kalimati.duckdns.org; time ping -c 20 colorado.duckdns.org; sudo echo "Current date and time: $(date)"; time sudo dnf offline-upgrade download -y && time sudo dnf offline-upgrade reboot;
[sudo] password for kushal:
Current date and time: Sat Aug 31 06:36:00 PM EDT 2024
               total        used        free      shared  buff/cache   available
Mem:           7.7Gi       871Mi       5.7Gi        10Mi       1.5Gi       6.9Gi
Swap:          7.7Gi          0B       7.7Gi
Filesystem      Size  Used Avail Use% Mounted on
/dev/sda3        31G  4.4G   26G  15% /
devtmpfs        4.0M     0  4.0M   0% /dev
tmpfs           3.9G     0  3.9G   0% /dev/shm
efivarfs        128M  6.8K  128M   1% /sys/firmware/efi/efivars
tmpfs           1.6G  1.1M  1.6G   1% /run
tmpfs           3.9G  8.0K  3.9G   1% /tmp
/dev/sda3        31G  4.4G   26G  15% /home
/dev/sda2       974M  336M  571M  38% /boot
/dev/sda1       599M   20M  580M   4% /boot/efi
tmpfs           794M   88K  794M   1% /run/user/42
tmpfs           794M   72K  794M   1% /run/user/1000
PING pcna.duckdns.org (70.104.195.206) 56(84) bytes of data.
64 bytes from pool-70-104-195-206.nrflva.fios.verizon.net (70.104.195.206): icmp_seq=1 ttl=64 time=0.585 ms
64 bytes from pool-70-104-195-206.nrflva.fios.verizon.net (70.104.195.206): icmp_seq=2 ttl=64 time=0.418 ms
64 bytes from pool-70-104-195-206.nrflva.fios.verizon.net (70.104.195.206): icmp_seq=3 ttl=64 time=0.521 ms
64 bytes from pool-70-104-195-206.nrflva.fios.verizon.net (70.104.195.206): icmp_seq=4 ttl=64 time=0.711 ms
64 bytes from pool-70-104-195-206.nrflva.fios.verizon.net (70.104.195.206): icmp_seq=5 ttl=64 time=0.537 ms
64 bytes from pool-70-104-195-206.nrflva.fios.verizon.net (70.104.195.206): icmp_seq=6 ttl=64 time=0.537 ms
64 bytes from pool-70-104-195-206.nrflva.fios.verizon.net (70.104.195.206): icmp_seq=7 ttl=64 time=0.519 ms
64 bytes from pool-70-104-195-206.nrflva.fios.verizon.net (70.104.195.206): icmp_seq=8 ttl=64 time=0.308 ms
64 bytes from pool-70-104-195-206.nrflva.fios.verizon.net (70.104.195.206): icmp_seq=9 ttl=64 time=0.391 ms
64 bytes from pool-70-104-195-206.nrflva.fios.verizon.net (70.104.195.206): icmp_seq=10 ttl=64 time=0.501 ms
64 bytes from pool-70-104-195-206.nrflva.fios.verizon.net (70.104.195.206): icmp_seq=11 ttl=64 time=0.444 ms
64 bytes from pool-70-104-195-206.nrflva.fios.verizon.net (70.104.195.206): icmp_seq=12 ttl=64 time=0.384 ms
64 bytes from pool-70-104-195-206.nrflva.fios.verizon.net (70.104.195.206): icmp_seq=13 ttl=64 time=0.751 ms
64 bytes from pool-70-104-195-206.nrflva.fios.verizon.net (70.104.195.206): icmp_seq=14 ttl=64 time=0.383 ms
64 bytes from pool-70-104-195-206.nrflva.fios.verizon.net (70.104.195.206): icmp_seq=15 ttl=64 time=0.427 ms
64 bytes from pool-70-104-195-206.nrflva.fios.verizon.net (70.104.195.206): icmp_seq=16 ttl=64 time=0.387 ms
64 bytes from pool-70-104-195-206.nrflva.fios.verizon.net (70.104.195.206): icmp_seq=17 ttl=64 time=0.460 ms
64 bytes from pool-70-104-195-206.nrflva.fios.verizon.net (70.104.195.206): icmp_seq=18 ttl=64 time=0.463 ms
64 bytes from pool-70-104-195-206.nrflva.fios.verizon.net (70.104.195.206): icmp_seq=19 ttl=64 time=0.504 ms
64 bytes from pool-70-104-195-206.nrflva.fios.verizon.net (70.104.195.206): icmp_seq=20 ttl=64 time=0.395 ms

--- pcna.duckdns.org ping statistics ---
20 packets transmitted, 20 received, 0% packet loss, time 19468ms
rtt min/avg/max/mdev = 0.308/0.481/0.751/0.107 ms

real    0m29.844s
user    0m0.000s
sys     0m0.006s
PING kalimati.duckdns.org (70.104.195.206) 56(84) bytes of data.
64 bytes from pool-70-104-195-206.nrflva.fios.verizon.net (70.104.195.206): icmp_seq=1 ttl=64 time=0.479 ms
64 bytes from pool-70-104-195-206.nrflva.fios.verizon.net (70.104.195.206): icmp_seq=2 ttl=64 time=0.445 ms
64 bytes from pool-70-104-195-206.nrflva.fios.verizon.net (70.104.195.206): icmp_seq=3 ttl=64 time=0.425 ms
64 bytes from pool-70-104-195-206.nrflva.fios.verizon.net (70.104.195.206): icmp_seq=4 ttl=64 time=0.336 ms
64 bytes from pool-70-104-195-206.nrflva.fios.verizon.net (70.104.195.206): icmp_seq=5 ttl=64 time=0.377 ms
64 bytes from pool-70-104-195-206.nrflva.fios.verizon.net (70.104.195.206): icmp_seq=6 ttl=64 time=0.294 ms
64 bytes from pool-70-104-195-206.nrflva.fios.verizon.net (70.104.195.206): icmp_seq=7 ttl=64 time=0.424 ms
64 bytes from pool-70-104-195-206.nrflva.fios.verizon.net (70.104.195.206): icmp_seq=8 ttl=64 time=0.421 ms
64 bytes from pool-70-104-195-206.nrflva.fios.verizon.net (70.104.195.206): icmp_seq=9 ttl=64 time=0.605 ms
64 bytes from pool-70-104-195-206.nrflva.fios.verizon.net (70.104.195.206): icmp_seq=10 ttl=64 time=0.412 ms
64 bytes from pool-70-104-195-206.nrflva.fios.verizon.net (70.104.195.206): icmp_seq=11 ttl=64 time=0.374 ms
64 bytes from pool-70-104-195-206.nrflva.fios.verizon.net (70.104.195.206): icmp_seq=12 ttl=64 time=0.379 ms
64 bytes from pool-70-104-195-206.nrflva.fios.verizon.net (70.104.195.206): icmp_seq=13 ttl=64 time=0.615 ms
64 bytes from pool-70-104-195-206.nrflva.fios.verizon.net (70.104.195.206): icmp_seq=14 ttl=64 time=0.409 ms
64 bytes from pool-70-104-195-206.nrflva.fios.verizon.net (70.104.195.206): icmp_seq=15 ttl=64 time=0.399 ms
64 bytes from pool-70-104-195-206.nrflva.fios.verizon.net (70.104.195.206): icmp_seq=16 ttl=64 time=0.535 ms
64 bytes from pool-70-104-195-206.nrflva.fios.verizon.net (70.104.195.206): icmp_seq=17 ttl=64 time=0.670 ms
64 bytes from pool-70-104-195-206.nrflva.fios.verizon.net (70.104.195.206): icmp_seq=18 ttl=64 time=0.594 ms
64 bytes from pool-70-104-195-206.nrflva.fios.verizon.net (70.104.195.206): icmp_seq=19 ttl=64 time=0.492 ms
64 bytes from pool-70-104-195-206.nrflva.fios.verizon.net (70.104.195.206): icmp_seq=20 ttl=64 time=0.554 ms

--- kalimati.duckdns.org ping statistics ---
20 packets transmitted, 20 received, 0% packet loss, time 19423ms
rtt min/avg/max/mdev = 0.294/0.461/0.670/0.099 ms

real    0m27.520s
user    0m0.000s
sys     0m0.006s
PING colorado.duckdns.org (70.104.195.206) 56(84) bytes of data.
64 bytes from pool-70-104-195-206.nrflva.fios.verizon.net (70.104.195.206): icmp_seq=1 ttl=64 time=0.389 ms
64 bytes from pool-70-104-195-206.nrflva.fios.verizon.net (70.104.195.206): icmp_seq=2 ttl=64 time=0.590 ms
64 bytes from pool-70-104-195-206.nrflva.fios.verizon.net (70.104.195.206): icmp_seq=3 ttl=64 time=0.387 ms
64 bytes from pool-70-104-195-206.nrflva.fios.verizon.net (70.104.195.206): icmp_seq=4 ttl=64 time=0.446 ms
64 bytes from pool-70-104-195-206.nrflva.fios.verizon.net (70.104.195.206): icmp_seq=5 ttl=64 time=0.465 ms
64 bytes from pool-70-104-195-206.nrflva.fios.verizon.net (70.104.195.206): icmp_seq=6 ttl=64 time=0.331 ms
64 bytes from pool-70-104-195-206.nrflva.fios.verizon.net (70.104.195.206): icmp_seq=7 ttl=64 time=0.317 ms
64 bytes from pool-70-104-195-206.nrflva.fios.verizon.net (70.104.195.206): icmp_seq=8 ttl=64 time=0.355 ms
64 bytes from pool-70-104-195-206.nrflva.fios.verizon.net (70.104.195.206): icmp_seq=9 ttl=64 time=0.308 ms
64 bytes from pool-70-104-195-206.nrflva.fios.verizon.net (70.104.195.206): icmp_seq=10 ttl=64 time=0.365 ms
64 bytes from pool-70-104-195-206.nrflva.fios.verizon.net (70.104.195.206): icmp_seq=11 ttl=64 time=0.336 ms
64 bytes from pool-70-104-195-206.nrflva.fios.verizon.net (70.104.195.206): icmp_seq=12 ttl=64 time=0.352 ms
64 bytes from pool-70-104-195-206.nrflva.fios.verizon.net (70.104.195.206): icmp_seq=13 ttl=64 time=0.634 ms
64 bytes from pool-70-104-195-206.nrflva.fios.verizon.net (70.104.195.206): icmp_seq=14 ttl=64 time=0.435 ms
64 bytes from pool-70-104-195-206.nrflva.fios.verizon.net (70.104.195.206): icmp_seq=15 ttl=64 time=0.469 ms
64 bytes from pool-70-104-195-206.nrflva.fios.verizon.net (70.104.195.206): icmp_seq=16 ttl=64 time=0.583 ms
64 bytes from pool-70-104-195-206.nrflva.fios.verizon.net (70.104.195.206): icmp_seq=17 ttl=64 time=0.504 ms
64 bytes from pool-70-104-195-206.nrflva.fios.verizon.net (70.104.195.206): icmp_seq=18 ttl=64 time=0.334 ms
64 bytes from pool-70-104-195-206.nrflva.fios.verizon.net (70.104.195.206): icmp_seq=19 ttl=64 time=0.752 ms
64 bytes from pool-70-104-195-206.nrflva.fios.verizon.net (70.104.195.206): icmp_seq=20 ttl=64 time=0.378 ms

--- colorado.duckdns.org ping statistics ---
20 packets transmitted, 20 received, 0% packet loss, time 19486ms
rtt min/avg/max/mdev = 0.308/0.436/0.752/0.118 ms

real    0m22.528s
user    0m0.000s
sys     0m0.005s
Current date and time: Sat Aug 31 06:37:24 PM EDT 2024
Fedora 40 - x86_64                                                                                                                                                                                                                                       17 MB/s |  20 MB     00:01
Fedora 40 openh264 (From Cisco) - x86_64                                                                                                                                                                                                                5.4 kB/s | 1.4 kB     00:00
Fedora 40 - x86_64 - Updates                                                                                                                                                                                                                             14 MB/s | 9.8 MB     00:00
Dependencies resolved.
Nothing to do.
Complete!
The system-upgrade transaction is empty, your system is already up-to-date.

real    0m8.676s
user    0m0.004s
sys     0m0.019s
Error: system is not ready for upgrade

real    0m0.180s
user    0m0.007s
sys     0m0.015s
kushal@kusfedoravm:~$ exit
logout
Connection to kusfedoravm closed.
PS C:\Users\kushal\src\myhtml\fromnepal> cd "C:\Users\kushal\src\mylogging\"; date; git add .; date; git commit --message "add all files" --message "from the terminal"; date; cd "C:\Users\kushal\src\myhtml\fromnepal"; date; yarn; date; yarn run build; date; git add .; date; git commit --message "build application" --message "from the terminal"; date; git pull --rebase origin main; date; git push origin main; date;

Saturday, August 31, 2024 6:38:11 PM
Saturday, August 31, 2024 6:38:11 PM
On branch main
nothing to commit, working tree clean
Saturday, August 31, 2024 6:38:11 PM
Saturday, August 31, 2024 6:38:11 PM
yarn install v1.22.21
[1/4] Resolving packages...
success Already up-to-date.
Done in 0.06s.
Saturday, August 31, 2024 6:38:11 PM
yarn run v1.22.21
$ tsc && vite build
vite v5.4.1 building for production...
✓ 5 modules transformed.
docs/index.html                 0.53 kB │ gzip: 0.32 kB
docs/assets/index-DYhv0y2B.css  4.60 kB │ gzip: 1.63 kB
docs/assets/index-DlmTeNAq.js   2.94 kB │ gzip: 1.31 kB
✓ built in 186ms
Done in 0.94s.
Saturday, August 31, 2024 6:38:12 PM
warning: in the working copy of 'docs/assets/index-DYhv0y2B.css', LF will be replaced by CRLF the next time Git touches it
warning: in the working copy of 'docs/assets/index-DlmTeNAq.js', LF will be replaced by CRLF the next time Git touches it
warning: in the working copy of 'docs/index.html', LF will be replaced by CRLF the next time Git touches it
Saturday, August 31, 2024 6:38:13 PM
On branch main
Your branch is up to date with 'origin/main'.

nothing to commit, working tree clean
Saturday, August 31, 2024 6:38:13 PM
From github.com:fromnepal/fromnepal.github.io
 * branch            main       -> FETCH_HEAD
Already up to date.
Saturday, August 31, 2024 6:38:14 PM
Everything up-to-date
Saturday, August 31, 2024 6:38:14 PM

PS C:\Users\kushal\src\myhtml\fromnepal> cd "C:\Users\kushal\src\mylogging\"; date; git add .; date; git commit --message "add all files" --message "from the terminal"; date; cd "C:\Users\kushal\src\myhtml\fromnepal"; date; yarn; date; yarn run build; date; git add .; date; git commit --message "build application" --message "from the terminal"; date; git pull --rebase origin main; date; git push origin main; date;

Saturday, August 31, 2024 6:38:26 PM
Saturday, August 31, 2024 6:38:26 PM
On branch main
nothing to commit, working tree clean
Saturday, August 31, 2024 6:38:26 PM
Saturday, August 31, 2024 6:38:26 PM
yarn install v1.22.21
[1/4] Resolving packages...
success Already up-to-date.
Done in 0.06s.
Saturday, August 31, 2024 6:38:27 PM
yarn run v1.22.21
$ tsc && vite build
vite v5.4.1 building for production...
✓ 5 modules transformed.
docs/index.html                 0.53 kB │ gzip: 0.32 kB
docs/assets/index-DYhv0y2B.css  4.60 kB │ gzip: 1.63 kB
docs/assets/index-DlmTeNAq.js   2.94 kB │ gzip: 1.31 kB
✓ built in 184ms
Done in 0.94s.
Saturday, August 31, 2024 6:38:28 PM
warning: in the working copy of 'docs/assets/index-DYhv0y2B.css', LF will be replaced by CRLF the next time Git touches it
warning: in the working copy of 'docs/assets/index-DlmTeNAq.js', LF will be replaced by CRLF the next time Git touches it
warning: in the working copy of 'docs/index.html', LF will be replaced by CRLF the next time Git touches it
Saturday, August 31, 2024 6:38:28 PM
[main db3303c] build application
 2 files changed, 110 insertions(+)
Saturday, August 31, 2024 6:38:28 PM
From github.com:fromnepal/fromnepal.github.io
 * branch            main       -> FETCH_HEAD
Current branch main is up to date.
Saturday, August 31, 2024 6:38:29 PM
Enumerating objects: 9, done.
Counting objects: 100% (9/9), done.
Delta compression using up to 16 threads
Compressing objects: 100% (5/5), done.
Writing objects: 100% (5/5), 648 bytes | 648.00 KiB/s, done.
Total 5 (delta 4), reused 0 (delta 0), pack-reused 0 (from 0)
remote: Resolving deltas: 100% (4/4), completed with 4 local objects.
To github.com:fromnepal/fromnepal.github.io.git
   e136b9d..db3303c  main -> main
Saturday, August 31, 2024 6:38:30 PM

PS C:\Users\kushal\src\myhtml\fromnepal> cd "C:\Users\kushal\src\mylogging\"; date; git add .; date; git commit --message "add all files" --message "from the terminal"; date; cd "C:\Users\kushal\src\myhtml\fromnepal"; date; yarn; date; yarn run build; date; git add .; date; git commit --message "build application" --message "from the terminal"; date; git pull --rebase origin main; date; git push origin main; date;

Saturday, August 31, 2024 8:19:17 PM
Saturday, August 31, 2024 8:19:17 PM
On branch main
nothing to commit, working tree clean
Saturday, August 31, 2024 8:19:17 PM
Saturday, August 31, 2024 8:19:17 PM
yarn install v1.22.21
[1/4] Resolving packages...
success Already up-to-date.
Done in 0.09s.
Saturday, August 31, 2024 8:19:18 PM
yarn run v1.22.21
$ tsc && vite build
vite v5.4.1 building for production...
✓ 5 modules transformed.
docs/index.html                 0.53 kB │ gzip: 0.32 kB
docs/assets/index-DYhv0y2B.css  4.60 kB │ gzip: 1.63 kB
docs/assets/index-DlmTeNAq.js   2.94 kB │ gzip: 1.31 kB
✓ built in 335ms
Done in 2.10s.
Saturday, August 31, 2024 8:19:20 PM
warning: in the working copy of 'docs/assets/index-DYhv0y2B.css', LF will be replaced by CRLF the next time Git touches it
warning: in the working copy of 'docs/assets/index-DlmTeNAq.js', LF will be replaced by CRLF the next time Git touches it
warning: in the working copy of 'docs/index.html', LF will be replaced by CRLF the next time Git touches it
Saturday, August 31, 2024 8:19:22 PM
[main bba6f20] build application
 8 files changed, 0 insertions(+), 0 deletions(-)
 create mode 100644 docs/notes/linkedin-comments.png
 create mode 100644 docs/notes/linkedin-headshot.png
 create mode 100644 docs/notes/linkedin-respect.png
 create mode 100644 docs/notes/tiffany-justice.png
 create mode 100644 public/notes/linkedin-comments.png
 create mode 100644 public/notes/linkedin-headshot.png
 create mode 100644 public/notes/linkedin-respect.png
 create mode 100644 public/notes/tiffany-justice.png
Saturday, August 31, 2024 8:19:23 PM
From github.com:fromnepal/fromnepal.github.io
 * branch            main       -> FETCH_HEAD
Current branch main is up to date.
Saturday, August 31, 2024 8:19:25 PM
Enumerating objects: 13, done.
Counting objects: 100% (13/13), done.
Delta compression using up to 16 threads
Compressing objects: 100% (9/9), done.
Writing objects: 100% (9/9), 21.14 MiB | 6.95 MiB/s, done.
Total 9 (delta 4), reused 0 (delta 0), pack-reused 0 (from 0)
remote: Resolving deltas: 100% (4/4), completed with 4 local objects.
To github.com:fromnepal/fromnepal.github.io.git
   db3303c..bba6f20  main -> main
Saturday, August 31, 2024 8:19:30 PM

PS C:\Users\kushal\src\myhtml\fromnepal> cd "C:\Users\kushal\src\mylogging\"; date; git add .; date; git commit --message "add all files" --message "from the terminal"; date; cd "C:\Users\kushal\src\myhtml\fromnepal"; date; yarn; date; yarn run build; date; git add .; date; git commit --message "build application" --message "from the terminal"; date; git pull --rebase origin main; date; git push origin main; date;

Saturday, August 31, 2024 8:19:54 PM
Saturday, August 31, 2024 8:19:54 PM
On branch main
nothing to commit, working tree clean
Saturday, August 31, 2024 8:19:54 PM
Saturday, August 31, 2024 8:19:54 PM
yarn install v1.22.21
[1/4] Resolving packages...
success Already up-to-date.
Done in 0.06s.
Saturday, August 31, 2024 8:19:54 PM
yarn run v1.22.21
$ tsc && vite build
vite v5.4.1 building for production...
✓ 5 modules transformed.
docs/index.html                 0.53 kB │ gzip: 0.32 kB
docs/assets/index-DYhv0y2B.css  4.60 kB │ gzip: 1.63 kB
docs/assets/index-DlmTeNAq.js   2.94 kB │ gzip: 1.31 kB
✓ built in 198ms
Done in 0.96s.
Saturday, August 31, 2024 8:19:55 PM
warning: in the working copy of 'docs/assets/index-DYhv0y2B.css', LF will be replaced by CRLF the next time Git touches it
warning: in the working copy of 'docs/assets/index-DlmTeNAq.js', LF will be replaced by CRLF the next time Git touches it
warning: in the working copy of 'docs/index.html', LF will be replaced by CRLF the next time Git touches it
Saturday, August 31, 2024 8:19:56 PM
[main 39ca8a2] build application
 2 files changed, 1236 insertions(+), 1952 deletions(-)
Saturday, August 31, 2024 8:19:56 PM
From github.com:fromnepal/fromnepal.github.io
 * branch            main       -> FETCH_HEAD
Current branch main is up to date.
Saturday, August 31, 2024 8:19:57 PM
Enumerating objects: 9, done.
Counting objects: 100% (9/9), done.
Delta compression using up to 16 threads
Compressing objects: 100% (5/5), done.
Writing objects: 100% (5/5), 5.17 KiB | 5.17 MiB/s, done.
Total 5 (delta 3), reused 0 (delta 0), pack-reused 0 (from 0)
remote: Resolving deltas: 100% (3/3), completed with 3 local objects.
To github.com:fromnepal/fromnepal.github.io.git
   bba6f20..39ca8a2  main -> main
Saturday, August 31, 2024 8:19:58 PM

PS C:\Users\kushal\src\myhtml\fromnepal> cd "C:\Users\kushal\src\mylogging\"; date; git add .; date; git commit --message "add all files" --message "from the terminal"; date; cd "C:\Users\kushal\src\myhtml\fromnepal"; date; yarn; date; yarn run build; date; git add .; date; git commit --message "build application" --message "from the terminal"; date; git pull --rebase origin main; date; git push origin main; date;

Saturday, August 31, 2024 8:23:06 PM
Saturday, August 31, 2024 8:23:06 PM
On branch main
nothing to commit, working tree clean
Saturday, August 31, 2024 8:23:06 PM
Saturday, August 31, 2024 8:23:06 PM
yarn install v1.22.21
[1/4] Resolving packages...
success Already up-to-date.
Done in 0.06s.
Saturday, August 31, 2024 8:23:06 PM
yarn run v1.22.21
$ tsc && vite build
vite v5.4.1 building for production...
✓ 5 modules transformed.
docs/index.html                 0.53 kB │ gzip: 0.32 kB
docs/assets/index-DYhv0y2B.css  4.60 kB │ gzip: 1.63 kB
docs/assets/index-DlmTeNAq.js   2.94 kB │ gzip: 1.31 kB
✓ built in 266ms
Done in 1.26s.
Saturday, August 31, 2024 8:23:07 PM
warning: in the working copy of 'docs/assets/index-DYhv0y2B.css', LF will be replaced by CRLF the next time Git touches it
warning: in the working copy of 'docs/assets/index-DlmTeNAq.js', LF will be replaced by CRLF the next time Git touches it
warning: in the working copy of 'docs/index.html', LF will be replaced by CRLF the next time Git touches it
Saturday, August 31, 2024 8:23:08 PM
[main 5e3ea1a] build application
 4 files changed, 188 insertions(+)
 create mode 100644 docs/notes/2024/08/31/tiffany-justice.txt
 create mode 100644 public/notes/2024/08/31/tiffany-justice.txt
Saturday, August 31, 2024 8:23:09 PM
From github.com:fromnepal/fromnepal.github.io
 * branch            main       -> FETCH_HEAD
Current branch main is up to date.
Saturday, August 31, 2024 8:23:09 PM
Enumerating objects: 17, done.
Counting objects: 100% (17/17), done.
Delta compression using up to 16 threads
Compressing objects: 100% (8/8), done.
Writing objects: 100% (10/10), 4.76 KiB | 4.76 MiB/s, done.
Total 10 (delta 6), reused 0 (delta 0), pack-reused 0 (from 0)
remote: Resolving deltas: 100% (6/6), completed with 6 local objects.
To github.com:fromnepal/fromnepal.github.io.git
   39ca8a2..5e3ea1a  main -> main
Saturday, August 31, 2024 8:23:10 PM

PS C:\Users\kushal\src\myhtml\fromnepal> cd "C:\Users\kushal\src\mylogging\"; date; git add .; date; git commit --message "add all files" --message "from the terminal"; date; cd "C:\Users\kushal\src\myhtml\fromnepal"; date; yarn; date; yarn run build; date; git add .; date; git commit --message "build application" --message "from the terminal"; date; git pull --rebase origin main; date; git push origin main; date;

Sunday, September 1, 2024 9:00:53 AM
Sunday, September 1, 2024 9:00:53 AM
On branch main
nothing to commit, working tree clean
Sunday, September 1, 2024 9:00:53 AM
Sunday, September 1, 2024 9:00:53 AM
yarn install v1.22.21
[1/4] Resolving packages...
success Already up-to-date.
Done in 0.11s.
Sunday, September 1, 2024 9:00:53 AM
yarn run v1.22.21
$ tsc && vite build
vite v5.4.1 building for production...
✓ 5 modules transformed.
docs/index.html                 0.53 kB │ gzip: 0.32 kB
docs/assets/index-DYhv0y2B.css  4.60 kB │ gzip: 1.63 kB
docs/assets/index-DlmTeNAq.js   2.94 kB │ gzip: 1.31 kB
✓ built in 301ms
Done in 1.55s.
Sunday, September 1, 2024 9:00:55 AM
warning: in the working copy of 'docs/assets/index-DYhv0y2B.css', LF will be replaced by CRLF the next time Git touches it
warning: in the working copy of 'docs/assets/index-DlmTeNAq.js', LF will be replaced by CRLF the next time Git touches it
warning: in the working copy of 'docs/index.html', LF will be replaced by CRLF the next time Git touches it
Sunday, September 1, 2024 9:00:56 AM
[main 32f3061] build application
 2 files changed, 22 insertions(+)
 create mode 100644 docs/notes/2024/09/01/tiffany-justice.html
 create mode 100644 public/notes/2024/09/01/tiffany-justice.html
Sunday, September 1, 2024 9:00:56 AM
From github.com:fromnepal/fromnepal.github.io
 * branch            main       -> FETCH_HEAD
Current branch main is up to date.
Sunday, September 1, 2024 9:00:57 AM
Enumerating objects: 14, done.
Counting objects: 100% (14/14), done.
Delta compression using up to 16 threads
Compressing objects: 100% (7/7), done.
Writing objects: 100% (9/9), 1.57 KiB | 1.57 MiB/s, done.
Total 9 (delta 4), reused 0 (delta 0), pack-reused 0 (from 0)
remote: Resolving deltas: 100% (4/4), completed with 4 local objects.
To github.com:fromnepal/fromnepal.github.io.git
   5e3ea1a..32f3061  main -> main
Sunday, September 1, 2024 9:00:58 AM

PS C:\Users\kushal\src\myhtml\fromnepal> cd "C:\Users\kushal\src\mylogging\"; date; git add .; date; git commit --message "add all files" --message "from the terminal"; date; cd "C:\Users\kushal\src\myhtml\fromnepal"; date; yarn; date; yarn run build; date; git add .; date; git commit --message "build application" --message "from the terminal"; date; git pull --rebase origin main; date; git push origin main; date;

Sunday, September 1, 2024 9:24:08 AM
Sunday, September 1, 2024 9:24:08 AM
On branch main
nothing to commit, working tree clean
Sunday, September 1, 2024 9:24:08 AM
Sunday, September 1, 2024 9:24:08 AM
yarn install v1.22.21
[1/4] Resolving packages...
success Already up-to-date.
Done in 0.09s.
Sunday, September 1, 2024 9:24:09 AM
yarn run v1.22.21
$ tsc && vite build
vite v5.4.1 building for production...
✓ 5 modules transformed.
docs/index.html                 0.53 kB │ gzip: 0.32 kB
docs/assets/index-DYhv0y2B.css  4.60 kB │ gzip: 1.63 kB
docs/assets/index-DlmTeNAq.js   2.94 kB │ gzip: 1.31 kB
✓ built in 337ms
Done in 2.36s.
Sunday, September 1, 2024 9:24:11 AM
warning: in the working copy of 'docs/assets/index-DYhv0y2B.css', LF will be replaced by CRLF the next time Git touches it
warning: in the working copy of 'docs/assets/index-DlmTeNAq.js', LF will be replaced by CRLF the next time Git touches it
warning: in the working copy of 'docs/index.html', LF will be replaced by CRLF the next time Git touches it
Sunday, September 1, 2024 9:24:14 AM
[main 9791a74] build application
 20 files changed, 62 insertions(+), 2 deletions(-)
 create mode 100644 docs/notes/2024/09/01/31pol-liberty-moms-top-kjch-articleLarge-600.jpg
 create mode 100644 docs/notes/2024/09/01/31pol-liberty-moms-top-kjch-articleLarge.jpg
 create mode 100644 docs/notes/2024/09/01/31pol-liberty-moms-top-kjch-jumbo-1024.jpg
 create mode 100644 docs/notes/2024/09/01/31pol-liberty-moms-top-kjch-mobileMasterAt3x-1200.jpg
 create mode 100644 docs/notes/2024/09/01/31pol-liberty-moms-top-kjch-mobileMasterAt3x-1800.jpg
 create mode 100644 docs/notes/2024/09/01/31pol-liberty-moms-top-kjch-mobileMasterAt3x.jpg
 create mode 100644 docs/notes/2024/09/01/31pol-liberty-moms-top-kjch-superJumbo-2048.jpg
 create mode 100644 docs/notes/image_123650291-wallpaper-access-8864215-png.png
 create mode 100644 docs/notes/image_123650291-wallpaper-access-8864215-reversed-png.png
 create mode 100644 public/notes/2024/09/01/31pol-liberty-moms-top-kjch-articleLarge-600.jpg
 create mode 100644 public/notes/2024/09/01/31pol-liberty-moms-top-kjch-articleLarge.jpg
 create mode 100644 public/notes/2024/09/01/31pol-liberty-moms-top-kjch-jumbo-1024.jpg
 create mode 100644 public/notes/2024/09/01/31pol-liberty-moms-top-kjch-mobileMasterAt3x-1200.jpg
 create mode 100644 public/notes/2024/09/01/31pol-liberty-moms-top-kjch-mobileMasterAt3x-1800.jpg
 create mode 100644 public/notes/2024/09/01/31pol-liberty-moms-top-kjch-mobileMasterAt3x.jpg
 create mode 100644 public/notes/2024/09/01/31pol-liberty-moms-top-kjch-superJumbo-2048.jpg
 create mode 100644 public/notes/image_123650291-wallpaper-access-8864215-png.png
 create mode 100644 public/notes/image_123650291-wallpaper-access-8864215-reversed-png.png
Sunday, September 1, 2024 9:24:14 AM
From github.com:fromnepal/fromnepal.github.io
 * branch            main       -> FETCH_HEAD
Current branch main is up to date.
Sunday, September 1, 2024 9:24:14 AM
Enumerating objects: 23, done.
Counting objects: 100% (23/23), done.
Delta compression using up to 16 threads
Compressing objects: 100% (14/14), done.
Writing objects: 100% (15/15), 25.21 MiB | 8.14 MiB/s, done.
Total 15 (delta 5), reused 0 (delta 0), pack-reused 0 (from 0)
remote: Resolving deltas: 100% (5/5), completed with 5 local objects.
To github.com:fromnepal/fromnepal.github.io.git
   32f3061..9791a74  main -> main
Sunday, September 1, 2024 9:24:19 AM

PS C:\Users\kushal\src\myhtml\fromnepal> $url = "https://youtu.be/5RAeB5jeZkw"; $tempDir = "C:\Temp\yt-dlp"; New-Item -ItemType Directory -Path $tempDir -Force; yt-dlp.exe --verbose --write-sub --sub-lang en --restrict-filenames --add-metadata -f "bestvideo[ext=mp4]+bestaudio[ext=m4a]/mp4" --sponsorblock-mark all --sponsorblock-remove all --merge-output-format mp4 -o "$tempDir\%(title)s.%(ext)s" $url; $videoFile = Get-ChildItem -Path $tempDir -Filter *.mp4 | Select-Object -First 1; $subtitleFile = Get-ChildItem -Path $tempDir -Filter *.vtt | Select-Object -First 1; if ($subtitleFile) { $subtitlePath = $subtitleFile.FullName; ffmpeg -i "$($videoFile.FullName)" -vf "subtitles='$subtitlePath':force_style='FontName=Arial,FontSize=24'" -c:v libx264 -c:a aac -strict experimental -movflags +faststart "$tempDir\$($videoFile.BaseName)_reencoded.mp4" } else { ffmpeg -i "$($videoFile.FullName)" -c:v libx264 -c:a aac -strict experimental -movflags +faststart "$tempDir\$($videoFile.BaseName)_reencoded.mp4" }; Move-Item -Path "$tempDir\$($videoFile.BaseName)_reencoded.mp4" -Destination "\\TP-Share\G\shared\jellyfin\shows\downloaded"; Remove-Item -Path $tempDir -Recurse -Force

    Directory: C:\Temp

Mode                 LastWriteTime         Length Name
----                 -------------         ------ ----
d----            9/1/2024  3:08 PM                yt-dlp
[debug] Command-line config: ['--verbose', '--write-sub', '--sub-lang', 'en', '--restrict-filenames', '--add-metadata', '-f', 'bestvideo[ext=mp4]+bestaudio[ext=m4a]/mp4', '--sponsorblock-mark', 'all', '--sponsorblock-remove', 'all', '--merge-output-format', 'mp4', '-o', 'C:\\Temp\\yt-dlp\\%(title)s.%(ext)s', 'https://youtu.be/5RAeB5jeZkw']
[debug] Portable config "C:\Users\kushal\scoop\apps\yt-dlp\current\yt-dlp.conf": []
[debug] Encodings: locale cp1252, fs utf-8, pref cp1252, out utf-8, error utf-8, screen utf-8
[debug] yt-dlp version stable@2024.08.06 from yt-dlp/yt-dlp [4d9231208] (win_exe)
[debug] Python 3.8.10 (CPython AMD64 64bit) - Windows-10-10.0.22631-SP0 (OpenSSL 1.1.1k  25 Mar 2021)
[debug] exe versions: ffmpeg 7.0.2-full_build-www.gyan.dev (setts), ffprobe 7.0.2-full_build-www.gyan.dev
[debug] Optional libraries: Cryptodome-3.20.0, brotli-1.1.0, certifi-2024.07.04, curl_cffi-0.5.10, mutagen-1.47.0, requests-2.32.3, sqlite3-3.35.5, urllib3-2.2.2, websockets-12.0
[debug] Proxy map: {}
[debug] Request Handlers: urllib, requests, websockets, curl_cffi
[debug] Loaded 1830 extractors
[youtube] Extracting URL: https://youtu.be/5RAeB5jeZkw
[youtube] 5RAeB5jeZkw: Downloading webpage
[youtube] 5RAeB5jeZkw: Downloading ios player API JSON
[youtube] 5RAeB5jeZkw: Downloading web creator player API JSON
[youtube] 5RAeB5jeZkw: Downloading player 57c75fa4
[debug] Saving youtube-nsig.57c75fa4 to cache
[debug] [youtube] Decrypted nsig c_nibpkTX40fM_U => q56tGT_jv9r6cA
[debug] Loading youtube-nsig.57c75fa4 from cache
[debug] [youtube] Decrypted nsig hnNsO2UbjAeZFHi => dbqAIbnGMw50kA
[youtube] 5RAeB5jeZkw: Downloading m3u8 information
[debug] Sort order given by extractor: quality, res, fps, hdr:12, source, vcodec:vp9.2, channels, acodec, lang, proto
[debug] Formats sorted by: hasvid, ie_pref, quality, res, fps, hdr:12(7), source, vcodec:vp9.2(10), channels, acodec, lang, proto, size, br, asr, vext, aext, hasaud, id
[SponsorBlock] Fetching SponsorBlock segments
[debug] SponsorBlock query: https://sponsor.ajay.app/api/skipSegments/db12?service=YouTube&categories=%5B%22sponsor%22%2C+%22interaction%22%2C+%22poi_highlight%22%2C+%22outro%22%2C+%22intro%22%2C+%22music_offtopic%22%2C+%22chapter%22%2C+%22filler%22%2C+%22preview%22%2C+%22selfpromo%22%5D&actionTypes=%5B%22skip%22%2C+%22poi%22%2C+%22chapter%22%5D
[SponsorBlock] No matching segments were found in the SponsorBlock database
[info] Testing format 606
[hlsnative] Downloading m3u8 manifest
[hlsnative] Total fragments: 122
[download] Destination: C:\Users\kushal\src\myhtml\fromnepal\tmpf9yop0lq.tmp
[debug] File locking is not supported. Proceeding without locking
[download] 100% of    712.00B in 00:00:00 at 3.96KiB/s
[info] 5RAeB5jeZkw: Downloading 1 format(s): 606+140
[info] There are no subtitles for the requested languages
[debug] Invoking hlsnative downloader on "https://manifest.googlevideo.com/api/manifest/hls_playlist/expire/1725239331/ei/w7vUZuzpD4yAkucPyo2fwQY/ip/70.104.195.206/id/e5101e0798de664c/itag/606/source/youtube/requiressl/yes/ratebypass/yes/pfa/1/wft/1/sgovp/clen%3D30893230%3Bdur%3D649.206%3Bgir%3Dyes%3Bitag%3D244%3Blmt%3D1725074331040359/rqh/1/hls_chunk_host/rr2---sn-8xgp1vo-gpje.googlevideo.com/xpc/EgVo2aDSNQ%3D%3D/mh/08/mm/31,29/mn/sn-8xgp1vo-gpje,sn-8xgp1vo-p5qe/ms/au,rdu/mv/m/mvi/2/pcm2cms/yes/pl/20/initcwndbps/1205000/vprv/1/playlist_type/DVR/dover/13/txp/530F224/mt/1725217275/fvip/5/short_key/1/keepalive/yes/sparams/expire,ei,ip,id,itag,source,requiressl,ratebypass,pfa,wft,sgovp,rqh,xpc,vprv,playlist_type/sig/AJfQdSswRgIhAJPaiSZnKl6cEmqAQSkaqKsKo-_gZZMQBczJtEpHy_JCAiEAw-oHolBv5oVVzNW6_4zv21hrvS8Mo0bkJi7qdYlDFBk%3D/lsparams/hls_chunk_host,mh,mm,mn,ms,mv,mvi,pcm2cms,pl,initcwndbps/lsig/ABPmVW0wRQIhAMlQnbeF1rzrd0ZHIo18AbZD3RkkPYcXj83Rzfsr9wpCAiBVGGOu67Q_rzpgyH3mvI3TSp9NwmpXvJhwEdrYhIYFhA%3D%3D/playlist/index.m3u8"
[hlsnative] Downloading m3u8 manifest
[hlsnative] Total fragments: 122
[download] Destination: C:\Temp\yt-dlp\_.f606.mp4
[download] 100% of   29.57MiB in 00:00:28 at 1.02MiB/s
[debug] Invoking http downloader on "https://rr2---sn-8xgp1vo-gpje.googlevideo.com/videoplayback?expire=1725239331&ei=w7vUZuzpD4yAkucPyo2fwQY&ip=70.104.195.206&id=o-AEjGvzW4Jx6abroYTBrVmAJJNN3ZGtngc1WRJRgRRoLd&itag=140&source=youtube&requiressl=yes&xpc=EgVo2aDSNQ%3D%3D&mh=08&mm=31%2C29&mn=sn-8xgp1vo-gpje%2Csn-8xgp1vo-p5qe&ms=au%2Crdu&mv=m&mvi=2&pcm2cms=yes&pl=20&initcwndbps=1205000&vprv=1&svpuc=1&mime=audio%2Fmp4&rqh=1&gir=yes&clen=10508305&dur=649.253&lmt=1725074260788192&mt=1725217275&fvip=5&keepalive=yes&c=IOS&txp=5318224&sparams=expire%2Cei%2Cip%2Cid%2Citag%2Csource%2Crequiressl%2Cxpc%2Cvprv%2Csvpuc%2Cmime%2Crqh%2Cgir%2Cclen%2Cdur%2Clmt&sig=AJfQdSswRQIgVkteXaqstCcM-1kmVqnVIc9EbTgzgEtSv4_z_Vr8duECIQC2bUzlfmJ_IndtcuiRqkzPTpYZ4i7w-KwX-8S1t6Yt2w%3D%3D&lsparams=mh%2Cmm%2Cmn%2Cms%2Cmv%2Cmvi%2Cpcm2cms%2Cpl%2Cinitcwndbps&lsig=ABPmVW0wRgIhAKEgynO6D1EbCniUh476WIC26_eiA7R6zACSxKgYltZvAiEAmNysoSld2UCRu5C20aZcq5erM7zfNI-j6BHRDdQlPk4%3D"
[download] Destination: C:\Temp\yt-dlp\_.f140.m4a
[download] 100% of   10.02MiB in 00:00:02 at 3.41MiB/s
[Merger] Merging formats into "C:\Temp\yt-dlp\_.mp4"
[debug] ffmpeg command line: ffmpeg -y -loglevel repeat+info -i file:C:\Temp\yt-dlp\_.f606.mp4 -i file:C:\Temp\yt-dlp\_.f140.m4a -c copy -map 0:v:0 -map 1:a:0 -movflags +faststart file:C:\Temp\yt-dlp\_.temp.mp4
Deleting original file C:\Temp\yt-dlp\_.f606.mp4 (pass -k to keep)
Deleting original file C:\Temp\yt-dlp\_.f140.m4a (pass -k to keep)
[ModifyChapters] SponsorBlock information is unavailable
[Metadata] Adding metadata to "C:\Temp\yt-dlp\_.mp4"
[debug] ffmpeg command line: ffmpeg -y -loglevel repeat+info -i file:C:\Temp\yt-dlp\_.mp4 -map 0 -dn -ignore_unknown -c copy -write_id3v1 1 -metadata "title=नेपाल🇳🇵से परिवार पहुंचा दरबार का आभार व्यक्त करने, जिंदगी में केवल महादेव आपको गुरु माना🙏#करौलीसरकार" -metadata "date=20240831" -metadata "description=KARAULI SHANKAR MAHADEV 🔱
SHREE RADHARAMAN SHISHYA SAMPRADAY 📿
KARAULI SARKAR, MANAV MANDIR, LUV KUSH ASHRAM, KANPUR, UTTAR PRADESH
HAR HAR MAHADEV 🔱" -metadata "synopsis=KARAULI SHANKAR MAHADEV 🔱
SHREE RADHARAMAN SHISHYA SAMPRADAY 📿
KARAULI SARKAR, MANAV MANDIR, LUV KUSH ASHRAM, KANPUR, UTTAR PRADESH
HAR HAR MAHADEV 🔱" -metadata "purl=https://www.youtube.com/watch?v=5RAeB5jeZkw" -metadata "comment=https://www.youtube.com/watch?v=5RAeB5jeZkw" -metadata "artist=Shankar Sena\"Happy Family\"" -metadata:s:1 "language=hin" -movflags +faststart file:C:\Temp\yt-dlp\_.temp.mp4
ffmpeg version 7.0.2-full_build-www.gyan.dev Copyright (c) 2000-2024 the FFmpeg developers
  built with gcc 13.2.0 (Rev5, Built by MSYS2 project)
  configuration: --enable-gpl --enable-version3 --enable-static --disable-w32threads --disable-autodetect --enable-fontconfig --enable-iconv --enable-gnutls --enable-libxml2 --enable-gmp --enable-bzlib --enable-lzma --enable-libsnappy --enable-zlib --enable-librist --enable-libsrt --enable-libssh --enable-libzmq --enable-avisynth --enable-libbluray --enable-libcaca --enable-sdl2 --enable-libaribb24 --enable-libaribcaption --enable-libdav1d --enable-libdavs2 --enable-libuavs3d --enable-libxevd --enable-libzvbi --enable-librav1e --enable-libsvtav1 --enable-libwebp --enable-libx264 --enable-libx265 --enable-libxavs2 --enable-libxeve --enable-libxvid --enable-libaom --enable-libjxl --enable-libopenjpeg --enable-libvpx --enable-mediafoundation --enable-libass --enable-frei0r --enable-libfreetype --enable-libfribidi --enable-libharfbuzz --enable-liblensfun --enable-libvidstab --enable-libvmaf --enable-libzimg --enable-amf --enable-cuda-llvm --enable-cuvid --enable-dxva2 --enable-d3d11va --enable-d3d12va --enable-ffnvcodec --enable-libvpl --enable-nvdec --enable-nvenc --enable-vaapi --enable-libshaderc --enable-vulkan --enable-libplacebo --enable-opencl --enable-libcdio --enable-libgme --enable-libmodplug --enable-libopenmpt --enable-libopencore-amrwb --enable-libmp3lame --enable-libshine --enable-libtheora --enable-libtwolame --enable-libvo-amrwbenc --enable-libcodec2 --enable-libilbc --enable-libgsm --enable-libopencore-amrnb --enable-libopus --enable-libspeex --enable-libvorbis --enable-ladspa --enable-libbs2b --enable-libflite --enable-libmysofa --enable-librubberband --enable-libsoxr --enable-chromaprint
  libavutil      59.  8.100 / 59.  8.100
  libavcodec     61.  3.100 / 61.  3.100
  libavformat    61.  1.100 / 61.  1.100
  libavdevice    61.  1.100 / 61.  1.100
  libavfilter    10.  1.100 / 10.  1.100
  libswscale      8.  1.100 /  8.  1.100
  libswresample   5.  1.100 /  5.  1.100
  libpostproc    58.  1.100 / 58.  1.100
Input #0, mov,mp4,m4a,3gp,3g2,mj2, from 'C:\Temp\yt-dlp\_.mp4':
  Metadata:
    major_brand     : isom
    minor_version   : 512
    compatible_brands: isomiso2mp41
    title           : नेपाल🇳🇵से परिवार पहुंचा दरबार का आभार व्यक्त करने, जिंदगी में केवल महादेव आपको गुरु माना🙏#करौल�
    artist          : Shankar Sena"Happy Family"
    date            : 20240831
    encoder         : Lavf61.1.100
    comment         : https://www.youtube.com/watch?v=5RAeB5jeZkw
    description     : KARAULI SHANKAR MAHADEV 🔱
                    : SHREE RADHARAMAN SHISHYA SAMPRADAY 📿
                    : KARAULI SARKAR, MANAV MANDIR, LUV KUSH ASHRAM, KANPUR, UTTAR PRADESH
                    : HAR HAR MAHADEV 🔱
    synopsis        : KARAULI SHANKAR MAHADEV 🔱
                    : SHREE RADHARAMAN SHISHYA SAMPRADAY 📿
                    : KARAULI SARKAR, MANAV MANDIR, LUV KUSH ASHRAM, KANPUR, UTTAR PRADESH
                    : HAR HAR MAHADEV 🔱
  Duration: 00:10:49.25, start: 0.000000, bitrate: 515 kb/s
  Stream #0:0[0x1](und): Video: vp9 (Profile 0) (vp09 / 0x39307076), yuv420p(tv, bt709), 854x384, 379 kb/s, 29.92 fps, 29.92 tbr, 16k tbn (default)
      Metadata:
        handler_name    : ISO Media file produced by Google Inc. Created on: 09/01/2024.
        vendor_id       : [0][0][0][0]
  Stream #0:1[0x2](hin): Audio: aac (LC) (mp4a / 0x6134706D), 44100 Hz, stereo, fltp, 127 kb/s (default)
      Metadata:
        handler_name    : ISO Media file produced by Google Inc.
        vendor_id       : [0][0][0][0]
Stream mapping:
  Stream #0:0 -> #0:0 (vp9 (native) -> h264 (libx264))
  Stream #0:1 -> #0:1 (aac (native) -> aac (native))
Press [q] to stop, [?] for help
[libx264 @ 0000021c27331880] using cpu capabilities: MMX2 SSE2Fast SSSE3 SSE4.2 AVX FMA3 BMI2 AVX2
[libx264 @ 0000021c27331880] profile High, level 3.0, 4:2:0, 8-bit
[libx264 @ 0000021c27331880] 264 - core 164 r3191 4613ac3 - H.264/MPEG-4 AVC codec - Copyleft 2003-2024 - http://www.videolan.org/x264.html - options: cabac=1 ref=3 deblock=1:0:0 analyse=0x3:0x113 me=hex subme=7 psy=1 psy_rd=1.00:0.00 mixed_ref=1 me_range=16 chroma_me=1 trellis=1 8x8dct=1 cqm=0 deadzone=21,11 fast_pskip=1 chroma_qp_offset=-2 threads=12 lookahead_threads=2 sliced_threads=0 nr=0 decimate=1 interlaced=0 bluray_compat=0 constrained_intra=0 bframes=3 b_pyramid=2 b_adapt=1 b_bias=0 direct=1 weightb=1 open_gop=0 weightp=2 keyint=250 keyint_min=25 scenecut=40 intra_refresh=0 rc_lookahead=40 rc=crf mbtree=1 crf=23.0 qcomp=0.60 qpmin=0 qpmax=69 qpstep=4 ip_ratio=1.40 aq=1:1.00
Output #0, mp4, to 'C:\Temp\yt-dlp\__reencoded.mp4':
  Metadata:
    major_brand     : isom
    minor_version   : 512
    compatible_brands: isomiso2mp41
    title           : नेपाल🇳🇵से परिवार पहुंचा दरबार का आभार व्यक्त करने, जिंदगी में केवल महादेव आपको गुरु माना🙏#करौल�
    artist          : Shankar Sena"Happy Family"
    date            : 20240831
    synopsis        : KARAULI SHANKAR MAHADEV 🔱
                    : SHREE RADHARAMAN SHISHYA SAMPRADAY 📿
                    : KARAULI SARKAR, MANAV MANDIR, LUV KUSH ASHRAM, KANPUR, UTTAR PRADESH
                    : HAR HAR MAHADEV 🔱
    comment         : https://www.youtube.com/watch?v=5RAeB5jeZkw
    description     : KARAULI SHANKAR MAHADEV 🔱
                    : SHREE RADHARAMAN SHISHYA SAMPRADAY 📿
                    : KARAULI SARKAR, MANAV MANDIR, LUV KUSH ASHRAM, KANPUR, UTTAR PRADESH
                    : HAR HAR MAHADEV 🔱
    encoder         : Lavf61.1.100
  Stream #0:0(und): Video: h264 (avc1 / 0x31637661), yuv420p(tv, bt709, progressive), 854x384, q=2-31, 29.92 fps, 11488 tbn (default)
      Metadata:
        handler_name    : ISO Media file produced by Google Inc. Created on: 09/01/2024.
        vendor_id       : [0][0][0][0]
        encoder         : Lavc61.3.100 libx264
      Side data:
        cpb: bitrate max/min/avg: 0/0/0 buffer size: 0 vbv_delay: N/A
  Stream #0:1(hin): Audio: aac (LC) (mp4a / 0x6134706D), 44100 Hz, stereo, fltp, 128 kb/s (default)
      Metadata:
        handler_name    : ISO Media file produced by Google Inc.
        vendor_id       : [0][0][0][0]
        encoder         : Lavc61.3.100 aac
[mp4 @ 0000021c271f5a40] Starting second pass: moving the moov atom to the beginning of the file
[out#0/mp4 @ 0000021c26cdc900] video:40912KiB audio:10114KiB subtitle:0KiB other streams:0KiB global headers:0KiB muxing overhead: 1.348642%
frame=19424 fps=790 q=-1.0 Lsize=   51714KiB time=00:10:49.20 bitrate= 652.6kbits/s speed=26.4x
[libx264 @ 0000021c27331880] frame I:103   Avg QP:18.10  size: 37447
[libx264 @ 0000021c27331880] frame P:5338  Avg QP:22.58  size:  5706
[libx264 @ 0000021c27331880] frame B:13983 Avg QP:28.17  size:   542
[libx264 @ 0000021c27331880] consecutive B-frames:  1.4%  6.1%  5.2% 87.3%
[libx264 @ 0000021c27331880] mb I  I16..4: 10.4% 68.4% 21.2%
[libx264 @ 0000021c27331880] mb P  I16..4:  0.3%  2.6%  0.3%  P16..4: 32.1% 15.4%  8.6%  0.0%  0.0%    skip:40.6%
[libx264 @ 0000021c27331880] mb B  I16..4:  0.0%  0.1%  0.0%  B16..8: 23.1%  1.0%  0.2%  direct: 0.3%  skip:75.3%  L0:45.7% L1:49.8% BI: 4.4%
[libx264 @ 0000021c27331880] 8x8 transform intra:75.6% inter:72.4%
[libx264 @ 0000021c27331880] coded y,uvDC,uvAC intra: 71.1% 76.1% 48.8% inter: 7.7% 7.9% 0.7%
[libx264 @ 0000021c27331880] i16 v,h,dc,p: 54% 19% 10% 17%
[libx264 @ 0000021c27331880] i8 v,h,dc,ddl,ddr,vr,hd,vl,hu: 25% 16% 17%  5%  7%  8%  7%  8%  7%
[libx264 @ 0000021c27331880] i4 v,h,dc,ddl,ddr,vr,hd,vl,hu: 27% 16% 10%  6%  9% 10%  8%  9%  6%
[libx264 @ 0000021c27331880] i8c dc,h,v,p: 46% 18% 25% 11%
[libx264 @ 0000021c27331880] Weighted P-Frames: Y:0.2% UV:0.0%
[libx264 @ 0000021c27331880] ref P L0: 64.7% 19.6% 12.4%  3.3%  0.0%
[libx264 @ 0000021c27331880] ref B L0: 93.6%  5.5%  1.0%
[libx264 @ 0000021c27331880] ref B L1: 97.5%  2.5%
[libx264 @ 0000021c27331880] kb/s:516.18
[aac @ 0000021c27110f80] Qavg: 1187.169

PS C:\Users\kushal\src\myhtml\fromnepal> $url = "https://www.facebook.com/reel/988082033097910"; $tempDir = "C:\Temp\yt-dlp"; New-Item -ItemType Directory -Path $tempDir -Force; yt-dlp.exe --verbose --write-sub --sub-lang en --restrict-filenames --add-metadata -f "bestvideo[ext=mp4]+bestaudio[ext=m4a]/mp4" --sponsorblock-mark all --sponsorblock-remove all --merge-output-format mp4 -o "$tempDir\%(title)s.%(ext)s" $url; $videoFile = Get-ChildItem -Path $tempDir -Filter *.mp4 | Select-Object -First 1; $subtitleFile = Get-ChildItem -Path $tempDir -Filter *.vtt | Select-Object -First 1; if ($subtitleFile) { $subtitlePath = $subtitleFile.FullName; ffmpeg -i "$($videoFile.FullName)" -vf "subtitles='$subtitlePath':force_style='FontName=Arial,FontSize=24'" -c:v libx264 -c:a aac -strict experimental -movflags +faststart "$tempDir\$($videoFile.BaseName)_reencoded.mp4" } else { ffmpeg -i "$($videoFile.FullName)" -c:v libx264 -c:a aac -strict experimental -movflags +faststart "$tempDir\$($videoFile.BaseName)_reencoded.mp4" }; Move-Item -Path "$tempDir\$($videoFile.BaseName)_reencoded.mp4" -Destination "\\TP-Share\G\shared\jellyfin\shows\downloaded"; Remove-Item -Path $tempDir -Recurse -Force

    Directory: C:\Temp

Mode                 LastWriteTime         Length Name
----                 -------------         ------ ----
d----            9/1/2024  3:15 PM                yt-dlp
[debug] Command-line config: ['--verbose', '--write-sub', '--sub-lang', 'en', '--restrict-filenames', '--add-metadata', '-f', 'bestvideo[ext=mp4]+bestaudio[ext=m4a]/mp4', '--sponsorblock-mark', 'all', '--sponsorblock-remove', 'all', '--merge-output-format', 'mp4', '-o', 'C:\\Temp\\yt-dlp\\%(title)s.%(ext)s', 'https://www.facebook.com/reel/988082033097910']
[debug] Portable config "C:\Users\kushal\scoop\apps\yt-dlp\current\yt-dlp.conf": []
[debug] Encodings: locale cp1252, fs utf-8, pref cp1252, out utf-8, error utf-8, screen utf-8
[debug] yt-dlp version stable@2024.08.06 from yt-dlp/yt-dlp [4d9231208] (win_exe)
[debug] Python 3.8.10 (CPython AMD64 64bit) - Windows-10-10.0.22631-SP0 (OpenSSL 1.1.1k  25 Mar 2021)
[debug] exe versions: ffmpeg 7.0.2-full_build-www.gyan.dev (setts), ffprobe 7.0.2-full_build-www.gyan.dev
[debug] Optional libraries: Cryptodome-3.20.0, brotli-1.1.0, certifi-2024.07.04, curl_cffi-0.5.10, mutagen-1.47.0, requests-2.32.3, sqlite3-3.35.5, urllib3-2.2.2, websockets-12.0
[debug] Proxy map: {}
[debug] Request Handlers: urllib, requests, websockets, curl_cffi
[debug] Loaded 1830 extractors
[facebook:reel] Extracting URL: https://www.facebook.com/reel/988082033097910
[facebook] Extracting URL: https://m.facebook.com/watch/?v=988082033097910&_rdr
[facebook] 988082033097910: Downloading webpage
[debug] Formats sorted by: hasvid, ie_pref, lang, quality, res, fps, hdr:12(7), vcodec:vp9.2(10), channels, acodec, size, br, asr, proto, vext, aext, hasaud, source, id
[SponsorBlock] SponsorBlock is not supported for Facebook
[info] 988082033097910: Downloading 1 format(s): 3438641129767306v+1618589962265015a
[info] There are no subtitles for the requested languages
[debug] Invoking http downloader on "https://video-iad3-2.xx.fbcdn.net/v/t39.25447-2/449360857_1588841878371329_642613383569200384_n.mp4?_nc_cat=103&ccb=1-7&_nc_sid=9a5d50&efg=eyJ2ZW5jb2RlX3RhZyI6ImRhc2hfcjJhdjEtcjFnZW4ydnA5X3E5MCIsInZpZGVvX2lkIjo5ODgwODIwMzMwOTc5MTB9&_nc_ohc=1T_cl5WQ7DUQ7kNvgGLDtZa&_nc_ht=video-iad3-2.xx&oh=00_AYDVcxZHdd7g9UKnU4Yr3FrYdfVClTrn-uKVf5BM0UZqPg&oe=66DA9702"
ERROR: unable to open for writing: [Errno 2] No such file or directory: 'C:\\Temp\\yt-dlp\\2.8M_views_234K_reactions_-_the_mridul_Pragati_Nitin_NitinMridul_entertainment_comedy_video_reel_._._reel_instagram_themridul_entertainment_comedy_video_reelsinstagram_nitinmridul_instagood_travel_comedyreels_pragati_india_viral_trendingreels_reels_._._The_Mridul_nitinmridul_official_Original_audio.f3438641129767306v.mp4.part'
Traceback (most recent call last):
  File "yt_dlp\utils\_utils.py", line 590, in sanitize_open
yt_dlp.utils.LockingUnsupportedError: File locking is not supported

During handling of the above exception, another exception occurred:

Traceback (most recent call last):
  File "yt_dlp\downloader\http.py", line 265, in download
  File "yt_dlp\downloader\common.py", line 250, in wrapper
  File "yt_dlp\downloader\common.py", line 236, in error_callback
  File "yt_dlp\utils\_utils.py", line 5214, in report_retry
  File "yt_dlp\downloader\common.py", line 245, in wrapper
  File "yt_dlp\downloader\common.py", line 256, in sanitize_open
  File "yt_dlp\utils\_utils.py", line 593, in sanitize_open
FileNotFoundError: [Errno 2] No such file or directory: 'C:\\Temp\\yt-dlp\\2.8M_views_234K_reactions_-_the_mridul_Pragati_Nitin_NitinMridul_entertainment_comedy_video_reel_._._reel_instagram_themridul_entertainment_comedy_video_reelsinstagram_nitinmridul_instagood_travel_comedyreels_pragati_india_viral_trendingreels_reels_._._The_Mridul_nitinmridul_official_Original_audio.f3438641129767306v.mp4.part'


[debug] Invoking http downloader on "https://video-iad3-1.xx.fbcdn.net/v/t39.25447-2/428705118_413629488304457_8277603742508154149_n.mp4?_nc_cat=101&ccb=1-7&_nc_sid=9a5d50&efg=eyJ2ZW5jb2RlX3RhZyI6ImRhc2hfYXVkaW9fYWFjcF82NF9mbm9ybTE0X2ZyYWdfMl9hdWRpbyIsInZpZGVvX2lkIjo5ODgwODIwMzMwOTc5MTB9&_nc_ohc=oDtyHpWoqCsQ7kNvgHfNw8c&_nc_ht=video-iad3-1.xx&oh=00_AYASVxpIGjGFh6ikTnYWid_cM7tX8jQIEGvZOj_NCR9eZQ&oe=66DA86CA"
ERROR: unable to open for writing: [Errno 2] No such file or directory: 'C:\\Temp\\yt-dlp\\2.8M_views_234K_reactions_-_the_mridul_Pragati_Nitin_NitinMridul_entertainment_comedy_video_reel_._._reel_instagram_themridul_entertainment_comedy_video_reelsinstagram_nitinmridul_instagood_travel_comedyreels_pragati_india_viral_trendingreels_reels_._._The_Mridul_nitinmridul_official_Original_audio.f1618589962265015a.m4a.part'
Traceback (most recent call last):
  File "yt_dlp\utils\_utils.py", line 590, in sanitize_open
yt_dlp.utils.LockingUnsupportedError: File locking is not supported

During handling of the above exception, another exception occurred:

Traceback (most recent call last):
  File "yt_dlp\downloader\http.py", line 265, in download
  File "yt_dlp\downloader\common.py", line 250, in wrapper
  File "yt_dlp\downloader\common.py", line 236, in error_callback
  File "yt_dlp\utils\_utils.py", line 5214, in report_retry
  File "yt_dlp\downloader\common.py", line 245, in wrapper
  File "yt_dlp\downloader\common.py", line 256, in sanitize_open
  File "yt_dlp\utils\_utils.py", line 593, in sanitize_open
FileNotFoundError: [Errno 2] No such file or directory: 'C:\\Temp\\yt-dlp\\2.8M_views_234K_reactions_-_the_mridul_Pragati_Nitin_NitinMridul_entertainment_comedy_video_reel_._._reel_instagram_themridul_entertainment_comedy_video_reelsinstagram_nitinmridul_instagood_travel_comedyreels_pragati_india_viral_trendingreels_reels_._._The_Mridul_nitinmridul_official_Original_audio.f1618589962265015a.m4a.part'


ffmpeg version 7.0.2-full_build-www.gyan.dev Copyright (c) 2000-2024 the FFmpeg developers
  built with gcc 13.2.0 (Rev5, Built by MSYS2 project)
  configuration: --enable-gpl --enable-version3 --enable-static --disable-w32threads --disable-autodetect --enable-fontconfig --enable-iconv --enable-gnutls --enable-libxml2 --enable-gmp --enable-bzlib --enable-lzma --enable-libsnappy --enable-zlib --enable-librist --enable-libsrt --enable-libssh --enable-libzmq --enable-avisynth --enable-libbluray --enable-libcaca --enable-sdl2 --enable-libaribb24 --enable-libaribcaption --enable-libdav1d --enable-libdavs2 --enable-libuavs3d --enable-libxevd --enable-libzvbi --enable-librav1e --enable-libsvtav1 --enable-libwebp --enable-libx264 --enable-libx265 --enable-libxavs2 --enable-libxeve --enable-libxvid --enable-libaom --enable-libjxl --enable-libopenjpeg --enable-libvpx --enable-mediafoundation --enable-libass --enable-frei0r --enable-libfreetype --enable-libfribidi --enable-libharfbuzz --enable-liblensfun --enable-libvidstab --enable-libvmaf --enable-libzimg --enable-amf --enable-cuda-llvm --enable-cuvid --enable-dxva2 --enable-d3d11va --enable-d3d12va --enable-ffnvcodec --enable-libvpl --enable-nvdec --enable-nvenc --enable-vaapi --enable-libshaderc --enable-vulkan --enable-libplacebo --enable-opencl --enable-libcdio --enable-libgme --enable-libmodplug --enable-libopenmpt --enable-libopencore-amrwb --enable-libmp3lame --enable-libshine --enable-libtheora --enable-libtwolame --enable-libvo-amrwbenc --enable-libcodec2 --enable-libilbc --enable-libgsm --enable-libopencore-amrnb --enable-libopus --enable-libspeex --enable-libvorbis --enable-ladspa --enable-libbs2b --enable-libflite --enable-libmysofa --enable-librubberband --enable-libsoxr --enable-chromaprint
  libavutil      59.  8.100 / 59.  8.100
  libavcodec     61.  3.100 / 61.  3.100
  libavformat    61.  1.100 / 61.  1.100
  libavdevice    61.  1.100 / 61.  1.100
  libavfilter    10.  1.100 / 10.  1.100
  libswscale      8.  1.100 /  8.  1.100
  libswresample   5.  1.100 /  5.  1.100
  libpostproc    58.  1.100 / 58.  1.100
[in#0 @ 0000023c0bbba000] Error opening input: Invalid argument
Error opening input file .
Error opening input files: Invalid argument
Move-Item: Cannot find path 'C:\Temp\yt-dlp\_reencoded.mp4' because it does not exist.

PS C:\Users\kushal\src\myhtml\fromnepal> cd "C:\Users\kushal\src\mylogging\"; date; git add .; date; git commit --message "add all files" --message "from the terminal"; date; cd "C:\Users\kushal\src\myhtml\fromnepal"; date; yarn; date; yarn run build; date; git add .; date; git commit --message "build application" --message "from the terminal"; date; git pull --rebase origin main; date; git push origin main; date;

Sunday, September 1, 2024 3:20:14 PM
Sunday, September 1, 2024 3:20:14 PM
On branch main
nothing to commit, working tree clean
Sunday, September 1, 2024 3:20:14 PM
Sunday, September 1, 2024 3:20:14 PM
yarn install v1.22.21
[1/4] Resolving packages...
success Already up-to-date.
Done in 0.08s.
Sunday, September 1, 2024 3:20:15 PM
yarn run v1.22.21
$ tsc && vite build
vite v5.4.1 building for production...
✓ 5 modules transformed.
docs/index.html                 0.53 kB │ gzip: 0.32 kB
docs/assets/index-DYhv0y2B.css  4.60 kB │ gzip: 1.63 kB
docs/assets/index-DlmTeNAq.js   2.94 kB │ gzip: 1.31 kB
✓ built in 374ms
Done in 2.45s.
Sunday, September 1, 2024 3:20:17 PM
warning: in the working copy of 'docs/assets/index-DYhv0y2B.css', LF will be replaced by CRLF the next time Git touches it
warning: in the working copy of 'docs/assets/index-DlmTeNAq.js', LF will be replaced by CRLF the next time Git touches it
warning: in the working copy of 'docs/index.html', LF will be replaced by CRLF the next time Git touches it
Sunday, September 1, 2024 3:20:19 PM
On branch main
Your branch is up to date with 'origin/main'.

nothing to commit, working tree clean
Sunday, September 1, 2024 3:20:19 PM
From github.com:fromnepal/fromnepal.github.io
 * branch            main       -> FETCH_HEAD
Already up to date.
Sunday, September 1, 2024 3:20:20 PM
Everything up-to-date
Sunday, September 1, 2024 3:20:21 PM

PS C:\Users\kushal\src\myhtml\fromnepal> C:\Users\kushal\src\myhtml\fromnepal\docs\notes\download_video.ps1  -url "https://www.facebook.com/reel/988082033097910"
C:\Users\kushal\src\myhtml\fromnepal\docs\notes\download_video.ps1: The term 'C:\Users\kushal\src\myhtml\fromnepal\docs\notes\download_video.ps1' is not recognized as a name of a cmdlet, function, script file, or executable program.
Check the spelling of the name, or if a path was included, verify that the path is correct and try again.
PS C:\Users\kushal\src\myhtml\fromnepal> cd "C:\Users\kushal\src\myhtml\fromnepal\docs\notes\"; date; .\download_video.ps1  -url "https://www.facebook.com/reel/988082033097910"

Sunday, September 1, 2024 3:21:11 PM
.\download_video.ps1: The term '.\download_video.ps1' is not recognized as a name of a cmdlet, function, script file, or executable program.
Check the spelling of the name, or if a path was included, verify that the path is correct and try again.

PS C:\Users\kushal\src\myhtml\fromnepal\docs\notes> cd "C:\Users\kushal\src\myhtml\fromnepal\docs\notes\"; date; cat download_video.ps1  -url "https://www.facebook.com/reel/988082033097910"

Sunday, September 1, 2024 3:21:25 PM
Get-Content: A parameter cannot be found that matches parameter name 'url'.

PS C:\Users\kushal\src\myhtml\fromnepal\docs\notes> cd "C:\Users\kushal\src\myhtml\fromnepal\docs\notes\"; date; cat download_video.ps1

Sunday, September 1, 2024 3:21:36 PM
Get-Content: Cannot find path 'C:\Users\kushal\src\myhtml\fromnepal\docs\notes\download_video.ps1' because it does not exist.

PS C:\Users\kushal\src\myhtml\fromnepal\docs\notes> C:\Users\kushal\src\myhtml\fromnepal\docs\notes\download_video.ps1  -url "https://www.facebook.com/reel/988082033097910"

    Directory: C:\Temp

Mode                 LastWriteTime         Length Name
----                 -------------         ------ ----
d----            9/1/2024  3:22 PM                yt-dlp
[debug] Command-line config: ['--verbose', '--write-sub', '--sub-lang', 'en', '--restrict-filenames', '--add-metadata', '-f', 'bestvideo[ext=mp4]+bestaudio[ext=m4a]/mp4', '--sponsorblock-mark', 'all', '--sponsorblock-remove', 'all', '--merge-output-format', 'mp4', '-o', 'C:\\Temp\\yt-dlp\\%(id)s.%(ext)s', 'https://www.facebook.com/reel/988082033097910']
[debug] Portable config "C:\Users\kushal\scoop\apps\yt-dlp\current\yt-dlp.conf": []
[debug] Encodings: locale cp1252, fs utf-8, pref cp1252, out utf-8, error utf-8, screen utf-8
[debug] yt-dlp version stable@2024.08.06 from yt-dlp/yt-dlp [4d9231208] (win_exe)
[debug] Python 3.8.10 (CPython AMD64 64bit) - Windows-10-10.0.22631-SP0 (OpenSSL 1.1.1k  25 Mar 2021)
[debug] exe versions: ffmpeg 7.0.2-full_build-www.gyan.dev (setts), ffprobe 7.0.2-full_build-www.gyan.dev
[debug] Optional libraries: Cryptodome-3.20.0, brotli-1.1.0, certifi-2024.07.04, curl_cffi-0.5.10, mutagen-1.47.0, requests-2.32.3, sqlite3-3.35.5, urllib3-2.2.2, websockets-12.0
[debug] Proxy map: {}
[debug] Request Handlers: urllib, requests, websockets, curl_cffi
[debug] Loaded 1830 extractors
[facebook:reel] Extracting URL: https://www.facebook.com/reel/988082033097910
[facebook] Extracting URL: https://m.facebook.com/watch/?v=988082033097910&_rdr
[facebook] 988082033097910: Downloading webpage
[debug] Formats sorted by: hasvid, ie_pref, lang, quality, res, fps, hdr:12(7), vcodec:vp9.2(10), channels, acodec, size, br, asr, proto, vext, aext, hasaud, source, id
[SponsorBlock] SponsorBlock is not supported for Facebook
[info] 988082033097910: Downloading 1 format(s): 3438641129767306v+1618589962265015a
[info] There are no subtitles for the requested languages
[debug] Invoking http downloader on "https://video-iad3-2.xx.fbcdn.net/v/t39.25447-2/449360857_1588841878371329_642613383569200384_n.mp4?_nc_cat=103&ccb=1-7&_nc_sid=9a5d50&efg=eyJ2ZW5jb2RlX3RhZyI6ImRhc2hfcjJhdjEtcjFnZW4ydnA5X3E5MCIsInZpZGVvX2lkIjo5ODgwODIwMzMwOTc5MTB9&_nc_ohc=1T_cl5WQ7DUQ7kNvgGLDtZa&_nc_ht=video-iad3-2.xx&oh=00_AYDVcxZHdd7g9UKnU4Yr3FrYdfVClTrn-uKVf5BM0UZqPg&oe=66DA9702"
[debug] File locking is not supported. Proceeding without locking
[download] Destination: C:\Temp\yt-dlp\988082033097910.f3438641129767306v.mp4
[download] 100% of    6.59MiB in 00:00:00 at 18.68MiB/s
[debug] Invoking http downloader on "https://video-iad3-1.xx.fbcdn.net/v/t39.25447-2/428705118_413629488304457_8277603742508154149_n.mp4?_nc_cat=101&ccb=1-7&_nc_sid=9a5d50&efg=eyJ2ZW5jb2RlX3RhZyI6ImRhc2hfYXVkaW9fYWFjcF82NF9mbm9ybTE0X2ZyYWdfMl9hdWRpbyIsInZpZGVvX2lkIjo5ODgwODIwMzMwOTc5MTB9&_nc_ohc=oDtyHpWoqCsQ7kNvgHfNw8c&_nc_ht=video-iad3-1.xx&oh=00_AYASVxpIGjGFh6ikTnYWid_cM7tX8jQIEGvZOj_NCR9eZQ&oe=66DA86CA"
[download] Destination: C:\Temp\yt-dlp\988082033097910.f1618589962265015a.m4a
[download] 100% of  455.15KiB in 00:00:00 at 2.37MiB/s
[Merger] Merging formats into "C:\Temp\yt-dlp\988082033097910.mp4"
[debug] ffmpeg command line: ffmpeg -y -loglevel repeat+info -i file:C:\Temp\yt-dlp\988082033097910.f3438641129767306v.mp4 -i file:C:\Temp\yt-dlp\988082033097910.f1618589962265015a.m4a -c copy -map 0:v:0 -map 1:a:0 -movflags +faststart file:C:\Temp\yt-dlp\988082033097910.temp.mp4

Deleting original file C:\Temp\yt-dlp\988082033097910.f1618589962265015a.m4a (pass -k to keep)
Deleting original file C:\Temp\yt-dlp\988082033097910.f3438641129767306v.mp4 (pass -k to keep)
[ModifyChapters] SponsorBlock information is unavailable
[Metadata] Adding metadata to "C:\Temp\yt-dlp\988082033097910.mp4"
[debug] ffmpeg command line: ffmpeg -y -loglevel repeat+info -i file:C:\Temp\yt-dlp\988082033097910.mp4 -map 0 -dn -ignore_unknown -c copy -write_id3v1 1 -metadata "title=2.8M views · 234K reactions | 😂 रंगीन कपड़ा भी खिल-खिल जाए सबकी पसंद निरमा वाशिंग पाउडर निरमा 🤣🤪😎😂 | the mridul | Pragati | Nitin NitinMridul entertainment comedy video reel . . #reel #instagram #themridul #entertainment #comedy #video #reelsinstagram #nitinmridul #instagood #travel #comedyreels #pragati #india #viral #trendingreels #reels . . “ आप हँसते रहो, हम हँसाते रहेंगे | The Mridul | nitinmridul_official · Original audio" -metadata "date=20240628" -metadata "description=😂 रंगीन कपड़ा भी खिल-खिल जाए सबकी पसंद निरमा वाशिंग पाउडर निरमा 🤣🤪😎😂 | the mridul | Pragati | Nitin NitinMridul entertainment comedy video reel . . #reel..." -metadata "synopsis=😂 रंगीन कपड़ा भी खिल-खिल जाए सबकी पसंद निरमा वाशिंग पाउडर निरमा 🤣🤪😎😂 | the mridul | Pragati | Nitin NitinMridul entertainment comedy video reel . . #reel..." -metadata "purl=https://m.facebook.com/watch/?v=988082033097910&_rdr" -metadata "comment=https://m.facebook.com/watch/?v=988082033097910&_rdr" -metadata "artist=2.8M views &#xb7; 234K reactions | &#x1f602; &#x930;&#x902;&#x917;&#x940;&#x928; &#x915;&#x92a;&#x921;&#x93c;&#x93e; &#x92d;&#x940; &#x916;&#x93f;&#x932;-&#x916;&#x93f;&#x932; &#x91c;&#x93e;&#x90f; &#x938;&#x92c;&#x915;&#x940; &#x92a;&#x938;&#x902;&#x926; &#x928;&#x93f;&#x930;&#x92e;&#x93e; &#x935;&#x93e;&#x936;&#x93f;&#x902;&#x917; &#x92a;&#x93e;&#x909;&#x921;&#x930; &#x928;&#x93f;&#x930;&#x92e;&#x93e; &#x1f923;&#x1f92a;&#x1f60e;&#x1f602; | the mridul | Pragati | Nitin NitinMridul entertainment comedy video reel
.
.
#reel #instagram #themridul #entertainment #comedy #video #reelsinstagram #nitinmridul #instagood #travel #comedyreels #pragati #india #viral #trendingreels #reels
.
.
&#x201c; &#x906;&#x92a; &#x939;&#x901;&#x938;&#x924;&#x947; &#x930;&#x939;&#x94b;, &#x939;&#x92e; &#x939;&#x901;&#x938;&#x93e;&#x924;&#x947; &#x930;&#x939;&#x947;&#x902;&#x917;&#x947; | The Mridul | nitinmridul_official &#xb7; Original audio" -movflags +faststart file:C:\Temp\yt-dlp\988082033097910.temp.mp4
ffmpeg version 7.0.2-full_build-www.gyan.dev Copyright (c) 2000-2024 the FFmpeg developers
  built with gcc 13.2.0 (Rev5, Built by MSYS2 project)
  configuration: --enable-gpl --enable-version3 --enable-static --disable-w32threads --disable-autodetect --enable-fontconfig --enable-iconv --enable-gnutls --enable-libxml2 --enable-gmp --enable-bzlib --enable-lzma --enable-libsnappy --enable-zlib --enable-librist --enable-libsrt --enable-libssh --enable-libzmq --enable-avisynth --enable-libbluray --enable-libcaca --enable-sdl2 --enable-libaribb24 --enable-libaribcaption --enable-libdav1d --enable-libdavs2 --enable-libuavs3d --enable-libxevd --enable-libzvbi --enable-librav1e --enable-libsvtav1 --enable-libwebp --enable-libx264 --enable-libx265 --enable-libxavs2 --enable-libxeve --enable-libxvid --enable-libaom --enable-libjxl --enable-libopenjpeg --enable-libvpx --enable-mediafoundation --enable-libass --enable-frei0r --enable-libfreetype --enable-libfribidi --enable-libharfbuzz --enable-liblensfun --enable-libvidstab --enable-libvmaf --enable-libzimg --enable-amf --enable-cuda-llvm --enable-cuvid --enable-dxva2 --enable-d3d11va --enable-d3d12va --enable-ffnvcodec --enable-libvpl --enable-nvdec --enable-nvenc --enable-vaapi --enable-libshaderc --enable-vulkan --enable-libplacebo --enable-opencl --enable-libcdio --enable-libgme --enable-libmodplug --enable-libopenmpt --enable-libopencore-amrwb --enable-libmp3lame --enable-libshine --enable-libtheora --enable-libtwolame --enable-libvo-amrwbenc --enable-libcodec2 --enable-libilbc --enable-libgsm --enable-libopencore-amrnb --enable-libopus --enable-libspeex --enable-libvorbis --enable-ladspa --enable-libbs2b --enable-libflite --enable-libmysofa --enable-librubberband --enable-libsoxr --enable-chromaprint
  libavutil      59.  8.100 / 59.  8.100
  libavcodec     61.  3.100 / 61.  3.100
  libavformat    61.  1.100 / 61.  1.100
  libavdevice    61.  1.100 / 61.  1.100
  libavfilter    10.  1.100 / 10.  1.100
  libswscale      8.  1.100 /  8.  1.100
  libswresample   5.  1.100 /  5.  1.100
  libpostproc    58.  1.100 / 58.  1.100
Input #0, mov,mp4,m4a,3gp,3g2,mj2, from 'C:\Temp\yt-dlp\988082033097910.mp4':
  Metadata:
    major_brand     : isom
    minor_version   : 512
    compatible_brands: isomav01iso2mp41
    title           : 2.8M views · 234K reactions | 😂 रंगीन कपड़ा भी खिल-खिल जाए सबकी पसंद निरमा वाशिंग पाउडर निरमा 🤣🤪😎😂 | the mridul | Pragati | Nitin NitinMrid
    artist          : 2.8M views &#xb7; 234K reactions | &#x1f602; &#x930;&#x902;&#x917;&#x940;&#x928; &#x915;&#x92a;&#x921;&#x93c;&#x93e; &#x92d;&#x940; &#x916;&#x93f;&#x932;-&#x916;&#x93f;&#x932; &#x91c;&#x93e;&#x90f; &#x938;&#x92c;&#x915;&#x940; &#x92a;&#x938;&#x902;&#x926;
                    : .
                    : .
                    : #reel #instagram #themridul #entertainment #comedy #video #reelsinstagram #nitinmridul #instagood #travel #comedyreels #pragati #india #viral #trendingreels #reels
                    : .
                    : .
                    : &#x201c; &#x906;&#x92a; &#x939;&#x901;&#x938;&#x924;&#x947; &#x930;&#x939;&#x94b;, &#x939;&#x92e; &#x939;&#x901;&#x938;&#x93e;&#x924;&#x947; &#x930;&#x939;&#x947;&#x902;&#x917;&#x947; | The Mridul | nitinmridul_official &#xb7; Original audio
    date            : 20240628
    encoder         : Lavf61.1.100
    comment         : https://m.facebook.com/watch/?v=988082033097910&_rdr
    description     : 😂 रंगीन कपड़ा भी खिल-खिल जाए सबकी पसंद निरमा वाशिंग पाउडर निरमा 🤣🤪😎😂 | the mridul | Pragati | Nitin NitinMridul entertainment comedy video r
    synopsis        : 😂 रंगीन कपड़ा भी खिल-खिल जाए सबकी पसंद निरमा वाशिंग पाउडर निरमा 🤣🤪😎😂 | the mridul | Pragati | Nitin NitinMridul entertainment comedy video r
  Duration: 00:00:56.87, start: 0.000000, bitrate: 1040 kb/s
  Stream #0:0[0x1](und): Video: av1 (libdav1d) (Main) (av01 / 0x31307661), yuv420p(tv, bt709), 1080x1920, 971 kb/s, 30 fps, 30 tbr, 15360 tbn (default)
      Metadata:
        handler_name    : VideoHandler
        vendor_id       : [0][0][0][0]
        encoder         : AOM Coding
  Stream #0:1[0x2](und): Audio: aac (HE-AAC) (mp4a / 0x6134706D), 44100 Hz, stereo, fltp, 64 kb/s (default)
      Metadata:
        handler_name    : SoundHandler
        vendor_id       : [0][0][0][0]
Stream mapping:
  Stream #0:0 -> #0:0 (av1 (libdav1d) -> h264 (libx264))
  Stream #0:1 -> #0:1 (aac (native) -> aac (native))
Press [q] to stop, [?] for help
[libx264 @ 000002642e3cd940] using SAR=1/1
[libx264 @ 000002642e3cd940] using cpu capabilities: MMX2 SSE2Fast SSSE3 SSE4.2 AVX FMA3 BMI2 AVX2
[libx264 @ 000002642e3cd940] profile High, level 4.0, 4:2:0, 8-bit
[libx264 @ 000002642e3cd940] 264 - core 164 r3191 4613ac3 - H.264/MPEG-4 AVC codec - Copyleft 2003-2024 - http://www.videolan.org/x264.html - options: cabac=1 ref=3 deblock=1:0:0 analyse=0x3:0x113 me=hex subme=7 psy=1 psy_rd=1.00:0.00 mixed_ref=1 me_range=16 chroma_me=1 trellis=1 8x8dct=1 cqm=0 deadzone=21,11 fast_pskip=1 chroma_qp_offset=-2 threads=24 lookahead_threads=4 sliced_threads=0 nr=0 decimate=1 interlaced=0 bluray_compat=0 constrained_intra=0 bframes=3 b_pyramid=2 b_adapt=1 b_bias=0 direct=1 weightb=1 open_gop=0 weightp=2 keyint=250 keyint_min=25 scenecut=40 intra_refresh=0 rc_lookahead=40 rc=crf mbtree=1 crf=23.0 qcomp=0.60 qpmin=0 qpmax=69 qpstep=4 ip_ratio=1.40 aq=1:1.00
Output #0, mp4, to 'C:\Temp\yt-dlp\988082033097910_reencoded.mp4':
  Metadata:
    major_brand     : isom
    minor_version   : 512
    compatible_brands: isomav01iso2mp41
    title           : 2.8M views · 234K reactions | 😂 रंगीन कपड़ा भी खिल-खिल जाए सबकी पसंद निरमा वाशिंग पाउडर निरमा 🤣🤪😎😂 | the mridul | Pragati | Nitin NitinMrid
    artist          : 2.8M views &#xb7; 234K reactions | &#x1f602; &#x930;&#x902;&#x917;&#x940;&#x928; &#x915;&#x92a;&#x921;&#x93c;&#x93e; &#x92d;&#x940; &#x916;&#x93f;&#x932;-&#x916;&#x93f;&#x932; &#x91c;&#x93e;&#x90f; &#x938;&#x92c;&#x915;&#x940; &#x92a;&#x938;&#x902;&#x926;
                    : .
                    : .
                    : #reel #instagram #themridul #entertainment #comedy #video #reelsinstagram #nitinmridul #instagood #travel #comedyreels #pragati #india #viral #trendingreels #reels
                    : .
                    : .
                    : &#x201c; &#x906;&#x92a; &#x939;&#x901;&#x938;&#x924;&#x947; &#x930;&#x939;&#x94b;, &#x939;&#x92e; &#x939;&#x901;&#x938;&#x93e;&#x924;&#x947; &#x930;&#x939;&#x947;&#x902;&#x917;&#x947; | The Mridul | nitinmridul_official &#xb7; Original audio
    date            : 20240628
    synopsis        : 😂 रंगीन कपड़ा भी खिल-खिल जाए सबकी पसंद निरमा वाशिंग पाउडर निरमा 🤣🤪😎😂 | the mridul | Pragati | Nitin NitinMridul entertainment comedy video r
    comment         : https://m.facebook.com/watch/?v=988082033097910&_rdr
    description     : 😂 रंगीन कपड़ा भी खिल-खिल जाए सबकी पसंद निरमा वाशिंग पाउडर निरमा 🤣🤪😎😂 | the mridul | Pragati | Nitin NitinMridul entertainment comedy video r
    encoder         : Lavf61.1.100
  Stream #0:0(und): Video: h264 (avc1 / 0x31637661), yuv420p(tv, bt709, progressive), 1080x1920 [SAR 1:1 DAR 9:16], q=2-31, 30 fps, 15360 tbn (default)
      Metadata:
        handler_name    : VideoHandler
        vendor_id       : [0][0][0][0]
        encoder         : Lavc61.3.100 libx264
      Side data:
        cpb: bitrate max/min/avg: 0/0/0 buffer size: 0 vbv_delay: N/A
  Stream #0:1(und): Audio: aac (LC) (mp4a / 0x6134706D), 44100 Hz, stereo, fltp, 128 kb/s (default)
      Metadata:
        handler_name    : SoundHandler
        vendor_id       : [0][0][0][0]
        encoder         : Lavc61.3.100 aac
[mp4 @ 000002642df128c0] Starting second pass: moving the moov atom to the beginning of the file
[out#0/mp4 @ 000002642df359c0] video:10940KiB audio:894KiB subtitle:0KiB other streams:0KiB global headers:0KiB muxing overhead: 0.539765%
frame= 1705 fps=201 q=-1.0 Lsize=   11898KiB time=00:00:56.76 bitrate=1717.1kbits/s speed=6.68x
[libx264 @ 000002642e3cd940] frame I:7     Avg QP:15.03  size: 74425
[libx264 @ 000002642e3cd940] frame P:488   Avg QP:19.56  size: 15595
[libx264 @ 000002642e3cd940] frame B:1210  Avg QP:22.90  size:  2538
[libx264 @ 000002642e3cd940] consecutive B-frames:  0.6% 14.1%  0.9% 84.5%
[libx264 @ 000002642e3cd940] mb I  I16..4: 33.5% 54.7% 11.7%
[libx264 @ 000002642e3cd940] mb P  I16..4:  2.1%  5.5%  0.5%  P16..4: 19.6%  6.3%  2.4%  0.0%  0.0%    skip:63.5%
[libx264 @ 000002642e3cd940] mb B  I16..4:  0.1%  0.2%  0.0%  B16..8: 15.3%  0.8%  0.1%  direct: 0.2%  skip:83.3%  L0:48.4% L1:46.5% BI: 5.0%
[libx264 @ 000002642e3cd940] 8x8 transform intra:66.1% inter:85.2%
[libx264 @ 000002642e3cd940] coded y,uvDC,uvAC intra: 40.7% 51.1% 13.4% inter: 3.2% 3.3% 0.0%
[libx264 @ 000002642e3cd940] i16 v,h,dc,p: 37% 22%  4% 37%
[libx264 @ 000002642e3cd940] i8 v,h,dc,ddl,ddr,vr,hd,vl,hu: 29% 18% 17%  4%  6%  8%  6%  7%  5%
[libx264 @ 000002642e3cd940] i4 v,h,dc,ddl,ddr,vr,hd,vl,hu: 32% 18% 11%  5%  9%  8%  7%  6%  4%
[libx264 @ 000002642e3cd940] i8c dc,h,v,p: 49% 19% 22%  9%
[libx264 @ 000002642e3cd940] Weighted P-Frames: Y:0.0% UV:0.0%
[libx264 @ 000002642e3cd940] ref P L0: 65.9% 14.1% 15.4%  4.6%
[libx264 @ 000002642e3cd940] ref B L0: 91.3%  7.4%  1.3%
[libx264 @ 000002642e3cd940] ref B L1: 98.3%  1.7%
[libx264 @ 000002642e3cd940] kb/s:1576.85
[aac @ 000002642df20380] Qavg: 652.216

PS C:\Users\kushal\src\myhtml\fromnepal\docs\notes> date; C:\Users\kushal\src\myhtml\fromnepal\public\notes\download_video.ps1  -url "https://www.instagram.com/reel/C-BT0iWSO7I"

Sunday, September 1, 2024 3:23:25 PM

PSPath              : Microsoft.PowerShell.Core\FileSystem::C:\Temp\yt-dlp
PSParentPath        : Microsoft.PowerShell.Core\FileSystem::C:\Temp
PSChildName         : yt-dlp
PSDrive             : C
PSProvider          : Microsoft.PowerShell.Core\FileSystem
PSIsContainer       : True
Name                : yt-dlp
Parent              : C:\Temp
Root                : C:\
Exists              : True
FullName            : C:\Temp\yt-dlp
Extension           :
CreationTime        : 9/1/2024 3:23:25 PM
CreationTimeUtc     : 9/1/2024 7:23:25 PM
LastAccessTime      : 9/1/2024 3:23:25 PM
LastAccessTimeUtc   : 9/1/2024 7:23:25 PM
LastWriteTime       : 9/1/2024 3:23:25 PM
LastWriteTimeUtc    : 9/1/2024 7:23:25 PM
LinkTarget          :
UnixFileMode        : -1
Attributes          : Directory
Mode                : d----
ModeWithoutHardLink : d----
BaseName            : yt-dlp
ResolvedTarget      : C:\Temp\yt-dlp
Target              :
LinkType            :

[debug] Command-line config: ['--verbose', '--write-sub', '--sub-lang', 'en', '--restrict-filenames', '--add-metadata', '-f', 'bestvideo[ext=mp4]+bestaudio[ext=m4a]/mp4', '--sponsorblock-mark', 'all', '--sponsorblock-remove', 'all', '--merge-output-format', 'mp4', '-o', 'C:\\Temp\\yt-dlp\\%(id)s.%(ext)s', 'https://www.instagram.com/reel/C-BT0iWSO7I']
[debug] Portable config "C:\Users\kushal\scoop\apps\yt-dlp\current\yt-dlp.conf": []
[debug] Encodings: locale cp1252, fs utf-8, pref cp1252, out utf-8, error utf-8, screen utf-8
[debug] yt-dlp version stable@2024.08.06 from yt-dlp/yt-dlp [4d9231208] (win_exe)
[debug] Python 3.8.10 (CPython AMD64 64bit) - Windows-10-10.0.22631-SP0 (OpenSSL 1.1.1k  25 Mar 2021)
[debug] exe versions: ffmpeg 7.0.2-full_build-www.gyan.dev (setts), ffprobe 7.0.2-full_build-www.gyan.dev
[debug] Optional libraries: Cryptodome-3.20.0, brotli-1.1.0, certifi-2024.07.04, curl_cffi-0.5.10, mutagen-1.47.0, requests-2.32.3, sqlite3-3.35.5, urllib3-2.2.2, websockets-12.0
[debug] Proxy map: {}
[debug] Request Handlers: urllib, requests, websockets, curl_cffi
[debug] Loaded 1830 extractors
[Instagram] Extracting URL: https://www.instagram.com/reel/C-BT0iWSO7I
[Instagram] C-BT0iWSO7I: Setting up session
[Instagram] C-BT0iWSO7I: Downloading JSON metadata
WARNING: [Instagram] unable to extract username; please report this issue on  https://github.com/yt-dlp/yt-dlp/issues?q= , filling out the appropriate issue template. Confirm you are on the latest version using  yt-dlp -U
ERROR: [Instagram] C-BT0iWSO7I: Unable to extract video url; please report this issue on  https://github.com/yt-dlp/yt-dlp/issues?q= , filling out the appropriate issue template. Confirm you are on the latest version using  yt-dlp -U
  File "yt_dlp\extractor\common.py", line 740, in extract
  File "yt_dlp\extractor\instagram.py", line 490, in _real_extract
  File "yt_dlp\extractor\common.py", line 1479, in _og_search_video_url
  File "yt_dlp\extractor\common.py", line 1369, in _html_search_regex
  File "yt_dlp\extractor\common.py", line 1333, in _search_regex

ffmpeg version 7.0.2-full_build-www.gyan.dev Copyright (c) 2000-2024 the FFmpeg developers
  built with gcc 13.2.0 (Rev5, Built by MSYS2 project)
  configuration: --enable-gpl --enable-version3 --enable-static --disable-w32threads --disable-autodetect --enable-fontconfig --enable-iconv --enable-gnutls --enable-libxml2 --enable-gmp --enable-bzlib --enable-lzma --enable-libsnappy --enable-zlib --enable-librist --enable-libsrt --enable-libssh --enable-libzmq --enable-avisynth --enable-libbluray --enable-libcaca --enable-sdl2 --enable-libaribb24 --enable-libaribcaption --enable-libdav1d --enable-libdavs2 --enable-libuavs3d --enable-libxevd --enable-libzvbi --enable-librav1e --enable-libsvtav1 --enable-libwebp --enable-libx264 --enable-libx265 --enable-libxavs2 --enable-libxeve --enable-libxvid --enable-libaom --enable-libjxl --enable-libopenjpeg --enable-libvpx --enable-mediafoundation --enable-libass --enable-frei0r --enable-libfreetype --enable-libfribidi --enable-libharfbuzz --enable-liblensfun --enable-libvidstab --enable-libvmaf --enable-libzimg --enable-amf --enable-cuda-llvm --enable-cuvid --enable-dxva2 --enable-d3d11va --enable-d3d12va --enable-ffnvcodec --enable-libvpl --enable-nvdec --enable-nvenc --enable-vaapi --enable-libshaderc --enable-vulkan --enable-libplacebo --enable-opencl --enable-libcdio --enable-libgme --enable-libmodplug --enable-libopenmpt --enable-libopencore-amrwb --enable-libmp3lame --enable-libshine --enable-libtheora --enable-libtwolame --enable-libvo-amrwbenc --enable-libcodec2 --enable-libilbc --enable-libgsm --enable-libopencore-amrnb --enable-libopus --enable-libspeex --enable-libvorbis --enable-ladspa --enable-libbs2b --enable-libflite --enable-libmysofa --enable-librubberband --enable-libsoxr --enable-chromaprint
  libavutil      59.  8.100 / 59.  8.100
  libavcodec     61.  3.100 / 61.  3.100
  libavformat    61.  1.100 / 61.  1.100
  libavdevice    61.  1.100 / 61.  1.100
  libavfilter    10.  1.100 / 10.  1.100
  libswscale      8.  1.100 /  8.  1.100
  libswresample   5.  1.100 /  5.  1.100
  libpostproc    58.  1.100 / 58.  1.100
[in#0 @ 00000272ebc0a000] Error opening input: Invalid argument
Error opening input file .
Error opening input files: Invalid argument
Move-Item: C:\Users\kushal\src\myhtml\fromnepal\public\notes\download_video.ps1:16
Line |
  16 |  Move-Item -Path "$tempDir\$($videoFile.BaseName)_reencoded.mp4" -Dest …
     |  ~~~~~~~~~~~~~~~~~~~~~~~~~~~~~~~~~~~~~~~~~~~~~~~~~~~~~~~~~~~~~~~~~~~~~
     | Cannot find path 'C:\Temp\yt-dlp\_reencoded.mp4' because it does not exist.

PS C:\Users\kushal\src\myhtml\fromnepal\docs\notes>
PS C:\Users\kushal\src\myhtml\fromnepal\docs\notes> cd "C:\Users\kushal\src\mylogging\"; date; git add .; date; git commit --message "add all files" --message "from the terminal"; date; cd "C:\Users\kushal\src\myhtml\fromnepal"; date; yarn; date; yarn run build; date; git add .;date; git commit --message "build application" --message "from the terminal"; date; git pull --rebase origin main; date; git push origin main; date;

Sunday, September 1, 2024 3:24:51 PM
Sunday, September 1, 2024 3:24:51 PM
On branch main
nothing to commit, working tree clean
Sunday, September 1, 2024 3:24:51 PM
Sunday, September 1, 2024 3:24:51 PM
yarn install v1.22.21
[1/4] Resolving packages...
success Already up-to-date.
Done in 0.06s.
Sunday, September 1, 2024 3:24:51 PM
yarn run v1.22.21
$ tsc && vite build
vite v5.4.1 building for production...
✓ 5 modules transformed.
docs/index.html                 0.53 kB │ gzip: 0.32 kB
docs/assets/index-DYhv0y2B.css  4.60 kB │ gzip: 1.63 kB
docs/assets/index-DlmTeNAq.js   2.94 kB │ gzip: 1.31 kB
✓ built in 302ms
Done in 1.14s.
Sunday, September 1, 2024 3:24:52 PM
warning: in the working copy of 'docs/assets/index-DYhv0y2B.css', LF will be replaced by CRLF the next time Git touches it
warning: in the working copy of 'docs/assets/index-DlmTeNAq.js', LF will be replaced by CRLF the next time Git touches it
warning: in the working copy of 'docs/index.html', LF will be replaced by CRLF the next time Git touches it
Sunday, September 1, 2024 3:24:53 PM
[main 9a4f64f] build application
 2 files changed, 34 insertions(+)
 create mode 100644 docs/notes/download_video.ps1
 create mode 100644 public/notes/download_video.ps1
Sunday, September 1, 2024 3:24:54 PM
From github.com:fromnepal/fromnepal.github.io
 * branch            main       -> FETCH_HEAD
Current branch main is up to date.
Sunday, September 1, 2024 3:24:54 PM
Enumerating objects: 10, done.
Counting objects: 100% (10/10), done.
Delta compression using up to 16 threads
Compressing objects: 100% (6/6), done.
Writing objects: 100% (6/6), 1.00 KiB | 1.00 MiB/s, done.
Total 6 (delta 4), reused 0 (delta 0), pack-reused 0 (from 0)
remote: Resolving deltas: 100% (4/4), completed with 4 local objects.
To github.com:fromnepal/fromnepal.github.io.git
   9791a74..9a4f64f  main -> main
Sunday, September 1, 2024 3:24:55 PM

PS C:\Users\kushal\src\myhtml\fromnepal> cd "C:\Users\kushal\src\myhtml\fromnepal\public\notes\"; .\download_video.ps1  -url "https://www.instagram.com/reel/C-BT0iWSO7I"

    Directory: C:\Temp

Mode                 LastWriteTime         Length Name
----                 -------------         ------ ----
d----            9/1/2024  3:25 PM                yt-dlp
[debug] Command-line config: ['--verbose', '--write-sub', '--sub-lang', 'en', '--restrict-filenames', '--add-metadata', '-f', 'bestvideo[ext=mp4]+bestaudio[ext=m4a]/mp4', '--sponsorblock-mark', 'all', '--sponsorblock-remove', 'all', '--merge-output-format', 'mp4', '-o', 'C:\\Temp\\yt-dlp\\%(id)s.%(ext)s', 'https://www.instagram.com/reel/C-BT0iWSO7I']
[debug] Portable config "C:\Users\kushal\scoop\apps\yt-dlp\current\yt-dlp.conf": []
[debug] Encodings: locale cp1252, fs utf-8, pref cp1252, out utf-8, error utf-8, screen utf-8
[debug] yt-dlp version stable@2024.08.06 from yt-dlp/yt-dlp [4d9231208] (win_exe)
[debug] Python 3.8.10 (CPython AMD64 64bit) - Windows-10-10.0.22631-SP0 (OpenSSL 1.1.1k  25 Mar 2021)
[debug] exe versions: ffmpeg 7.0.2-full_build-www.gyan.dev (setts), ffprobe 7.0.2-full_build-www.gyan.dev
[debug] Optional libraries: Cryptodome-3.20.0, brotli-1.1.0, certifi-2024.07.04, curl_cffi-0.5.10, mutagen-1.47.0, requests-2.32.3, sqlite3-3.35.5, urllib3-2.2.2, websockets-12.0
[debug] Proxy map: {}
[debug] Request Handlers: urllib, requests, websockets, curl_cffi
[debug] Loaded 1830 extractors
[Instagram] Extracting URL: https://www.instagram.com/reel/C-BT0iWSO7I
[Instagram] C-BT0iWSO7I: Setting up session
[Instagram] C-BT0iWSO7I: Downloading JSON metadata
WARNING: [Instagram] unable to extract username; please report this issue on  https://github.com/yt-dlp/yt-dlp/issues?q= , filling out the appropriate issue template. Confirm you are on the latest version using  yt-dlp -U
ERROR: [Instagram] C-BT0iWSO7I: Unable to extract video url; please report this issue on  https://github.com/yt-dlp/yt-dlp/issues?q= , filling out the appropriate issue template. Confirm you are on the latest version using  yt-dlp -U
  File "yt_dlp\extractor\common.py", line 740, in extract
  File "yt_dlp\extractor\instagram.py", line 490, in _real_extract
  File "yt_dlp\extractor\common.py", line 1479, in _og_search_video_url
  File "yt_dlp\extractor\common.py", line 1369, in _html_search_regex
  File "yt_dlp\extractor\common.py", line 1333, in _search_regex

ffmpeg version 7.0.2-full_build-www.gyan.dev Copyright (c) 2000-2024 the FFmpeg developers
  built with gcc 13.2.0 (Rev5, Built by MSYS2 project)
  configuration: --enable-gpl --enable-version3 --enable-static --disable-w32threads --disable-autodetect --enable-fontconfig --enable-iconv --enable-gnutls --enable-libxml2 --enable-gmp --enable-bzlib --enable-lzma --enable-libsnappy --enable-zlib --enable-librist --enable-libsrt --enable-libssh --enable-libzmq --enable-avisynth --enable-libbluray --enable-libcaca --enable-sdl2 --enable-libaribb24 --enable-libaribcaption --enable-libdav1d --enable-libdavs2 --enable-libuavs3d --enable-libxevd --enable-libzvbi --enable-librav1e --enable-libsvtav1 --enable-libwebp --enable-libx264 --enable-libx265 --enable-libxavs2 --enable-libxeve --enable-libxvid --enable-libaom --enable-libjxl --enable-libopenjpeg --enable-libvpx --enable-mediafoundation --enable-libass --enable-frei0r --enable-libfreetype --enable-libfribidi --enable-libharfbuzz --enable-liblensfun --enable-libvidstab --enable-libvmaf --enable-libzimg --enable-amf --enable-cuda-llvm --enable-cuvid --enable-dxva2 --enable-d3d11va --enable-d3d12va --enable-ffnvcodec --enable-libvpl --enable-nvdec --enable-nvenc --enable-vaapi --enable-libshaderc --enable-vulkan --enable-libplacebo --enable-opencl --enable-libcdio --enable-libgme --enable-libmodplug --enable-libopenmpt --enable-libopencore-amrwb --enable-libmp3lame --enable-libshine --enable-libtheora --enable-libtwolame --enable-libvo-amrwbenc --enable-libcodec2 --enable-libilbc --enable-libgsm --enable-libopencore-amrnb --enable-libopus --enable-libspeex --enable-libvorbis --enable-ladspa --enable-libbs2b --enable-libflite --enable-libmysofa --enable-librubberband --enable-libsoxr --enable-chromaprint
  libavutil      59.  8.100 / 59.  8.100
  libavcodec     61.  3.100 / 61.  3.100
  libavformat    61.  1.100 / 61.  1.100
  libavdevice    61.  1.100 / 61.  1.100
  libavfilter    10.  1.100 / 10.  1.100
  libswscale      8.  1.100 /  8.  1.100
  libswresample   5.  1.100 /  5.  1.100
  libpostproc    58.  1.100 / 58.  1.100
[in#0 @ 0000014446d3a000] Error opening input: Invalid argument
Error opening input file .
Error opening input files: Invalid argument
Move-Item: C:\Users\kushal\src\myhtml\fromnepal\public\notes\download_video.ps1:16
Line |
  16 |  Move-Item -Path "$tempDir\$($videoFile.BaseName)_reencoded.mp4" -Dest …
     |  ~~~~~~~~~~~~~~~~~~~~~~~~~~~~~~~~~~~~~~~~~~~~~~~~~~~~~~~~~~~~~~~~~~~~~
     | Cannot find path 'C:\Temp\yt-dlp\_reencoded.mp4' because it does not exist.

PS C:\Users\kushal\src\myhtml\fromnepal\public\notes> cd "C:\Users\kushal\src\myhtml\fromnepal\public\notes\"; .\download_video.ps1  -url "https://www.instagram.com/reel/C6_ECEMAdBW"

    Directory: C:\Temp

Mode                 LastWriteTime         Length Name
----                 -------------         ------ ----
d----            9/1/2024  3:27 PM                yt-dlp
[debug] Command-line config: ['--verbose', '--write-sub', '--sub-lang', 'en', '--restrict-filenames', '--add-metadata', '-f', 'bestvideo[ext=mp4]+bestaudio[ext=m4a]/mp4', '--sponsorblock-mark', 'all', '--sponsorblock-remove', 'all', '--merge-output-format', 'mp4', '-o', 'C:\\Temp\\yt-dlp\\%(id)s.%(ext)s', 'https://www.instagram.com/reel/C6_ECEMAdBW']
[debug] Portable config "C:\Users\kushal\scoop\apps\yt-dlp\current\yt-dlp.conf": []
[debug] Encodings: locale cp1252, fs utf-8, pref cp1252, out utf-8, error utf-8, screen utf-8
[debug] yt-dlp version stable@2024.08.06 from yt-dlp/yt-dlp [4d9231208] (win_exe)
[debug] Python 3.8.10 (CPython AMD64 64bit) - Windows-10-10.0.22631-SP0 (OpenSSL 1.1.1k  25 Mar 2021)
[debug] exe versions: ffmpeg 7.0.2-full_build-www.gyan.dev (setts), ffprobe 7.0.2-full_build-www.gyan.dev
[debug] Optional libraries: Cryptodome-3.20.0, brotli-1.1.0, certifi-2024.07.04, curl_cffi-0.5.10, mutagen-1.47.0, requests-2.32.3, sqlite3-3.35.5, urllib3-2.2.2, websockets-12.0
[debug] Proxy map: {}
[debug] Request Handlers: urllib, requests, websockets, curl_cffi
[debug] Loaded 1830 extractors
[Instagram] Extracting URL: https://www.instagram.com/reel/C6_ECEMAdBW
[Instagram] C6_ECEMAdBW: Setting up session
[Instagram] C6_ECEMAdBW: Downloading JSON metadata
[debug] Formats sorted by: hasvid, ie_pref, lang, quality, res, fps, hdr:12(7), vcodec:vp9.2(10), channels, acodec, size, br, asr, proto, vext, aext, hasaud, source, id
[SponsorBlock] SponsorBlock is not supported for Instagram
[info] C6_ECEMAdBW: Downloading 1 format(s): dash-1396588921016970v+dash-7474489822634673ad
[info] There are no subtitles for the requested languages
[debug] Invoking http downloader on "https://instagram.fagc3-1.fna.fbcdn.net/o1/v/t16/f2/m69/An-4A5fdBmKLs5VBxPixSoClXitXbd4EdUt4jyhJuo_hRiWuq4mX1ayU9eu0t-LRyAzt_MOYlS_tfdKiEiDWrm0.mp4?efg=eyJvaWxfdXJsZ2VuX2FwcF9pZCI6OTM2NjE5NzQzMzkyNDU5LCJjbGllbnRfbmFtZSI6ImlnIiwidmlkZW9faWQiOm51bGwsInZlbmNvZGVfdGFnIjoiaWcteHB2ZHMuY2xpcHMuYzItQzMuZGFzaF9yMmV2ZXZwOS1yMWdlbjJ2cDlfcTkwIn0&_nc_ht=instagram.fagc3-1.fna.fbcdn.net&_nc_cat=108&strext=1&ccb=9-4&oh=00_AYB7SQ2Kyg8R1_J58xk4lo7Vi_EwI1QIfLHLpsroRMRvug&oe=66D687FF&_nc_sid=9ca052"
[debug] File locking is not supported. Proceeding without locking
[download] Destination: C:\Temp\yt-dlp\C6_ECEMAdBW.fdash-1396588921016970v.mp4
[download] 100% of   24.87MiB in 00:00:00 at 25.23MiB/s
[debug] Invoking http downloader on "https://instagram.fagc3-1.fna.fbcdn.net/o1/v/t16/f2/m69/An_fr5hZqfpoML9a2_ZbnV1W8q3z9AqW5NtzqtKAUOQcmyVFL5LjfTRTRWi2_sDN4eOkLxVgVhVpQtY7MMx_Paii.mp4?efg=eyJvaWxfdXJsZ2VuX2FwcF9pZCI6OTM2NjE5NzQzMzkyNDU5LCJjbGllbnRfbmFtZSI6ImlnIiwidmlkZW9faWQiOm51bGwsInZlbmNvZGVfdGFnIjoiaWcteHB2ZHMuY2xpcHMuYzItQzMuZGFzaF9hdWRpb19hYWNwXzQ4X2ZyYWdfMl9hdWRpbyJ9&_nc_ht=instagram.fagc3-1.fna.fbcdn.net&_nc_cat=104&strext=1&ccb=9-4&oh=00_AYCVFFJdH5HMnb_OW7_KQnRlSTPzixqfRfY0PcZzjxQbIw&oe=66D69E5D&_nc_sid=9ca052"
[download] Destination: C:\Temp\yt-dlp\C6_ECEMAdBW.fdash-7474489822634673ad.m4a
[download] 100% of  543.11KiB in 00:00:00 at 2.89MiB/s
[Merger] Merging formats into "C:\Temp\yt-dlp\C6_ECEMAdBW.mp4"
[debug] ffmpeg command line: ffmpeg -y -loglevel repeat+info -i file:C:\Temp\yt-dlp\C6_ECEMAdBW.fdash-1396588921016970v.mp4 -i file:C:\Temp\yt-dlp\C6_ECEMAdBW.fdash-7474489822634673ad.m4a -c copy -map 0:v:0 -map 1:a:0 -movflags +faststart file:C:\Temp\yt-dlp\C6_ECEMAdBW.temp.mp4
Deleting original file C:\Temp\yt-dlp\C6_ECEMAdBW.fdash-7474489822634673ad.m4a (pass -k to keep)
Deleting original file C:\Temp\yt-dlp\C6_ECEMAdBW.fdash-1396588921016970v.mp4 (pass -k to keep)
[ModifyChapters] SponsorBlock information is unavailable
[Metadata] Adding metadata to "C:\Temp\yt-dlp\C6_ECEMAdBW.mp4"
[debug] ffmpeg command line: ffmpeg -y -loglevel repeat+info -i file:C:\Temp\yt-dlp\C6_ECEMAdBW.mp4 -map 0 -dn -ignore_unknown -c copy -write_id3v1 1 -metadata "title=Video by etongcapsulehouse" -metadata "date=20240515" -metadata "description=This is why she is here!#etonghouse#tinyhome #resorts #capsule #airbnb #tinyhouse #mobilehouse #prefabhouse #spacecapsule if you want more information and catalog, please contact me via WhatsApp :+8613998846999/telegram: +8618840031823/wechat: 13998846999/Email: susu931226@gmail.com. website：http://etonghouse.com/" -metadata "synopsis=This is why she is here!#etonghouse#tinyhome #resorts #capsule #airbnb #tinyhouse #mobilehouse #prefabhouse #spacecapsule if you want more information and catalog, please contact me via WhatsApp :+8613998846999/telegram: +8618840031823/wechat: 13998846999/Email: susu931226@gmail.com. website：http://etonghouse.com/" -metadata "purl=https://www.instagram.com/reel/C6_ECEMAdBW" -metadata "comment=https://www.instagram.com/reel/C6_ECEMAdBW" -metadata "artist=Etong Capsulehouse" -movflags +faststart file:C:\Temp\yt-dlp\C6_ECEMAdBW.temp.mp4
ffmpeg version 7.0.2-full_build-www.gyan.dev Copyright (c) 2000-2024 the FFmpeg developers
  built with gcc 13.2.0 (Rev5, Built by MSYS2 project)
  configuration: --enable-gpl --enable-version3 --enable-static --disable-w32threads --disable-autodetect --enable-fontconfig --enable-iconv --enable-gnutls --enable-libxml2 --enable-gmp --enable-bzlib --enable-lzma --enable-libsnappy --enable-zlib --enable-librist --enable-libsrt --enable-libssh --enable-libzmq --enable-avisynth --enable-libbluray --enable-libcaca --enable-sdl2 --enable-libaribb24 --enable-libaribcaption --enable-libdav1d --enable-libdavs2 --enable-libuavs3d --enable-libxevd --enable-libzvbi --enable-librav1e --enable-libsvtav1 --enable-libwebp --enable-libx264 --enable-libx265 --enable-libxavs2 --enable-libxeve --enable-libxvid --enable-libaom --enable-libjxl --enable-libopenjpeg --enable-libvpx --enable-mediafoundation --enable-libass --enable-frei0r --enable-libfreetype --enable-libfribidi --enable-libharfbuzz --enable-liblensfun --enable-libvidstab --enable-libvmaf --enable-libzimg --enable-amf --enable-cuda-llvm --enable-cuvid --enable-dxva2 --enable-d3d11va --enable-d3d12va --enable-ffnvcodec --enable-libvpl --enable-nvdec --enable-nvenc --enable-vaapi --enable-libshaderc --enable-vulkan --enable-libplacebo --enable-opencl --enable-libcdio --enable-libgme --enable-libmodplug --enable-libopenmpt --enable-libopencore-amrwb --enable-libmp3lame --enable-libshine --enable-libtheora --enable-libtwolame --enable-libvo-amrwbenc --enable-libcodec2 --enable-libilbc --enable-libgsm --enable-libopencore-amrnb --enable-libopus --enable-libspeex --enable-libvorbis --enable-ladspa --enable-libbs2b --enable-libflite --enable-libmysofa --enable-librubberband --enable-libsoxr --enable-chromaprint
  libavutil      59.  8.100 / 59.  8.100
  libavcodec     61.  3.100 / 61.  3.100
  libavformat    61.  1.100 / 61.  1.100
  libavdevice    61.  1.100 / 61.  1.100
  libavfilter    10.  1.100 / 10.  1.100
  libswscale      8.  1.100 /  8.  1.100
  libswresample   5.  1.100 /  5.  1.100
  libpostproc    58.  1.100 / 58.  1.100
Input #0, mov,mp4,m4a,3gp,3g2,mj2, from 'C:\Temp\yt-dlp\C6_ECEMAdBW.mp4':
  Metadata:
    major_brand     : isom
    minor_version   : 512
    compatible_brands: isomiso2mp41
    title           : Video by etongcapsulehouse
    artist          : Etong Capsulehouse
    date            : 20240515
    encoder         : Lavf61.1.100
    comment         : https://www.instagram.com/reel/C6_ECEMAdBW
    description     : This is why she is here!#etonghouse#tinyhome #resorts #capsule #airbnb #tinyhouse #mobilehouse #prefabhouse #spacecapsule if you want more information and catalog, please contact me via WhatsApp :+8613998846999/telegram: +8618840031823/wechat: 13998846999
    synopsis        : This is why she is here!#etonghouse#tinyhome #resorts #capsule #airbnb #tinyhouse #mobilehouse #prefabhouse #spacecapsule if you want more information and catalog, please contact me via WhatsApp :+8613998846999/telegram: +8618840031823/wechat: 13998846999
  Duration: 00:01:30.03, start: 0.000000, bitrate: 2368 kb/s
  Stream #0:0[0x1](und): Video: vp9 (Profile 0) (vp09 / 0x39307076), yuv420p(tv, bt709), 1080x1920, 2316 kb/s, 30 fps, 30 tbr, 15360 tbn (default)
      Metadata:
        handler_name    : VideoHandler
        vendor_id       : [0][0][0][0]
        encoder         : VPC Coding
  Stream #0:1[0x2](und): Audio: aac (HE-AAC) (mp4a / 0x6134706D), 44100 Hz, stereo, fltp, 48 kb/s (default)
      Metadata:
        handler_name    : SoundHandler
        vendor_id       : [0][0][0][0]
Stream mapping:
  Stream #0:0 -> #0:0 (vp9 (native) -> h264 (libx264))
  Stream #0:1 -> #0:1 (aac (native) -> aac (native))
Press [q] to stop, [?] for help
[libx264 @ 000001e4e53dcb80] using cpu capabilities: MMX2 SSE2Fast SSSE3 SSE4.2 AVX FMA3 BMI2 AVX2
[libx264 @ 000001e4e53dcb80] profile High, level 4.0, 4:2:0, 8-bit
[libx264 @ 000001e4e53dcb80] 264 - core 164 r3191 4613ac3 - H.264/MPEG-4 AVC codec - Copyleft 2003-2024 - http://www.videolan.org/x264.html - options: cabac=1 ref=3 deblock=1:0:0 analyse=0x3:0x113 me=hex subme=7 psy=1 psy_rd=1.00:0.00 mixed_ref=1 me_range=16 chroma_me=1 trellis=1 8x8dct=1 cqm=0 deadzone=21,11 fast_pskip=1 chroma_qp_offset=-2 threads=24 lookahead_threads=4 sliced_threads=0 nr=0 decimate=1 interlaced=0 bluray_compat=0 constrained_intra=0 bframes=3 b_pyramid=2 b_adapt=1 b_bias=0 direct=1 weightb=1 open_gop=0 weightp=2 keyint=250 keyint_min=25 scenecut=40 intra_refresh=0 rc_lookahead=40 rc=crf mbtree=1 crf=23.0 qcomp=0.60 qpmin=0 qpmax=69 qpstep=4 ip_ratio=1.40 aq=1:1.00
Output #0, mp4, to 'C:\Temp\yt-dlp\C6_ECEMAdBW_reencoded.mp4':
  Metadata:
    major_brand     : isom
    minor_version   : 512
    compatible_brands: isomiso2mp41
    title           : Video by etongcapsulehouse
    artist          : Etong Capsulehouse
    date            : 20240515
    synopsis        : This is why she is here!#etonghouse#tinyhome #resorts #capsule #airbnb #tinyhouse #mobilehouse #prefabhouse #spacecapsule if you want more information and catalog, please contact me via WhatsApp :+8613998846999/telegram: +8618840031823/wechat: 13998846999
    comment         : https://www.instagram.com/reel/C6_ECEMAdBW
    description     : This is why she is here!#etonghouse#tinyhome #resorts #capsule #airbnb #tinyhouse #mobilehouse #prefabhouse #spacecapsule if you want more information and catalog, please contact me via WhatsApp :+8613998846999/telegram: +8618840031823/wechat: 13998846999
    encoder         : Lavf61.1.100
  Stream #0:0(und): Video: h264 (avc1 / 0x31637661), yuv420p(tv, bt709, progressive), 1080x1920, q=2-31, 30 fps, 15360 tbn (default)
      Metadata:
        handler_name    : VideoHandler
        vendor_id       : [0][0][0][0]
        encoder         : Lavc61.3.100 libx264
      Side data:
        cpb: bitrate max/min/avg: 0/0/0 buffer size: 0 vbv_delay: N/A
  Stream #0:1(und): Audio: aac (LC) (mp4a / 0x6134706D), 44100 Hz, stereo, fltp, 128 kb/s (default)
      Metadata:
        handler_name    : SoundHandler
        vendor_id       : [0][0][0][0]
        encoder         : Lavc61.3.100 aac
[mp4 @ 000001e4e538b440] Starting second pass: moving the moov atom to the beginning of the file
[out#0/mp4 @ 000001e4e538b300] video:38238KiB audio:1422KiB subtitle:0KiB other streams:0KiB global headers:0KiB muxing overhead: 0.243824%
frame= 2700 fps=129 q=-1.0 Lsize=   39757KiB time=00:01:29.93 bitrate=3621.5kbits/s speed=4.28x
[libx264 @ 000001e4e53dcb80] frame I:15    Avg QP:18.69  size: 81826
[libx264 @ 000001e4e53dcb80] frame P:807   Avg QP:21.79  size: 28684
[libx264 @ 000001e4e53dcb80] frame B:1878  Avg QP:24.85  size:  7870
[libx264 @ 000001e4e53dcb80] consecutive B-frames:  4.6%  5.6%  6.8% 83.0%
[libx264 @ 000001e4e53dcb80] mb I  I16..4: 21.4% 61.9% 16.7%
[libx264 @ 000001e4e53dcb80] mb P  I16..4:  9.6% 19.2%  1.8%  P16..4: 31.9%  8.7%  3.5%  0.0%  0.0%    skip:25.3%
[libx264 @ 000001e4e53dcb80] mb B  I16..4:  1.1%  1.3%  0.1%  B16..8: 36.3%  3.2%  0.4%  direct: 1.5%  skip:56.0%  L0:46.8% L1:48.8% BI: 4.4%
[libx264 @ 000001e4e53dcb80] 8x8 transform intra:60.9% inter:79.4%
[libx264 @ 000001e4e53dcb80] coded y,uvDC,uvAC intra: 21.3% 19.3% 2.7% inter: 6.8% 6.7% 0.0%
[libx264 @ 000001e4e53dcb80] i16 v,h,dc,p: 40% 24%  8% 28%
[libx264 @ 000001e4e53dcb80] i8 v,h,dc,ddl,ddr,vr,hd,vl,hu: 38% 16% 28%  3%  3%  4%  3%  3%  2%
[libx264 @ 000001e4e53dcb80] i4 v,h,dc,ddl,ddr,vr,hd,vl,hu: 42% 15% 16%  4%  6%  6%  5%  4%  3%
[libx264 @ 000001e4e53dcb80] i8c dc,h,v,p: 65% 14% 19%  1%
[libx264 @ 000001e4e53dcb80] Weighted P-Frames: Y:5.6% UV:4.3%
[libx264 @ 000001e4e53dcb80] ref P L0: 64.2% 13.8% 16.1%  5.8%  0.0%
[libx264 @ 000001e4e53dcb80] ref B L0: 90.4%  7.8%  1.7%
[libx264 @ 000001e4e53dcb80] ref B L1: 96.2%  3.8%
[libx264 @ 000001e4e53dcb80] kb/s:3480.48
[aac @ 000001e4e5799540] Qavg: 719.966

PS C:\Users\kushal\src\myhtml\fromnepal\public\notes> cd "C:\Users\kushal\src\myhtml\fromnepal\public\notes\"; .\download_video.ps1  -url "https://www.instagram.com/reel/C-zO8XsOagI"

    Directory: C:\Temp

Mode                 LastWriteTime         Length Name
----                 -------------         ------ ----
d----            9/1/2024  3:28 PM                yt-dlp
[debug] Command-line config: ['--verbose', '--write-sub', '--sub-lang', 'en', '--restrict-filenames', '--add-metadata', '-f', 'bestvideo[ext=mp4]+bestaudio[ext=m4a]/mp4', '--sponsorblock-mark', 'all', '--sponsorblock-remove', 'all', '--merge-output-format', 'mp4', '-o', 'C:\\Temp\\yt-dlp\\%(id)s.%(ext)s', 'https://www.instagram.com/reel/C-zO8XsOagI']
[debug] Portable config "C:\Users\kushal\scoop\apps\yt-dlp\current\yt-dlp.conf": []
[debug] Encodings: locale cp1252, fs utf-8, pref cp1252, out utf-8, error utf-8, screen utf-8
[debug] yt-dlp version stable@2024.08.06 from yt-dlp/yt-dlp [4d9231208] (win_exe)
[debug] Python 3.8.10 (CPython AMD64 64bit) - Windows-10-10.0.22631-SP0 (OpenSSL 1.1.1k  25 Mar 2021)
[debug] exe versions: ffmpeg 7.0.2-full_build-www.gyan.dev (setts), ffprobe 7.0.2-full_build-www.gyan.dev
[debug] Optional libraries: Cryptodome-3.20.0, brotli-1.1.0, certifi-2024.07.04, curl_cffi-0.5.10, mutagen-1.47.0, requests-2.32.3, sqlite3-3.35.5, urllib3-2.2.2, websockets-12.0
[debug] Proxy map: {}
[debug] Request Handlers: urllib, requests, websockets, curl_cffi
[debug] Loaded 1830 extractors
[Instagram] Extracting URL: https://www.instagram.com/reel/C-zO8XsOagI
[Instagram] C-zO8XsOagI: Setting up session
[Instagram] C-zO8XsOagI: Downloading JSON metadata
[debug] Formats sorted by: hasvid, ie_pref, lang, quality, res, fps, hdr:12(7), vcodec:vp9.2(10), channels, acodec, size, br, asr, proto, vext, aext, hasaud, source, id
[SponsorBlock] SponsorBlock is not supported for Instagram
[info] C-zO8XsOagI: Downloading 1 format(s): dash-1498118614214478v+dash-1733195994091294ad
[info] There are no subtitles for the requested languages
[debug] Invoking http downloader on "https://scontent-iad3-1.cdninstagram.com/v/t39.25447-16/456030329_3883820495187773_8819819841309629018_n.mp4?_nc_cat=108&ccb=1-7&_nc_sid=9a5d50&efg=eyJ2ZW5jb2RlX3RhZyI6ImlnLXhwdmRzLmNsaXBzLmMyLUMzLmRhc2hfcjJldmV2cDktcjFnZW4ydnA5X3E5MCIsInZpZGVvX2lkIjpudWxsfQ%3D%3D&_nc_ohc=mko5BQy8w1sQ7kNvgFs4Hok&_nc_ht=scontent-iad3-1.cdninstagram.com&oh=00_AYCcmfFi51HFcQlENKqC37C-4x5FjG3HiFHJsG1qUh4lQA&oe=66DAA182"
[debug] File locking is not supported. Proceeding without locking
[download] Destination: C:\Temp\yt-dlp\C-zO8XsOagI.fdash-1498118614214478v.mp4
[download] 100% of    5.84MiB in 00:00:00 at 14.24MiB/s
[debug] Invoking http downloader on "https://scontent-iad3-2.cdninstagram.com/v/t50.33967-16/455805732_391788480243495_1376470937039920051_n.mp4?_nc_cat=103&ccb=1-7&_nc_sid=9a5d50&efg=eyJ2ZW5jb2RlX3RhZyI6ImlnLXhwdmRzLmNsaXBzLmMyLUMzLmRhc2hfbG5faGVhYWNfdmJyM19hdWRpbyIsInZpZGVvX2lkIjpudWxsfQ%3D%3D&_nc_ohc=zb_uNPP2vkcQ7kNvgF60Krx&_nc_ht=scontent-iad3-2.cdninstagram.com&oh=00_AYAAGsRgFOIbI84s7Zv0Mcbfaj953ZAQSVklyoujUeZgFw&oe=66DA7E54"
[download] Destination: C:\Temp\yt-dlp\C-zO8XsOagI.fdash-1733195994091294ad.m4a
[download] 100% of  220.50KiB in 00:00:00 at 529.30KiB/s
[Merger] Merging formats into "C:\Temp\yt-dlp\C-zO8XsOagI.mp4"
[debug] ffmpeg command line: ffmpeg -y -loglevel repeat+info -i file:C:\Temp\yt-dlp\C-zO8XsOagI.fdash-1498118614214478v.mp4 -i file:C:\Temp\yt-dlp\C-zO8XsOagI.fdash-1733195994091294ad.m4a -c copy -map 0:v:0 -map 1:a:0 -movflags +faststart file:C:\Temp\yt-dlp\C-zO8XsOagI.temp.mp4
Deleting original file C:\Temp\yt-dlp\C-zO8XsOagI.fdash-1733195994091294ad.m4a (pass -k to keep)
Deleting original file C:\Temp\yt-dlp\C-zO8XsOagI.fdash-1498118614214478v.mp4 (pass -k to keep)
[ModifyChapters] SponsorBlock information is unavailable
[Metadata] Adding metadata to "C:\Temp\yt-dlp\C-zO8XsOagI.mp4"
[debug] ffmpeg command line: ffmpeg -y -loglevel repeat+info -i file:C:\Temp\yt-dlp\C-zO8XsOagI.mp4 -map 0 -dn -ignore_unknown -c copy -write_id3v1 1 -metadata "title=Video by robert_etong" -metadata "date=20240818" -metadata "description=Let me show you the small mobile villa where I live. #etonghouse#tinyhome#resorts #capsule #airbnb #tinyhouse #mobilehouse
#prefabhouse" -metadata "synopsis=Let me show you the small mobile villa where I live. #etonghouse#tinyhome#resorts #capsule #airbnb #tinyhouse #mobilehouse
#prefabhouse" -metadata "purl=https://www.instagram.com/reel/C-zO8XsOagI" -metadata "comment=https://www.instagram.com/reel/C-zO8XsOagI" -metadata "artist=Robert Etong" -movflags +faststart file:C:\Temp\yt-dlp\C-zO8XsOagI.temp.mp4
ffmpeg version 7.0.2-full_build-www.gyan.dev Copyright (c) 2000-2024 the FFmpeg developers
  built with gcc 13.2.0 (Rev5, Built by MSYS2 project)
  configuration: --enable-gpl --enable-version3 --enable-static --disable-w32threads --disable-autodetect --enable-fontconfig --enable-iconv --enable-gnutls --enable-libxml2 --enable-gmp --enable-bzlib --enable-lzma --enable-libsnappy --enable-zlib --enable-librist --enable-libsrt --enable-libssh --enable-libzmq --enable-avisynth --enable-libbluray --enable-libcaca --enable-sdl2 --enable-libaribb24 --enable-libaribcaption --enable-libdav1d --enable-libdavs2 --enable-libuavs3d --enable-libxevd --enable-libzvbi --enable-librav1e --enable-libsvtav1 --enable-libwebp --enable-libx264 --enable-libx265 --enable-libxavs2 --enable-libxeve --enable-libxvid --enable-libaom --enable-libjxl --enable-libopenjpeg --enable-libvpx --enable-mediafoundation --enable-libass --enable-frei0r --enable-libfreetype --enable-libfribidi --enable-libharfbuzz --enable-liblensfun --enable-libvidstab --enable-libvmaf --enable-libzimg --enable-amf --enable-cuda-llvm --enable-cuvid --enable-dxva2 --enable-d3d11va --enable-d3d12va --enable-ffnvcodec --enable-libvpl --enable-nvdec --enable-nvenc --enable-vaapi --enable-libshaderc --enable-vulkan --enable-libplacebo --enable-opencl --enable-libcdio --enable-libgme --enable-libmodplug --enable-libopenmpt --enable-libopencore-amrwb --enable-libmp3lame --enable-libshine --enable-libtheora --enable-libtwolame --enable-libvo-amrwbenc --enable-libcodec2 --enable-libilbc --enable-libgsm --enable-libopencore-amrnb --enable-libopus --enable-libspeex --enable-libvorbis --enable-ladspa --enable-libbs2b --enable-libflite --enable-libmysofa --enable-librubberband --enable-libsoxr --enable-chromaprint
  libavutil      59.  8.100 / 59.  8.100
  libavcodec     61.  3.100 / 61.  3.100
  libavformat    61.  1.100 / 61.  1.100
  libavdevice    61.  1.100 / 61.  1.100
  libavfilter    10.  1.100 / 10.  1.100
  libswscale      8.  1.100 /  8.  1.100
  libswresample   5.  1.100 /  5.  1.100
  libpostproc    58.  1.100 / 58.  1.100
Input #0, mov,mp4,m4a,3gp,3g2,mj2, from 'C:\Temp\yt-dlp\C-zO8XsOagI.mp4':
  Metadata:
    major_brand     : isom
    minor_version   : 512
    compatible_brands: isomiso2mp41
    title           : Video by robert_etong
    artist          : Robert Etong
    date            : 20240818
    encoder         : Lavf61.1.100
    comment         : https://www.instagram.com/reel/C-zO8XsOagI
    description     : Let me show you the small mobile villa where I live. #etonghouse#tinyhome#resorts #capsule #airbnb #tinyhouse #mobilehouse
                    : #prefabhouse
    synopsis        : Let me show you the small mobile villa where I live. #etonghouse#tinyhome#resorts #capsule #airbnb #tinyhouse #mobilehouse
                    : #prefabhouse
  Duration: 00:00:25.75, start: 0.000000, bitrate: 1974 kb/s
  Stream #0:0[0x1](und): Video: vp9 (Profile 0) (vp09 / 0x39307076), yuv420p(tv, bt709), 1080x1920, 1901 kb/s, 30 fps, 30 tbr, 15360 tbn (default)
      Metadata:
        handler_name    : VideoHandler
        vendor_id       : [0][0][0][0]
        encoder         : VPC Coding
  Stream #0:1[0x2](und): Audio: aac (HE-AAC) (mp4a / 0x6134706D), 44100 Hz, stereo, fltp, 68 kb/s (default)
      Metadata:
        handler_name    : SoundHandler
        vendor_id       : [0][0][0][0]
Stream mapping:
  Stream #0:0 -> #0:0 (vp9 (native) -> h264 (libx264))
  Stream #0:1 -> #0:1 (aac (native) -> aac (native))
Press [q] to stop, [?] for help
[libx264 @ 0000024da2cd0840] using cpu capabilities: MMX2 SSE2Fast SSSE3 SSE4.2 AVX FMA3 BMI2 AVX2
[libx264 @ 0000024da2cd0840] profile High, level 4.0, 4:2:0, 8-bit
[libx264 @ 0000024da2cd0840] 264 - core 164 r3191 4613ac3 - H.264/MPEG-4 AVC codec - Copyleft 2003-2024 - http://www.videolan.org/x264.html - options: cabac=1 ref=3 deblock=1:0:0 analyse=0x3:0x113 me=hex subme=7 psy=1 psy_rd=1.00:0.00 mixed_ref=1 me_range=16 chroma_me=1 trellis=1 8x8dct=1 cqm=0 deadzone=21,11 fast_pskip=1 chroma_qp_offset=-2 threads=24 lookahead_threads=4 sliced_threads=0 nr=0 decimate=1 interlaced=0 bluray_compat=0 constrained_intra=0 bframes=3 b_pyramid=2 b_adapt=1 b_bias=0 direct=1 weightb=1 open_gop=0 weightp=2 keyint=250 keyint_min=25 scenecut=40 intra_refresh=0 rc_lookahead=40 rc=crf mbtree=1 crf=23.0 qcomp=0.60 qpmin=0 qpmax=69 qpstep=4 ip_ratio=1.40 aq=1:1.00
Output #0, mp4, to 'C:\Temp\yt-dlp\C-zO8XsOagI_reencoded.mp4':
  Metadata:
    major_brand     : isom
    minor_version   : 512
    compatible_brands: isomiso2mp41
    title           : Video by robert_etong
    artist          : Robert Etong
    date            : 20240818
    synopsis        : Let me show you the small mobile villa where I live. #etonghouse#tinyhome#resorts #capsule #airbnb #tinyhouse #mobilehouse
                    : #prefabhouse
    comment         : https://www.instagram.com/reel/C-zO8XsOagI
    description     : Let me show you the small mobile villa where I live. #etonghouse#tinyhome#resorts #capsule #airbnb #tinyhouse #mobilehouse
                    : #prefabhouse
    encoder         : Lavf61.1.100
  Stream #0:0(und): Video: h264 (avc1 / 0x31637661), yuv420p(tv, bt709, progressive), 1080x1920, q=2-31, 30 fps, 15360 tbn (default)
      Metadata:
        handler_name    : VideoHandler
        vendor_id       : [0][0][0][0]
        encoder         : Lavc61.3.100 libx264
      Side data:
        cpb: bitrate max/min/avg: 0/0/0 buffer size: 0 vbv_delay: N/A
  Stream #0:1(und): Audio: aac (LC) (mp4a / 0x6134706D), 44100 Hz, stereo, fltp, 128 kb/s (default)
      Metadata:
        handler_name    : SoundHandler
        vendor_id       : [0][0][0][0]
        encoder         : Lavc61.3.100 aac
[mp4 @ 0000024da272b980] Starting second pass: moving the moov atom to the beginning of the file
[out#0/mp4 @ 0000024da2749dc0] video:10046KiB audio:413KiB subtitle:0KiB other streams:0KiB global headers:0KiB muxing overhead: 0.277274%
frame=  772 fps=122 q=-1.0 Lsize=   10487KiB time=00:00:25.66 bitrate=3347.2kbits/s speed=4.07x
[libx264 @ 0000024da2cd0840] frame I:14    Avg QP:19.36  size: 73916
[libx264 @ 0000024da2cd0840] frame P:208   Avg QP:22.44  size: 24995
[libx264 @ 0000024da2cd0840] frame B:550   Avg QP:24.76  size:  7368
[libx264 @ 0000024da2cd0840] consecutive B-frames:  3.6%  1.8%  7.0% 87.6%
[libx264 @ 0000024da2cd0840] mb I  I16..4: 23.2% 60.7% 16.0%
[libx264 @ 0000024da2cd0840] mb P  I16..4:  9.9% 19.6%  1.2%  P16..4: 33.2%  7.8%  2.7%  0.0%  0.0%    skip:25.5%
[libx264 @ 0000024da2cd0840] mb B  I16..4:  1.5%  1.8%  0.0%  B16..8: 37.0%  2.6%  0.3%  direct: 1.6%  skip:55.3%  L0:46.7% L1:49.9% BI: 3.3%
[libx264 @ 0000024da2cd0840] 8x8 transform intra:61.5% inter:86.3%
[libx264 @ 0000024da2cd0840] coded y,uvDC,uvAC intra: 24.2% 18.0% 3.3% inter: 6.5% 6.2% 0.1%
[libx264 @ 0000024da2cd0840] i16 v,h,dc,p: 46% 25%  7% 22%
[libx264 @ 0000024da2cd0840] i8 v,h,dc,ddl,ddr,vr,hd,vl,hu: 40% 18% 25%  2%  3%  3%  4%  3%  2%
[libx264 @ 0000024da2cd0840] i4 v,h,dc,ddl,ddr,vr,hd,vl,hu: 44% 18% 12%  3%  5%  4%  6%  4%  3%
[libx264 @ 0000024da2cd0840] i8c dc,h,v,p: 64% 14% 21%  1%
[libx264 @ 0000024da2cd0840] Weighted P-Frames: Y:8.7% UV:5.3%
[libx264 @ 0000024da2cd0840] ref P L0: 63.3% 16.2% 15.6%  4.9%  0.1%
[libx264 @ 0000024da2cd0840] ref B L0: 92.1%  6.5%  1.5%
[libx264 @ 0000024da2cd0840] ref B L1: 97.0%  3.0%
[libx264 @ 0000024da2cd0840] kb/s:3197.76
[aac @ 0000024da27a4900] Qavg: 820.969

PS C:\Users\kushal\src\myhtml\fromnepal\public\notes> cd "C:\Users\kushal\src\myhtml\fromnepal\public\notes\"; .\download_video.ps1  -url "https://www.instagram.com/reel/C_VFTlQv6AH"

    Directory: C:\Temp

Mode                 LastWriteTime         Length Name
----                 -------------         ------ ----
d----            9/1/2024  3:29 PM                yt-dlp
[debug] Command-line config: ['--verbose', '--write-sub', '--sub-lang', 'en', '--restrict-filenames', '--add-metadata', '-f', 'bestvideo[ext=mp4]+bestaudio[ext=m4a]/mp4', '--sponsorblock-mark', 'all', '--sponsorblock-remove', 'all', '--merge-output-format', 'mp4', '-o', 'C:\\Temp\\yt-dlp\\%(id)s.%(ext)s', 'https://www.instagram.com/reel/C_VFTlQv6AH']
[debug] Portable config "C:\Users\kushal\scoop\apps\yt-dlp\current\yt-dlp.conf": []
[debug] Encodings: locale cp1252, fs utf-8, pref cp1252, out utf-8, error utf-8, screen utf-8
[debug] yt-dlp version stable@2024.08.06 from yt-dlp/yt-dlp [4d9231208] (win_exe)
[debug] Python 3.8.10 (CPython AMD64 64bit) - Windows-10-10.0.22631-SP0 (OpenSSL 1.1.1k  25 Mar 2021)
[debug] exe versions: ffmpeg 7.0.2-full_build-www.gyan.dev (setts), ffprobe 7.0.2-full_build-www.gyan.dev
[debug] Optional libraries: Cryptodome-3.20.0, brotli-1.1.0, certifi-2024.07.04, curl_cffi-0.5.10, mutagen-1.47.0, requests-2.32.3, sqlite3-3.35.5, urllib3-2.2.2, websockets-12.0
[debug] Proxy map: {}
[debug] Request Handlers: urllib, requests, websockets, curl_cffi
[debug] Loaded 1830 extractors
[Instagram] Extracting URL: https://www.instagram.com/reel/C_VFTlQv6AH
[Instagram] C_VFTlQv6AH: Setting up session
[Instagram] C_VFTlQv6AH: Downloading JSON metadata
[debug] Formats sorted by: hasvid, ie_pref, lang, quality, res, fps, hdr:12(7), vcodec:vp9.2(10), channels, acodec, size, br, asr, proto, vext, aext, hasaud, source, id
[SponsorBlock] SponsorBlock is not supported for Instagram
[info] C_VFTlQv6AH: Downloading 1 format(s): dash-302897696247812v+dash-530728272801612ad
[info] There are no subtitles for the requested languages
[debug] Invoking http downloader on "https://instagram.fagc3-1.fna.fbcdn.net/o1/v/t16/f2/m69/An8zXnHTT7_fg_BLeIIhfSiz8kfZDb82MNaIzhIYz0Dw14vx6TOgw_A7-cqG65NkMHO8MegX9DlJmkAhy2L0XjnA.mp4?efg=eyJvaWxfdXJsZ2VuX2FwcF9pZCI6OTM2NjE5NzQzMzkyNDU5LCJjbGllbnRfbmFtZSI6ImlnIiwidmlkZW9faWQiOm51bGwsInZlbmNvZGVfdGFnIjoiaWcteHB2ZHMuY2xpcHMuYzItQzMuZGFzaF9yMmV2ZXZwOS1yMWdlbjJ2cDlfcTkwIn0&_nc_ht=instagram.fagc3-1.fna.fbcdn.net&_nc_cat=111&strext=1&ccb=9-4&oh=00_AYCGyry6yDkx4yKwtAw3RqwBCmbJSXWhRZCMJB22a7xJEA&oe=66D6B62C&_nc_sid=9ca052"
[debug] File locking is not supported. Proceeding without locking
[download] Destination: C:\Temp\yt-dlp\C_VFTlQv6AH.fdash-302897696247812v.mp4
[download] 100% of    5.24MiB in 00:00:00 at 12.47MiB/s
[debug] Invoking http downloader on "https://instagram.fagc3-1.fna.fbcdn.net/o1/v/t16/f2/m69/An_vG3x_JdelNcfUtFPTm-yTCY9oODVA_S01OThZED-1ouIj2vjjg-SQshw7S6DYurJ6rYwJJYTw8m_7sT_oVyxN.mp4?efg=eyJvaWxfdXJsZ2VuX2FwcF9pZCI6OTM2NjE5NzQzMzkyNDU5LCJjbGllbnRfbmFtZSI6ImlnIiwidmlkZW9faWQiOm51bGwsInZlbmNvZGVfdGFnIjoiaWcteHB2ZHMuY2xpcHMuYzItQzMuZGFzaF9sbl9oZWFhY192YnIzX2F1ZGlvIn0&_nc_ht=instagram.fagc3-1.fna.fbcdn.net&_nc_cat=100&strext=1&ccb=9-4&oh=00_AYDrLWfLJyknPCduCWjxxgn3MrfHL5KfqxLv-NLzdCLfUA&oe=66D69F6D&_nc_sid=9ca052"
[download] Destination: C:\Temp\yt-dlp\C_VFTlQv6AH.fdash-530728272801612ad.m4a
[download] 100% of   47.98KiB in 00:00:00 at 1.20MiB/s
[Merger] Merging formats into "C:\Temp\yt-dlp\C_VFTlQv6AH.mp4"
[debug] ffmpeg command line: ffmpeg -y -loglevel repeat+info -i file:C:\Temp\yt-dlp\C_VFTlQv6AH.fdash-302897696247812v.mp4 -i file:C:\Temp\yt-dlp\C_VFTlQv6AH.fdash-530728272801612ad.m4a -c copy -map 0:v:0 -map 1:a:0 -movflags +faststart file:C:\Temp\yt-dlp\C_VFTlQv6AH.temp.mp4
Deleting original file C:\Temp\yt-dlp\C_VFTlQv6AH.fdash-302897696247812v.mp4 (pass -k to keep)
Deleting original file C:\Temp\yt-dlp\C_VFTlQv6AH.fdash-530728272801612ad.m4a (pass -k to keep)
[ModifyChapters] SponsorBlock information is unavailable
[Metadata] Adding metadata to "C:\Temp\yt-dlp\C_VFTlQv6AH.mp4"
[debug] ffmpeg command line: ffmpeg -y -loglevel repeat+info -i file:C:\Temp\yt-dlp\C_VFTlQv6AH.mp4 -map 0 -dn -ignore_unknown -c copy -write_id3v1 1 -metadata "title=Video by shanghai.dre" -metadata "date=20240831" -metadata "description=The Shanghai Jin Mao Grand Hyatt Hotel is located on the upper floor of the Jin Mao Tower in Lujiazui district of Pudong, Shanghai. The hotel opened in March 1999 and is a 5-star hotel. The 548 guestrooms and suites at Grand Hyatt Shanghai are inspired by Art Deco, blending the essence of Art Deco tradition and Chineseclassical style. The hotel includes a business center, fitness center, spa, etc." -metadata "synopsis=The Shanghai Jin Mao Grand Hyatt Hotel is located on the upper floor of the Jin Mao Tower in Lujiazui district of Pudong, Shanghai. The hotel opened in March 1999 and is a 5-star hotel. The 548 guestrooms and suites at Grand Hyatt Shanghai are inspired by Art Deco, blending the essence of Art Deco tradition and Chinese classical style. The hotel includes a business center, fitness center, spa, etc." -metadata "purl=https://www.instagram.com/reel/C_VFTlQv6AH" -metadata "comment=https://www.instagram.com/reel/C_VFTlQv6AH" -metadata "artist=Hashem.Mo" -movflags +faststart file:C:\Temp\yt-dlp\C_VFTlQv6AH.temp.mp4
ffmpeg version 7.0.2-full_build-www.gyan.dev Copyright (c) 2000-2024 the FFmpeg developers
  built with gcc 13.2.0 (Rev5, Built by MSYS2 project)
  configuration: --enable-gpl --enable-version3 --enable-static --disable-w32threads --disable-autodetect --enable-fontconfig --enable-iconv --enable-gnutls --enable-libxml2 --enable-gmp --enable-bzlib --enable-lzma --enable-libsnappy --enable-zlib --enable-librist --enable-libsrt --enable-libssh --enable-libzmq --enable-avisynth --enable-libbluray --enable-libcaca --enable-sdl2 --enable-libaribb24 --enable-libaribcaption --enable-libdav1d --enable-libdavs2 --enable-libuavs3d --enable-libxevd --enable-libzvbi --enable-librav1e --enable-libsvtav1 --enable-libwebp --enable-libx264 --enable-libx265 --enable-libxavs2 --enable-libxeve --enable-libxvid --enable-libaom --enable-libjxl --enable-libopenjpeg --enable-libvpx --enable-mediafoundation --enable-libass --enable-frei0r --enable-libfreetype --enable-libfribidi --enable-libharfbuzz --enable-liblensfun --enable-libvidstab --enable-libvmaf --enable-libzimg --enable-amf --enable-cuda-llvm --enable-cuvid --enable-dxva2 --enable-d3d11va --enable-d3d12va --enable-ffnvcodec --enable-libvpl --enable-nvdec --enable-nvenc --enable-vaapi --enable-libshaderc --enable-vulkan --enable-libplacebo --enable-opencl --enable-libcdio --enable-libgme --enable-libmodplug --enable-libopenmpt --enable-libopencore-amrwb --enable-libmp3lame --enable-libshine --enable-libtheora --enable-libtwolame --enable-libvo-amrwbenc --enable-libcodec2 --enable-libilbc --enable-libgsm --enable-libopencore-amrnb --enable-libopus --enable-libspeex --enable-libvorbis --enable-ladspa --enable-libbs2b --enable-libflite --enable-libmysofa --enable-librubberband --enable-libsoxr --enable-chromaprint
  libavutil      59.  8.100 / 59.  8.100
  libavcodec     61.  3.100 / 61.  3.100
  libavformat    61.  1.100 / 61.  1.100
  libavdevice    61.  1.100 / 61.  1.100
  libavfilter    10.  1.100 / 10.  1.100
  libswscale      8.  1.100 /  8.  1.100
  libswresample   5.  1.100 /  5.  1.100
  libpostproc    58.  1.100 / 58.  1.100
Input #0, mov,mp4,m4a,3gp,3g2,mj2, from 'C:\Temp\yt-dlp\C_VFTlQv6AH.mp4':
  Metadata:
    major_brand     : isom
    minor_version   : 512
    compatible_brands: isomiso2mp41
    title           : Video by shanghai.dre
    artist          : Hashem.Mo
    date            : 20240831
    encoder         : Lavf61.1.100
    comment         : https://www.instagram.com/reel/C_VFTlQv6AH
    description     : The Shanghai Jin Mao Grand Hyatt Hotel is located on the upper floor of the Jin Mao Tower in Lujiazui district of Pudong, Shanghai. The hotel opened in March 1999 and is a 5-star hotel. The 548 guestrooms and suites at Grand Hyatt Shanghai are inspired by
    synopsis        : The Shanghai Jin Mao Grand Hyatt Hotel is located on the upper floor of the Jin Mao Tower in Lujiazui district of Pudong, Shanghai. The hotel opened in March 1999 and is a 5-star hotel. The 548 guestrooms and suites at Grand Hyatt Shanghai are inspired by
  Duration: 00:00:10.53, start: 0.000000, bitrate: 4215 kb/s
  Stream #0:0[0x1](und): Video: vp9 (Profile 0) (vp09 / 0x39307076), yuv420p(tv, bt709), 1080x1920, 4173 kb/s, 30 fps, 30 tbr, 15360 tbn (default)
      Metadata:
        handler_name    : VideoHandler
        vendor_id       : [0][0][0][0]
        encoder         : VPC Coding
  Stream #0:1[0x2](und): Audio: aac (HE-AAC) (mp4a / 0x6134706D), 44100 Hz, stereo, fltp, 34 kb/s (default)
      Metadata:
        handler_name    : SoundHandler
        vendor_id       : [0][0][0][0]
Stream mapping:
  Stream #0:0 -> #0:0 (vp9 (native) -> h264 (libx264))
  Stream #0:1 -> #0:1 (aac (native) -> aac (native))
Press [q] to stop, [?] for help
[libx264 @ 000002a4d71cbf80] using cpu capabilities: MMX2 SSE2Fast SSSE3 SSE4.2 AVX FMA3 BMI2 AVX2
[libx264 @ 000002a4d71cbf80] profile High, level 4.0, 4:2:0, 8-bit
[libx264 @ 000002a4d71cbf80] 264 - core 164 r3191 4613ac3 - H.264/MPEG-4 AVC codec - Copyleft 2003-2024 - http://www.videolan.org/x264.html - options: cabac=1 ref=3 deblock=1:0:0 analyse=0x3:0x113 me=hex subme=7 psy=1 psy_rd=1.00:0.00 mixed_ref=1 me_range=16 chroma_me=1 trellis=1 8x8dct=1 cqm=0 deadzone=21,11 fast_pskip=1 chroma_qp_offset=-2 threads=24 lookahead_threads=4 sliced_threads=0 nr=0 decimate=1 interlaced=0 bluray_compat=0 constrained_intra=0 bframes=3 b_pyramid=2 b_adapt=1 b_bias=0 direct=1 weightb=1 open_gop=0 weightp=2 keyint=250 keyint_min=25 scenecut=40 intra_refresh=0 rc_lookahead=40 rc=crf mbtree=1 crf=23.0 qcomp=0.60 qpmin=0 qpmax=69 qpstep=4 ip_ratio=1.40 aq=1:1.00
Output #0, mp4, to 'C:\Temp\yt-dlp\C_VFTlQv6AH_reencoded.mp4':
  Metadata:
    major_brand     : isom
    minor_version   : 512
    compatible_brands: isomiso2mp41
    title           : Video by shanghai.dre
    artist          : Hashem.Mo
    date            : 20240831
    synopsis        : The Shanghai Jin Mao Grand Hyatt Hotel is located on the upper floor of the Jin Mao Tower in Lujiazui district of Pudong, Shanghai. The hotel opened in March 1999 and is a 5-star hotel. The 548 guestrooms and suites at Grand Hyatt Shanghai are inspired by
    comment         : https://www.instagram.com/reel/C_VFTlQv6AH
    description     : The Shanghai Jin Mao Grand Hyatt Hotel is located on the upper floor of the Jin Mao Tower in Lujiazui district of Pudong, Shanghai. The hotel opened in March 1999 and is a 5-star hotel. The 548 guestrooms and suites at Grand Hyatt Shanghai are inspired by
    encoder         : Lavf61.1.100
  Stream #0:0(und): Video: h264 (avc1 / 0x31637661), yuv420p(tv, bt709, progressive), 1080x1920, q=2-31, 30 fps, 15360 tbn (default)
      Metadata:
        handler_name    : VideoHandler
        vendor_id       : [0][0][0][0]
        encoder         : Lavc61.3.100 libx264
      Side data:
        cpb: bitrate max/min/avg: 0/0/0 buffer size: 0 vbv_delay: N/A
  Stream #0:1(und): Audio: aac (LC) (mp4a / 0x6134706D), 44100 Hz, stereo, fltp, 128 kb/s (default)
      Metadata:
        handler_name    : SoundHandler
        vendor_id       : [0][0][0][0]
        encoder         : Lavc61.3.100 aac
[mp4 @ 000002a4d71cc3c0] Starting second pass: moving the moov atom to the beginning of the file
[out#0/mp4 @ 000002a4d71d5a40] video:7135KiB audio:165KiB subtitle:0KiB other streams:0KiB global headers:0KiB muxing overhead: 0.182000%
frame=  316 fps=104 q=-1.0 Lsize=    7313KiB time=00:00:10.46 bitrate=5724.0kbits/s speed=3.45x
[libx264 @ 000002a4d71cbf80] frame I:5     Avg QP:21.40  size:107287
[libx264 @ 000002a4d71cbf80] frame P:124   Avg QP:24.36  size: 39174
[libx264 @ 000002a4d71cbf80] frame B:187   Avg QP:27.98  size: 10223
[libx264 @ 000002a4d71cbf80] consecutive B-frames: 12.3% 20.9% 16.1% 50.6%
[libx264 @ 000002a4d71cbf80] mb I  I16..4: 10.8% 69.5% 19.7%
[libx264 @ 000002a4d71cbf80] mb P  I16..4:  5.9% 15.5%  1.1%  P16..4: 40.1% 16.4%  5.8%  0.0%  0.0%    skip:15.1%
[libx264 @ 000002a4d71cbf80] mb B  I16..4:  0.8%  1.4%  0.0%  B16..8: 45.8%  3.9%  0.4%  direct: 2.0%  skip:45.6%  L0:48.1% L1:46.3% BI: 5.6%
[libx264 @ 000002a4d71cbf80] 8x8 transform intra:68.2% inter:78.6%
[libx264 @ 000002a4d71cbf80] coded y,uvDC,uvAC intra: 35.6% 50.2% 10.4% inter: 13.7% 17.8% 0.1%
[libx264 @ 000002a4d71cbf80] i16 v,h,dc,p: 23% 43% 14% 20%
[libx264 @ 000002a4d71cbf80] i8 v,h,dc,ddl,ddr,vr,hd,vl,hu: 20% 25% 21%  3%  8%  4% 11%  3%  4%
[libx264 @ 000002a4d71cbf80] i4 v,h,dc,ddl,ddr,vr,hd,vl,hu: 16% 30% 10%  2% 14%  5% 17%  3%  3%
[libx264 @ 000002a4d71cbf80] i8c dc,h,v,p: 52% 28% 16%  4%
[libx264 @ 000002a4d71cbf80] Weighted P-Frames: Y:4.0% UV:0.8%
[libx264 @ 000002a4d71cbf80] ref P L0: 73.6% 17.6%  7.0%  1.7%  0.2%
[libx264 @ 000002a4d71cbf80] ref B L0: 96.8%  2.8%  0.4%
[libx264 @ 000002a4d71cbf80] ref B L1: 98.9%  1.1%
[libx264 @ 000002a4d71cbf80] kb/s:5548.61
[aac @ 000002a4d7227d80] Qavg: 525.492

PS C:\Users\kushal\src\myhtml\fromnepal\public\notes> cd "C:\Users\kushal\src\mylogging\"; date; git add .; date; git commit --message "add all files" --message "from the terminal"; date; cd "C:\Users\kushal\src\myhtml\fromnepal"; date; yarn; date; yarn run build; date; git add .; date; git commit --message "build application" --message "from the terminal"; date; git pull --rebase origin main; date; git push origin main; date;

Sunday, September 1, 2024 3:30:02 PM
Sunday, September 1, 2024 3:30:02 PM
On branch main
nothing to commit, working tree clean
Sunday, September 1, 2024 3:30:02 PM
Sunday, September 1, 2024 3:30:02 PM
yarn install v1.22.21
[1/4] Resolving packages...
success Already up-to-date.
Done in 0.06s.
Sunday, September 1, 2024 3:30:02 PM
yarn run v1.22.21
$ tsc && vite build
vite v5.4.1 building for production...
✓ 5 modules transformed.
docs/index.html                 0.53 kB │ gzip: 0.32 kB
docs/assets/index-DYhv0y2B.css  4.60 kB │ gzip: 1.63 kB
docs/assets/index-DlmTeNAq.js   2.94 kB │ gzip: 1.31 kB
✓ built in 292ms
Done in 1.31s.
Sunday, September 1, 2024 3:30:04 PM
warning: in the working copy of 'docs/assets/index-DYhv0y2B.css', LF will be replaced by CRLF the next time Git touches it
warning: in the working copy of 'docs/assets/index-DlmTeNAq.js', LF will be replaced by CRLF the next time Git touches it
warning: in the working copy of 'docs/index.html', LF will be replaced by CRLF the next time Git touches it
Sunday, September 1, 2024 3:30:05 PM
On branch main
Your branch is up to date with 'origin/main'.

nothing to commit, working tree clean
Sunday, September 1, 2024 3:30:05 PM
From github.com:fromnepal/fromnepal.github.io
 * branch            main       -> FETCH_HEAD
Already up to date.
Sunday, September 1, 2024 3:30:06 PM
Everything up-to-date
Sunday, September 1, 2024 3:30:06 PM

PS C:\Users\kushal\src\myhtml\fromnepal> cd "C:\Users\kushal\src\mylogging\"; date; git add .; date; git commit --message "add all files" --message "from the terminal"; date; cd "C:\Users\kushal\src\myhtml\fromnepal"; date; yarn; date; yarn run build; date; git add .; date; git commit --message "build application" --message "from the terminal"; date; git pull --rebase origin main; date; git push origin main; date;
