PowerShell 7.4.4
PS C:\Users\kushal> cd "C:\Users\kushal\src\mylogging\"; date; git add .; date; git commit --message "add all files" --message "from the terminal"; date; cd "C:\Users\kushal\src\myhtml\fromnepal"; date; yarn;date; yarn run build; date; git add .; date; git commit --message "build application" --message "from the terminal"; date; git pull --rebase origin main; date; git push origin main; date;

Friday, August 16, 2024 9:10:28 AM
Friday, August 16, 2024 9:10:28 AM
On branch main
nothing to commit, working tree clean
Friday, August 16, 2024 9:10:28 AM
Friday, August 16, 2024 9:10:28 AM
yarn install v1.22.21
[1/4] Resolving packages...
success Already up-to-date.
Done in 0.06s.
Friday, August 16, 2024 9:10:28 AM
yarn run v1.22.21
$ tsc && vite build
vite v5.4.1 building for production...
âœ“ 5 modules transformed.
docs/index.html                 0.53 kB â”‚ gzip: 0.32 kB
docs/assets/index-DYhv0y2B.css  4.60 kB â”‚ gzip: 1.63 kB
docs/assets/index-DlmTeNAq.js   2.94 kB â”‚ gzip: 1.31 kB
âœ“ built in 146ms
Done in 0.92s.
Friday, August 16, 2024 9:10:29 AM
warning: in the working copy of 'docs/assets/index-DYhv0y2B.css', LF will be replaced by CRLF the next time Git touches it
warning: in the working copy of 'docs/assets/index-DlmTeNAq.js', LF will be replaced by CRLF the next time Git touches it
warning: in the working copy of 'docs/index.html', LF will be replaced by CRLF the next time Git touches it
Friday, August 16, 2024 9:10:29 AM
On branch main
Your branch is up to date with 'origin/main'.

nothing to commit, working tree clean
Friday, August 16, 2024 9:10:29 AM
From github.com:fromnepal/fromnepal.github.io
 * branch            main       -> FETCH_HEAD
Already up to date.
Friday, August 16, 2024 9:10:30 AM
Everything up-to-date
Friday, August 16, 2024 9:10:31 AM

PS C:\Users\kushal\src\myhtml\fromnepal> cd "\\TP-Share\G\shared\jellyfin\shows\downloaded"; date; pwd; date; yt-dlp.exe --verbose --write-sub --sub-lang en --restrict-filenames --add-metadata -f "bestvideo[ext=mp4]+bestaudio[ext=m4a]/mp4"  --sponsorblock-mark all --sponsorblock-remove all -i "https://old.reddit.com/r/TikTokCringe/comments/1538xk5/a_recently_transitioned_man_expresses/"; date;

Friday, August 16, 2024 9:10:43 AM

Drive        :
Provider     : Microsoft.PowerShell.Core\FileSystem
ProviderPath : \\TP-Share\G\shared\jellyfin\shows\downloaded
Path         : Microsoft.PowerShell.Core\FileSystem::\\TP-Share\G\shared\jellyfin\shows\downloaded

Friday, August 16, 2024 9:10:43 AM
[debug] Command-line config: ['--verbose', '--write-sub', '--sub-lang', 'en', '--restrict-filenames', '--add-metadata', '-f', 'bestvideo[ext=mp4]+bestaudio[ext=m4a]/mp4', '--sponsorblock-mark', 'all', '--sponsorblock-remove', 'all', '-i', 'https://old.reddit.com/r/TikTokCringe/comments/1538xk5/a_recently_transitioned_man_expresses/']
[debug] Portable config "C:\Users\kushal\scoop\apps\yt-dlp\current\yt-dlp.conf": []
[debug] Encodings: locale cp1252, fs utf-8, pref cp1252, out utf-8, error utf-8, screen utf-8
[debug] yt-dlp version stable@2024.08.06 from yt-dlp/yt-dlp [4d9231208] (win_exe)
[debug] Python 3.8.10 (CPython AMD64 64bit) - Windows-10-10.0.22631-SP0 (OpenSSL 1.1.1k  25 Mar 2021)
[debug] exe versions: ffmpeg 7.0.2-full_build-www.gyan.dev (setts), ffprobe 7.0.2-full_build-www.gyan.dev
[debug] Optional libraries: Cryptodome-3.20.0, brotli-1.1.0, certifi-2024.07.04, curl_cffi-0.5.10, mutagen-1.47.0, requests-2.32.3, sqlite3-3.35.5, urllib3-2.2.2, websockets-12.0
[debug] Proxy map: {}
[debug] Request Handlers: urllib, requests, websockets, curl_cffi
[debug] Loaded 1830 extractors
[Reddit] Extracting URL: https://old.reddit.com/r/TikTokCringe/comments/1538xk5/a_recently_transitioned_man_expresses/
[Reddit] 1538xk5: Downloading JSON metadata
[Reddit] 1538xk5: Downloading m3u8 information
[Reddit] 1538xk5: Downloading MPD manifest
[Reddit] 323xoegy5scb1: Checking subtitles URL
[Reddit] 323xoegy5scb1: subtitles URL is invalid, skipping: HTTP Error 403: Forbidden
[debug] Formats sorted by: hasvid, ie_pref, lang, quality, res, fps, hdr:12(7), vcodec:vp9.2(10), channels, acodec, size, br, asr, proto, vext, aext, hasaud, source, id
[SponsorBlock] SponsorBlock is not supported for Reddit
[info] 323xoegy5scb1: Downloading 1 format(s): fallback+dash-7
[info] There are no subtitles for the requested languages
[debug] Invoking http downloader on "https://v.redd.it/323xoegy5scb1/DASH_1080.mp4?source=fallback"
[debug] File locking is not supported. Proceeding without locking
[download] Destination: A_recently_transitioned_man_expresses_disappointment_with_male_social_constructs-[323xoegy5scb1].ffallback.mp4
[download] 100% of   13.73MiB in 00:00:03 at 4.25MiB/s
[debug] Invoking http downloader on "https://v.redd.it/323xoegy5scb1/DASH_audio.mp4"
[download] Destination: A_recently_transitioned_man_expresses_disappointment_with_male_social_constructs-[323xoegy5scb1].fdash-7.m4a
[download] 100% of    1.80MiB in 00:00:00 at 3.89MiB/s
[Merger] Merging formats into "A_recently_transitioned_man_expresses_disappointment_with_male_social_constructs-[323xoegy5scb1].mp4"
[debug] ffmpeg command line: ffmpeg -y -loglevel repeat+info -i "file:A_recently_transitioned_man_expresses_disappointment_with_male_social_constructs-[323xoegy5scb1].ffallback.mp4" -i "file:A_recently_transitioned_man_expresses_disappointment_with_male_social_constructs-[323xoegy5scb1].fdash-7.m4a" -c copy -map 0:v:0 -map 1:a:0 -movflags +faststart "file:A_recently_transitioned_man_expresses_disappointment_with_male_social_constructs-[323xoegy5scb1].temp.mp4"
Deleting original file A_recently_transitioned_man_expresses_disappointment_with_male_social_constructs-[323xoegy5scb1].ffallback.mp4 (pass -k to keep)
Deleting original file A_recently_transitioned_man_expresses_disappointment_with_male_social_constructs-[323xoegy5scb1].fdash-7.m4a (pass -k to keep)
[ModifyChapters] SponsorBlock information is unavailable
[Metadata] Adding metadata to "A_recently_transitioned_man_expresses_disappointment_with_male_social_constructs-[323xoegy5scb1].mp4"
[debug] ffmpeg command line: ffmpeg -y -loglevel repeat+info -i "file:A_recently_transitioned_man_expresses_disappointment_with_male_social_constructs-[323xoegy5scb1].mp4" -map 0 -dn -ignore_unknown -c copy -write_id3v1 1 -metadata "title=A recently transitioned man expresses disappointment with male social constructs" -metadata "date=20230718" -metadata "purl=https://old.reddit.com/r/TikTokCringe/comments/1538xk5/a_recently_transitioned_man_expresses/" -metadata "comment=https://old.reddit.com/r/TikTokCringe/comments/1538xk5/a_recently_transitioned_man_expresses/" -metadata "artist=Successful_Leek96" -movflags +faststart "file:A_recently_transitioned_man_expresses_disappointment_with_male_social_constructs-[323xoegy5scb1].temp.mp4"
Friday, August 16, 2024 9:11:06 AM

PS Microsoft.PowerShell.Core\FileSystem::\\TP-Share\G\shared\jellyfin\shows\downloaded> cd "C:\Users\kushal\src\mylogging\"; date; git add .; date; git commit --message "add all files" --message "from the terminal"; date; cd "C:\Users\kushal\src\myhtml\fromnepal"; date; yarn; date; yarn run build; date; git add .; date; git commit --message "build application" --message "from the terminal"; date; git pull --rebaseorigin main; date; git push origin main; date;

Friday, August 16, 2024 9:19:29 AM
Friday, August 16, 2024 9:19:29 AM
On branch main
nothing to commit, working tree clean
Friday, August 16, 2024 9:19:29 AM
Friday, August 16, 2024 9:19:29 AM
yarn install v1.22.21
[1/4] Resolving packages...
success Already up-to-date.
Done in 0.06s.
Friday, August 16, 2024 9:19:30 AM
yarn run v1.22.21
$ tsc && vite build
vite v5.4.1 building for production...
âœ“ 5 modules transformed.
docs/index.html                 0.53 kB â”‚ gzip: 0.32 kB
docs/assets/index-DYhv0y2B.css  4.60 kB â”‚ gzip: 1.63 kB
docs/assets/index-DlmTeNAq.js   2.94 kB â”‚ gzip: 1.31 kB
âœ“ built in 161ms
Done in 1.32s.
Friday, August 16, 2024 9:19:31 AM
warning: in the working copy of 'docs/assets/index-DYhv0y2B.css', LF will be replaced by CRLF the next time Git touches it
warning: in the working copy of 'docs/assets/index-DlmTeNAq.js', LF will be replaced by CRLF the next time Git touches it
warning: in the working copy of 'docs/index.html', LF will be replaced by CRLF the next time Git touches it
Friday, August 16, 2024 9:19:32 AM
On branch main
Your branch is up to date with 'origin/main'.

nothing to commit, working tree clean
Friday, August 16, 2024 9:19:32 AM
From github.com:fromnepal/fromnepal.github.io
 * branch            main       -> FETCH_HEAD
Already up to date.
Friday, August 16, 2024 9:19:32 AM
Everything up-to-date
Friday, August 16, 2024 9:19:33 AM

PS C:\Users\kushal\src\myhtml\fromnepal> cd "\\TP-Share\G\shared\jellyfin\shows\downloaded"; date; pwd; date; yt-dlp.exe --verbose --write-sub --sub-lang en --restrict-filenames --add-metadata -f "bestvideo[ext=mp4]+bestaudio[ext=m4a]/mp4"  --sponsorblock-mark all --sponsorblock-remove all -i "https://www.facebook.com/reel/8305037472862163"; date;

Friday, August 16, 2024 9:19:43 AM

Drive        :
Provider     : Microsoft.PowerShell.Core\FileSystem
ProviderPath : \\TP-Share\G\shared\jellyfin\shows\downloaded
Path         : Microsoft.PowerShell.Core\FileSystem::\\TP-Share\G\shared\jellyfin\shows\downloaded

Friday, August 16, 2024 9:19:43 AM
[debug] Command-line config: ['--verbose', '--write-sub', '--sub-lang', 'en', '--restrict-filenames', '--add-metadata', '-f', 'bestvideo[ext=mp4]+bestaudio[ext=m4a]/mp4', '--sponsorblock-mark', 'all', '--sponsorblock-remove', 'all', '-i', 'https://www.facebook.com/reel/8305037472862163']
[debug] Portable config "C:\Users\kushal\scoop\apps\yt-dlp\current\yt-dlp.conf": []
[debug] Encodings: locale cp1252, fs utf-8, pref cp1252, out utf-8, error utf-8, screen utf-8
[debug] yt-dlp version stable@2024.08.06 from yt-dlp/yt-dlp [4d9231208] (win_exe)
[debug] Python 3.8.10 (CPython AMD64 64bit) - Windows-10-10.0.22631-SP0 (OpenSSL 1.1.1k  25 Mar 2021)
[debug] exe versions: ffmpeg 7.0.2-full_build-www.gyan.dev (setts), ffprobe 7.0.2-full_build-www.gyan.dev
[debug] Optional libraries: Cryptodome-3.20.0, brotli-1.1.0, certifi-2024.07.04, curl_cffi-0.5.10, mutagen-1.47.0, requests-2.32.3, sqlite3-3.35.5, urllib3-2.2.2, websockets-12.0
[debug] Proxy map: {}
[debug] Request Handlers: urllib, requests, websockets, curl_cffi
[debug] Loaded 1830 extractors
[facebook:reel] Extracting URL: https://www.facebook.com/reel/8305037472862163
[facebook] Extracting URL: https://m.facebook.com/watch/?v=8305037472862163&_rdr
[facebook] 8305037472862163: Downloading webpage
[debug] Formats sorted by: hasvid, ie_pref, lang, quality, res, fps, hdr:12(7), vcodec:vp9.2(10), channels, acodec, size, br, asr, proto, vext, aext, hasaud, source, id
[SponsorBlock] SponsorBlock is not supported for Facebook
[info] 8305037472862163: Downloading 1 format(s): 1007089377721581v+1520274118580563a
[info] There are no subtitles for the requested languages
[debug] Invoking http downloader on "https://video-iad3-1.xx.fbcdn.net/v/t39.25447-2/453719322_1181752396483706_1091680695586270771_n.mp4?_nc_cat=101&ccb=1-7&_nc_sid=9a5d50&efg=eyJ2ZW5jb2RlX3RhZyI6ImRhc2hfcjJhdjEtcjFnZW4ydnA5X3E5MCIsInZpZGVvX2lkIjo4MzA1MDM3NDcyODYyMTYzfQ==&_nc_ohc=j7lDBIpbj8IQ7kNvgEcPuXk&_nc_ht=video-iad3-1.xx&oh=00_AYA3jQh5HAZQTkvGoZDQIbfiSm4oHSLMxd8qIaYmUPe-pQ&oe=66C518C0"
[debug] File locking is not supported. Proceeding without locking
[download] Destination: _-[8305037472862163].f1007089377721581v.mp4
[download] 100% of    9.15MiB in 00:00:02 at 4.37MiB/s
[debug] Invoking http downloader on "https://video-iad3-2.xx.fbcdn.net/v/t39.25447-2/452828616_1273505150320397_4099335811870349893_n.mp4?_nc_cat=100&ccb=1-7&_nc_sid=9a5d50&efg=eyJ2ZW5jb2RlX3RhZyI6ImRhc2hfYXVkaW9fYWFjcF80OF9mbm9ybTE0X2ZyYWdfMl9hdWRpbyIsInZpZGVvX2lkIjo4MzA1MDM3NDcyODYyMTYzfQ==&_nc_ohc=JuzPlH1zsNoQ7kNvgEM4Az6&_nc_ht=video-iad3-2.xx&oh=00_AYCTUmp9Qe3UnG1HJNmdBlFsV5LhkEIYMTXmhsCBjI5e9g&oe=66C52527"
[download] Destination: _-[8305037472862163].f1520274118580563a.m4a
[download] 100% of    1.29MiB in 00:00:00 at 2.25MiB/s
[Merger] Merging formats into "_-[8305037472862163].mp4"
[debug] ffmpeg command line: ffmpeg -y -loglevel repeat+info -i "file:_-[8305037472862163].f1007089377721581v.mp4" -i "file:_-[8305037472862163].f1520274118580563a.m4a" -c copy -map 0:v:0 -map 1:a:0 -movflags+faststart "file:_-[8305037472862163].temp.mp4"
Deleting original file _-[8305037472862163].f1520274118580563a.m4a (pass -k to keep)
Deleting original file _-[8305037472862163].f1007089377721581v.mp4 (pass -k to keep)
[ModifyChapters] SponsorBlock information is unavailable
[Metadata] Adding metadata to "_-[8305037472862163].mp4"
[debug] ffmpeg command line: ffmpeg -y -loglevel repeat+info -i "file:_-[8305037472862163].mp4" -map 0 -dn -ignore_unknown -c copy -write_id3v1 1 -metadata "title=ğŸ˜ğŸ˜€ğŸ¤£ğŸ˜„ğŸ˜ƒ" -metadata "date=20240725" -metadata "purl=https://m.facebook.com/watch/?v=8305037472862163&_rdr" -metadata "comment=https://m.facebook.com/watch/?v=8305037472862163&_rdr" -metadata "artist=Amrit Kushwaha" -movflags +faststart "file:_-[8305037472862163].temp.mp4"
Friday, August 16, 2024 9:19:57 AM

PS Microsoft.PowerShell.Core\FileSystem::\\TP-Share\G\shared\jellyfin\shows\downloaded> cd "C:\Users\kushal\src\mylogging\"; date; git add .; date; git commit --message "add all files" --message "from the terminal"; date; cd "C:\Users\kushal\src\myhtml\fromnepal"; date; yarn; date; yarn run build; date; git add .; date; git commit --message "build application" --message "from the terminal"; date; git pull --rebaseorigin main; date; git push origin main; date;

Friday, August 16, 2024 9:27:11 AM
Friday, August 16, 2024 9:27:11 AM
On branch main
nothing to commit, working tree clean
Friday, August 16, 2024 9:27:11 AM
Friday, August 16, 2024 9:27:11 AM
yarn install v1.22.21
[1/4] Resolving packages...
success Already up-to-date.
Done in 0.06s.
Friday, August 16, 2024 9:27:11 AM
yarn run v1.22.21
$ tsc && vite build
vite v5.4.1 building for production...
âœ“ 5 modules transformed.
docs/index.html                 0.53 kB â”‚ gzip: 0.32 kB
docs/assets/index-DYhv0y2B.css  4.60 kB â”‚ gzip: 1.63 kB
docs/assets/index-DlmTeNAq.js   2.94 kB â”‚ gzip: 1.31 kB
âœ“ built in 157ms
Done in 1.35s.
Friday, August 16, 2024 9:27:13 AM
warning: in the working copy of 'docs/assets/index-DYhv0y2B.css', LF will be replaced by CRLF the next time Git touches it
warning: in the working copy of 'docs/assets/index-DlmTeNAq.js', LF will be replaced by CRLF the next time Git touches it
warning: in the working copy of 'docs/index.html', LF will be replaced by CRLF the next time Git touches it
Friday, August 16, 2024 9:27:13 AM
[main b751bb5] build application
 2 files changed, 682 insertions(+), 3944 deletions(-)
Friday, August 16, 2024 9:27:14 AM
From github.com:fromnepal/fromnepal.github.io
 * branch            main       -> FETCH_HEAD
Current branch main is up to date.
Friday, August 16, 2024 9:27:14 AM
Enumerating objects: 9, done.
Counting objects: 100% (9/9), done.
Delta compression using up to 16 threads
Compressing objects: 100% (5/5), done.
Writing objects: 100% (5/5), 2.74 KiB | 2.74 MiB/s, done.
Total 5 (delta 3), reused 0 (delta 0), pack-reused 0 (from 0)
remote: Resolving deltas: 100% (3/3), completed with 3 local objects.
To github.com:fromnepal/fromnepal.github.io.git
   cb12b3a..b751bb5  main -> main
Friday, August 16, 2024 9:27:15 AM

PS C:\Users\kushal\src\myhtml\fromnepal> cd "C:\Users\kushal\src\mylogging\"; date; git add .; date; git commit --message "add all files" --message "from the terminal"; date; cd "C:\Users\kushal\src\myhtml\fromnepal"; date; yarn; date; yarn run build; date; git add .; date; git commit --message "build application" --message "from the terminal"; date; git pull --rebase origin main; date; git push origin main; date;

Friday, August 16, 2024 9:27:25 AM
Friday, August 16, 2024 9:27:25 AM
On branch main
nothing to commit, working tree clean
Friday, August 16, 2024 9:27:25 AM
Friday, August 16, 2024 9:27:25 AM
yarn install v1.22.21
[1/4] Resolving packages...
success Already up-to-date.
Done in 0.06s.
Friday, August 16, 2024 9:27:25 AM
yarn run v1.22.21
$ tsc && vite build
vite v5.4.1 building for production...
âœ“ 5 modules transformed.
docs/index.html                 0.53 kB â”‚ gzip: 0.32 kB
docs/assets/index-DYhv0y2B.css  4.60 kB â”‚ gzip: 1.63 kB
docs/assets/index-DlmTeNAq.js   2.94 kB â”‚ gzip: 1.31 kB
âœ“ built in 141ms
Done in 0.90s.
Friday, August 16, 2024 9:27:26 AM
warning: in the working copy of 'docs/assets/index-DYhv0y2B.css', LF will be replaced by CRLF the next time Git touches it
warning: in the working copy of 'docs/assets/index-DlmTeNAq.js', LF will be replaced by CRLF the next time Git touches it
warning: in the working copy of 'docs/index.html', LF will be replaced by CRLF the next time Git touches it
Friday, August 16, 2024 9:27:27 AM
[main 5c48833] build application
 2 files changed, 374 insertions(+), 682 deletions(-)
Friday, August 16, 2024 9:27:27 AM
From github.com:fromnepal/fromnepal.github.io
 * branch            main       -> FETCH_HEAD
Current branch main is up to date.
Friday, August 16, 2024 9:27:28 AM
Enumerating objects: 9, done.
Counting objects: 100% (9/9), done.
Delta compression using up to 16 threads
Compressing objects: 100% (5/5), done.
Writing objects: 100% (5/5), 3.75 KiB | 3.75 MiB/s, done.
Total 5 (delta 3), reused 0 (delta 0), pack-reused 0 (from 0)
remote: Resolving deltas: 100% (3/3), completed with 3 local objects.
To github.com:fromnepal/fromnepal.github.io.git
   b751bb5..5c48833  main -> main
Friday, August 16, 2024 9:27:28 AM

PS C:\Users\kushal\src\myhtml\fromnepal> cd "C:\Users\kushal\src\mylogging\"; date; git add .; date; git commit --message "add all files" --message "from the terminal"; date; cd "C:\Users\kushal\src\myhtml\fromnepal"; date; yarn; date; yarn run build; date; git add .; date; git commit --message "build application" --message "from the terminal"; date; git pull --rebase origin main; date; git push origin main; date;

Friday, August 16, 2024 9:49:03 AM
Friday, August 16, 2024 9:49:03 AM
[main 8cff3702] add all files
 1 file changed, 0 insertions(+), 0 deletions(-)
 create mode 100644 src/recruiting/om-background-check-quick-view.pdf
Friday, August 16, 2024 9:49:03 AM
Friday, August 16, 2024 9:49:03 AM
yarn install v1.22.21
[1/4] Resolving packages...
success Already up-to-date.
Done in 0.07s.
Friday, August 16, 2024 9:49:03 AM
yarn run v1.22.21
$ tsc && vite build
vite v5.4.1 building for production...
âœ“ 5 modules transformed.
docs/index.html                 0.53 kB â”‚ gzip: 0.32 kB
docs/assets/index-DYhv0y2B.css  4.60 kB â”‚ gzip: 1.63 kB
docs/assets/index-DlmTeNAq.js   2.94 kB â”‚ gzip: 1.31 kB
âœ“ built in 203ms
Done in 1.73s.
Friday, August 16, 2024 9:49:05 AM
warning: in the working copy of 'docs/assets/index-DYhv0y2B.css', LF will be replaced by CRLF the next time Git touches it
warning: in the working copy of 'docs/assets/index-DlmTeNAq.js', LF will be replaced by CRLF the next time Git touches it
warning: in the working copy of 'docs/index.html', LF will be replaced by CRLF the next time Git touches it
Friday, August 16, 2024 9:49:06 AM
On branch main
Your branch is up to date with 'origin/main'.

nothing to commit, working tree clean
Friday, August 16, 2024 9:49:06 AM
From github.com:fromnepal/fromnepal.github.io
 * branch            main       -> FETCH_HEAD
Already up to date.
Friday, August 16, 2024 9:49:07 AM
Everything up-to-date
Friday, August 16, 2024 9:49:07 AM

PS C:\Users\kushal\src\myhtml\fromnepal> cd "C:\Users\kushal\src\mylogging\"; date; git add .; date; git commit --message "add all files" --message "from the terminal"; date; cd "C:\Users\kushal\src\myhtml\fromnepal"; date; yarn; date; yarn run build; date; git add .; date; git commit --message "build application" --message "from the terminal"; date; git pull --rebase origin main; date; git push origin main; date;