PowerShell 7.4.4
Loading personal and system profiles took 548ms.
PS C:\Users\kushal> cd "C:\Users\kushal\src\mylogging\"; date; git add .; date; git commit --message "add all files" --message "from the terminal"; date; cd "C:\Users\kushal\src\myhtml\fromnepal"; date; yarn;date; yarn run build; date; git add .; date; git commit --message "build application" --message "from the terminal"; date; git pull --rebase origin main; date; git push origin main; date;

Wednesday, August 14, 2024 7:21:53 PM
Wednesday, August 14, 2024 7:21:53 PM
On branch main
nothing to commit, working tree clean
Wednesday, August 14, 2024 7:21:53 PM
Wednesday, August 14, 2024 7:21:53 PM
yarn install v1.22.21
[1/4] Resolving packages...
success Already up-to-date.
Done in 0.10s.
Wednesday, August 14, 2024 7:21:54 PM
yarn run v1.22.21
$ tsc && vite build
vite v5.2.13 building for production...
✓ 5 modules transformed.
docs/index.html                 0.53 kB │ gzip: 0.32 kB
docs/assets/index-DYhv0y2B.css  4.60 kB │ gzip: 1.63 kB
docs/assets/index-BUJcqj8w.js   4.81 kB │ gzip: 2.11 kB
✓ built in 202ms
Done in 2.76s.
Wednesday, August 14, 2024 7:21:57 PM
warning: in the working copy of 'docs/assets/index-BUJcqj8w.js', LF will be replaced by CRLF the next time Git touches it
warning: in the working copy of 'docs/assets/index-DYhv0y2B.css', LF will be replaced by CRLF the next time Git touches it
warning: in the working copy of 'docs/index.html', LF will be replaced by CRLF the next time Git touches it
Wednesday, August 14, 2024 7:21:57 PM
On branch main
Your branch is up to date with 'origin/main'.

nothing to commit, working tree clean
Wednesday, August 14, 2024 7:21:57 PM
git@github.com: Permission denied (publickey).
fatal: Could not read from remote repository.

Please make sure you have the correct access rights
and the repository exists.
Wednesday, August 14, 2024 7:22:00 PM
git@github.com: Permission denied (publickey).
fatal: Could not read from remote repository.

Please make sure you have the correct access rights
and the repository exists.
Wednesday, August 14, 2024 7:22:03 PM

PS C:\Users\kushal\src\myhtml\fromnepal> git remote show origin
git@github.com: Permission denied (publickey).
fatal: Could not read from remote repository.

Please make sure you have the correct access rights
and the repository exists.
PS C:\Users\kushal\src\myhtml\fromnepal> cd "C:\Users\kushal\src\mylogging\"; date; git add .; date; git commit --message "add all files" --message "from the terminal"; date; cd "C:\Users\kushal\src\myhtml\fromnepal"; date; yarn; date; yarn run build; date; git add .; date; git commit --message "build application" --message "from the terminal"; date; git pull --rebase origin main; date; git push origin main; date;

Thursday, August 15, 2024 6:58:15 AM
Thursday, August 15, 2024 6:58:15 AM
On branch main
nothing to commit, working tree clean
Thursday, August 15, 2024 6:58:15 AM
Thursday, August 15, 2024 6:58:15 AM
yarn install v1.22.21
[1/4] Resolving packages...
success Already up-to-date.
Done in 0.13s.
Thursday, August 15, 2024 6:58:16 AM
yarn run v1.22.21
$ tsc && vite build
vite v5.2.13 building for production...
✓ 5 modules transformed.
docs/index.html                 0.53 kB │ gzip: 0.32 kB
docs/assets/index-DYhv0y2B.css  4.60 kB │ gzip: 1.63 kB
docs/assets/index-BUJcqj8w.js   4.81 kB │ gzip: 2.11 kB
✓ built in 166ms
Done in 2.22s.
Thursday, August 15, 2024 6:58:18 AM
warning: in the working copy of 'docs/assets/index-BUJcqj8w.js', LF will be replaced by CRLF the next time Git touches it
warning: in the working copy of 'docs/assets/index-DYhv0y2B.css', LF will be replaced by CRLF the next time Git touches it
warning: in the working copy of 'docs/index.html', LF will be replaced by CRLF the next time Git touches it
Thursday, August 15, 2024 6:58:19 AM
On branch main
Your branch is up to date with 'origin/main'.

nothing to commit, working tree clean
Thursday, August 15, 2024 6:58:19 AM
From github.com:fromnepal/fromnepal.github.io
 * branch            main       -> FETCH_HEAD
Already up to date.
Thursday, August 15, 2024 6:58:20 AM
Everything up-to-date
Thursday, August 15, 2024 6:58:21 AM

PS C:\Users\kushal\src\myhtml\fromnepal> cd "C:\Users\kushal\src\mylogging\"; date; git add .; date; git commit --message "add all files" --message "from the terminal"; date; cd "C:\Users\kushal\src\myhtml\fromnepal"; date; yarn; date; yarn run build; date; git add .; date; git commit --message "build application" --message "from the terminal"; date; git pull --rebase origin main; date; git push origin main; date;

Thursday, August 15, 2024 6:58:32 AM
Thursday, August 15, 2024 6:58:32 AM
On branch main
nothing to commit, working tree clean
Thursday, August 15, 2024 6:58:32 AM
Thursday, August 15, 2024 6:58:32 AM
yarn install v1.22.21
[1/4] Resolving packages...
success Already up-to-date.
Done in 0.09s.
Thursday, August 15, 2024 6:58:32 AM
yarn run v1.22.21
$ tsc && vite build
vite v5.2.13 building for production...
✓ 5 modules transformed.
docs/index.html                 0.53 kB │ gzip: 0.32 kB
docs/assets/index-DYhv0y2B.css  4.60 kB │ gzip: 1.63 kB
docs/assets/index-BUJcqj8w.js   4.81 kB │ gzip: 2.11 kB
✓ built in 166ms
Done in 1.00s.
Thursday, August 15, 2024 6:58:33 AM
warning: in the working copy of 'docs/assets/index-BUJcqj8w.js', LF will be replaced by CRLF the next time Git touches it
warning: in the working copy of 'docs/assets/index-DYhv0y2B.css', LF will be replaced by CRLF the next time Git touches it
warning: in the working copy of 'docs/index.html', LF will be replaced by CRLF the next time Git touches it
Thursday, August 15, 2024 6:58:34 AM
[main c549d6e] build application
 2 files changed, 170 insertions(+), 118 deletions(-)
Thursday, August 15, 2024 6:58:34 AM
From github.com:fromnepal/fromnepal.github.io
 * branch            main       -> FETCH_HEAD
Current branch main is up to date.
Thursday, August 15, 2024 6:58:35 AM
Enumerating objects: 9, done.
Counting objects: 100% (9/9), done.
Delta compression using up to 16 threads
Compressing objects: 100% (5/5), done.
Writing objects: 100% (5/5), 1.32 KiB | 1.32 MiB/s, done.
Total 5 (delta 3), reused 0 (delta 0), pack-reused 0 (from 0)
remote: Resolving deltas: 100% (3/3), completed with 3 local objects.
To github.com:fromnepal/fromnepal.github.io.git
   6d8d40e..c549d6e  main -> main
Thursday, August 15, 2024 6:58:35 AM

PS C:\Users\kushal\src\myhtml\fromnepal> cd "C:\Users\kushal\src\mylogging\"; date; git add .; date; git commit --message "add all files" --message "from the terminal"; date; cd "C:\Users\kushal\src\myhtml\fromnepal"; date; yarn; date; yarn run build; date; git add .; date; git commit --message "build application" --message "from the terminal"; date; git pull --rebase origin main; date; git push origin main; date;

Thursday, August 15, 2024 7:09:02 AM
Thursday, August 15, 2024 7:09:02 AM
On branch main
nothing to commit, working tree clean
Thursday, August 15, 2024 7:09:02 AM
Thursday, August 15, 2024 7:09:02 AM
yarn install v1.22.21
[1/4] Resolving packages...
success Already up-to-date.
Done in 0.07s.
Thursday, August 15, 2024 7:09:03 AM
yarn run v1.22.21
$ tsc && vite build
vite v5.2.13 building for production...
✓ 5 modules transformed.
docs/index.html                 0.53 kB │ gzip: 0.32 kB
docs/assets/index-DYhv0y2B.css  4.60 kB │ gzip: 1.63 kB
docs/assets/index-BUJcqj8w.js   4.81 kB │ gzip: 2.11 kB
✓ built in 169ms
Done in 1.02s.
Thursday, August 15, 2024 7:09:04 AM
warning: in the working copy of 'docs/assets/index-BUJcqj8w.js', LF will be replaced by CRLF the next time Git touches it
warning: in the working copy of 'docs/assets/index-DYhv0y2B.css', LF will be replaced by CRLF the next time Git touches it
warning: in the working copy of 'docs/index.html', LF will be replaced by CRLF the next time Git touches it
Thursday, August 15, 2024 7:09:04 AM
[main bf8dbcf] build application
 2 files changed, 118 insertions(+)
 create mode 100644 docs/notes/2024/08/15/gurman.txt
 create mode 100644 public/notes/2024/08/15/gurman.txt
Thursday, August 15, 2024 7:09:04 AM
From github.com:fromnepal/fromnepal.github.io
 * branch            main       -> FETCH_HEAD
Current branch main is up to date.
Thursday, August 15, 2024 7:09:05 AM
Enumerating objects: 15, done.
Counting objects: 100% (15/15), done.
Delta compression using up to 16 threads
Compressing objects: 100% (7/7), done.
Writing objects: 100% (9/9), 3.68 KiB | 3.68 MiB/s, done.
Total 9 (delta 4), reused 0 (delta 0), pack-reused 0 (from 0)
remote: Resolving deltas: 100% (4/4), completed with 4 local objects.
To github.com:fromnepal/fromnepal.github.io.git
   c549d6e..bf8dbcf  main -> main
Thursday, August 15, 2024 7:09:06 AM

PS C:\Users\kushal\src\myhtml\fromnepal> cd "C:\Users\kushal\src\mylogging\"; date; git add .; date; git commit --message "add all files" --message "from the terminal"; date; cd "C:\Users\kushal\src\myhtml\fromnepal"; date; yarn; date; yarn run build; date; git add .; date; git commit --message "build application" --message "from the terminal"; date; git pull --rebase origin main; date; git push origin main; date;

Thursday, August 15, 2024 7:09:39 AM
Thursday, August 15, 2024 7:09:39 AM
On branch main
nothing to commit, working tree clean
Thursday, August 15, 2024 7:09:39 AM
Thursday, August 15, 2024 7:09:39 AM
yarn install v1.22.21
[1/4] Resolving packages...
success Already up-to-date.
Done in 0.06s.
Thursday, August 15, 2024 7:09:39 AM
yarn run v1.22.21
$ tsc && vite build
vite v5.2.13 building for production...
✓ 5 modules transformed.
docs/index.html                 0.53 kB │ gzip: 0.32 kB
docs/assets/index-DYhv0y2B.css  4.60 kB │ gzip: 1.63 kB
docs/assets/index-BUJcqj8w.js   4.81 kB │ gzip: 2.11 kB
✓ built in 131ms
Done in 0.80s.
Thursday, August 15, 2024 7:09:40 AM
warning: in the working copy of 'docs/assets/index-BUJcqj8w.js', LF will be replaced by CRLF the next time Git touches it
warning: in the working copy of 'docs/assets/index-DYhv0y2B.css', LF will be replaced by CRLF the next time Git touches it
warning: in the working copy of 'docs/index.html', LF will be replaced by CRLF the next time Git touches it
Thursday, August 15, 2024 7:09:41 AM
[main 47df130] build application
 2 files changed, 0 insertions(+), 0 deletions(-)
 create mode 100644 docs/notes/2024/08/15/ukraine-incursion.txt
 create mode 100644 public/notes/2024/08/15/ukraine-incursion.txt
Thursday, August 15, 2024 7:09:41 AM
From github.com:fromnepal/fromnepal.github.io
 * branch            main       -> FETCH_HEAD
Current branch main is up to date.
Thursday, August 15, 2024 7:09:42 AM
Enumerating objects: 16, done.
Counting objects: 100% (16/16), done.
Delta compression using up to 16 threads
Compressing objects: 100% (7/7), done.
Writing objects: 100% (9/9), 685 bytes | 685.00 KiB/s, done.
Total 9 (delta 4), reused 0 (delta 0), pack-reused 0 (from 0)
remote: Resolving deltas: 100% (4/4), completed with 4 local objects.
To github.com:fromnepal/fromnepal.github.io.git
   bf8dbcf..47df130  main -> main
Thursday, August 15, 2024 7:09:42 AM

PS C:\Users\kushal\src\myhtml\fromnepal> cd "C:\Users\kushal\src\mylogging\"; date; git add .; date; git commit --message "add all files" --message "from the terminal"; date; cd "C:\Users\kushal\src\myhtml\fromnepal"; date; yarn; date; yarn run build; date; git add .; date; git commit --message "build application" --message "from the terminal"; date; git pull --rebase origin main; date; git push origin main; date;

Thursday, August 15, 2024 7:10:05 AM
Thursday, August 15, 2024 7:10:05 AM
On branch main
nothing to commit, working tree clean
Thursday, August 15, 2024 7:10:05 AM
Thursday, August 15, 2024 7:10:05 AM
yarn install v1.22.21
[1/4] Resolving packages...
success Already up-to-date.
Done in 0.06s.
Thursday, August 15, 2024 7:10:05 AM
yarn run v1.22.21
$ tsc && vite build
vite v5.2.13 building for production...
✓ 5 modules transformed.
docs/index.html                 0.53 kB │ gzip: 0.32 kB
docs/assets/index-DYhv0y2B.css  4.60 kB │ gzip: 1.63 kB
docs/assets/index-BUJcqj8w.js   4.81 kB │ gzip: 2.11 kB
✓ built in 131ms
Done in 0.81s.
Thursday, August 15, 2024 7:10:06 AM
warning: in the working copy of 'docs/assets/index-BUJcqj8w.js', LF will be replaced by CRLF the next time Git touches it
warning: in the working copy of 'docs/assets/index-DYhv0y2B.css', LF will be replaced by CRLF the next time Git touches it
warning: in the working copy of 'docs/index.html', LF will be replaced by CRLF the next time Git touches it
Thursday, August 15, 2024 7:10:06 AM
[main d21971b] build application
 2 files changed, 32 insertions(+)
Thursday, August 15, 2024 7:10:06 AM
From github.com:fromnepal/fromnepal.github.io
 * branch            main       -> FETCH_HEAD
Current branch main is up to date.
Thursday, August 15, 2024 7:10:07 AM
Enumerating objects: 17, done.
Counting objects: 100% (17/17), done.
Delta compression using up to 16 threads
Compressing objects: 100% (8/8), done.
Writing objects: 100% (9/9), 1.39 KiB | 1.39 MiB/s, done.
Total 9 (delta 4), reused 0 (delta 0), pack-reused 0 (from 0)
remote: Resolving deltas: 100% (4/4), completed with 4 local objects.
To github.com:fromnepal/fromnepal.github.io.git
   47df130..d21971b  main -> main
Thursday, August 15, 2024 7:10:08 AM

PS C:\Users\kushal\src\myhtml\fromnepal> cd "C:\Users\kushal\src\mylogging\"; date; git add .; date; git commit --message "add all files" --message "from the terminal"; date; cd "C:\Users\kushal\src\myhtml\fromnepal"; date; yarn; date; yarn run build; date; git add .; date; git commit --message "build application" --message "from the terminal"; date; git pull --rebase origin main; date; git push origin main; date;

Thursday, August 15, 2024 7:10:51 AM
Thursday, August 15, 2024 7:10:51 AM
On branch main
nothing to commit, working tree clean
Thursday, August 15, 2024 7:10:51 AM
Thursday, August 15, 2024 7:10:51 AM
yarn install v1.22.21
[1/4] Resolving packages...
success Already up-to-date.
Done in 0.06s.
Thursday, August 15, 2024 7:10:51 AM
yarn run v1.22.21
$ tsc && vite build
vite v5.2.13 building for production...
✓ 5 modules transformed.
docs/index.html                 0.53 kB │ gzip: 0.32 kB
docs/assets/index-DYhv0y2B.css  4.60 kB │ gzip: 1.63 kB
docs/assets/index-BUJcqj8w.js   4.81 kB │ gzip: 2.11 kB
✓ built in 131ms
Done in 0.82s.
Thursday, August 15, 2024 7:10:52 AM
warning: in the working copy of 'docs/assets/index-BUJcqj8w.js', LF will be replaced by CRLF the next time Git touches it
warning: in the working copy of 'docs/assets/index-DYhv0y2B.css', LF will be replaced by CRLF the next time Git touches it
warning: in the working copy of 'docs/index.html', LF will be replaced by CRLF the next time Git touches it
Thursday, August 15, 2024 7:10:53 AM
[main cb3abfd] build application
 2 files changed, 56 insertions(+), 12 deletions(-)
Thursday, August 15, 2024 7:10:53 AM
From github.com:fromnepal/fromnepal.github.io
 * branch            main       -> FETCH_HEAD
Current branch main is up to date.
Thursday, August 15, 2024 7:10:54 AM
Enumerating objects: 17, done.
Counting objects: 100% (17/17), done.
Delta compression using up to 16 threads
Compressing objects: 100% (8/8), done.
Writing objects: 100% (9/9), 4.54 KiB | 4.54 MiB/s, done.
Total 9 (delta 4), reused 0 (delta 0), pack-reused 0 (from 0)
remote: Resolving deltas: 100% (4/4), completed with 4 local objects.
To github.com:fromnepal/fromnepal.github.io.git
   d21971b..cb3abfd  main -> main
Thursday, August 15, 2024 7:10:55 AM

PS C:\Users\kushal\src\myhtml\fromnepal> cd "C:\Users\kushal\src\mylogging\"; date; git add .; date; git commit --message "add all files" --message "from the terminal"; date; cd "C:\Users\kushal\src\myhtml\fromnepal"; date; yarn; date; yarn run build; date; git add .; date; git commit --message "build application" --message "from the terminal"; date; git pull --rebase origin main; date; git push origin main; date;

Thursday, August 15, 2024 7:11:09 AM
Thursday, August 15, 2024 7:11:09 AM
On branch main
nothing to commit, working tree clean
Thursday, August 15, 2024 7:11:09 AM
Thursday, August 15, 2024 7:11:09 AM
yarn install v1.22.21
[1/4] Resolving packages...
success Already up-to-date.
Done in 0.06s.
Thursday, August 15, 2024 7:11:09 AM
yarn run v1.22.21
$ tsc && vite build
vite v5.2.13 building for production...
✓ 5 modules transformed.
docs/index.html                 0.53 kB │ gzip: 0.32 kB
docs/assets/index-DYhv0y2B.css  4.60 kB │ gzip: 1.63 kB
docs/assets/index-BUJcqj8w.js   4.81 kB │ gzip: 2.11 kB
✓ built in 132ms
Done in 0.81s.
Thursday, August 15, 2024 7:11:10 AM
warning: in the working copy of 'docs/assets/index-BUJcqj8w.js', LF will be replaced by CRLF the next time Git touches it
warning: in the working copy of 'docs/assets/index-DYhv0y2B.css', LF will be replaced by CRLF the next time Git touches it
warning: in the working copy of 'docs/index.html', LF will be replaced by CRLF the next time Git touches it
Thursday, August 15, 2024 7:11:11 AM
[main 9bf3088] build application
 2 files changed, 34 insertions(+)
Thursday, August 15, 2024 7:11:11 AM
From github.com:fromnepal/fromnepal.github.io
 * branch            main       -> FETCH_HEAD
Current branch main is up to date.
Thursday, August 15, 2024 7:11:11 AM
Enumerating objects: 17, done.
Counting objects: 100% (17/17), done.
Delta compression using up to 16 threads
Compressing objects: 100% (8/8), done.
Writing objects: 100% (9/9), 1.52 KiB | 1.52 MiB/s, done.
Total 9 (delta 5), reused 0 (delta 0), pack-reused 0 (from 0)
remote: Resolving deltas: 100% (5/5), completed with 5 local objects.
To github.com:fromnepal/fromnepal.github.io.git
   cb3abfd..9bf3088  main -> main
Thursday, August 15, 2024 7:11:12 AM

PS C:\Users\kushal\src\myhtml\fromnepal> cd "C:\Users\kushal\src\mylogging\"; date; git add .; date; git commit --message "add all files" --message "from the terminal"; date; cd "C:\Users\kushal\src\myhtml\fromnepal"; date; yarn; date; yarn run build; date; git add .; date; git commit --message "build application" --message "from the terminal"; date; git pull --rebase origin main; date; git push origin main; date;

Thursday, August 15, 2024 7:18:40 AM
Thursday, August 15, 2024 7:18:40 AM
On branch main
nothing to commit, working tree clean
Thursday, August 15, 2024 7:18:40 AM
Thursday, August 15, 2024 7:18:40 AM
yarn install v1.22.21
[1/4] Resolving packages...
success Already up-to-date.
Done in 0.07s.
Thursday, August 15, 2024 7:18:40 AM
yarn run v1.22.21
$ tsc && vite build
vite v5.2.13 building for production...
✓ 5 modules transformed.
docs/index.html                 0.53 kB │ gzip: 0.32 kB
docs/assets/index-DYhv0y2B.css  4.60 kB │ gzip: 1.63 kB
docs/assets/index-BUJcqj8w.js   4.81 kB │ gzip: 2.11 kB
✓ built in 170ms
Done in 0.92s.
Thursday, August 15, 2024 7:18:41 AM
warning: in the working copy of 'docs/assets/index-BUJcqj8w.js', LF will be replaced by CRLF the next time Git touches it
warning: in the working copy of 'docs/assets/index-DYhv0y2B.css', LF will be replaced by CRLF the next time Git touches it
warning: in the working copy of 'docs/index.html', LF will be replaced by CRLF the next time Git touches it
Thursday, August 15, 2024 7:18:42 AM
[main 2c5101c] build application
 14 files changed, 292 insertions(+)
 create mode 100644 docs/notes/2024/08/15/abortion.txt
 create mode 100644 docs/notes/2024/08/15/earthquake.txt
 create mode 100644 docs/notes/2024/08/15/foxconn.txt
 create mode 100644 docs/notes/2024/08/15/medicare-negotiation-drug.txt
 create mode 100644 docs/notes/2024/08/15/middle-east.txt
 create mode 100644 docs/notes/2024/08/15/typhoon.txt
 create mode 100644 docs/notes/2024/08/15/wing-thief.txt
 create mode 100644 public/notes/2024/08/15/abortion.txt
 create mode 100644 public/notes/2024/08/15/earthquake.txt
 create mode 100644 public/notes/2024/08/15/foxconn.txt
 create mode 100644 public/notes/2024/08/15/medicare-negotiation-drug.txt
 create mode 100644 public/notes/2024/08/15/middle-east.txt
 create mode 100644 public/notes/2024/08/15/typhoon.txt
 create mode 100644 public/notes/2024/08/15/wing-thief.txt
Thursday, August 15, 2024 7:18:42 AM
From github.com:fromnepal/fromnepal.github.io
 * branch            main       -> FETCH_HEAD
Current branch main is up to date.
Thursday, August 15, 2024 7:18:43 AM
Enumerating objects: 22, done.
Counting objects: 100% (22/22), done.
Delta compression using up to 16 threads
Compressing objects: 100% (14/14), done.
Writing objects: 100% (15/15), 8.63 KiB | 884.00 KiB/s, done.
Total 15 (delta 4), reused 0 (delta 0), pack-reused 0 (from 0)
remote: Resolving deltas: 100% (4/4), completed with 4 local objects.
To github.com:fromnepal/fromnepal.github.io.git
   9bf3088..2c5101c  main -> main
Thursday, August 15, 2024 7:18:43 AM

PS C:\Users\kushal\src\myhtml\fromnepal> cd "C:\Users\kushal\src\mylogging\"; date; git add .; date; git commit --message "add all files" --message "from the terminal"; date; cd "C:\Users\kushal\src\myhtml\fromnepal"; date; yarn; date; yarn run build; date; git add .; date; git commit --message "build application" --message "from the terminal"; date; git pull --rebase origin main; date; git push origin main; date;