PowerShell 7.4.3

   A new PowerShell stable release is available: v7.4.4
   Upgrade now, or check out the release page at:
     https://aka.ms/PowerShell-Release?tag=v7.4.4

Loading personal and system profiles took 520ms.
PS C:\Users\kushal> cd "C:\Users\kushal\src\myhtml\fromnepal"; date; yarn; date; yarn run build; date; git add .; date; git commit --message "build application" --message "from the terminal"; date; git pull --rebase origin main; date; git push origin main; date;

Thursday, July 25, 2024 6:46:02 AM
yarn install v1.22.21
[1/4] Resolving packages...
success Already up-to-date.
Done in 0.09s.
Thursday, July 25, 2024 6:46:03 AM
yarn run v1.22.21
$ tsc && vite build
vite v5.2.13 building for production...
✓ 5 modules transformed.
docs/index.html                 0.53 kB │ gzip: 0.32 kB
docs/assets/index-DYhv0y2B.css  4.60 kB │ gzip: 1.63 kB
docs/assets/index-BUJcqj8w.js   4.81 kB │ gzip: 2.11 kB
✓ built in 162ms
Done in 2.70s.
Thursday, July 25, 2024 6:46:06 AM
warning: in the working copy of 'docs/assets/index-BUJcqj8w.js', LF will be replaced by CRLF the next time Git touches it
warning: in the working copy of 'docs/assets/index-DYhv0y2B.css', LF will be replaced by CRLF the next time Git touches it
warning: in the working copy of 'docs/index.html', LF will be replaced by CRLF the next time Git touches it
Thursday, July 25, 2024 6:46:06 AM
On branch main
Your branch is up to date with 'origin/main'.

nothing to commit, working tree clean
Thursday, July 25, 2024 6:46:06 AM
From github.com:fromnepal/fromnepal.github.io
 * branch            main       -> FETCH_HEAD
Already up to date.
Thursday, July 25, 2024 6:46:07 AM
Everything up-to-date
Thursday, July 25, 2024 6:46:07 AM

PS C:\Users\kushal\src\myhtml\fromnepal> cd "C:\Users\kushal\src\myhtml\fromnepal"; date; yarn; date; yarn run build; date; git add .; date; git commit --message "build application" --message "from the terminal"; date; git pull --rebase origin main; date; git push origin main; date;

Thursday, July 25, 2024 6:46:18 AM
yarn install v1.22.21
[1/4] Resolving packages...
success Already up-to-date.
Done in 0.06s.
Thursday, July 25, 2024 6:46:18 AM
yarn run v1.22.21
$ tsc && vite build
vite v5.2.13 building for production...
✓ 5 modules transformed.
docs/index.html                 0.53 kB │ gzip: 0.32 kB
docs/assets/index-DYhv0y2B.css  4.60 kB │ gzip: 1.63 kB
docs/assets/index-BUJcqj8w.js   4.81 kB │ gzip: 2.11 kB
✓ built in 110ms
Done in 0.90s.
Thursday, July 25, 2024 6:46:19 AM
warning: in the working copy of 'docs/assets/index-BUJcqj8w.js', LF will be replaced by CRLF the next time Git touches it
warning: in the working copy of 'docs/assets/index-DYhv0y2B.css', LF will be replaced by CRLF the next time Git touches it
warning: in the working copy of 'docs/index.html', LF will be replaced by CRLF the next time Git touches it
Thursday, July 25, 2024 6:46:19 AM
[main 9a9dd9c] build application
 2 files changed, 20 insertions(+), 572 deletions(-)
Thursday, July 25, 2024 6:46:19 AM
From github.com:fromnepal/fromnepal.github.io
 * branch            main       -> FETCH_HEAD
Current branch main is up to date.
Thursday, July 25, 2024 6:46:20 AM
Enumerating objects: 9, done.
Counting objects: 100% (9/9), done.
Delta compression using up to 16 threads
Compressing objects: 100% (5/5), done.
Writing objects: 100% (5/5), 747 bytes | 747.00 KiB/s, done.
Total 5 (delta 3), reused 0 (delta 0), pack-reused 0 (from 0)
remote: Resolving deltas: 100% (3/3), completed with 2 local objects.
To github.com:fromnepal/fromnepal.github.io.git
   5a78506..9a9dd9c  main -> main
Thursday, July 25, 2024 6:46:21 AM

PS C:\Users\kushal\src\myhtml\fromnepal> cd "C:\Users\kushal\src\myhtml\fromnepal"; date; yarn; date; yarn run build; date; git add .; date; git commit --message "build application" --message "from the terminal"; date; git pull --rebase origin main; date; git push origin main; date;

Thursday, July 25, 2024 6:46:30 AM
yarn install v1.22.21
[1/4] Resolving packages...
success Already up-to-date.
Done in 0.07s.
Thursday, July 25, 2024 6:46:30 AM
yarn run v1.22.21
$ tsc && vite build
vite v5.2.13 building for production...
✓ 5 modules transformed.
docs/index.html                 0.53 kB │ gzip: 0.32 kB
docs/assets/index-DYhv0y2B.css  4.60 kB │ gzip: 1.63 kB
docs/assets/index-BUJcqj8w.js   4.81 kB │ gzip: 2.11 kB
✓ built in 105ms
Done in 0.81s.
Thursday, July 25, 2024 6:46:31 AM
warning: in the working copy of 'docs/assets/index-BUJcqj8w.js', LF will be replaced by CRLF the next time Git touches it
warning: in the working copy of 'docs/assets/index-DYhv0y2B.css', LF will be replaced by CRLF the next time Git touches it
warning: in the working copy of 'docs/index.html', LF will be replaced by CRLF the next time Git touches it
Thursday, July 25, 2024 6:46:31 AM
[main 6a2e58e] build application
 2 files changed, 156 insertions(+), 20 deletions(-)
Thursday, July 25, 2024 6:46:32 AM
From github.com:fromnepal/fromnepal.github.io
 * branch            main       -> FETCH_HEAD
Current branch main is up to date.
Thursday, July 25, 2024 6:46:32 AM
Enumerating objects: 9, done.
Counting objects: 100% (9/9), done.
Delta compression using up to 16 threads
Compressing objects: 100% (5/5), done.
Writing objects: 100% (5/5), 1.42 KiB | 1.42 MiB/s, done.
Total 5 (delta 3), reused 0 (delta 0), pack-reused 0 (from 0)
remote: Resolving deltas: 100% (3/3), completed with 2 local objects.
To github.com:fromnepal/fromnepal.github.io.git
   9a9dd9c..6a2e58e  main -> main
Thursday, July 25, 2024 6:46:33 AM

PS C:\Users\kushal\src\myhtml\fromnepal> cd "C:\Users\kushal\src\myhtml\fromnepal"; date; yarn; date; yarn run build; date; git add .; date; git commit --message "build application" --message "from the terminal"; date; git pull --rebase origin main; date; git push origin main; date;

Thursday, July 25, 2024 6:46:39 AM
yarn install v1.22.21
[1/4] Resolving packages...
success Already up-to-date.
Done in 0.06s.
Thursday, July 25, 2024 6:46:39 AM
yarn run v1.22.21
$ tsc && vite build
vite v5.2.13 building for production...
✓ 5 modules transformed.
docs/index.html                 0.53 kB │ gzip: 0.32 kB
docs/assets/index-DYhv0y2B.css  4.60 kB │ gzip: 1.63 kB
docs/assets/index-BUJcqj8w.js   4.81 kB │ gzip: 2.11 kB
✓ built in 107ms
Done in 0.80s.
Thursday, July 25, 2024 6:46:40 AM
warning: in the working copy of 'docs/assets/index-BUJcqj8w.js', LF will be replaced by CRLF the next time Git touches it
warning: in the working copy of 'docs/assets/index-DYhv0y2B.css', LF will be replaced by CRLF the next time Git touches it
warning: in the working copy of 'docs/index.html', LF will be replaced by CRLF the next time Git touches it
Thursday, July 25, 2024 6:46:40 AM
On branch main
Your branch is up to date with 'origin/main'.

nothing to commit, working tree clean
Thursday, July 25, 2024 6:46:40 AM
From github.com:fromnepal/fromnepal.github.io
 * branch            main       -> FETCH_HEAD
Already up to date.
Thursday, July 25, 2024 6:46:40 AM
Everything up-to-date
Thursday, July 25, 2024 6:46:41 AM

PS C:\Users\kushal\src\myhtml\fromnepal> cd "C:\Users\kushal\src\myhtml\fromnepal"; date; yarn; date; yarn run build; date; git add .; date; git commit --message "build application" --message "from the terminal"; date; git pull --rebase origin main; date; git push origin main; date;

Thursday, July 25, 2024 6:47:03 AM
yarn install v1.22.21
[1/4] Resolving packages...
success Already up-to-date.
Done in 0.07s.
Thursday, July 25, 2024 6:47:03 AM
yarn run v1.22.21
$ tsc && vite build
vite v5.2.13 building for production...
✓ 5 modules transformed.
docs/index.html                 0.53 kB │ gzip: 0.32 kB
docs/assets/index-DYhv0y2B.css  4.60 kB │ gzip: 1.63 kB
docs/assets/index-BUJcqj8w.js   4.81 kB │ gzip: 2.11 kB
✓ built in 113ms
Done in 0.84s.
Thursday, July 25, 2024 6:47:04 AM
warning: in the working copy of 'docs/assets/index-BUJcqj8w.js', LF will be replaced by CRLF the next time Git touches it
warning: in the working copy of 'docs/assets/index-DYhv0y2B.css', LF will be replaced by CRLF the next time Git touches it
warning: in the working copy of 'docs/index.html', LF will be replaced by CRLF the next time Git touches it
Thursday, July 25, 2024 6:47:04 AM
[main 535c6ab] build application
 2 files changed, 444 insertions(+), 150 deletions(-)
Thursday, July 25, 2024 6:47:04 AM
From github.com:fromnepal/fromnepal.github.io
 * branch            main       -> FETCH_HEAD
Current branch main is up to date.
Thursday, July 25, 2024 6:47:05 AM
Enumerating objects: 9, done.
Counting objects: 100% (9/9), done.
Delta compression using up to 16 threads
Compressing objects: 100% (5/5), done.
Writing objects: 100% (5/5), 3.80 KiB | 3.80 MiB/s, done.
Total 5 (delta 3), reused 0 (delta 0), pack-reused 0 (from 0)
remote: Resolving deltas: 100% (3/3), completed with 2 local objects.
To github.com:fromnepal/fromnepal.github.io.git
   6a2e58e..535c6ab  main -> main
Thursday, July 25, 2024 6:47:06 AM

PS C:\Users\kushal\src\myhtml\fromnepal> cd "C:\Users\kushal\src\myhtml\fromnepal"; date; yarn; date; yarn run build; date; git add .; date; git commit --message "build application" --message "from the terminal"; date; git pull --rebase origin main; date; git push origin main; date;

Thursday, July 25, 2024 6:54:36 AM
yarn install v1.22.21
[1/4] Resolving packages...
success Already up-to-date.
Done in 0.07s.
Thursday, July 25, 2024 6:54:36 AM
yarn run v1.22.21
$ tsc && vite build
vite v5.2.13 building for production...
✓ 5 modules transformed.
docs/index.html                 0.53 kB │ gzip: 0.32 kB
docs/assets/index-DYhv0y2B.css  4.60 kB │ gzip: 1.63 kB
docs/assets/index-BUJcqj8w.js   4.81 kB │ gzip: 2.11 kB
✓ built in 128ms
Done in 0.89s.
Thursday, July 25, 2024 6:54:37 AM
warning: in the working copy of 'docs/assets/index-BUJcqj8w.js', LF will be replaced by CRLF the next time Git touches it
warning: in the working copy of 'docs/assets/index-DYhv0y2B.css', LF will be replaced by CRLF the next time Git touches it
warning: in the working copy of 'docs/index.html', LF will be replaced by CRLF the next time Git touches it
Thursday, July 25, 2024 6:54:37 AM
On branch main
Your branch is up to date with 'origin/main'.

nothing to commit, working tree clean
Thursday, July 25, 2024 6:54:37 AM
From github.com:fromnepal/fromnepal.github.io
 * branch            main       -> FETCH_HEAD
Already up to date.
Thursday, July 25, 2024 6:54:38 AM
Everything up-to-date
Thursday, July 25, 2024 6:54:38 AM

PS C:\Users\kushal\src\myhtml\fromnepal> cd "\\TP-Share\G\shared\jellyfin\shows\downloaded"; date; pwd; date; yt-dlp.exe --verbose --restrict-filenames --add-metadata -i "https://v.redd.it/slrul7pv7led1"; date;

Thursday, July 25, 2024 7:37:52 AM

Drive        :
Provider     : Microsoft.PowerShell.Core\FileSystem
ProviderPath : \\TP-Share\G\shared\jellyfin\shows\downloaded
Path         : Microsoft.PowerShell.Core\FileSystem::\\TP-Share\G\shared\jellyfin\shows\downloaded

Thursday, July 25, 2024 7:37:52 AM
[debug] Command-line config: ['--verbose', '--restrict-filenames', '--add-metadata', '-i', 'https://v.redd.it/slrul7pv7led1']
[debug] Portable config "C:\Users\kushal\scoop\apps\yt-dlp\current\yt-dlp.conf": []
[debug] Encodings: locale cp1252, fs utf-8, pref cp1252, out utf-8, error utf-8, screen utf-8
[debug] yt-dlp version stable@2024.07.16 from yt-dlp/yt-dlp [89a161e8c] (win_exe)
[debug] Python 3.8.10 (CPython AMD64 64bit) - Windows-10-10.0.22631-SP0 (OpenSSL 1.1.1k  25 Mar 2021)
[debug] exe versions: ffmpeg 7.0.1-full_build-www.gyan.dev (setts), ffprobe 7.0.1-full_build-www.gyan.dev
[debug] Optional libraries: Cryptodome-3.20.0, brotli-1.1.0, certifi-2024.07.04, curl_cffi-0.5.10, mutagen-1.47.0, requests-2.32.3, sqlite3-3.35.5, urllib3-2.2.2, websockets-12.0
[debug] Proxy map: {}
[debug] Request Handlers: urllib, requests, websockets, curl_cffi
[debug] Loaded 1829 extractors
[generic] Extracting URL: https://v.redd.it/slrul7pv7led1
[generic] slrul7pv7led1: Downloading webpage
[redirect] Following redirect to https://www.reddit.com/r/blackmagicfuckery/comments/1eblcu6/what_in_the_how/?rdt=62263
[Reddit] Extracting URL: https://www.reddit.com/r/blackmagicfuckery/comments/1eblcu6/what_in_the_how/?rdt=62263
[Reddit] 1eblcu6: Downloading JSON metadata
[Reddit] 1eblcu6: Downloading m3u8 information
[Reddit] 1eblcu6: Downloading MPD manifest
[debug] Formats sorted by: hasvid, ie_pref, lang, quality, res, fps, hdr:12(7), vcodec:vp9.2(10), channels, acodec, size, br, asr, proto, vext, aext, hasaud, source, id
[debug] Default format spec: bestvideo*+bestaudio/best
[info] slrul7pv7led1: Downloading 1 format(s): hls-1353+dash-7
[debug] Invoking hlsnative downloader on "https://v.redd.it/slrul7pv7led1/HLS_720.m3u8"
[hlsnative] Downloading m3u8 manifest
[hlsnative] Total fragments: 14
[download] Destination: What_in_the...._How-[slrul7pv7led1].fhls-1353.mp4
[debug] File locking is not supported. Proceeding without locking
[download] 100% of    8.06MiB in 00:00:04 at 1.89MiB/s
[debug] Invoking http downloader on "https://v.redd.it/slrul7pv7led1/DASH_AUDIO_128.mp4"
[download] Destination: What_in_the...._How-[slrul7pv7led1].fdash-7.m4a
[download] 100% of  919.50KiB in 00:00:00 at 5.16MiB/s
[Merger] Merging formats into "What_in_the...._How-[slrul7pv7led1].mp4"
[debug] ffmpeg command line: ffmpeg -y -loglevel repeat+info -i "file:What_in_the...._How-[slrul7pv7led1].fhls-1353.mp4" -i "file:What_in_the...._How-[slrul7pv7led1].fdash-7.m4a" -c copy -map 0:v:0 -map 1:a:0 -movflags +faststart "file:What_in_the...._How-[slrul7pv7led1].temp.mp4"
Deleting original file What_in_the...._How-[slrul7pv7led1].fhls-1353.mp4 (pass -k to keep)
Deleting original file What_in_the...._How-[slrul7pv7led1].fdash-7.m4a (pass -k to keep)
[Metadata] Adding metadata to "What_in_the...._How-[slrul7pv7led1].mp4"
[debug] ffmpeg command line: ffmpeg -y -loglevel repeat+info -i "file:What_in_the...._How-[slrul7pv7led1].mp4" -map 0 -dn -ignore_unknown -c copy -write_id3v1 1 -metadata "title=What in the….?? How?!" -metadata "date=20240725" -metadata "purl=https://www.reddit.com/r/blackmagicfuckery/comments/1eblcu6/what_in_the_how/?rdt=62263" -metadata "comment=https://www.reddit.com/r/blackmagicfuckery/comments/1eblcu6/what_in_the_how/?rdt=62263" -metadata "artist=iamChristianMerritt" -movflags +faststart "file:What_in_the...._How-[slrul7pv7led1].temp.mp4"
Thursday, July 25, 2024 7:38:08 AM

PS Microsoft.PowerShell.Core\FileSystem::\\TP-Share\G\shared\jellyfin\shows\downloaded> cd "C:\Users\kushal\src\myhtml\fromnepal"; date; yarn; date; yarn run build; date; git add .; date; git commit --message "build application" --message "from the terminal"; date; git pull --rebase origin main; date; git push origin main; date;

Thursday, July 25, 2024 7:38:11 AM
yarn install v1.22.21
[1/4] Resolving packages...
success Already up-to-date.
Done in 0.07s.
Thursday, July 25, 2024 7:38:12 AM
yarn run v1.22.21
$ tsc && vite build
vite v5.2.13 building for production...
✓ 5 modules transformed.
docs/index.html                 0.53 kB │ gzip: 0.32 kB
docs/assets/index-DYhv0y2B.css  4.60 kB │ gzip: 1.63 kB
docs/assets/index-BUJcqj8w.js   4.81 kB │ gzip: 2.11 kB
✓ built in 139ms
Done in 0.91s.
Thursday, July 25, 2024 7:38:13 AM
warning: in the working copy of 'docs/assets/index-BUJcqj8w.js', LF will be replaced by CRLF the next time Git touches it
warning: in the working copy of 'docs/assets/index-DYhv0y2B.css', LF will be replaced by CRLF the next time Git touches it
warning: in the working copy of 'docs/index.html', LF will be replaced by CRLF the next time Git touches it
Thursday, July 25, 2024 7:38:13 AM
[main 08bade4] build application
 2 files changed, 234 insertions(+), 2 deletions(-)
Thursday, July 25, 2024 7:38:13 AM
From github.com:fromnepal/fromnepal.github.io
 * branch            main       -> FETCH_HEAD
Current branch main is up to date.
Thursday, July 25, 2024 7:38:14 AM
Enumerating objects: 9, done.
Counting objects: 100% (9/9), done.
Delta compression using up to 16 threads
Compressing objects: 100% (5/5), done.
Writing objects: 100% (5/5), 1.66 KiB | 1.66 MiB/s, done.
Total 5 (delta 4), reused 0 (delta 0), pack-reused 0 (from 0)
remote: Resolving deltas: 100% (4/4), completed with 3 local objects.
To github.com:fromnepal/fromnepal.github.io.git
   535c6ab..08bade4  main -> main
Thursday, July 25, 2024 7:38:14 AM

PS C:\Users\kushal\src\myhtml\fromnepal> cd "C:\Users\kushal\src\myhtml\fromnepal"; date; yarn; date; yarn run build; date; git add .; date; git commit --message "build application" --message "from the terminal"; date; git pull --rebase origin main; date; git push origin main; date;
